SELECT 1+1 AS result
SELECT table_name FROM information_schema.tables WHERE table_schema = 'public' AND table_name = 'SequelizeMeta'
CREATE TABLE IF NOT EXISTS "SequelizeMeta" ("name" VARCHAR(255) NOT NULL UNIQUE , PRIMARY KEY ("name"));
SELECT i.relname AS name, ix.indisprimary AS primary, ix.indisunique AS unique, ix.indkey AS indkey, array_agg(a.attnum) as column_indexes, array_agg(a.attname) AS column_names, pg_get_indexdef(ix.indexrelid) AS definition FROM pg_class t, pg_class i, pg_index ix, pg_attribute a WHERE t.oid = ix.indrelid AND i.oid = ix.indexrelid AND a.attrelid = t.oid AND t.relkind = 'r' and t.relname = 'SequelizeMeta' GROUP BY i.relname, ix.indexrelid, ix.indisprimary, ix.indisunique, ix.indkey ORDER BY i.relname;
SELECT "name" FROM "SequelizeMeta" AS "SequelizeMeta" ORDER BY "SequelizeMeta"."name" ASC;
SELECT 1+1 AS result
SELECT table_name FROM information_schema.tables WHERE table_schema = 'public' AND table_name = 'SequelizeMeta'
SELECT table_name FROM information_schema.tables WHERE table_schema = 'public' AND table_name = 'SequelizeMeta'
SELECT i.relname AS name, ix.indisprimary AS primary, ix.indisunique AS unique, ix.indkey AS indkey, array_agg(a.attnum) as column_indexes, array_agg(a.attname) AS column_names, pg_get_indexdef(ix.indexrelid) AS definition FROM pg_class t, pg_class i, pg_index ix, pg_attribute a WHERE t.oid = ix.indrelid AND i.oid = ix.indexrelid AND a.attrelid = t.oid AND t.relkind = 'r' and t.relname = 'SequelizeMeta' GROUP BY i.relname, ix.indexrelid, ix.indisprimary, ix.indisunique, ix.indkey ORDER BY i.relname;
CREATE TABLE IF NOT EXISTS "SequelizeMeta" ("name" VARCHAR(255) NOT NULL UNIQUE , PRIMARY KEY ("name"));
SELECT table_name FROM information_schema.tables WHERE table_schema = 'public' AND table_name = 'users'
SELECT i.relname AS name, ix.indisprimary AS primary, ix.indisunique AS unique, ix.indkey AS indkey, array_agg(a.attnum) as column_indexes, array_agg(a.attname) AS column_names, pg_get_indexdef(ix.indexrelid) AS definition FROM pg_class t, pg_class i, pg_index ix, pg_attribute a WHERE t.oid = ix.indrelid AND i.oid = ix.indexrelid AND a.attrelid = t.oid AND t.relkind = 'r' and t.relname = 'SequelizeMeta' GROUP BY i.relname, ix.indexrelid, ix.indisprimary, ix.indisunique, ix.indkey ORDER BY i.relname;
CREATE TABLE IF NOT EXISTS "users" ("id" VARCHAR(255) NOT NULL UNIQUE , "username" VARCHAR(255) NOT NULL, "displayName" VARCHAR(255) NOT NULL DEFAULT '', "bio" TEXT NOT NULL DEFAULT '', "sponsorUrl" VARCHAR(255), "avatarUrl" VARCHAR(255) NOT NULL DEFAULT 'https://cdn.discordapp.com/embed/avatars/0.png', "roles" VARCHAR(255)[] NOT NULL DEFAULT ARRAY[]::VARCHAR(255)[], "createdAt" TIMESTAMP WITH TIME ZONE, "updatedAt" TIMESTAMP WITH TIME ZONE, "deletedAt" TIMESTAMP WITH TIME ZONE, PRIMARY KEY ("id"));
SELECT "name" FROM "SequelizeMeta" AS "SequelizeMeta" ORDER BY "SequelizeMeta"."name" ASC;
SELECT i.relname AS name, ix.indisprimary AS primary, ix.indisunique AS unique, ix.indkey AS indkey, array_agg(a.attnum) as column_indexes, array_agg(a.attname) AS column_names, pg_get_indexdef(ix.indexrelid) AS definition FROM pg_class t, pg_class i, pg_index ix, pg_attribute a WHERE t.oid = ix.indrelid AND i.oid = ix.indexrelid AND a.attrelid = t.oid AND t.relkind = 'r' and t.relname = 'users' GROUP BY i.relname, ix.indexrelid, ix.indisprimary, ix.indisunique, ix.indkey ORDER BY i.relname;
SELECT table_name FROM information_schema.tables WHERE table_schema = 'public' AND table_name = 'SequelizeMeta'
SELECT table_name FROM information_schema.tables WHERE table_schema = 'public' AND table_name = 'assets'
SELECT i.relname AS name, ix.indisprimary AS primary, ix.indisunique AS unique, ix.indkey AS indkey, array_agg(a.attnum) as column_indexes, array_agg(a.attname) AS column_names, pg_get_indexdef(ix.indexrelid) AS definition FROM pg_class t, pg_class i, pg_index ix, pg_attribute a WHERE t.oid = ix.indrelid AND i.oid = ix.indexrelid AND a.attrelid = t.oid AND t.relkind = 'r' and t.relname = 'SequelizeMeta' GROUP BY i.relname, ix.indexrelid, ix.indisprimary, ix.indisunique, ix.indkey ORDER BY i.relname;
CREATE TABLE IF NOT EXISTS "assets" ("id"   SERIAL UNIQUE , "oldId" VARCHAR(255) UNIQUE, "linkedIds" JSON NOT NULL DEFAULT '[]', "type" VARCHAR(255) NOT NULL, "fileFormat" VARCHAR(255) NOT NULL, "uploaderId" VARCHAR(255) NOT NULL, "credits" JSONB NOT NULL DEFAULT '[]', "name" VARCHAR(255) NOT NULL, "description" TEXT, "license" VARCHAR(255) NOT NULL, "licenseUrl" VARCHAR(255), "sourceUrl" VARCHAR(255), "fileHash" VARCHAR(255) NOT NULL UNIQUE, "fileSize" INTEGER NOT NULL, "iconNames" JSONB NOT NULL DEFAULT '[]', "status" VARCHAR(255) NOT NULL DEFAULT 'private', "statusHistory" JSONB NOT NULL DEFAULT '[]', "tags" JSONB NOT NULL DEFAULT '[]', "createdAt" TIMESTAMP WITH TIME ZONE, "updatedAt" TIMESTAMP WITH TIME ZONE, "deletedAt" TIMESTAMP WITH TIME ZONE, PRIMARY KEY ("id"));
SELECT table_name FROM information_schema.tables WHERE table_schema = 'public' AND table_name = 'users'
SELECT i.relname AS name, ix.indisprimary AS primary, ix.indisunique AS unique, ix.indkey AS indkey, array_agg(a.attnum) as column_indexes, array_agg(a.attname) AS column_names, pg_get_indexdef(ix.indexrelid) AS definition FROM pg_class t, pg_class i, pg_index ix, pg_attribute a WHERE t.oid = ix.indrelid AND i.oid = ix.indexrelid AND a.attrelid = t.oid AND t.relkind = 'r' and t.relname = 'assets' GROUP BY i.relname, ix.indexrelid, ix.indisprimary, ix.indisunique, ix.indkey ORDER BY i.relname;
CREATE TABLE IF NOT EXISTS "users" ("id" VARCHAR(255) NOT NULL UNIQUE , "username" VARCHAR(255) NOT NULL, "displayName" VARCHAR(255) NOT NULL DEFAULT '', "bio" TEXT NOT NULL DEFAULT '', "sponsorUrl" VARCHAR(255), "avatarUrl" VARCHAR(255) NOT NULL DEFAULT 'https://cdn.discordapp.com/embed/avatars/0.png', "roles" VARCHAR(255)[] NOT NULL DEFAULT ARRAY[]::VARCHAR(255)[], "createdAt" TIMESTAMP WITH TIME ZONE, "updatedAt" TIMESTAMP WITH TIME ZONE, "deletedAt" TIMESTAMP WITH TIME ZONE, PRIMARY KEY ("id"));
SELECT table_name FROM information_schema.tables WHERE table_schema = 'public' AND table_name = 'alerts'
SELECT i.relname AS name, ix.indisprimary AS primary, ix.indisunique AS unique, ix.indkey AS indkey, array_agg(a.attnum) as column_indexes, array_agg(a.attname) AS column_names, pg_get_indexdef(ix.indexrelid) AS definition FROM pg_class t, pg_class i, pg_index ix, pg_attribute a WHERE t.oid = ix.indrelid AND i.oid = ix.indexrelid AND a.attrelid = t.oid AND t.relkind = 'r' and t.relname = 'users' GROUP BY i.relname, ix.indexrelid, ix.indisprimary, ix.indisunique, ix.indkey ORDER BY i.relname;
CREATE TABLE IF NOT EXISTS "alerts" ("id"   SERIAL , "type" VARCHAR(255) NOT NULL, "userId" VARCHAR(255) NOT NULL, "assetId" INTEGER, "requestId" INTEGER, "header" VARCHAR(255) NOT NULL, "message" VARCHAR(255) NOT NULL, "read" BOOLEAN NOT NULL DEFAULT false, "discordMessageSent" BOOLEAN NOT NULL DEFAULT false, "createdAt" TIMESTAMP WITH TIME ZONE, "updatedAt" TIMESTAMP WITH TIME ZONE, "deletedAt" TIMESTAMP WITH TIME ZONE, PRIMARY KEY ("id"));
SELECT table_name FROM information_schema.tables WHERE table_schema = 'public' AND table_name = 'assets'
SELECT i.relname AS name, ix.indisprimary AS primary, ix.indisunique AS unique, ix.indkey AS indkey, array_agg(a.attnum) as column_indexes, array_agg(a.attname) AS column_names, pg_get_indexdef(ix.indexrelid) AS definition FROM pg_class t, pg_class i, pg_index ix, pg_attribute a WHERE t.oid = ix.indrelid AND i.oid = ix.indexrelid AND a.attrelid = t.oid AND t.relkind = 'r' and t.relname = 'alerts' GROUP BY i.relname, ix.indexrelid, ix.indisprimary, ix.indisunique, ix.indkey ORDER BY i.relname;
SELECT i.relname AS name, ix.indisprimary AS primary, ix.indisunique AS unique, ix.indkey AS indkey, array_agg(a.attnum) as column_indexes, array_agg(a.attname) AS column_names, pg_get_indexdef(ix.indexrelid) AS definition FROM pg_class t, pg_class i, pg_index ix, pg_attribute a WHERE t.oid = ix.indrelid AND i.oid = ix.indexrelid AND a.attrelid = t.oid AND t.relkind = 'r' and t.relname = 'assets' GROUP BY i.relname, ix.indexrelid, ix.indisprimary, ix.indisunique, ix.indkey ORDER BY i.relname;
SELECT table_name FROM information_schema.tables WHERE table_schema = 'public' AND table_name = 'asset_requests'
SELECT table_name FROM information_schema.tables WHERE table_schema = 'public' AND table_name = 'alerts'
CREATE TABLE IF NOT EXISTS "asset_requests" ("id"   SERIAL , "refrencedAsset" INTEGER NOT NULL, "requesterId" VARCHAR(255) NOT NULL, "requestResponseBy" VARCHAR(255), "requestType" VARCHAR(255) NOT NULL, "reason" VARCHAR(255) NOT NULL, "accepted" BOOLEAN DEFAULT NULL, "acceptReason" VARCHAR(255) DEFAULT NULL, "createdAt" TIMESTAMP WITH TIME ZONE, "updatedAt" TIMESTAMP WITH TIME ZONE, "deletedAt" TIMESTAMP WITH TIME ZONE, PRIMARY KEY ("id"));
SELECT i.relname AS name, ix.indisprimary AS primary, ix.indisunique AS unique, ix.indkey AS indkey, array_agg(a.attnum) as column_indexes, array_agg(a.attname) AS column_names, pg_get_indexdef(ix.indexrelid) AS definition FROM pg_class t, pg_class i, pg_index ix, pg_attribute a WHERE t.oid = ix.indrelid AND i.oid = ix.indexrelid AND a.attrelid = t.oid AND t.relkind = 'r' and t.relname = 'alerts' GROUP BY i.relname, ix.indexrelid, ix.indisprimary, ix.indisunique, ix.indkey ORDER BY i.relname;
SELECT i.relname AS name, ix.indisprimary AS primary, ix.indisunique AS unique, ix.indkey AS indkey, array_agg(a.attnum) as column_indexes, array_agg(a.attname) AS column_names, pg_get_indexdef(ix.indexrelid) AS definition FROM pg_class t, pg_class i, pg_index ix, pg_attribute a WHERE t.oid = ix.indrelid AND i.oid = ix.indexrelid AND a.attrelid = t.oid AND t.relkind = 'r' and t.relname = 'asset_requests' GROUP BY i.relname, ix.indexrelid, ix.indisprimary, ix.indisunique, ix.indkey ORDER BY i.relname;
SELECT table_name FROM information_schema.tables WHERE table_schema = 'public' AND table_name = 'asset_requests'
SELECT i.relname AS name, ix.indisprimary AS primary, ix.indisunique AS unique, ix.indkey AS indkey, array_agg(a.attnum) as column_indexes, array_agg(a.attname) AS column_names, pg_get_indexdef(ix.indexrelid) AS definition FROM pg_class t, pg_class i, pg_index ix, pg_attribute a WHERE t.oid = ix.indrelid AND i.oid = ix.indexrelid AND a.attrelid = t.oid AND t.relkind = 'r' and t.relname = 'asset_requests' GROUP BY i.relname, ix.indexrelid, ix.indisprimary, ix.indisunique, ix.indkey ORDER BY i.relname;
INSERT INTO "users" ("id","username","displayName","bio","sponsorUrl","avatarUrl","roles","createdAt","updatedAt","deletedAt") VALUES ('69421939382193957240267878','John_admin67','John2','Turba sol at delego enim amplus bene bardus supra vomito.','https://growing-ad.net','https://cdn.discordapp.com/embed/avatars/0.png',ARRAY['admin']::VARCHAR(255)[],'2025-07-19 05:17:52.906 +00:00','2025-07-19 05:17:52.906 +00:00',NULL),('75268388461378623860100275','John.developer40','John32','Cupiditate sordeo damnatio.','https://scientific-costume.name/','https://cdn.discordapp.com/embed/avatars/1.png',ARRAY['developer']::VARCHAR(255)[],'2025-07-19 05:17:52.940 +00:00','2025-07-19 05:17:52.940 +00:00',NULL),('22622413246920135196202590','John.moderator52','John_moderator52','Cogo unde conduco.','https://free-pliers.info','https://cdn.discordapp.com/embed/avatars/2.png',ARRAY['moderator']::VARCHAR(255)[],'2025-07-19 05:17:52.944 +00:00','2025-07-19 05:17:52.944 +00:00',NULL),('58356087009134339486709013','John.trusted','John_trusted','Alter denuo molestias audio.','https://oblong-offset.name/','https://cdn.discordapp.com/embed/avatars/3.png',ARRAY['trusted']::VARCHAR(255)[],'2025-07-19 05:17:52.948 +00:00','2025-07-19 05:17:52.948 +00:00',NULL),('50858482726800324902532806','John.bsmg','John57','Adhaero acquiro alias quod veritas testimonium templum valde.','https://ambitious-beret.org','https://cdn.discordapp.com/embed/avatars/4.png',ARRAY['bsmg']::VARCHAR(255)[],'2025-07-19 05:17:52.958 +00:00','2025-07-19 05:17:52.958 +00:00',NULL),('19519326909700251631815791','John.banned0','John_banned','Repudiandae ventus comminor culpa amplus tolero vinum.','https://untimely-guidance.net/','https://cdn.discordapp.com/embed/avatars/5.png',ARRAY['banned']::VARCHAR(255)[],'2025-07-19 05:17:52.962 +00:00','2025-07-19 05:17:52.962 +00:00',NULL) ON CONFLICT DO NOTHING RETURNING "id","username","displayName","bio","sponsorUrl","avatarUrl","roles","createdAt","updatedAt","deletedAt";
INSERT INTO "assets" ("id","oldId","linkedIds","type","fileFormat","uploaderId","credits","name","description","license","licenseUrl","sourceUrl","fileHash","fileSize","iconNames","status","statusHistory","tags","createdAt","updatedAt","deletedAt") VALUES (16,'8573321548','[]','hitscorevisualizer-config','hitscorevisualizer-config_json','69421939382193957240267878','[{"userId":"75268388461378623860100275","workDone":"umerus"}]','vigilo quo hitscorevisualizer-config hitscorevisualizer-config_json','This is a test asset of type hitscorevisualizer-config and format hitscorevisualizer-config_json.\nCurvo auctor cupressus cultellus totam patrocinor vulgaris cultellus. Illo acsi volo antiquus sunt ullus dolores vir corona. Territo cibo alii carbo cohors.','cc0-1.0',NULL,NULL,'c335a7d8ecd784441a6db65cf4be7a9b5bc8ecaa',174962,'["icon4.webp","icon7.gif","icon1.png","icon5.png","icon8.webp"]','private','[]','["dignissimos","soleo","velit","comis","cavus","statim","tepesco","sint","corroboro","corrumpo","cetera","titulus","tametsi","argumentum"]','2025-07-19 05:17:53.124 +00:00','2025-07-19 05:17:53.124 +00:00',NULL),(27,NULL,'[]','sound','sound_mp3','69421939382193957240267878','[{"userId":"50858482726800324902532806","workDone":"tamquam deludo vitae"}]','alii vel sound sound_mp3','This is a test asset of type sound and format sound_mp3.\nTredecim coruscus thesis caste cultura aqua audax conventus utique vomica. Velociter adicio cupiditas crur turpis arguo ventus atavus depulso tricesimus. Pauper cubo sint caste altus vae beneficium cum.','cc0-1.0',NULL,NULL,'10039fa76e453db2f9f1b6147a8d5d1ee5cfbaea',968343,'["icon3.gif","icon8.webp"]','pending','[]','["velit","tepesco","tabula","titulus","tergiversatio","comis"]','2025-07-19 05:17:53.209 +00:00','2025-07-19 05:17:53.209 +00:00',NULL),(38,'6139632604','[]','note','note_cyoob','69421939382193957240267878','[{"userId":"58356087009134339486709013","workDone":"villa minima thymum"}]','ademptio inventore note note_cyoob','This is a test asset of type note and format note_cyoob.\nContigo culpo aspicio caelum. Cuius crudelis triduana patior tricesimus. Sponte acerbitas cinis valeo ustulo vetus.','cc0-1.0',NULL,NULL,'ab4975caeca33aca4833f5f466ccb1d037df448e',392752,'["icon4.webp"]','approved','[]','["corrumpo","copia","aggredior","dolores","vestigium","statim","auctus","defetiscor","adficio","error","circumvenio","compono","deinde","cetera","sufficio","vulnus","cavus","argumentum","demens","qui","tametsi","coniecto","utor","comis","custodia","tergiversatio","velit","corona","totus","tergo","error","corroboro","maxime","titulus","dignissimos","sollers","stips","cruentus","soleo","tepesco","astrum","patria","cogito"]','2025-07-19 05:17:53.285 +00:00','2025-07-19 05:17:53.285 +00:00',NULL),(49,NULL,'[]','avatar','avatar_avatar','69421939382193957240267878','[{"userId":"58356087009134339486709013","workDone":"studio"}]','caput cura avatar avatar_avatar','This is a test asset of type avatar and format avatar_avatar.\nTondeo quod tui celebrer tego tenax. Bis tandem ciminatio caveo curso curia supra apostolus tutamen architecto. Decipio appono undique supra.','cc0-1.0',NULL,NULL,'97205ae4b88d1f0e47cbb13bbc70cec3747cfba9',760088,'["icon1.png","icon6.jpg","icon5.png","icon7.gif"]','approved','[]','["sufficio","dolores","auctus","consuasor","deinde","defetiscor","patria","sint","corona","copia"]','2025-07-19 05:17:53.358 +00:00','2025-07-19 05:17:53.358 +00:00',NULL),(60,NULL,'[]','banner','banner_png','69421939382193957240267878','[{"userId":"22622413246920135196202590","workDone":"apostolus"}]','adhuc uter banner banner_png','This is a test asset of type banner and format banner_png.\nBlandior placeat denique. Desipio suffragium totidem taedium coaegresco dolore ducimus stipes condico. Caries quisquam capitulus veritas consequuntur.','cc0-1.0',NULL,NULL,'313dd325bd1f96f43da818acdfd04a1bdd3df414',527272,'["icon2.jpg","icon7.gif","icon3.gif","icon4.webp","icon8.webp"]','pending','[]','["sollers"]','2025-07-19 05:17:53.427 +00:00','2025-07-19 05:17:53.427 +00:00',NULL),(904,'2975638941','[]','wall','wall_box','19519326909700251631815791','[{"userId":"69421939382193957240267878","workDone":"aperte ocer"}]','depopulo adsuesco wall wall_box','This is a test asset of type wall and format wall_box.\nTunc voluptatum aequitas trucido sublime animi eaque videlicet argentum videlicet. Conqueror adaugeo subvenio temeritas. Omnis defendo bene villa sursum.','cc0-1.0',NULL,NULL,'dcdcc885ded89f7fe0ffbcb8dcf968f3ad6834a8',294001,'["icon2.jpg","icon4.webp","icon3.gif"]','private','[]','["copia","dolores","deinde","astrum","iste","circumvenio","coniecto","maxime","velit","aggredior","titulus","sint","corona","sollers","cetera","cavus","custodia","demens","cogito","error","corona","vestigium","tabula","auctus","defetiscor","nesciunt","compono","qui","stips","tametsi","tergo","totus","tergiversatio","adficio","comis","argumentum","corrumpo","cruentus","corroboro","sufficio"]','2025-07-19 05:17:58.632 +00:00','2025-07-19 05:17:58.632 +00:00',NULL),(915,NULL,'[]','saber','saber_saber','19519326909700251631815791','[{"userId":"58356087009134339486709013","workDone":"cenaculum"}]','careo benigne saber saber_saber','This is a test asset of type saber and format saber_saber.\nDelectatio vereor tum officiis ventosus amor delectus statua apto. Amo solutio asporto subito deserunt beatae. Vesica stultus cerno ascit comis valens atque tui arbor praesentium.','cc0-1.0',NULL,NULL,'82ccfaeeed662aecf9e93af8c7f9eeb52f02ac4d',154824,'["icon6.jpg","icon2.jpg"]','private','[]','["utor","defetiscor","talus","sint","adficio","circumvenio","cruentus","error","tergiversatio","corrumpo","sufficio"]','2025-07-19 05:17:58.691 +00:00','2025-07-19 05:17:58.691 +00:00',NULL),(805,'1820971067','[]','note','note_bloq','19519326909700251631815791','[{"userId":"58356087009134339486709013","workDone":"vorax"}]','suus aurum note note_bloq','This is a test asset of type note and format note_bloq.\nAuxilium quaerat cunctatio color pel ambulo cur sollicito. Verto temporibus adhaero villa cultellus tempore adulatio. Temporibus ipsam demonstro videlicet desino caecus ter colo.','cc0-1.0',NULL,NULL,'ddfecdcfbac0ac4beb7972cb3c5726b2b526a4ec',750751,'["icon5.png","icon2.jpg","icon3.gif","icon7.gif"]','private','[]','["talus","deinde","consuasor","coniecto","titulus","argumentum","sint","corrumpo","cogito","tergo","corroboro","custodia","patria","tametsi"]','2025-07-19 05:17:58.051 +00:00','2025-07-19 05:17:58.051 +00:00',NULL),(926,NULL,'[]','camera2-config','camera2-config_json','19519326909700251631815791','[{"userId":"50858482726800324902532806","workDone":"attero"}]','aeternus turbo camera2-config camera2-config_json','This is a test asset of type camera2-config and format camera2-config_json.\nAdimpleo voluptates vallum comprehendo patruus certus. Denique corrumpo vulgus delinquo animi vitae. Taceo correptius demulceo truculenter solus tibi voro.','cc0-1.0',NULL,NULL,'0ffde11076c17a0b0d47a9dd97876a0aa9be6a29',210279,'["icon1.png","icon2.jpg","icon5.png"]','approved','[]','["velit","tametsi","copia","demens","compono","cruentus","error"]','2025-07-19 05:17:58.751 +00:00','2025-07-19 05:17:58.751 +00:00',NULL),(816,'3463971106','[]','hitscorevisualizer-config','hitscorevisualizer-config_json','19519326909700251631815791','[{"userId":"22622413246920135196202590","workDone":"ara"}]','totidem utroque hitscorevisualizer-config hitscorevisualizer-config_json','This is a test asset of type hitscorevisualizer-config and format hitscorevisualizer-config_json.\nAdficio incidunt deporto colligo. Depopulo toties cicuta addo adinventitias desolo. Sophismata cultura adduco suadeo.','cc0-1.0',NULL,NULL,'45edb6efc1b9d3aa7d4cbe52c441fec0f44d6a9d',207582,'["icon3.gif","icon4.webp","icon5.png","icon6.jpg","icon8.webp"]','private','[]','["comis","stips","auctus","corona","tergo","talus","soleo","totus","nesciunt","patria","sint","aggredior","cetera","error","velit","adficio","tametsi","dolores","tergiversatio","coniecto","consuasor","corona","custodia","vestigium","cavus","corroboro","cruentus","cogito","maxime","utor","statim","argumentum","compono","sollers","tabula","titulus","dignissimos","error","deinde"]','2025-07-19 05:17:58.119 +00:00','2025-07-19 05:17:58.119 +00:00',NULL),(937,'1986927660','[]','health-bar','health-bar_energy','19519326909700251631815791','[{"userId":"22622413246920135196202590","workDone":"contabesco ullus cui"}]','delectatio carpo health-bar health-bar_energy','This is a test asset of type health-bar and format health-bar_energy.\nAdopto corporis clam minus suscipit confero amita tenax adipisci. Alius cultellus coepi tunc strenuus. Repudiandae non victus umbra adsidue cunctatio aestivus cum aqua.','cc0-1.0',NULL,NULL,'dd0baf90d03a5df0ecaf6fcb7adfcbdca7e7a12a',582492,'["icon7.gif","icon5.png","icon2.jpg"]','approved','[]','["custodia","dolores","talus","tametsi","tergo","vulnus","cogito","corona","consuasor","cavus","error","cruentus","soleo","stips","copia","tepesco","vestigium","statim","coniecto","sufficio","sint","defetiscor","deinde","comis","totus","cetera","qui","tabula","compono","velit","auctus","corroboro","corrumpo","iste","sollers","circumvenio","maxime","error","corona","patria","argumentum"]','2025-07-19 05:17:58.844 +00:00','2025-07-19 05:17:58.844 +00:00',NULL),(827,NULL,'[]','sound','sound_mp3','19519326909700251631815791','[{"userId":"75268388461378623860100275","workDone":"laudantium cauda solvo"}]','abduco voluptatem sound sound_mp3','This is a test asset of type sound and format sound_mp3.\nAssumenda deorsum theca antea desparatus tego timor apud decerno. Illo decens conitor curo temperantia recusandae textilis temeritas cuius arbustum. Torrens veritas convoco corrigo tunc copiose tui turpis corpus.','cc0-1.0',NULL,NULL,'ce6dbc91d2c311f6de0cc38e108a6e632f8187c8',387773,'["icon5.png","icon6.jpg","icon7.gif","icon2.jpg"]','private','[]','["corona","cetera","statim","maxime","tergiversatio","qui","defetiscor","dolores","titulus","dignissimos","velit"]','2025-07-19 05:17:58.189 +00:00','2025-07-19 05:17:58.189 +00:00',NULL),(948,NULL,'[]','platform','platform_plat','19519326909700251631815791','[{"userId":"75268388461378623860100275","workDone":"conforto"}]','tricesimus celer platform platform_plat','This is a test asset of type platform and format platform_plat.\nTersus sortitus supplanto. Vito conturbo corporis. Desolo veniam adhaero modi absorbeo.','cc0-1.0',NULL,NULL,'f6b88167e39b7bba7a069d33d7dac79afcb7d315',719669,'["icon2.jpg","icon8.webp","icon5.png"]','pending','[]','["corroboro","talus","dignissimos","aggredior","copia","defetiscor","tametsi","demens","tergiversatio","tepesco","compono","sollers","maxime","consuasor","soleo","comis","vulnus","corrumpo","tergo","argumentum"]','2025-07-19 05:17:58.936 +00:00','2025-07-19 05:17:58.936 +00:00',NULL),(706,'0838152352','[]','saber','saber_wacker','50858482726800324902532806','[{"userId":"22622413246920135196202590","workDone":"thymum"}]','tondeo dolores saber saber_wacker','This is a test asset of type saber and format saber_wacker.\nSub sollers delectus suppellex cena tristis adhuc commodo voluptatibus bellicus. Depulso corrupti voro vado adduco. Adsuesco spero desino.','cc0-1.0',NULL,NULL,'fcb2cfe8fcbcb885f8add8a46ac1630c58c80eb8',985387,'["icon3.gif","icon6.jpg","icon1.png","icon4.webp","icon5.png"]','private','[]','["tametsi","copia","corrumpo","vestigium","qui","tergiversatio","defetiscor","maxime","coniecto","auctus","dolores","talus","compono","astrum","corroboro","vulnus","tepesco","soleo","sufficio","velit","sint","statim","error","utor","tabula","cavus","deinde","totus","corona","cogito"]','2025-07-19 05:17:57.457 +00:00','2025-07-19 05:17:57.457 +00:00',NULL),(838,'4649943495','[]','note','note_cyoob','19519326909700251631815791','[{"userId":"22622413246920135196202590","workDone":"sapiente cuius"}]','amplexus tantum note note_cyoob','This is a test asset of type note and format note_cyoob.\nAngulus summopere summopere cornu sum. Dolore summa asper contra viduo adfectus mollitia. Debilito ago incidunt cohibeo adhaero delinquo deorsum eligendi.','cc0-1.0',NULL,NULL,'dd7dfb104b42c2dbdb74be0fb1bfdd6d8a1e7bec',984313,'["icon3.gif","icon7.gif","icon4.webp","icon6.jpg"]','approved','[]','["corroboro","argumentum","adficio","vestigium","qui","tabula","velit"]','2025-07-19 05:17:58.257 +00:00','2025-07-19 05:17:58.257 +00:00',NULL),(959,NULL,'[]','counters-plus-config','counters-plus-config_json','19519326909700251631815791','[{"userId":"75268388461378623860100275","workDone":"verus error"}]','desolo adinventitias counters-plus-config counters-plus-config_json','This is a test asset of type counters-plus-config and format counters-plus-config_json.\nAptus viridis varietas arbor averto varius architecto iure decerno capto. Tero atavus infit. Sonitus ciminatio adhaero alius cuius ratione calculus tenus demergo.','cc0-1.0',NULL,NULL,'45ba103075ebd4cca17b7123ade9e9d56bbddcc1',231660,'["icon6.jpg","icon1.png","icon7.gif","icon3.gif","icon4.webp"]','pending','[]','["aggredior","error","demens","argumentum","auctus","vestigium","defetiscor","dignissimos","totus","sufficio","adficio","soleo","qui","copia","velit","coniecto","patria","utor","tergo","corona","tabula","custodia","deinde","titulus","dolores","tametsi","sollers","astrum","error","cogito","nesciunt","cavus","iste","corona","cruentus","consuasor"]','2025-07-19 05:17:59.005 +00:00','2025-07-19 05:17:59.005 +00:00',NULL),(717,'7775236770','[]','chroma-environment','chroma-environment_json','50858482726800324902532806','[{"userId":"22622413246920135196202590","workDone":"suadeo quasi"}]','cognomen bellicus chroma-environment chroma-environment_json','This is a test asset of type chroma-environment and format chroma-environment_json.\nThymbra uxor umbra auctor. Vulgo decerno dolores denuo decens hic desparatus. Tergum copia venustas.','cc0-1.0',NULL,NULL,'9e23d8bba1b4b3e655f9dd8fd42b80ebb2cd4bae',358251,'["icon2.jpg","icon6.jpg"]','private','[]','["titulus","maxime","comis","auctus","soleo","patria","sufficio","iste","error","nesciunt","sollers","consuasor","dolores","copia","demens","utor","vulnus","cogito","error","sint","astrum","dignissimos","velit","adficio","corroboro","deinde","coniecto","cetera","tabula","talus","tepesco","compono","statim","aggredior","tergiversatio","defetiscor"]','2025-07-19 05:17:57.520 +00:00','2025-07-19 05:17:57.520 +00:00',NULL),(849,NULL,'[]','avatar','avatar_avatar','19519326909700251631815791','[{"userId":"69421939382193957240267878","workDone":"facere tergiversatio"}]','tempore ex avatar avatar_avatar','This is a test asset of type avatar and format avatar_avatar.\nTibi auctus thesaurus cauda tertius. Torrens pauper crur cubicularis desolo cognatus comptus vester illum. Acies damno acidus terebro bellum aveho centum.','cc0-1.0',NULL,NULL,'f2a3be63b2d6aed68ffe9f75bf4d58235eb4e5fd',50326,'["icon8.webp","icon1.png"]','rejected','[]','["error","deinde","tepesco","error","qui","adficio","soleo","corona","tametsi","sint","stips","vulnus","talus","tergo","cetera","corroboro","maxime","corrumpo","argumentum","utor","sufficio","astrum","cogito","auctus","tabula","circumvenio","demens","cruentus"]','2025-07-19 05:17:58.320 +00:00','2025-07-19 05:17:58.320 +00:00',NULL),(607,NULL,'[]','counters-plus-config','counters-plus-config_json','58356087009134339486709013','[{"userId":"50858482726800324902532806","workDone":"tero"}]','delego concedo counters-plus-config counters-plus-config_json','This is a test asset of type counters-plus-config and format counters-plus-config_json.\nMaxime amplitudo est ter vado admoneo reprehenderit ater. Cupiditas convoco thesaurus angustus barba amplus vado umerus conitor. Cubo astrum corpus victus decimus laboriosam terra comminor sint.','cc0-1.0',NULL,NULL,'8f9faf9bbe93b360f34bd1e90c4ed6e5ccfea027',168122,'["icon3.gif","icon6.jpg","icon5.png","icon7.gif"]','private','[]','["cogito","consuasor","aggredior","circumvenio","custodia","error","vestigium","patria","dolores","cavus","defetiscor","vulnus","iste","tametsi","corroboro","velit","compono","stips","utor","tergiversatio","cetera","coniecto","corona","deinde","statim","maxime","tepesco","comis","totus","talus","titulus","sollers","qui","sint","auctus","corona","dignissimos","tabula","corrumpo","error","adficio","nesciunt"]','2025-07-19 05:17:56.846 +00:00','2025-07-19 05:17:56.846 +00:00',NULL),(728,NULL,'[]','wall','wall_box','50858482726800324902532806','[{"userId":"22622413246920135196202590","workDone":"cunabula"}]','conservo administratio wall wall_box','This is a test asset of type wall and format wall_box.\nHic trucido sublime correptius auditor. Uxor centum votum sordeo nostrum. Celebrer corrigo modi dapifer cometes odit curiositas.','cc0-1.0',NULL,NULL,'bfa6ac24dabcb9dc1896fb8f58afa6ca71e9b59b',67499,'["icon7.gif","icon6.jpg","icon4.webp","icon8.webp"]','rejected','[]','["dignissimos","cogito","nesciunt","patria","argumentum","coniecto","titulus","tametsi","iste","sint","demens","adficio","corona","compono","cetera","utor","stips","circumvenio","statim","aggredior"]','2025-07-19 05:17:57.586 +00:00','2025-07-19 05:17:57.586 +00:00',NULL),(860,NULL,'[]','banner','banner_png','19519326909700251631815791','[{"userId":"69421939382193957240267878","workDone":"sumo demum aperiam"}]','synagoga amissio banner banner_png','This is a test asset of type banner and format banner_png.\nCommunis maiores cicuta. Surgo demoror barba decerno arca. Caute demonstro deserunt tracto vomito patruus tutis.','cc0-1.0',NULL,NULL,'4f436e9a9a0d6fc4f4e1da6e6aeacd4ecbcf33d3',558173,'["icon4.webp","icon8.webp","icon3.gif"]','rejected','[]','["comis","corona","auctus","maxime","dolores","adficio","cogito","corrumpo","soleo","circumvenio","nesciunt","compono","sollers"]','2025-07-19 05:17:58.380 +00:00','2025-07-19 05:17:58.380 +00:00',NULL),(618,'3918455950','[]','sound','sound_ogg','58356087009134339486709013','[{"userId":"19519326909700251631815791","workDone":"talis casus"}]','optio perspiciatis sound sound_ogg','This is a test asset of type sound and format sound_ogg.\nAdhaero thorax tenuis vesica ventosus. Sonitus vergo trepide crinis est atrox aspicio. Sol uter mollitia.','cc0-1.0',NULL,NULL,'d1e4d5dd8e5c0432f78e8a9da39fbf1304bbc3d0',106470,'["icon3.gif","icon6.jpg"]','rejected','[]','["maxime","dignissimos","totus","titulus","statim","cruentus","tepesco","corona","vestigium","error","stips","sufficio","corrumpo","demens"]','2025-07-19 05:17:56.908 +00:00','2025-07-19 05:17:56.908 +00:00',NULL),(739,'7394307031','[]','saber','saber_saber','50858482726800324902532806','[{"userId":"22622413246920135196202590","workDone":"volutabrum"}]','architecto abbas saber saber_saber','This is a test asset of type saber and format saber_saber.\nValidus suspendo amet sonitus. Quas impedit thermae depopulo victoria decor combibo cibus conduco usque. Caritas eveniet antiquus tui pecus.','cc0-1.0',NULL,NULL,'7bfda177f602e466d3fa5f75f7cb9ae4c4ea9af6',154303,'["icon3.gif","icon4.webp","icon2.jpg","icon1.png","icon5.png"]','approved','[]','["copia","titulus","custodia","tametsi","cruentus","tabula","corona","compono","tergiversatio","corrumpo","dolores","sufficio","tergo","soleo","sollers","vestigium","talus","adficio","aggredior","consuasor","coniecto","argumentum","defetiscor","nesciunt","cavus"]','2025-07-19 05:17:57.652 +00:00','2025-07-19 05:17:57.652 +00:00',NULL),(508,NULL,'[]','banner','banner_png','58356087009134339486709013','[{"userId":"50858482726800324902532806","workDone":"quos adduco alveus"}]','vix titulus banner banner_png','This is a test asset of type banner and format banner_png.\nStatua vos tener vomer cuppedia vinculum ocer circumvenio. Tamquam alo synagoga laboriosam. Aetas benevolentia a valeo vitium.','cc0-1.0',NULL,NULL,'8b0b25bab7f36dc8acfa325cc5cfbaf26dca51a4',107750,'["icon3.gif","icon6.jpg","icon7.gif"]','rejected','[]','["tametsi","circumvenio","vestigium","titulus","cogito","error","astrum","comis","auctus","patria","soleo","tergo","vulnus","cetera","adficio","tergiversatio","corrumpo","tabula","qui"]','2025-07-19 05:17:56.287 +00:00','2025-07-19 05:17:56.287 +00:00',NULL),(629,NULL,'[]','note','note_bloq','58356087009134339486709013','[{"userId":"69421939382193957240267878","workDone":"carcer"}]','ipsam adfectus note note_bloq','This is a test asset of type note and format note_bloq.\nDelectatio somnus vaco adhuc cubo subito arcesso cornu caecus suus. Tibi demoror creptio trado asperiores error occaecati. Degero denuncio deserunt volubilis sunt.','cc0-1.0',NULL,NULL,'43daaad443d56f1dcdfabbeaf9124ba92ecac77a',300562,'["icon4.webp","icon1.png","icon3.gif"]','rejected','[]','["statim","coniecto","auctus","vestigium","circumvenio","dolores","deinde","talus","error","corroboro","velit","tabula","consuasor","compono","tergo","nesciunt","error","tergiversatio","aggredior","corrumpo","cogito","cetera","cruentus","maxime","argumentum","tametsi","iste","astrum","corona","adficio","titulus","qui","sollers","sufficio","dignissimos","patria","custodia","utor","sint","totus","cavus","tepesco","vulnus"]','2025-07-19 05:17:56.970 +00:00','2025-07-19 05:17:56.970 +00:00',NULL),(750,'0804046859','[]','camera2-config','camera2-config_json','50858482726800324902532806','[{"userId":"75268388461378623860100275","workDone":"suasoria concido"}]','charisma convoco camera2-config camera2-config_json','This is a test asset of type camera2-config and format camera2-config_json.\nVolaticus tabgo articulus teneo sortitus. Solutio termes delectatio viridis speciosus admoveo. Corporis recusandae triduana uredo vulgo assumenda super.','cc0-1.0',NULL,NULL,'c9bbf9fdc6eb61f5c7e0bd69a5f3bce049f6cada',237699,'["icon8.webp","icon7.gif","icon5.png"]','private','[]','["titulus","vulnus","stips","compono","coniecto","cruentus","cavus","defetiscor","consuasor","talus","sollers","copia","auctus","soleo","corona","error","nesciunt","tergo","corona","deinde","tergiversatio","cetera","astrum","sint","iste","tepesco","corroboro","totus","cogito","sufficio","tametsi","error","qui","adficio","dolores","argumentum","vestigium","statim","dignissimos","circumvenio","utor","tabula","patria","comis","velit","custodia","corrumpo"]','2025-07-19 05:17:57.710 +00:00','2025-07-19 05:17:57.710 +00:00',NULL),(519,'4615262802','[]','wall','wall_pixie','58356087009134339486709013','[{"userId":"69421939382193957240267878","workDone":"saepe patruus clibanus"}]','sumo ambitus wall wall_pixie','This is a test asset of type wall and format wall_pixie.\nTeneo depromo adaugeo capio adipisci. Arceo atrocitas cohaero denuncio recusandae. Quia avarus averto corrumpo.','cc0-1.0',NULL,NULL,'ef4fe6be1a571b7434c06ef47dc70ceb0eab8a0d',716589,'["icon1.png"]','rejected','[]','["adficio","sufficio","cavus","statim","coniecto","defetiscor","circumvenio","titulus","corona","cetera","comis","sollers","deinde","argumentum","velit","sint","nesciunt","custodia","vestigium","demens","corrumpo","dignissimos","totus","iste","tabula","aggredior","talus","tepesco","tergiversatio","stips","copia","tametsi","compono","soleo","corroboro","patria","cogito"]','2025-07-19 05:17:56.348 +00:00','2025-07-19 05:17:56.348 +00:00',NULL),(640,NULL,'[]','hitscorevisualizer-config','hitscorevisualizer-config_json','58356087009134339486709013','[{"userId":"50858482726800324902532806","workDone":"sperno"}]','odit aeneus hitscorevisualizer-config hitscorevisualizer-config_json','This is a test asset of type hitscorevisualizer-config and format hitscorevisualizer-config_json.\nArceo virga molestiae cupiditas titulus cupiditas averto auctor tunc ducimus. Audax ancilla capitulus reiciendis capitulus conventus cedo. Depraedor attonbitus candidus cotidie nulla.','cc0-1.0',NULL,NULL,'c7fe1266a7bcfc2d1e92db0822103cc9178c3f65',587568,'["icon2.jpg","icon7.gif","icon1.png"]','private','[]','["vulnus","corona","consuasor","comis","auctus","sufficio","tabula","corona","sollers","stips","sint","tergiversatio","soleo","demens","utor","astrum","error","adficio","compono","argumentum","cogito","dolores","nesciunt","tergo","titulus","copia","maxime","corroboro","corrumpo","cetera","dignissimos","aggredior","error","talus","velit","tametsi","patria","qui","iste","deinde","coniecto","tepesco","cavus","vestigium","circumvenio"]','2025-07-19 05:17:57.038 +00:00','2025-07-19 05:17:57.038 +00:00',NULL),(409,NULL,'[]','health-bar','health-bar_energy','22622413246920135196202590','[{"userId":"50858482726800324902532806","workDone":"conforto quas"}]','debeo adipiscor health-bar health-bar_energy','This is a test asset of type health-bar and format health-bar_energy.\nComedo vomer ademptio denuncio currus textilis vulariter quidem vulariter. Defaeco deludo armarium dens tabella quasi derelinquo. Sol laudantium tactus deserunt cunabula fugit rem cinis odit.','cc0-1.0',NULL,NULL,'c52eda2bac1b21acca2fbbc1e1babddf5ca38235',225919,'["icon5.png","icon7.gif","icon3.gif","icon2.jpg","icon4.webp"]','pending','[]','["demens","cetera","corrumpo","argumentum","custodia","tepesco","nesciunt","iste","vestigium","coniecto","qui","tergiversatio","corona","dolores","maxime","vulnus"]','2025-07-19 05:17:55.649 +00:00','2025-07-19 05:17:55.649 +00:00',NULL),(530,NULL,'[]','saber','saber_wacker','58356087009134339486709013','[{"userId":"22622413246920135196202590","workDone":"conventus eligendi"}]','annus dolorem saber saber_wacker','This is a test asset of type saber and format saber_wacker.\nTamdiu trans brevis unde pax amplus in. Clarus amiculum adduco at communis. Volutabrum tactus undique fugiat talio campana crustulum somnus adsidue amplexus.','cc0-1.0',NULL,NULL,'7cacffd2b4e5b4168d9f5a26e3ae0cfbeace4fdd',303939,'["icon4.webp"]','approved','[]','["compono","qui","corona","comis","demens","tepesco","auctus","argumentum","cetera","corona","circumvenio","astrum","corroboro","dignissimos","sollers","tergo","deinde","sint","tergiversatio","nesciunt","copia","titulus","aggredior","utor","vulnus","cruentus","cavus","corrumpo","patria","sufficio"]','2025-07-19 05:17:56.409 +00:00','2025-07-19 05:17:56.409 +00:00',NULL),(420,'4191821548','[]','platform','platform_plat','22622413246920135196202590','[{"userId":"69421939382193957240267878","workDone":"tergiversatio auctus"}]','varietas strenuus platform platform_plat','This is a test asset of type platform and format platform_plat.\nQuibusdam terreo optio pecto claudeo cupio tamisium vestrum ut. Terebro campana administratio valeo amita verbera curto. Ulterius adulescens baiulus.','cc0-1.0',NULL,NULL,'a12ec3e9b36a2df559649aaabdc10abbbf09fdfc',948796,'["icon5.png","icon4.webp"]','pending','[]','["dignissimos","talus","copia","coniecto","iste","tergo","argumentum","utor","patria","corroboro","custodia","totus","astrum","qui","error","vestigium","tepesco","error","cavus","tabula","corona"]','2025-07-19 05:17:55.708 +00:00','2025-07-19 05:17:55.708 +00:00',NULL),(310,NULL,'[]','note','note_cyoob','75268388461378623860100275','[{"userId":"22622413246920135196202590","workDone":"absum"}]','subvenio armarium note note_cyoob','This is a test asset of type note and format note_cyoob.\nInflammatio coma denuo vobis doloribus adsum aliquid cohaero. Aduro depopulo volaticus venio laudantium solio defessus avaritia. Stella apto quam.','cc0-1.0',NULL,NULL,'023f2eeb943c7afebfdca7e49fddef79a6afccc0',508610,'["icon1.png","icon5.png","icon2.jpg","icon3.gif","icon4.webp"]','private','[]','["defetiscor","cavus","maxime","utor"]','2025-07-19 05:17:55.041 +00:00','2025-07-19 05:17:55.041 +00:00',NULL),(17,NULL,'[]','avatar','avatar_avatar','69421939382193957240267878','[{"userId":"50858482726800324902532806","workDone":"thymbra stillicidium defendo"}]','aiunt cras avatar avatar_avatar','This is a test asset of type avatar and format avatar_avatar.\nQuia valetudo credo defessus tametsi vinco cumque commodo stips. Sublime viduo blanditiis conduco verto doloremque causa crastinus. Ceno subito vespillo defleo aduro audentia alienus stultus.','cc0-1.0',NULL,NULL,'21eeba0fb8865cd3304f37a9e9d4bec45cfd74cd',931014,'["icon5.png","icon4.webp","icon3.gif","icon2.jpg"]','rejected','[]','["stips","corrumpo","cruentus","maxime","cetera","tergiversatio","copia","defetiscor","nesciunt","corroboro","error","vulnus","qui","error","iste","tergo","sint","deinde","corona","tepesco","statim","cogito","sollers","adficio","cavus","auctus","totus","utor","circumvenio","consuasor","compono","dolores","tametsi","velit","patria","talus","custodia","corona","coniecto","demens","sufficio","titulus"]','2025-07-19 05:17:53.133 +00:00','2025-07-19 05:17:53.133 +00:00',NULL),(28,NULL,'[]','banner','banner_png','69421939382193957240267878','[{"userId":"22622413246920135196202590","workDone":"depulso verecundia sum"}]','in spiritus banner banner_png','This is a test asset of type banner and format banner_png.\nCuria aequitas agnosco venio quos facilis. Vero incidunt barba tenuis. Consequatur delectatio torrens vorax numquam.','cc0-1.0',NULL,NULL,'af511a46cb8726e6f89dcd11a0a2bbcb8ebdd78e',773208,'["icon6.jpg","icon8.webp","icon4.webp","icon1.png"]','pending','[]','["circumvenio","tergiversatio","totus","statim","corona","cruentus","vulnus","astrum","sint","maxime"]','2025-07-19 05:17:53.216 +00:00','2025-07-19 05:17:53.216 +00:00',NULL),(39,'3080739293','[]','wall','wall_pixie','69421939382193957240267878','[{"userId":"19519326909700251631815791","workDone":"adsidue tempus"}]','cenaculum aurum wall wall_pixie','This is a test asset of type wall and format wall_pixie.\nEa magnam cresco vallum tabesco nam demitto umquam apto. Carcer curo magni utor corona cubitum attero. Degero excepturi vespillo cervus.','cc0-1.0',NULL,NULL,'6aacb26629ad931fccadf5e2d3afbf34083c4edb',446189,'["icon8.webp","icon6.jpg","icon2.jpg","icon1.png","icon3.gif"]','private','[]','["qui","velit","deinde","corona","tergo","corona","tametsi","stips","vestigium","custodia","error","compono","corrumpo","error","tergiversatio","defetiscor","adficio","nesciunt","argumentum","auctus"]','2025-07-19 05:17:53.291 +00:00','2025-07-19 05:17:53.291 +00:00',NULL),(50,NULL,'[]','saber','saber_wacker','69421939382193957240267878','[{"userId":"75268388461378623860100275","workDone":"tempora tibi tum"}]','spectaculum commodi saber saber_wacker','This is a test asset of type saber and format saber_wacker.\nCurto voluntarius undique brevis. Termes uter quam odit terra vapulus speculum aestivus conturbo consectetur. Terror ascisco curso desolo ultio talio denuo teres.','cc0-1.0',NULL,NULL,'5a0bdbeaa165c236efb9ad771e6ead2def8c43ca',373671,'["icon6.jpg"]','approved','[]','["vulnus","cavus","titulus","coniecto","talus","sint","totus","statim","custodia","copia","dolores","corrumpo","comis","tabula","cruentus","demens","qui","nesciunt","adficio","soleo","defetiscor","sufficio","argumentum","tametsi","cogito","cetera","astrum","compono","auctus","corroboro","aggredior","circumvenio"]','2025-07-19 05:17:53.364 +00:00','2025-07-19 05:17:53.364 +00:00',NULL),(905,'6527821828','[]','health-bar','health-bar_energy','19519326909700251631815791','[{"userId":"58356087009134339486709013","workDone":"accedo"}]','alii vitae health-bar health-bar_energy','This is a test asset of type health-bar and format health-bar_energy.\nDeludo dapifer stella aliquam celer virgo cunae. Aufero celebrer currus celer doloribus vigor. Canonicus solum dolorem dolorem ante talis.','cc0-1.0',NULL,NULL,'2e5ef93ddff5173e28c7845f6d3addb7ab2d2c00',341260,'["icon3.gif","icon2.jpg","icon7.gif"]','approved','[]','["stips","consuasor","copia","error","tabula","corona","dignissimos","tergiversatio","sint","totus","compono","titulus","cruentus","corona","maxime","patria","cogito","argumentum","talus","corroboro","aggredior","deinde","circumvenio","soleo","astrum","coniecto","sufficio","vestigium","auctus","iste","corrumpo","tametsi","tepesco","adficio","comis","sollers","cavus","utor","velit","tergo","custodia","statim","cetera","nesciunt","dolores","vulnus","qui","error","defetiscor"]','2025-07-19 05:17:58.637 +00:00','2025-07-19 05:17:58.637 +00:00',NULL),(916,NULL,'[]','platform','platform_plat','19519326909700251631815791','[{"userId":"75268388461378623860100275","workDone":"cursus amitto texo"}]','apto veniam platform platform_plat','This is a test asset of type platform and format platform_plat.\nCollum adsum aequitas bonus aureus. Arceo aperte reprehenderit. Articulus coerceo aut theca corpus attero soleo excepturi.','cc0-1.0',NULL,NULL,'5f4a00e76eabf3849b3b0c72accf9bf5cfe017aa',793821,'["icon2.jpg"]','pending','[]','["cetera","consuasor","corroboro","tabula","comis","utor","vestigium","corona","deinde","error","copia","sint","astrum","compono","aggredior","titulus","cruentus","tepesco","tergiversatio","argumentum","circumvenio","custodia","auctus","cavus","vulnus","stips","totus","iste"]','2025-07-19 05:17:58.698 +00:00','2025-07-19 05:17:58.698 +00:00',NULL),(806,'0441712181','[]','note','note_cyoob','19519326909700251631815791','[{"userId":"58356087009134339486709013","workDone":"abduco"}]','tametsi tergiversatio note note_cyoob','This is a test asset of type note and format note_cyoob.\nCallide demum voluptate cometes repellat. Vetus spiritus vita quaerat cupressus pecus. Sapiente non denuo tero amor capio curatio approbo alveus cernuus.','cc0-1.0',NULL,NULL,'bd5bdebea0a1fda6f2a9ac9bd4ca5ed7abecd08b',831285,'["icon3.gif","icon6.jpg","icon7.gif","icon1.png"]','pending','[]','["totus","patria","error","talus","dignissimos","velit","tepesco","qui","statim","cetera","adficio","vestigium","defetiscor"]','2025-07-19 05:17:58.057 +00:00','2025-07-19 05:17:58.057 +00:00',NULL),(927,NULL,'[]','counters-plus-config','counters-plus-config_json','19519326909700251631815791','[{"userId":"58356087009134339486709013","workDone":"crebro antiquus"}]','alienus constans counters-plus-config counters-plus-config_json','This is a test asset of type counters-plus-config and format counters-plus-config_json.\nVallum commodi comminor. Caute contabesco conduco sumptus creptio tabernus cetera verecundia. Benigne cimentarius supra aedificium careo traho carpo tabgo.','cc0-1.0',NULL,NULL,'d95dab997b83faaec99a4e0dd3d8ad7becaaa49b',557830,'["icon5.png","icon8.webp","icon6.jpg","icon2.jpg","icon7.gif"]','approved','[]','["corona","patria","statim","demens","deinde","argumentum","astrum","error"]','2025-07-19 05:17:58.756 +00:00','2025-07-19 05:17:58.756 +00:00',NULL),(817,NULL,'[]','avatar','avatar_avatar','19519326909700251631815791','[{"userId":"58356087009134339486709013","workDone":"vigor assentator"}]','et veritas avatar avatar_avatar','This is a test asset of type avatar and format avatar_avatar.\nAliqua illo tutis carpo aut verecundia. Acceptus veniam certus debeo viriliter. Vestrum virgo copiose statim sublime aptus demens victoria.','cc0-1.0',NULL,NULL,'38cc18fcd4cea97fed63d84eefdcd6dceba92987',970885,'["icon6.jpg"]','approved','[]','["astrum","sollers","maxime","consuasor","tergiversatio","demens","error","comis","iste","dolores","velit","argumentum","talus","coniecto","corona","deinde","cavus","tergo","utor","sint","tabula","qui","copia","cetera","patria","titulus","error","sufficio","aggredior","statim","custodia","corona","tametsi","corroboro","vestigium","compono","adficio","corrumpo","dignissimos","totus"]','2025-07-19 05:17:58.127 +00:00','2025-07-19 05:17:58.127 +00:00',NULL),(938,'9518373366','[]','sound','sound_ogg','19519326909700251631815791','[{"userId":"22622413246920135196202590","workDone":"sursum suscipit"}]','confugo varietas sound sound_ogg','This is a test asset of type sound and format sound_ogg.\nCaute xiphias cupiditate sperno. Est animadverto angelus tego dolorem vos. Eius contego tepidus tutamen autus terminatio avaritia.','cc0-1.0',NULL,NULL,'e6cf66753ee9cb3e4ec8fdda6ef782dc3dfc740b',854339,'["icon1.png","icon5.png","icon8.webp","icon6.jpg"]','approved','[]','["auctus","tepesco","soleo","utor","astrum","vestigium","adficio","dolores","defetiscor","stips","demens","deinde","sufficio","tergo","qui","iste","sint","error","argumentum","comis","coniecto","cetera","custodia","statim","dignissimos","corrumpo","cogito","corona","error","corroboro"]','2025-07-19 05:17:58.856 +00:00','2025-07-19 05:17:58.856 +00:00',NULL),(828,NULL,'[]','banner','banner_png','19519326909700251631815791','[{"userId":"69421939382193957240267878","workDone":"recusandae surgo viriliter"}]','defluo uxor banner banner_png','This is a test asset of type banner and format banner_png.\nUmquam curiositas vulpes cribro dedecor soleo. Paulatim ventito cado dolores amitto territo vel vero valetudo. Antiquus nobis centum alias alias textus aliquam celer suppono.','cc0-1.0',NULL,NULL,'3cfa37dda55b881be7ece1fdbbe8bacac4b9eb4e',57105,'["icon7.gif","icon3.gif"]','private','[]','["patria","titulus","cruentus","auctus","coniecto","stips","corrumpo","copia","sufficio","sollers","argumentum"]','2025-07-19 05:17:58.195 +00:00','2025-07-19 05:17:58.195 +00:00',NULL),(949,NULL,'[]','note','note_bloq','19519326909700251631815791','[{"userId":"58356087009134339486709013","workDone":"abstergo cruentus"}]','voluptatibus admoneo note note_bloq','This is a test asset of type note and format note_bloq.\nVenia thema sursum ipsam aequitas campana. Nisi alias conicio volva aiunt. Comptus atrocitas voluntarius amplexus.','cc0-1.0',NULL,NULL,'ad3e0bb54df7bb8bad6b597740bdfa5b9df05cdb',750670,'["icon8.webp","icon5.png"]','private','[]','["defetiscor","cruentus","velit","circumvenio","qui","statim","totus","copia","deinde","aggredior","tergo","compono","stips","iste","consuasor","cavus","cetera","vestigium","coniecto","tergiversatio","error","sint","dolores","sufficio","utor","comis","titulus","nesciunt","vulnus","tabula","astrum","maxime","auctus","custodia","corrumpo","adficio"]','2025-07-19 05:17:58.941 +00:00','2025-07-19 05:17:58.941 +00:00',NULL),(707,'4210050631','[]','saber','saber_saber','50858482726800324902532806','[{"userId":"75268388461378623860100275","workDone":"cohors"}]','bardus admoveo saber saber_saber','This is a test asset of type saber and format saber_saber.\nAmoveo adimpleo nostrum. Venia nulla videlicet traho umbra audacia subito. Adfero amplus doloribus iste advenio suasoria tandem voluptatem.','cc0-1.0',NULL,NULL,'72eaecbecda7add5d3d5a7b3929fd12637db0d44',489948,'["icon2.jpg","icon1.png","icon3.gif","icon4.webp"]','rejected','[]','["tabula","soleo","dignissimos","tepesco","tametsi","cruentus","consuasor","astrum","vulnus","coniecto","talus","copia","custodia","nesciunt","deinde","error","auctus","comis","error","corona","stips","statim","tergo","demens","tergiversatio","maxime","compono","totus","corona","circumvenio","corrumpo","cogito","iste","vestigium","titulus"]','2025-07-19 05:17:57.462 +00:00','2025-07-19 05:17:57.462 +00:00',NULL),(839,'3626970967','[]','wall','wall_pixie','19519326909700251631815791','[{"userId":"58356087009134339486709013","workDone":"ad comptus verumtamen"}]','defungo adeo wall wall_pixie','This is a test asset of type wall and format wall_pixie.\nConvoco vobis caelestis patior aperio textor confido ceno. Talis compello argumentum blandior capillus cupiditas contego. Suadeo curia arbitro aliquam color expedita trepide.','cc0-1.0',NULL,NULL,'8e18ac0bd8bcdcddf2566bc86cbdb4e3aa32bdea',368544,'["icon3.gif","icon5.png","icon8.webp"]','pending','[]','["vestigium","comis","maxime","argumentum","consuasor","velit","statim","sint","error","circumvenio","cruentus","corroboro","qui","custodia","astrum","compono","tametsi","nesciunt","totus","tepesco","utor","error","soleo","defetiscor","demens","copia","dolores","aggredior","titulus","corrumpo","stips","talus","coniecto","cetera","tergo","tergiversatio","corona","tabula","dignissimos","adficio","corona","deinde","iste","cogito","vulnus"]','2025-07-19 05:17:58.265 +00:00','2025-07-19 05:17:58.265 +00:00',NULL),(960,NULL,'[]','hitscorevisualizer-config','hitscorevisualizer-config_json','19519326909700251631815791','[{"userId":"22622413246920135196202590","workDone":"calcar"}]','comedo atrox hitscorevisualizer-config hitscorevisualizer-config_json','This is a test asset of type hitscorevisualizer-config and format hitscorevisualizer-config_json.\nAestivus velociter consequatur thymum adnuo. Corona abduco statim apparatus. In absens bonus theologus summopere accusantium patruus.','cc0-1.0',NULL,NULL,'f00ff40fccb7ade193cac8cb0d5e252f17f5dd80',75341,'["icon2.jpg"]','approved','[]','["statim","totus","velit"]','2025-07-19 05:17:59.010 +00:00','2025-07-19 05:17:59.010 +00:00',NULL),(718,'7525661633','[]','camera2-config','camera2-config_json','50858482726800324902532806','[{"userId":"58356087009134339486709013","workDone":"astrum"}]','solitudo annus camera2-config camera2-config_json','This is a test asset of type camera2-config and format camera2-config_json.\nVirga super adipiscor suggero tibi aggredior. Tam angulus summopere cilicium spiculum cetera. Demulceo comburo aestas depono decretum.','cc0-1.0',NULL,NULL,'6bafce2da3edb0885efaba20f6849efdb949e946',471659,'["icon6.jpg","icon2.jpg","icon3.gif"]','rejected','[]','["tepesco","adficio","talus","cogito"]','2025-07-19 05:17:57.527 +00:00','2025-07-19 05:17:57.527 +00:00',NULL),(850,NULL,'[]','saber','saber_wacker','19519326909700251631815791','[{"userId":"22622413246920135196202590","workDone":"audeo deludo vulgus"}]','carmen brevis saber saber_wacker','This is a test asset of type saber and format saber_wacker.\nAtrocitas textus sunt rem caute sopor carcer tertius verto. Virtus tempore tergo. Cedo deputo creator cubo curis bardus tres corroboro quos est.','cc0-1.0',NULL,NULL,'cda2bdc3bbabd7b8ba2bccedaec8ce82d5a7975e',194832,'["icon7.gif","icon2.jpg","icon5.png"]','rejected','[]','["sint","titulus","tergo","corrumpo","demens","sollers","aggredior","argumentum","tametsi","maxime"]','2025-07-19 05:17:58.325 +00:00','2025-07-19 05:17:58.325 +00:00',NULL),(608,NULL,'[]','hitscorevisualizer-config','hitscorevisualizer-config_json','58356087009134339486709013','[{"userId":"69421939382193957240267878","workDone":"cunae aliqua"}]','sordeo ultio hitscorevisualizer-config hitscorevisualizer-config_json','This is a test asset of type hitscorevisualizer-config and format hitscorevisualizer-config_json.\nSupra decet summopere advoco qui verbum. Magnam alveus solio abscido. Tantum expedita villa ventito carpo solio valetudo.','cc0-1.0',NULL,NULL,'ab7e000f1bffea521aedb2df34ea9d08b7d8871c',109289,'["icon5.png","icon2.jpg"]','pending','[]','["cetera","corona","nesciunt","custodia","maxime","iste","adficio","astrum","error","cruentus","compono","corrumpo","velit","consuasor","error","sufficio","soleo","vulnus","totus","tergiversatio","corroboro","deinde","cogito","copia","utor","sint","aggredior"]','2025-07-19 05:17:56.852 +00:00','2025-07-19 05:17:56.852 +00:00',NULL),(729,NULL,'[]','health-bar','health-bar_energy','50858482726800324902532806','[{"userId":"75268388461378623860100275","workDone":"tum"}]','repellendus patrocinor health-bar health-bar_energy','This is a test asset of type health-bar and format health-bar_energy.\nCunctatio agnosco triumphus. Solutio culpo sursum. Adinventitias crapula solus dolor tamen toties molestias possimus attollo suffragium.','cc0-1.0',NULL,NULL,'f01a7aa3ca91eaccbcfda3b8ebfbe5ee8e8e9acb',718557,'["icon1.png","icon7.gif","icon8.webp","icon3.gif"]','rejected','[]','["cogito","consuasor","custodia","cetera","adficio","sollers","totus","circumvenio","auctus","qui","corona","copia"]','2025-07-19 05:17:57.592 +00:00','2025-07-19 05:17:57.592 +00:00',NULL),(619,'4240757458','[]','sound','sound_mp3','58356087009134339486709013','[{"userId":"19519326909700251631815791","workDone":"articulus"}]','cubo conculco sound sound_mp3','This is a test asset of type sound and format sound_mp3.\nTriduana viduo torrens. Statim calamitas auctor ver vespillo apto concedo nam. Cito exercitationem curtus derideo aqua theatrum crastinus valetudo curso.','cc0-1.0',NULL,NULL,'cefe29d0ec5b184a6cee04d2f46e413bcece1bbc',184157,'["icon2.jpg","icon6.jpg"]','private','[]','["velit","iste","totus","vulnus","qui","adficio","tabula","corrumpo","tepesco","utor","circumvenio","maxime","tametsi","custodia","corona","astrum","dolores","corroboro","vestigium","dignissimos","cogito","sufficio","argumentum","error","sollers","compono","sint","demens","comis","coniecto","tergiversatio","statim","auctus","tergo","cruentus","cetera","titulus","corona","patria","error","deinde","stips","cavus","consuasor","defetiscor"]','2025-07-19 05:17:56.914 +00:00','2025-07-19 05:17:56.914 +00:00',NULL),(740,'9423218625','[]','platform','platform_plat','50858482726800324902532806','[{"userId":"58356087009134339486709013","workDone":"delectatio molestiae tantum"}]','abduco universe platform platform_plat','This is a test asset of type platform and format platform_plat.\nArchitecto thalassinus turbo defero illum virgo altus civis cognatus. Stultus delibero aufero spoliatio illum eveniet occaecati careo tredecim barba. Crapula utrimque video.','cc0-1.0',NULL,NULL,'f8bc6f2ab53fedebb1cfb15fd9ccf40c6d6bacf5',110681,'["icon3.gif","icon7.gif","icon4.webp"]','rejected','[]','["utor","circumvenio","consuasor","corona","copia","astrum","coniecto","error","error","sint","talus","vulnus","tametsi","corroboro","tergo","sufficio","deinde","vestigium","argumentum","tergiversatio","cavus","nesciunt","titulus","statim","aggredior","custodia","corona","totus","cogito","iste","stips","cruentus","dignissimos","maxime"]','2025-07-19 05:17:57.657 +00:00','2025-07-19 05:17:57.657 +00:00',NULL),(509,NULL,'[]','chroma-environment','chroma-environment_json','58356087009134339486709013','[{"userId":"69421939382193957240267878","workDone":"demulceo una perferendis"}]','paulatim sto chroma-environment chroma-environment_json','This is a test asset of type chroma-environment and format chroma-environment_json.\nVivo canonicus careo sit voluptates agnitio deleniti solutio. Asper coruscus uterque aperio arbor verbera solium vis. Carpo vicissitudo combibo venio quae tondeo veniam.','cc0-1.0',NULL,NULL,'4654fabab458d19ab511ab3f600ae04fbb37c645',10802,'["icon7.gif","icon8.webp","icon6.jpg","icon2.jpg","icon5.png"]','rejected','[]','["tepesco","circumvenio","argumentum","dolores","tergo","soleo","aggredior","iste","cruentus","corroboro","cogito"]','2025-07-19 05:17:56.293 +00:00','2025-07-19 05:17:56.293 +00:00',NULL),(630,NULL,'[]','note','note_cyoob','58356087009134339486709013','[{"userId":"75268388461378623860100275","workDone":"talio"}]','tardus consuasor note note_cyoob','This is a test asset of type note and format note_cyoob.\nSubstantia aro claustrum. Adeo apparatus doloribus suffragium umerus adopto conduco somnus. Suadeo adicio antea sophismata.','cc0-1.0',NULL,NULL,'9ebbf5b849ef85d7c9f92e0edfefd589ce55c6ad',60719,'["icon3.gif"]','rejected','[]','["comis","aggredior"]','2025-07-19 05:17:56.975 +00:00','2025-07-19 05:17:56.975 +00:00',NULL),(520,'8290649999','[]','wall','wall_box','58356087009134339486709013','[{"userId":"69421939382193957240267878","workDone":"thymum"}]','astrum vinco wall wall_box','This is a test asset of type wall and format wall_box.\nMaxime cibo reiciendis tantum paulatim. Demergo suus deficio consuasor patrocinor adopto. Arx aetas et.','cc0-1.0',NULL,NULL,'a9b85deffdd8ed603f5be9b8d06de97bedf7c2f6',803444,'["icon5.png","icon6.jpg","icon4.webp","icon1.png","icon8.webp"]','private','[]','["cogito","sufficio","patria","soleo","coniecto","sint","cruentus","error","circumvenio","adficio","comis","stips","astrum","tepesco","cavus","vulnus","copia","custodia","tabula","corroboro","vestigium","titulus","dignissimos"]','2025-07-19 05:17:56.355 +00:00','2025-07-19 05:17:56.355 +00:00',NULL),(410,NULL,'[]','sound','sound_ogg','22622413246920135196202590','[{"userId":"69421939382193957240267878","workDone":"aggero tempore conqueror"}]','cedo suppono sound sound_ogg','This is a test asset of type sound and format sound_ogg.\nSummisse decor comes vicissitudo charisma arma tabella itaque est iusto. Thymum adulescens decerno amitto ulterius calco amplus adsum aspernatur. Subseco verecundia eos itaque sordeo credo subito est.','cc0-1.0',NULL,NULL,'fbcbcdcbcbbab9dcbeecfc08cfdddebaded5c66f',542024,'["icon4.webp","icon8.webp","icon7.gif"]','rejected','[]','["coniecto","talus","argumentum","sint","totus","defetiscor","comis","corroboro","maxime","statim","tepesco","custodia","nesciunt","astrum","patria","demens","dignissimos","vestigium","qui","utor","error","dolores","corona","error","tametsi","auctus","sollers","tergo","aggredior","vulnus","tergiversatio","cogito","deinde"]','2025-07-19 05:17:55.654 +00:00','2025-07-19 05:17:55.654 +00:00',NULL),(18,NULL,'[]','saber','saber_wacker','69421939382193957240267878','[{"userId":"22622413246920135196202590","workDone":"calco"}]','uredo astrum saber saber_wacker','This is a test asset of type saber and format saber_wacker.\nTutamen est tricesimus decens assentator. Corrigo convoco at vigor quasi comptus suasoria. Caput ait sequi defungo.','cc0-1.0',NULL,NULL,'c4ee9ee41c0db1d73e70e234fbf1f161ef515cdc',94533,'["icon8.webp","icon5.png","icon4.webp","icon1.png"]','private','[]','["utor","tergo","coniecto","circumvenio","tametsi","defetiscor","cruentus","auctus","corroboro","statim","iste","qui","corona","totus","sollers","demens","stips","cogito"]','2025-07-19 05:17:53.140 +00:00','2025-07-19 05:17:53.140 +00:00',NULL),(29,NULL,'[]','chroma-environment','chroma-environment_json','69421939382193957240267878','[{"userId":"58356087009134339486709013","workDone":"administratio patruus"}]','commemoro dolorum chroma-environment chroma-environment_json','This is a test asset of type chroma-environment and format chroma-environment_json.\nTotus placeat sublime quam aliqua. Totidem alioqui viscus cetera solutio demulceo. Ventosus ter succedo officia aufero comes vilicus turpis decretum.','cc0-1.0',NULL,NULL,'c2873bf02705d8e16cef1e6eedf84ba3a4cf6ded',282097,'["icon4.webp","icon6.jpg","icon1.png","icon8.webp"]','pending','[]','["argumentum","corona","comis","copia","tepesco","tametsi","sufficio","corroboro","vestigium","demens","talus","adficio","soleo","corona","tabula","utor","aggredior","patria","nesciunt","stips","dignissimos","consuasor","qui"]','2025-07-19 05:17:53.223 +00:00','2025-07-19 05:17:53.223 +00:00',NULL),(40,'9079876430','[]','wall','wall_box','69421939382193957240267878','[{"userId":"19519326909700251631815791","workDone":"appono"}]','pariatur canonicus wall wall_box','This is a test asset of type wall and format wall_box.\nArbitro defessus venio utrimque vel degusto decipio. Corroboro vitae calcar casso velum absque terreo quis. Pauper non bestia velit vulgo.','cc0-1.0',NULL,NULL,'edfa1cecc4cbde7bd9c8dea3acfaf7f594c10d87',857677,'["icon4.webp","icon8.webp","icon1.png","icon3.gif"]','private','[]','["cruentus","consuasor","tergo","tabula","astrum","stips","compono","vulnus"]','2025-07-19 05:17:53.297 +00:00','2025-07-19 05:17:53.297 +00:00',NULL),(906,'3314602517','[]','sound','sound_ogg','19519326909700251631815791','[{"userId":"22622413246920135196202590","workDone":"curatio alias"}]','adipiscor natus sound sound_ogg','This is a test asset of type sound and format sound_ogg.\nTrans coniuratio cultellus aspicio tepesco validus. Adeo spiculum vetus attollo tres capto possimus iste rerum talio. Curso cuius eaque solitudo.','cc0-1.0',NULL,NULL,'50ba1dea9dd25bb2750a1cc96b248d247b17dee2',243181,'["icon1.png","icon3.gif"]','private','[]','["tametsi","tergo","stips","corona","tepesco","soleo","velit","corroboro","aggredior","corona","titulus","iste","cetera","dolores","adficio","compono","custodia","sollers","totus","sufficio","astrum","qui","deinde","dignissimos","copia","vulnus","tabula","auctus","circumvenio","maxime","cavus","argumentum"]','2025-07-19 05:17:58.642 +00:00','2025-07-19 05:17:58.642 +00:00',NULL),(917,NULL,'[]','note','note_bloq','19519326909700251631815791','[{"userId":"58356087009134339486709013","workDone":"turbo"}]','vehemens timidus note note_bloq','This is a test asset of type note and format note_bloq.\nTutamen conatus aestas comedo balbus non celer. Adficio angelus accendo cupressus depopulo. Eligendi aggredior benigne pariatur aduro conturbo alter dicta tremo.','cc0-1.0',NULL,NULL,'f490cd9c2bd16e14db2bc7dd53ae757bbaf026ed',329898,'["icon1.png","icon2.jpg","icon4.webp","icon6.jpg"]','rejected','[]','["sollers","astrum","argumentum","comis","talus","statim","corroboro","demens","totus","error","velit","aggredior","cogito","tepesco","deinde","maxime","patria","copia","dignissimos","cavus","tergiversatio","nesciunt","consuasor","dolores","tametsi","tergo","cetera","circumvenio","stips","error","custodia","adficio","corona","defetiscor","qui","coniecto","sint","compono","cruentus","corona","tabula","auctus","titulus","iste","sufficio","soleo","vulnus","vestigium","utor"]','2025-07-19 05:17:58.703 +00:00','2025-07-19 05:17:58.703 +00:00',NULL),(807,'9751322291','[]','wall','wall_pixie','19519326909700251631815791','[{"userId":"22622413246920135196202590","workDone":"quae arbor"}]','peccatus absum wall wall_pixie','This is a test asset of type wall and format wall_pixie.\nClarus incidunt dolores sperno spero confero thesaurus impedit. Accusator arto inflammatio attonbitus valde triumphus statim causa. Aegrotatio earum beneficium cognomen abutor.','cc0-1.0',NULL,NULL,'dbcbf19a12bdcd4b3f369657ceff30dac002cdab',212670,'["icon5.png"]','private','[]','["comis","dignissimos","demens","dolores","patria","tametsi","tepesco","nesciunt","consuasor","copia","corona","sollers","compono","corona","vulnus","custodia","qui","cetera","deinde","argumentum","cruentus","error","auctus","coniecto","statim","iste","cavus","vestigium","soleo","sint","titulus","sufficio","cogito","error","tabula","talus"]','2025-07-19 05:17:58.062 +00:00','2025-07-19 05:17:58.062 +00:00',NULL),(928,NULL,'[]','hitscorevisualizer-config','hitscorevisualizer-config_json','19519326909700251631815791','[{"userId":"75268388461378623860100275","workDone":"tristis"}]','talio aut hitscorevisualizer-config hitscorevisualizer-config_json','This is a test asset of type hitscorevisualizer-config and format hitscorevisualizer-config_json.\nTripudio sonitus abutor aegrus spoliatio vesper tracto. Expedita vacuus teneo depereo. Omnis rerum tum tempus adopto curia demo.','cc0-1.0',NULL,NULL,'c962ffd36ce24da47ec6aab4677b1e88c44357fa',846041,'["icon1.png"]','pending','[]','["corona","consuasor","sollers","astrum","demens","tergo","utor","comis","defetiscor","iste","tepesco","cruentus","qui","auctus","maxime","custodia","argumentum","deinde","cetera","nesciunt"]','2025-07-19 05:17:58.762 +00:00','2025-07-19 05:17:58.762 +00:00',NULL),(818,NULL,'[]','saber','saber_wacker','19519326909700251631815791','[{"userId":"69421939382193957240267878","workDone":"soluta abscido pel"}]','inflammatio arcesso saber saber_wacker','This is a test asset of type saber and format saber_wacker.\nAedificium quia avarus corroboro sapiente ulterius abstergo arx. Animus ex dolorum curtus stultus vesco vesco demulceo. Caput carus corpus cui voro.','cc0-1.0',NULL,NULL,'e3dd1c2d179b14a4865abe5fe2a6f4f6aa2ec9b4',31962,'["icon4.webp"]','private','[]','["qui","vulnus","tergo","statim","nesciunt","error","tametsi","coniecto","cetera","corona","stips","copia","soleo","talus"]','2025-07-19 05:17:58.134 +00:00','2025-07-19 05:17:58.134 +00:00',NULL),(939,'6679641048','[]','sound','sound_mp3','19519326909700251631815791','[{"userId":"22622413246920135196202590","workDone":"combibo"}]','depopulo viscus sound sound_mp3','This is a test asset of type sound and format sound_mp3.\nDefleo substantia pecto apto tracto ambulo tepidus minus testimonium. Conor quam creo adicio timor solum. Speculum iure cattus caritas crebro tenus reiciendis vinco.','cc0-1.0',NULL,NULL,'f7c312edd8c58d846b7dc565cb1faee3dafd202b',399375,'["icon5.png"]','private','[]','["astrum","sufficio","cetera","patria","corona","qui","nesciunt","iste","compono","maxime","dolores","coniecto","circumvenio","soleo","corona","demens","sint","argumentum","aggredior","tametsi","sollers","tabula","dignissimos","cruentus","error","totus","copia","defetiscor","cavus","auctus","custodia","vestigium","cogito","consuasor","comis","tergiversatio","talus","statim","tergo","titulus","error","corrumpo","utor"]','2025-07-19 05:17:58.868 +00:00','2025-07-19 05:17:58.868 +00:00',NULL),(829,NULL,'[]','chroma-environment','chroma-environment_json','19519326909700251631815791','[{"userId":"22622413246920135196202590","workDone":"turba synagoga textilis"}]','voluptatibus aequus chroma-environment chroma-environment_json','This is a test asset of type chroma-environment and format chroma-environment_json.\nChirographum alveus cedo pecto bene debilito. Stipes aedificium atqui vallum aut pax. Accusantium vomito cultellus cupressus delinquo adamo cogo spiritus nostrum.','cc0-1.0',NULL,NULL,'60f7b589edae7b6efb405d14c59af9af20e1bd10',818148,'["icon4.webp","icon1.png"]','approved','[]','["compono","soleo","dolores"]','2025-07-19 05:17:58.201 +00:00','2025-07-19 05:17:58.201 +00:00',NULL),(950,NULL,'[]','note','note_cyoob','19519326909700251631815791','[{"userId":"69421939382193957240267878","workDone":"cena denego"}]','statim tolero note note_cyoob','This is a test asset of type note and format note_cyoob.\nValens attonbitus amplexus tersus sint subnecto calcar paulatim sunt video. Ago delicate peccatus cimentarius. Non verbum quibusdam eveniet tactus umbra ullam omnis.','cc0-1.0',NULL,NULL,'d3f358be4b7be5ef7acdd75f6a16c33d85adc7e8',118308,'["icon5.png","icon8.webp","icon4.webp"]','approved','[]','["cavus","totus","utor","comis","aggredior","compono","tametsi","vulnus","sollers","defetiscor","deinde","sufficio","consuasor","astrum","tergiversatio","iste","titulus","circumvenio","error","custodia","cruentus","error","cogito","corona","corroboro","patria","tergo","nesciunt"]','2025-07-19 05:17:58.946 +00:00','2025-07-19 05:17:58.946 +00:00',NULL),(708,'8759145770','[]','platform','platform_plat','50858482726800324902532806','[{"userId":"75268388461378623860100275","workDone":"verecundia administratio summisse"}]','valens nam platform platform_plat','This is a test asset of type platform and format platform_plat.\nThymbra compello aedificium conventus. Carmen depereo perferendis quaerat vicinus. Curso callide ventus stabilis caveo confido.','cc0-1.0',NULL,NULL,'b1dc0e5b7986ab2aa55bf9b5ecbff92e01f6911a',269759,'["icon2.jpg","icon3.gif","icon7.gif","icon6.jpg"]','private','[]','["tepesco","corona","patria","cogito","vestigium","compono","totus","utor","coniecto","sint","velit","corona","cavus","soleo","stips","cetera","sollers","consuasor","maxime","copia","tergo","iste","argumentum","astrum","sufficio","vulnus","dignissimos","adficio","aggredior","cruentus","dolores","auctus","deinde","qui","error","demens","tergiversatio","statim","talus","corrumpo","error","nesciunt","custodia","circumvenio","titulus","comis","tametsi","tabula","defetiscor","corroboro"]','2025-07-19 05:17:57.468 +00:00','2025-07-19 05:17:57.468 +00:00',NULL),(840,'6190263600','[]','wall','wall_box','19519326909700251631815791','[{"userId":"75268388461378623860100275","workDone":"tumultus curtus"}]','tremo adamo wall wall_box','This is a test asset of type wall and format wall_box.\nCatena cunabula usque casso carus coniecto strenuus summopere synagoga. Aliqua super tutis. Incidunt tergeo defleo turbo inflammatio spectaculum vespillo.','cc0-1.0',NULL,NULL,'be2fefdd3af864b8832c9ccaaf4eafeadeaf1f37',901851,'["icon2.jpg","icon5.png","icon7.gif","icon6.jpg"]','private','[]','["vestigium","comis","sollers","sufficio","corona","corroboro","copia","defetiscor","cetera","totus","stips","astrum","tergo","sint","soleo","compono","iste","cruentus","dolores"]','2025-07-19 05:17:58.271 +00:00','2025-07-19 05:17:58.271 +00:00',NULL),(719,'5398099816','[]','counters-plus-config','counters-plus-config_json','50858482726800324902532806','[{"userId":"22622413246920135196202590","workDone":"torqueo territo"}]','congregatio adulatio counters-plus-config counters-plus-config_json','This is a test asset of type counters-plus-config and format counters-plus-config_json.\nCura sponte suppellex virga clibanus ut. Tantillus stultus adeo amoveo inflammatio suscipio fugiat uter modi. Theatrum pecco solvo articulus curiositas sonitus voluptas quas.','cc0-1.0',NULL,NULL,'34bf54cfd06b5bdbc612c4eba1dfdb06b63ceac6',10922,'["icon4.webp","icon3.gif","icon5.png"]','rejected','[]','["compono","maxime","vulnus","error","cruentus","totus","cogito","adficio","corona","titulus","corona","statim","tabula","stips","dolores","utor","qui","copia","sint","custodia","coniecto","consuasor","iste","sollers","defetiscor","astrum","tametsi","patria","deinde","talus","corrumpo","comis","dignissimos","circumvenio","aggredior","tergo","velit","cetera","error","argumentum","tergiversatio","sufficio","soleo","corroboro"]','2025-07-19 05:17:57.533 +00:00','2025-07-19 05:17:57.533 +00:00',NULL),(609,'1951763073','[]','avatar','avatar_avatar','58356087009134339486709013','[{"userId":"19519326909700251631815791","workDone":"tricesimus cetera"}]','tenetur deduco avatar avatar_avatar','This is a test asset of type avatar and format avatar_avatar.\nArmarium demoror adfero. Ipsum hic censura thesaurus temptatio subiungo pel valeo uterque adversus. Voluntarius nihil adversus.','cc0-1.0',NULL,NULL,'b3d7fd5057fff6cc2e3cef0ecfd67ecd683eb9c9',452389,'["icon2.jpg","icon3.gif","icon1.png","icon4.webp","icon8.webp"]','private','[]','["consuasor","tametsi","tergo","coniecto","dignissimos","titulus","statim","iste","tepesco","corona","dolores","nesciunt","talus","astrum","deinde","error","qui","vestigium","sollers","adficio","utor","cogito","compono","totus","cruentus","velit","sufficio","argumentum","stips","copia","sint","auctus","cavus","defetiscor","aggredior","cetera","tabula","demens"]','2025-07-19 05:17:56.857 +00:00','2025-07-19 05:17:56.857 +00:00',NULL),(730,NULL,'[]','sound','sound_ogg','50858482726800324902532806','[{"userId":"58356087009134339486709013","workDone":"deprimo vero"}]','alienus super sound sound_ogg','This is a test asset of type sound and format sound_ogg.\nVoluptatum aequitas odit caste degenero vorago allatus cubicularis ultra. Charisma tres vulticulus adeptio. Uxor paens ratione degusto sint perferendis via sumo labore stipes.','cc0-1.0',NULL,NULL,'adee604dfd4b7e87ed1985f25c6e78f68bf00b7d',831223,'["icon2.jpg","icon7.gif"]','private','[]','["cogito","dolores","dignissimos","custodia","corona","qui","copia","sollers","statim","tepesco","auctus","titulus","totus","demens","vestigium","defetiscor","coniecto","comis","argumentum","tabula","utor","corona","talus","tergiversatio","compono","cruentus","tametsi","circumvenio","patria","vulnus","corrumpo","sufficio","maxime","iste","soleo","adficio","error","sint","cavus","aggredior","stips"]','2025-07-19 05:17:57.598 +00:00','2025-07-19 05:17:57.598 +00:00',NULL),(620,'4152445694','[]','banner','banner_png','58356087009134339486709013','[{"userId":"50858482726800324902532806","workDone":"consequuntur"}]','deleniti exercitationem banner banner_png','This is a test asset of type banner and format banner_png.\nDeficio laboriosam optio tendo cicuta expedita bellum. Curatio pauper alter surculus conculco blanditiis torqueo cicuta tenus thesis. Facere quas conqueror inflammatio volubilis pax repudiandae stella textor.','cc0-1.0',NULL,NULL,'7cbbe1e0fe8df0bb4c4b7f4aabcbe94a30e1bbf7',392928,'["icon6.jpg"]','private','[]','["tepesco","dignissimos","error","talus","dolores","soleo","circumvenio","cavus","titulus","adficio","velit","argumentum","statim","sollers","defetiscor","consuasor","comis","patria","stips","qui","corroboro","tergiversatio","cogito","tametsi","aggredior","iste","corona"]','2025-07-19 05:17:56.919 +00:00','2025-07-19 05:17:56.919 +00:00',NULL),(510,NULL,'[]','camera2-config','camera2-config_json','58356087009134339486709013','[{"userId":"50858482726800324902532806","workDone":"ipsam villa subseco"}]','comedo eveniet camera2-config camera2-config_json','This is a test asset of type camera2-config and format camera2-config_json.\nCubicularis concedo cernuus temperantia agnitio demitto sunt damnatio triumphus vado. Turba ancilla delicate. Carpo demens trado demo aliquid tabula illum.','cc0-1.0',NULL,NULL,'47fda6e7d1cb700758dfb6d102fb490efbff3424',468404,'["icon6.jpg","icon8.webp","icon7.gif","icon3.gif"]','private','[]','["consuasor"]','2025-07-19 05:17:56.298 +00:00','2025-07-19 05:17:56.298 +00:00',NULL),(19,NULL,'[]','saber','saber_saber','69421939382193957240267878','[{"userId":"22622413246920135196202590","workDone":"tergiversatio"}]','confido cur saber saber_saber','This is a test asset of type saber and format saber_saber.\nTepesco tenax coepi addo. Statua amita minima patruus. Amissio adflicto textus cogito vicinus sperno minus.','cc0-1.0',NULL,NULL,'70569f4abc5e66033e9fbf4db16f549fea47baab',221539,'["icon3.gif","icon8.webp","icon4.webp","icon6.jpg","icon5.png"]','approved','[]','["corrumpo","cavus","cetera","nesciunt","custodia","comis","tametsi","totus","vestigium","sufficio","dignissimos","vulnus","deinde","astrum","circumvenio","utor","copia","corona","compono","sint","sollers","tepesco","statim","stips","corona","defetiscor","tabula","argumentum","cogito","velit","cruentus","iste","dolores","qui","tergo","tergiversatio","consuasor","demens","coniecto","aggredior","talus","error","soleo"]','2025-07-19 05:17:53.147 +00:00','2025-07-19 05:17:53.147 +00:00',NULL),(30,NULL,'[]','camera2-config','camera2-config_json','69421939382193957240267878','[{"userId":"19519326909700251631815791","workDone":"adeo verbera"}]','spero amoveo camera2-config camera2-config_json','This is a test asset of type camera2-config and format camera2-config_json.\nQuis corrupti cedo vaco casus. Supplanto quasi ullam comparo acceptus ullam. Usus demens tabesco neque.','cc0-1.0',NULL,NULL,'d2aecc402fba3f4dcdfab5ddc6be45afcfe78f14',613938,'["icon7.gif","icon1.png"]','pending','[]','["maxime","error","tabula","defetiscor","sint","titulus","auctus","circumvenio","dignissimos","vestigium","corrumpo","aggredior","statim","tepesco","patria","deinde","error","corroboro","comis","coniecto","cruentus","tergo","velit","corona","soleo","tergiversatio","compono","nesciunt","qui","vulnus","adficio"]','2025-07-19 05:17:53.231 +00:00','2025-07-19 05:17:53.231 +00:00',NULL),(907,'2753351540','[]','sound','sound_mp3','19519326909700251631815791','[{"userId":"75268388461378623860100275","workDone":"conicio curo"}]','clibanus sublime sound sound_mp3','This is a test asset of type sound and format sound_mp3.\nCornu tendo compono. Tondeo capto apto alveus sulum nemo. Suadeo cogito inventore.','cc0-1.0',NULL,NULL,'d4af805de44e76d0b97500259dcfa77fe2afbdd7',584009,'["icon5.png","icon2.jpg","icon8.webp","icon6.jpg","icon1.png"]','private','[]','["stips","talus","copia","error","cruentus","adficio","coniecto","tergiversatio","statim","corrumpo","sufficio","astrum","consuasor","deinde","corroboro","defetiscor","cetera","demens","nesciunt","comis","circumvenio","soleo","dignissimos","totus"]','2025-07-19 05:17:58.648 +00:00','2025-07-19 05:17:58.648 +00:00',NULL),(918,NULL,'[]','note','note_cyoob','19519326909700251631815791','[{"userId":"75268388461378623860100275","workDone":"aeternus tergeo stillicidium"}]','arguo veritas note note_cyoob','This is a test asset of type note and format note_cyoob.\nQuam aggero stabilis bonus. Curriculum defero vita certe arma ara culpa aliqua amo. Depopulo adicio deludo ancilla inventore vitae libero vulnero.','cc0-1.0',NULL,NULL,'fc025a56bce6a3badf9c39d9fae12f3cffa1fe1b',321095,'["icon4.webp"]','approved','[]','["cavus","statim","iste","comis","titulus","adficio","tergiversatio","nesciunt","qui","dignissimos","corrumpo","cogito"]','2025-07-19 05:17:58.708 +00:00','2025-07-19 05:17:58.708 +00:00',NULL),(808,'8507246135','[]','wall','wall_box','19519326909700251631815791','[{"userId":"69421939382193957240267878","workDone":"aro uter auxilium"}]','delego aliquid wall wall_box','This is a test asset of type wall and format wall_box.\nAtqui accendo cado demonstro armarium. Denego vulgaris audax. Doloribus venia damno bellum vicinus brevis speciosus complectus auditor.','cc0-1.0',NULL,NULL,'2e4c8d68b8aebcfec7f5ef70e3bc7ae5636c569f',995444,'["icon6.jpg"]','pending','[]','["compono","corroboro","patria","cruentus","tepesco","dolores","error","copia","tergo","sint","deinde","vulnus","comis","sollers"]','2025-07-19 05:17:58.068 +00:00','2025-07-19 05:17:58.068 +00:00',NULL),(929,'0738473687','[]','avatar','avatar_avatar','19519326909700251631815791','[{"userId":"22622413246920135196202590","workDone":"placeat"}]','laboriosam capillus avatar avatar_avatar','This is a test asset of type avatar and format avatar_avatar.\nSuus alius corrigo adflicto repellendus. Toties vae curso dolorum claro cicuta admoveo suasoria velut. Ante compono tactus iusto uterque.','cc0-1.0',NULL,NULL,'cbeb0f268ce3cdd9ffa17022f897ecbad25cfe9e',281930,'["icon8.webp","icon4.webp"]','pending','[]','["copia","talus","compono","tergiversatio","cogito","corona","soleo","tergo","sint","astrum","consuasor","velit","custodia","cetera","maxime","vestigium","error","demens","tabula","circumvenio","defetiscor","corona","corrumpo","tametsi","corroboro","iste","auctus","utor","nesciunt","dolores","stips","totus","tepesco","vulnus","patria","cruentus","statim","sollers","qui","deinde","adficio","sufficio"]','2025-07-19 05:17:58.767 +00:00','2025-07-19 05:17:58.767 +00:00',NULL),(819,NULL,'[]','saber','saber_saber','19519326909700251631815791','[{"userId":"58356087009134339486709013","workDone":"ambulo velut tempus"}]','quisquam arbustum saber saber_saber','This is a test asset of type saber and format saber_saber.\nQuidem voveo compono denuo spectaculum amplus vito cedo. Tenuis esse ventosus charisma denique natus. Acsi esse acsi vindico dens amo clarus.','cc0-1.0',NULL,NULL,'4cadca2adf4f3eff765eff483c29bde3e0c781fc',560831,'["icon6.jpg","icon4.webp","icon7.gif","icon5.png","icon3.gif"]','rejected','[]','["comis","sufficio","cogito","corona","coniecto","totus","dolores","talus","patria","defetiscor","sint","error","deinde","demens","dignissimos","titulus","corroboro","qui","stips","velit","copia","compono","cruentus","cavus","circumvenio","maxime","consuasor","tametsi","corrumpo","vestigium","aggredior","tabula","vulnus","tergiversatio","argumentum","auctus","tepesco","error","astrum","sollers","custodia","corona","statim","nesciunt","utor","soleo","cetera","iste"]','2025-07-19 05:17:58.140 +00:00','2025-07-19 05:17:58.140 +00:00',NULL),(940,'5278709030','[]','banner','banner_png','19519326909700251631815791','[{"userId":"75268388461378623860100275","workDone":"terminatio ventosus sustineo"}]','strenuus aveho banner banner_png','This is a test asset of type banner and format banner_png.\nAccommodo cernuus dolores. Creator adstringo benevolentia. Amoveo libero confugo bardus vir xiphias triduana deludo stips.','cc0-1.0',NULL,NULL,'fbbe6b76fab8cb4fe30ee4802ed3e64cabf1dd9b',251843,'["icon8.webp","icon6.jpg","icon5.png","icon4.webp"]','approved','[]','["totus","qui","demens","error","talus","dolores","utor","corrumpo"]','2025-07-19 05:17:58.876 +00:00','2025-07-19 05:17:58.876 +00:00',NULL),(830,NULL,'[]','camera2-config','camera2-config_json','19519326909700251631815791','[{"userId":"58356087009134339486709013","workDone":"harum veritatis"}]','antepono subnecto camera2-config camera2-config_json','This is a test asset of type camera2-config and format camera2-config_json.\nQuasi alo damnatio ocer sublime ara venia. Barba cura contabesco aspicio. Angelus uter aestus casso terra est valetudo conservo thalassinus.','cc0-1.0',NULL,NULL,'72ad86aec0ce2b3ed4bbad88aee75d508ea529f2',361037,'["icon7.gif","icon1.png"]','approved','[]','["astrum","cavus","error","dolores","sufficio","talus","velit","defetiscor","argumentum","cogito","vestigium","adficio","titulus","statim","cetera","corrumpo","sint","utor","circumvenio","totus","cruentus","comis","sollers","corona","qui","nesciunt","tametsi","corroboro","patria"]','2025-07-19 05:17:58.207 +00:00','2025-07-19 05:17:58.207 +00:00',NULL),(709,'7145723548','[]','note','note_bloq','50858482726800324902532806','[{"userId":"75268388461378623860100275","workDone":"spero"}]','surculus ventus note note_bloq','This is a test asset of type note and format note_bloq.\nOccaecati accommodo cruciamentum creptio vicinus tum colligo. Tersus decet traho vociferor centum totam adversus triduana aer cicuta. Casus acceptus blandior.','cc0-1.0',NULL,NULL,'3cfdbeb8b794fd8c9512afa6ff70a03b922ccf00',757308,'["icon3.gif","icon4.webp","icon2.jpg","icon7.gif","icon1.png"]','private','[]','["aggredior","deinde","iste","compono","circumvenio","cetera","talus","vulnus","tepesco","defetiscor","sollers","vestigium","dolores","adficio","nesciunt","statim","cogito","comis","corroboro","corrumpo","stips","astrum","auctus","error","tabula"]','2025-07-19 05:17:57.474 +00:00','2025-07-19 05:17:57.474 +00:00',NULL),(720,'4026864843','[]','hitscorevisualizer-config','hitscorevisualizer-config_json','50858482726800324902532806','[{"userId":"69421939382193957240267878","workDone":"veritatis varietas"}]','cur adnuo hitscorevisualizer-config hitscorevisualizer-config_json','This is a test asset of type hitscorevisualizer-config and format hitscorevisualizer-config_json.\nPerspiciatis vulticulus sunt creator acervus cervus conforto perspiciatis adimpleo cicuta. Tredecim demo subnecto. Debilito torqueo ventus dicta eius calculus volubilis.','cc0-1.0',NULL,NULL,'0a4298afe404aeda369776ac2e277287e4d49086',607300,'["icon6.jpg","icon4.webp","icon5.png","icon1.png","icon8.webp"]','private','[]','["copia","talus","astrum","vestigium","stips","auctus","maxime","comis","titulus"]','2025-07-19 05:17:57.538 +00:00','2025-07-19 05:17:57.538 +00:00',NULL),(610,'5972399649','[]','saber','saber_wacker','58356087009134339486709013','[{"userId":"75268388461378623860100275","workDone":"acies"}]','deprimo defendo saber saber_wacker','This is a test asset of type saber and format saber_wacker.\nFacilis pariatur verecundia cursus perferendis tredecim inflammatio supra. Audax utpote vicissitudo valens cicuta vitae ventus sol accendo. Ancilla condico timidus.','cc0-1.0',NULL,NULL,'36af5613e689b6beb857a9e1c7c14bbf9a4a691a',973252,'["icon1.png"]','private','[]','["compono","soleo","error","patria","circumvenio","auctus","vulnus"]','2025-07-19 05:17:56.862 +00:00','2025-07-19 05:17:56.862 +00:00',NULL),(20,NULL,'[]','platform','platform_plat','69421939382193957240267878','[{"userId":"22622413246920135196202590","workDone":"cursus ducimus conforto"}]','consequuntur utilis platform platform_plat','This is a test asset of type platform and format platform_plat.\nNumquam deleo confido villa abeo magnam sodalitas stella valde. Combibo et minima. Thymbra vulnero cohaero nostrum umerus amiculum.','cc0-1.0',NULL,NULL,'5ccb1eecec1b67eabdf6b3de2ca2fe08bcd9900c',397145,'["icon2.jpg"]','private','[]','["iste","soleo","compono","vestigium","cetera","stips","comis","titulus","velit","totus","corroboro","cruentus","argumentum","defetiscor","corona","tametsi","deinde","sint","dolores"]','2025-07-19 05:17:53.155 +00:00','2025-07-19 05:17:53.155 +00:00',NULL),(908,'5711843239','[]','banner','banner_png','19519326909700251631815791','[{"userId":"22622413246920135196202590","workDone":"tremo"}]','uredo incidunt banner banner_png','This is a test asset of type banner and format banner_png.\nBellicus accommodo sufficio vinitor vilicus depopulo. Quasi vorago tero vetus alii adfero damnatio. Somnus commodo virga aperio aer.','cc0-1.0',NULL,NULL,'f2fc7cd67f3f5e2042fcedab1d4cc97d526a1e2d',245746,'["icon3.gif","icon2.jpg","icon4.webp"]','rejected','[]','["soleo","adficio","demens","maxime","cavus","vulnus","cruentus","error","corroboro","vestigium","aggredior","tabula","utor","comis","copia","error","velit","auctus","dolores","cogito","statim","talus","corona","tergiversatio","patria","cetera","corona","sollers","coniecto","corrumpo","sint","custodia","consuasor","compono","titulus","qui","defetiscor","astrum","argumentum","deinde","sufficio","iste","nesciunt","tergo"]','2025-07-19 05:17:58.653 +00:00','2025-07-19 05:17:58.653 +00:00',NULL),(919,NULL,'[]','wall','wall_pixie','19519326909700251631815791','[{"userId":"58356087009134339486709013","workDone":"venio"}]','nostrum corrigo wall wall_pixie','This is a test asset of type wall and format wall_pixie.\nVenustas acidus vorago sperno nesciunt custodia adficio sollicito barba coniuratio. Comprehendo repudiandae sunt ipsa nesciunt. Neque inventore adduco.','cc0-1.0',NULL,NULL,'fdf9ae8fe3b83c871e7ba5c377e3bbce35f81b3d',218163,'["icon5.png","icon7.gif","icon4.webp","icon8.webp"]','pending','[]','["titulus","demens","corrumpo","coniecto","adficio","corroboro","vulnus","copia"]','2025-07-19 05:17:58.713 +00:00','2025-07-19 05:17:58.713 +00:00',NULL),(809,'2504407254','[]','health-bar','health-bar_energy','19519326909700251631815791','[{"userId":"22622413246920135196202590","workDone":"recusandae votum blanditiis"}]','expedita tutis health-bar health-bar_energy','This is a test asset of type health-bar and format health-bar_energy.\nStatua suscipit tristis laborum defero aegrotatio. Odit eos crebro vetus benevolentia demoror vestrum. Suus voluptatibus creber cogo iusto aperte vitium.','cc0-1.0',NULL,NULL,'bd6f2aedfd937d0db8243ea66ed059c989df211d',257152,'["icon6.jpg","icon1.png","icon2.jpg"]','rejected','[]','["deinde","patria","error","demens","dignissimos","vestigium","qui","sufficio","tametsi","nesciunt","adficio","sint","stips","corona","consuasor","vulnus","copia","tergiversatio","totus","tabula","tepesco","corroboro","statim","coniecto","argumentum","cavus","cetera","sollers","circumvenio","corrumpo","custodia","soleo","corona","velit","comis","compono","cruentus","astrum","iste","error","defetiscor","titulus","tergo","aggredior"]','2025-07-19 05:17:58.073 +00:00','2025-07-19 05:17:58.073 +00:00',NULL),(930,'7240679862','[]','saber','saber_wacker','19519326909700251631815791','[{"userId":"50858482726800324902532806","workDone":"contabesco"}]','vilis brevis saber saber_wacker','This is a test asset of type saber and format saber_wacker.\nCarus atrox voluptatum varietas ambulo. Vir curiositas desipio arbitro. Stips damnatio teneo sol volubilis.','cc0-1.0',NULL,NULL,'db777cf14fa6cce4cbe09e833bcaeefdff22fae5',650445,'["icon2.jpg","icon3.gif","icon8.webp"]','approved','[]','["patria","defetiscor","corona","tametsi","tergiversatio","error","vestigium","tabula","custodia","aggredior","tergo","copia","dignissimos","sint","sollers","qui","dolores"]','2025-07-19 05:17:58.774 +00:00','2025-07-19 05:17:58.774 +00:00',NULL),(820,NULL,'[]','platform','platform_plat','19519326909700251631815791','[{"userId":"69421939382193957240267878","workDone":"absconditus adopto cupiditate"}]','claudeo derideo platform platform_plat','This is a test asset of type platform and format platform_plat.\nOfficia capillus aestus adsuesco vestigium tristis. Trepide nesciunt acies volo uberrime vehemens corrupti advenio praesentium claudeo. Theologus voluptas apostolus aqua spiculum crustulum doloremque.','cc0-1.0',NULL,NULL,'f618bac6eeb9284bbfe373ab1cc8f4fb7d0a87c1',408212,'["icon1.png"]','rejected','[]','["tabula","cogito","soleo","sufficio","copia","qui","cruentus","patria","stips","astrum","titulus","tergiversatio","utor","corona","corroboro","adficio"]','2025-07-19 05:17:58.146 +00:00','2025-07-19 05:17:58.146 +00:00',NULL),(710,'0967570383','[]','note','note_cyoob','50858482726800324902532806','[{"userId":"58356087009134339486709013","workDone":"vae"}]','sustineo ara note note_cyoob','This is a test asset of type note and format note_cyoob.\nCensura attonbitus sequi utrum pecco odio tenax argentum sperno a. Eveniet creta acceptus. Deprimo atrocitas tergum bis vomica facilis angustus.','cc0-1.0',NULL,NULL,'c9afcea51ce2b7dbdddee1d2cbd7fff17d2d68d0',838124,'["icon8.webp","icon3.gif","icon2.jpg","icon4.webp"]','pending','[]','["qui","defetiscor","dolores","talus","patria","cruentus","tergiversatio","auctus","argumentum","vulnus","consuasor","circumvenio","aggredior","cavus","vestigium","sint","utor","deinde","tepesco","sollers","tametsi","dignissimos","compono","corona","maxime","cogito","cetera","demens","statim","astrum","sufficio","corona","error","comis","totus","stips"]','2025-07-19 05:17:57.480 +00:00','2025-07-19 05:17:57.480 +00:00',NULL),(909,'7600310871','[]','chroma-environment','chroma-environment_json','19519326909700251631815791','[{"userId":"69421939382193957240267878","workDone":"exercitationem"}]','utpote conor chroma-environment chroma-environment_json','This is a test asset of type chroma-environment and format chroma-environment_json.\nBenigne cotidie argentum voluptatem sumo. Cometes causa somnus articulus vaco debitis praesentium. Adopto debitis aestivus.','cc0-1.0',NULL,NULL,'f2f92fe9033ba60ba42fe6cd38fa5a1e8cb5dcfd',256712,'["icon2.jpg","icon7.gif","icon1.png","icon3.gif"]','private','[]','["titulus","sollers","tergo","maxime","totus","utor","sint","talus","soleo","coniecto","corrumpo","vestigium","adficio","cogito","aggredior","astrum","velit","dignissimos","iste","copia","corona","cetera","tabula","argumentum","compono","patria","error"]','2025-07-19 05:17:58.660 +00:00','2025-07-19 05:17:58.660 +00:00',NULL),(920,NULL,'[]','wall','wall_box','19519326909700251631815791','[{"userId":"69421939382193957240267878","workDone":"torqueo"}]','clarus nihil wall wall_box','This is a test asset of type wall and format wall_box.\nUtor perferendis tremo fuga conturbo placeat verbum creta synagoga commodo. Acies stabilis eum tandem theologus deinde tredecim. Callide annus varietas universe cuppedia demonstro accommodo cena harum derideo.','cc0-1.0',NULL,NULL,'ac1c3a76a601bfbae7e6010f5c70ed1cdcee9ba3',147438,'["icon8.webp","icon5.png","icon4.webp","icon7.gif","icon3.gif"]','private','[]','["tergo","qui","cavus","cetera","tabula","maxime","vestigium","corroboro","circumvenio","adficio","copia","titulus","totus","defetiscor","consuasor","error","utor","corona","comis","sint","cruentus","tametsi"]','2025-07-19 05:17:58.718 +00:00','2025-07-19 05:17:58.718 +00:00',NULL),(810,'2205443649','[]','sound','sound_ogg','19519326909700251631815791','[{"userId":"75268388461378623860100275","workDone":"depromo"}]','celer cavus sound sound_ogg','This is a test asset of type sound and format sound_ogg.\nTexo ventus collum theca comparo utilis sub autus recusandae tutamen. Perferendis annus iusto sequi audax cultura curtus vero articulus adhuc. Omnis torrens occaecati.','cc0-1.0',NULL,NULL,'dcd44a85a47432cdc0e16b14e808b0af0e508ffc',788394,'["icon2.jpg","icon8.webp"]','pending','[]','["statim","corona"]','2025-07-19 05:17:58.078 +00:00','2025-07-19 05:17:58.078 +00:00',NULL),(910,'4650555237','[]','camera2-config','camera2-config_json','19519326909700251631815791','[{"userId":"58356087009134339486709013","workDone":"vir repellat"}]','bonus dapifer camera2-config camera2-config_json','This is a test asset of type camera2-config and format camera2-config_json.\nBlanditiis amplus damno calco vilis celebrer dedico terror copiose. Combibo cruentus vinco id blandior capio adimpleo argumentum. Corroboro amplexus uxor temptatio denuo catena arbor.','cc0-1.0',NULL,NULL,'9fe0f09721a8fdb61bfdd3edfbfb1adca03e938b',523935,'["icon8.webp","icon5.png","icon6.jpg","icon1.png","icon7.gif"]','pending','[]','["vulnus","sint","circumvenio","dolores","titulus","auctus","iste","defetiscor","corrumpo","velit","maxime","qui","talus","cruentus","error","corroboro","cavus","corona","dignissimos","corona","coniecto","astrum","sollers","nesciunt","compono","argumentum","cetera","custodia","sufficio","comis","tepesco","error","vestigium","aggredior"]','2025-07-19 05:17:58.665 +00:00','2025-07-19 05:17:58.665 +00:00',NULL),(191,NULL,'[]','counters-plus-config','counters-plus-config_json','75268388461378623860100275','[{"userId":"50858482726800324902532806","workDone":"cubicularis arguo"}]','concedo cauda counters-plus-config counters-plus-config_json','This is a test asset of type counters-plus-config and format counters-plus-config_json.\nColligo armarium callide stips. Abduco speciosus studio. Defaeco currus totam adicio baiulus strenuus.','cc0-1.0',NULL,NULL,'fd29df60767e01d20adae0516055f9fb423da291',83627,'["icon5.png","icon2.jpg","icon8.webp","icon1.png"]','pending','[]','["sollers","custodia","dignissimos","comis","circumvenio","consuasor","iste","utor","argumentum","tergo","cogito","error","coniecto","corrumpo","compono","demens","tametsi","astrum","defetiscor","vulnus","cetera","tabula","cruentus","error","titulus","patria","copia","tepesco","sufficio","corona","statim"]','2025-07-19 05:17:54.320 +00:00','2025-07-19 05:17:54.320 +00:00',NULL),(291,'6246602011','[]','saber','saber_saber','75268388461378623860100275','[{"userId":"19519326909700251631815791","workDone":"uberrime debeo sui"}]','desino adsuesco saber saber_saber','This is a test asset of type saber and format saber_saber.\nDeorsum absque vorago tres templum aer cognomen. Minus terminatio illum laborum statim. Volutabrum deleniti aliqua vester audeo color.','cc0-1.0',NULL,NULL,'a86cb7c5a86c469672f51c111caf33163ae2ca0b',532154,'["icon2.jpg","icon3.gif","icon4.webp","icon8.webp"]','rejected','[]','["utor","corroboro","totus","soleo","comis","corona","circumvenio"]','2025-07-19 05:17:54.934 +00:00','2025-07-19 05:17:54.934 +00:00',NULL),(181,NULL,'[]','note','note_bloq','75268388461378623860100275','[{"userId":"58356087009134339486709013","workDone":"sit"}]','ullam tactus note note_bloq','This is a test asset of type note and format note_bloq.\nAbsconditus ceno defessus. Ars acervus velum templum animadverto tyrannus. Cupiditate undique dignissimos aeneus sonitus deorsum.','cc0-1.0',NULL,NULL,'e7b9df1f6d17a17ff34fb2b47fb454caccecbfa4',360506,'["icon1.png","icon5.png","icon8.webp","icon4.webp","icon3.gif"]','approved','[]','["totus","sollers","velit","sufficio","vulnus","aggredior","maxime","patria","tametsi","custodia","corroboro","consuasor","qui","auctus"]','2025-07-19 05:17:54.253 +00:00','2025-07-19 05:17:54.253 +00:00',NULL),(192,NULL,'[]','hitscorevisualizer-config','hitscorevisualizer-config_json','75268388461378623860100275','[{"userId":"50858482726800324902532806","workDone":"concedo auctus"}]','denego canis hitscorevisualizer-config hitscorevisualizer-config_json','This is a test asset of type hitscorevisualizer-config and format hitscorevisualizer-config_json.\nBenigne confugo una basium utique. Tamen summa derideo accommodo illum vetus sodalitas adopto. Adeptio attollo usus acceptus titulus cunabula laborum.','cc0-1.0',NULL,NULL,'6d2a52db38c01aca5fbe7ab89db6f7aeeb7c37d9',718476,'["icon6.jpg","icon4.webp","icon2.jpg","icon7.gif"]','private','[]','["patria","cavus","cogito","error","argumentum","sint","sollers","tergiversatio","qui","vulnus","corona","custodia","titulus","maxime","cetera","defetiscor"]','2025-07-19 05:17:54.326 +00:00','2025-07-19 05:17:54.326 +00:00',NULL),(171,'0132466316','[]','sound','sound_mp3','75268388461378623860100275','[{"userId":"19519326909700251631815791","workDone":"sursum temptatio"}]','et cubo sound sound_mp3','This is a test asset of type sound and format sound_mp3.\nNeque ipsa tunc statim sumptus advenio paulatim adhuc comitatus. Adficio patrocinor amicitia valeo. Valeo decens canto conor ventus cibus audax.','cc0-1.0',NULL,NULL,'d3d3adda271cdbe66fbed23ee048be6d3f3f0f1a',479108,'["icon8.webp","icon3.gif","icon1.png"]','rejected','[]','["velit","cruentus","cetera","cogito","tergiversatio","sint","argumentum","circumvenio","demens","sufficio"]','2025-07-19 05:17:54.183 +00:00','2025-07-19 05:17:54.183 +00:00',NULL),(292,'3750043893','[]','platform','platform_plat','75268388461378623860100275','[{"userId":"58356087009134339486709013","workDone":"adversus"}]','crux coma platform platform_plat','This is a test asset of type platform and format platform_plat.\nUltio vulnus subito tactus ara asporto creptio libero ambulo. Tardus tot pecus. Aggero umbra debitis carmen tergiversatio depono denego.','cc0-1.0',NULL,NULL,'69dfc9cfd6f59aaa6cdafdf3fccf14de8982be58',509549,'["icon5.png","icon4.webp","icon3.gif","icon7.gif"]','pending','[]','["corroboro","corona","compono","adficio","tergo","auctus","sollers","argumentum","utor","comis","dignissimos","error","cogito","vestigium","maxime","cavus","titulus","tergiversatio","tabula","aggredior","vulnus","qui","consuasor","circumvenio","astrum","talus","statim","coniecto"]','2025-07-19 05:17:54.940 +00:00','2025-07-19 05:17:54.940 +00:00',NULL),(182,NULL,'[]','note','note_cyoob','75268388461378623860100275','[{"userId":"69421939382193957240267878","workDone":"terra traho iure"}]','dedecor bestia note note_cyoob','This is a test asset of type note and format note_cyoob.\nAssumenda aduro thalassinus usus tempus. Amplus tergum ubi voluptatibus. Cui conatus bestia similique velociter sed.','cc0-1.0',NULL,NULL,'eeff9d542da423924aea52945fb1f2c6aa0fb7ae',455644,'["icon6.jpg"]','private','[]','["circumvenio","totus","cruentus","copia","soleo","titulus","cavus","patria","sufficio","auctus","corrumpo","deinde","astrum","tabula"]','2025-07-19 05:17:54.262 +00:00','2025-07-19 05:17:54.262 +00:00',NULL),(193,'2141205675','[]','avatar','avatar_avatar','75268388461378623860100275','[{"userId":"50858482726800324902532806","workDone":"totus aliquid pecus"}]','nemo sum avatar avatar_avatar','This is a test asset of type avatar and format avatar_avatar.\nIste astrum tenuis eius quasi nisi coaegresco aranea amet saepe. Tabella strenuus turba vulgus subiungo. Succedo colligo uxor delectus subvenio cilicium animus canis itaque statua.','cc0-1.0',NULL,NULL,'587bc0e21ba1dd6fd0a036882d31ef058c62437e',483859,'["icon3.gif"]','pending','[]','["compono","sufficio","sint","aggredior","auctus","statim","talus","consuasor","astrum","tepesco","sollers","cruentus","corrumpo","vulnus","corona","titulus","totus","comis","qui","tergo","maxime","utor","argumentum","nesciunt","tergiversatio","corona","copia","coniecto","dignissimos","defetiscor","cavus","circumvenio","adficio"]','2025-07-19 05:17:54.331 +00:00','2025-07-19 05:17:54.331 +00:00',NULL),(391,'1870594697','[]','wall','wall_pixie','22622413246920135196202590','[{"userId":"50858482726800324902532806","workDone":"cotidie despecto angustus"}]','ait cultura wall wall_pixie','This is a test asset of type wall and format wall_pixie.\nAb commodo confido caput considero depereo quaerat talis vulgaris. Clamo velit provident volutabrum tamquam basium corrumpo depulso arguo correptius. Degenero conturbo cometes iste suppellex.','cc0-1.0',NULL,NULL,'4cd7b2ba658a6e3eaeaadaab39cb2f61561287d3',841519,'["icon7.gif"]','private','[]','["statim","sufficio","sint","tergiversatio","tabula","dolores","adficio","defetiscor","cogito","utor","auctus","vestigium","corroboro","titulus","cavus","coniecto","error","circumvenio","cetera","comis","maxime","tergo","copia","cruentus","nesciunt","tametsi","deinde","patria","consuasor","argumentum","stips","talus","soleo","corona","qui","compono","aggredior","corrumpo","velit","custodia","error"]','2025-07-19 05:17:55.540 +00:00','2025-07-19 05:17:55.540 +00:00',NULL),(281,NULL,'[]','health-bar','health-bar_energy','75268388461378623860100275','[{"userId":"69421939382193957240267878","workDone":"architecto"}]','congregatio absconditus health-bar health-bar_energy','This is a test asset of type health-bar and format health-bar_energy.\nAdministratio ait blandior curriculum cometes. Cumque uterque conculco. Tamen impedit canis colligo.','cc0-1.0',NULL,NULL,'fde59f6c3db87f2f4a7736c45d328c358c740049',659592,'["icon5.png","icon3.gif","icon2.jpg","icon8.webp","icon7.gif"]','rejected','[]','["cruentus","aggredior","utor","tergiversatio","statim","velit","dignissimos","titulus","qui","deinde","corroboro","sollers","corrumpo","stips","dolores","compono","consuasor","custodia","argumentum","vulnus","demens","soleo","vestigium","coniecto","corona","error","maxime","tepesco","tergo","cogito","talus","iste","defetiscor","auctus","nesciunt"]','2025-07-19 05:17:54.881 +00:00','2025-07-19 05:17:54.881 +00:00',NULL),(172,'4497173364','[]','banner','banner_png','75268388461378623860100275','[{"userId":"69421939382193957240267878","workDone":"comes"}]','amplexus contigo banner banner_png','This is a test asset of type banner and format banner_png.\nAdstringo velociter aliqua. Dignissimos vivo carbo aetas bene annus corroboro cuppedia. Vacuus curatio vito votum vespillo.','cc0-1.0',NULL,NULL,'c2ca94baa3ebefa1ddcece03305e1bb7ebce2a99',995266,'["icon1.png"]','pending','[]','["consuasor","vulnus","vestigium","tepesco","compono","stips","cruentus","sint","dolores","astrum","nesciunt","corona","cavus","aggredior","talus","deinde","maxime","sufficio","custodia","statim","sollers","adficio","qui","tabula","cogito","auctus","utor","copia","defetiscor","tametsi","comis","tergiversatio","cetera","totus","corroboro","coniecto","soleo","iste","demens","corona","argumentum","error","tergo","velit","patria","circumvenio","corrumpo","error","dignissimos"]','2025-07-19 05:17:54.190 +00:00','2025-07-19 05:17:54.190 +00:00',NULL),(293,'2867567731','[]','note','note_bloq','75268388461378623860100275','[{"userId":"58356087009134339486709013","workDone":"aegrus accendo"}]','peior curiositas note note_bloq','This is a test asset of type note and format note_bloq.\nCharisma adfero vester cedo aptus ventosus tristis adversus tergo color. Accusamus bellicus conicio abundans laudantium testimonium ademptio celer aspernatur. Villa depraedor tempus armarium enim.','cc0-1.0',NULL,NULL,'efd299b3a71fd3b2d9cf704e8c18a2729590caf9',732437,'["icon5.png"]','pending','[]','["talus","cetera","adficio","titulus","soleo","copia","circumvenio","astrum","stips","error","totus","vestigium","cavus","auctus","tergiversatio","iste","sollers","consuasor","dolores","tergo","tepesco","cogito","tabula","comis","tametsi","error","aggredior","utor","maxime","sufficio","statim","sint","corona","defetiscor","vulnus","dignissimos","nesciunt","corrumpo","demens","compono","custodia","qui","cruentus","argumentum"]','2025-07-19 05:17:54.946 +00:00','2025-07-19 05:17:54.946 +00:00',NULL),(183,NULL,'[]','wall','wall_pixie','75268388461378623860100275','[{"userId":"19519326909700251631815791","workDone":"tergum"}]','tactus virgo wall wall_pixie','This is a test asset of type wall and format wall_pixie.\nAtqui capillus blanditiis clibanus utrimque spectaculum. Dicta vorax degusto arbitro defessus arcesso denuncio corpus temeritas. Spargo valeo vel praesentium aequus utor tergiversatio.','cc0-1.0',NULL,NULL,'d1ebc1b614075a4d387b7bcfebbecbfbe24adffd',286998,'["icon3.gif","icon2.jpg","icon5.png","icon6.jpg"]','approved','[]','["cogito","copia","maxime","astrum","corona","talus","tametsi","dignissimos","circumvenio","cavus","statim","sufficio","qui","vulnus","comis","iste","custodia","soleo","corona","corrumpo","demens","utor","tergiversatio","argumentum","defetiscor","stips","nesciunt","tergo","dolores","aggredior","tepesco","vestigium","sint","patria","compono","tabula","deinde","error"]','2025-07-19 05:17:54.269 +00:00','2025-07-19 05:17:54.269 +00:00',NULL),(194,'8332762742','[]','saber','saber_wacker','75268388461378623860100275','[{"userId":"50858482726800324902532806","workDone":"averto corrumpo volubilis"}]','vulnero peior saber saber_wacker','This is a test asset of type saber and format saber_wacker.\nSpoliatio antepono cognatus subseco vacuus vero provident. Speciosus cognomen conduco vaco. Crur illo considero.','cc0-1.0',NULL,NULL,'16c77014bd8fbb411a6342d05589def6d2b3baab',325853,'["icon8.webp","icon4.webp","icon7.gif"]','private','[]','["tergo","dolores","sufficio","tergiversatio","patria","copia","nesciunt","defetiscor","deinde"]','2025-07-19 05:17:54.338 +00:00','2025-07-19 05:17:54.338 +00:00',NULL),(491,'1320019974','[]','sound','sound_mp3','58356087009134339486709013','[{"userId":"75268388461378623860100275","workDone":"autem"}]','a ager sound sound_mp3','This is a test asset of type sound and format sound_mp3.\nAnser defluo talis vespillo arceo quaerat basium comis. Dapifer voro thesaurus sonitus cupiditate tero absens eaque ulterius volo. Vado corona crur possimus creator angelus eveniet torqueo ante.','cc0-1.0',NULL,NULL,'ac81ddd38eaeb6aa3b9aa8971ed2c74dd5ec9472',715310,'["icon7.gif"]','private','[]','["custodia","argumentum","totus","nesciunt","demens","stips","sufficio","tabula","cavus","comis","maxime","error","velit","corona","iste","corona","qui","talus","astrum","copia","tepesco","dolores","error"]','2025-07-19 05:17:56.190 +00:00','2025-07-19 05:17:56.190 +00:00',NULL),(381,NULL,'[]','chroma-environment','chroma-environment_json','22622413246920135196202590','[{"userId":"75268388461378623860100275","workDone":"auctor"}]','adsidue corporis chroma-environment chroma-environment_json','This is a test asset of type chroma-environment and format chroma-environment_json.\nDenique capio surgo admiratio patior deleniti cribro versus candidus utique. Vulnero casso unus utrum aveho solutio adficio benevolentia velit audacia. Cena decet beatae admitto.','cc0-1.0',NULL,NULL,'da0faef2ede166a981fcc7c8b0bf6cead472d9d5',990799,'["icon5.png","icon7.gif","icon3.gif"]','approved','[]','["custodia","deinde","sint","iste","tepesco","argumentum","velit","dignissimos","maxime","circumvenio","corrumpo","soleo","sollers","defetiscor","utor","cetera","auctus","titulus","demens","error","tabula","consuasor","corona","cogito","totus","cruentus","aggredior","vestigium","astrum","cavus","corona","comis","stips","nesciunt","tametsi","adficio"]','2025-07-19 05:17:55.480 +00:00','2025-07-19 05:17:55.480 +00:00',NULL),(271,'9132128400','[]','counters-plus-config','counters-plus-config_json','75268388461378623860100275','[{"userId":"19519326909700251631815791","workDone":"voluptas tremo averto"}]','vero culpo counters-plus-config counters-plus-config_json','This is a test asset of type counters-plus-config and format counters-plus-config_json.\nDignissimos amplexus debeo. Illum pecus solus vox vesica nihil ab terror vobis. Aestivus appositus crux consuasor alias coruscus corpus curto deleo.','cc0-1.0',NULL,NULL,'e6054bfdb1b7c863d34589aa84adc6107edc41f4',930366,'["icon8.webp","icon6.jpg","icon3.gif","icon5.png"]','private','[]','["maxime","statim","soleo","talus","circumvenio","astrum","cetera","sollers","dignissimos","cavus","demens","corrumpo","titulus","totus","iste","cogito","deinde","cruentus","velit","error","sint","defetiscor","auctus","adficio","qui","vestigium","utor","copia","error","tametsi","compono","argumentum","tepesco","nesciunt","coniecto","corroboro","tergiversatio","consuasor","comis","dolores","tabula","corona"]','2025-07-19 05:17:54.821 +00:00','2025-07-19 05:17:54.821 +00:00',NULL),(392,'4715032446','[]','wall','wall_box','22622413246920135196202590','[{"userId":"50858482726800324902532806","workDone":"tricesimus utroque tendo"}]','soluta conduco wall wall_box','This is a test asset of type wall and format wall_box.\nSollers temeritas supellex colligo sapiente coepi audentia dedecor annus. Absque alioqui calco adhaero callide ulterius explicabo. Crepusculum corporis toties solvo.','cc0-1.0',NULL,NULL,'d359deddc9b34ab97aeceaa49fbe8ef840a2bf9d',22598,'["icon5.png","icon3.gif","icon8.webp","icon2.jpg","icon7.gif"]','pending','[]','["demens","astrum","coniecto","patria","talus","totus","dignissimos","statim","velit","tergiversatio","tametsi","circumvenio","corrumpo","corona","cruentus","adficio","iste","argumentum","titulus","corroboro","cetera","tepesco","vulnus","aggredior","maxime","comis","deinde","cavus","stips","copia","sint","corona","sollers","error","tabula","tergo"]','2025-07-19 05:17:55.546 +00:00','2025-07-19 05:17:55.546 +00:00',NULL),(161,'6247632021','[]','avatar','avatar_avatar','75268388461378623860100275','[{"userId":"58356087009134339486709013","workDone":"altus ventito"}]','clementia labore avatar avatar_avatar','This is a test asset of type avatar and format avatar_avatar.\nCedo caelestis pauci cresco color aurum. Volo caelum tergum carus speciosus. Subiungo exercitationem vulgaris desidero cedo addo ciminatio acervus.','cc0-1.0',NULL,NULL,'d681d8f5378e4153e45add71dd31bf64cafefd24',593627,'["icon6.jpg","icon1.png","icon2.jpg"]','rejected','[]','["titulus","qui","statim","error","cogito","tergo","copia","cruentus","consuasor","deinde","cavus","corrumpo","coniecto","utor","velit","custodia","comis","sollers","cetera","talus","demens","patria","tabula","error","adficio","compono","tepesco","iste","astrum","corona","soleo"]','2025-07-19 05:17:54.109 +00:00','2025-07-19 05:17:54.109 +00:00',NULL),(282,NULL,'[]','sound','sound_ogg','75268388461378623860100275','[{"userId":"69421939382193957240267878","workDone":"velut"}]','conscendo ustilo sound sound_ogg','This is a test asset of type sound and format sound_ogg.\nVoluptatibus votum valde conduco amoveo. Acer textilis synagoga sumptus advenio solvo amor totus suscipit. Corrupti eaque alii commodi tolero tenetur coadunatio.','cc0-1.0',NULL,NULL,'fbafc019fe4eb08e3dff52f5cddfa2f749a9aea8',441333,'["icon6.jpg","icon3.gif"]','pending','[]','["utor","demens","tergo","comis","corrumpo","error","sollers","corroboro","auctus","astrum","coniecto","soleo","titulus","adficio","tametsi","dolores","circumvenio","talus","vestigium","statim","velit","cruentus","maxime"]','2025-07-19 05:17:54.886 +00:00','2025-07-19 05:17:54.886 +00:00',NULL),(173,'5883269770','[]','chroma-environment','chroma-environment_json','75268388461378623860100275','[{"userId":"50858482726800324902532806","workDone":"peior porro"}]','vallum statua chroma-environment chroma-environment_json','This is a test asset of type chroma-environment and format chroma-environment_json.\nUltra uter summisse. Substantia demonstro velum toties tubineus supplanto acervus vereor. Comburo argentum armarium defluo curia undique.','cc0-1.0',NULL,NULL,'fbeeb25fb6ffc44b58ddeff30fda22beed0caaa3',129430,'["icon4.webp","icon3.gif","icon1.png"]','approved','[]','["sint","sufficio","coniecto","patria","corroboro","cavus","circumvenio","totus","aggredior","sollers","dolores","vulnus","talus","nesciunt","tergiversatio","comis","cetera","adficio","iste"]','2025-07-19 05:17:54.196 +00:00','2025-07-19 05:17:54.196 +00:00',NULL),(294,'2723945344','[]','note','note_cyoob','75268388461378623860100275','[{"userId":"22622413246920135196202590","workDone":"tener"}]','usque nisi note note_cyoob','This is a test asset of type note and format note_cyoob.\nCreber adfero ulterius damno toties. Talis accusator benigne astrum correptius. Angulus labore antiquus tepidus vilitas communis terebro adsidue natus derelinquo.','cc0-1.0',NULL,NULL,'325e75e3f8cdcdff1b5fb80ce6fa8bafc01a8da5',513127,'["icon6.jpg","icon8.webp","icon1.png","icon3.gif","icon7.gif"]','pending','[]','["soleo","utor","comis","dignissimos","custodia","vestigium","patria","cetera","nesciunt","consuasor","auctus","velit","deinde","iste","tergiversatio","dolores","statim","sint","qui","argumentum","corona","titulus","cogito","copia"]','2025-07-19 05:17:54.953 +00:00','2025-07-19 05:17:54.953 +00:00',NULL),(184,NULL,'[]','wall','wall_box','75268388461378623860100275','[{"userId":"58356087009134339486709013","workDone":"versus terga copiose"}]','sit soleo wall wall_box','This is a test asset of type wall and format wall_box.\nAscit reprehenderit triumphus antepono. Abundans truculenter numquam aspicio sum terra. Super patrocinor sponte est.','cc0-1.0',NULL,NULL,'b3016e37545aff20e03ddbd0300d4b0dfecd07bf',720929,'["icon4.webp"]','rejected','[]','["circumvenio","statim","error","argumentum","tabula","corona","patria","stips","totus","dolores","defetiscor","corroboro","copia","demens","sollers","corrumpo","tepesco","adficio","talus","utor","corona","sufficio","iste","error","comis","consuasor","astrum","cavus","titulus","compono","soleo","cogito","tametsi","sint","vestigium","deinde","cetera","auctus","cruentus","tergo","vulnus","velit","coniecto"]','2025-07-19 05:17:54.274 +00:00','2025-07-19 05:17:54.274 +00:00',NULL),(195,'4743149096','[]','saber','saber_saber','75268388461378623860100275','[{"userId":"19519326909700251631815791","workDone":"ceno undique crinis"}]','voluptate dicta saber saber_saber','This is a test asset of type saber and format saber_saber.\nEsse velit auctor caelum ea studio ut abduco textus ab. Voveo tutamen coepi tendo tam universe auctor tyrannus. Voluptatibus clamo vindico alter combibo copia.','cc0-1.0',NULL,NULL,'a475da61dd09efd5f7a2b22d7e1a9b9ebfca4d8c',904908,'["icon6.jpg","icon3.gif"]','rejected','[]','["vulnus","cruentus","utor","cetera","dolores","compono","nesciunt","dignissimos","tergo","tergiversatio","demens","talus","tametsi","error","statim","adficio","sollers","cavus","defetiscor","corrumpo","astrum","corroboro","custodia","patria","velit","stips","titulus","tabula","iste","sufficio","aggredior","tepesco","vestigium"]','2025-07-19 05:17:54.346 +00:00','2025-07-19 05:17:54.346 +00:00',NULL),(591,'6692684335','[]','counters-plus-config','counters-plus-config_json','58356087009134339486709013','[{"userId":"69421939382193957240267878","workDone":"adulescens adipisci"}]','rem summa counters-plus-config counters-plus-config_json','This is a test asset of type counters-plus-config and format counters-plus-config_json.\nVerumtamen libero admoneo viduo delibero curo. Crinis cumque tametsi. Cedo complectus subvenio subvenio sequi vita rem conforto.','cc0-1.0',NULL,NULL,'0cf534c0c32c6a48b4dbdab3683b0cd2967c40bd',688499,'["icon3.gif","icon4.webp"]','rejected','[]','["argumentum","corrumpo","statim","auctus","nesciunt","titulus","talus","copia","deinde","circumvenio","error","stips","cavus","utor","cruentus","sufficio","soleo","tametsi","adficio","consuasor","astrum","comis","corroboro","demens","totus","corona","iste","velit","defetiscor","sint","patria","dolores","tepesco","custodia","vulnus","qui","tergiversatio","tergo","coniecto","compono","error","cogito"]','2025-07-19 05:17:56.756 +00:00','2025-07-19 05:17:56.756 +00:00',NULL),(481,'7269493485','[]','avatar','avatar_avatar','58356087009134339486709013','[{"userId":"75268388461378623860100275","workDone":"colligo"}]','deleo comparo avatar avatar_avatar','This is a test asset of type avatar and format avatar_avatar.\nCras saepe quidem. Accedo audacia timor amiculum despecto communis totidem uter eos. Adfero eius quis tamisium.','cc0-1.0',NULL,NULL,'8fac74ac0f67a5304cfae6572aede2e21caee059',6007,'["icon3.gif","icon6.jpg","icon2.jpg"]','rejected','[]','["tergo","sollers","titulus","error","error","deinde","aggredior","sufficio","stips","corona","tametsi","comis","velit","demens","circumvenio","totus","vestigium","tepesco","dignissimos","statim","iste","corrumpo","corroboro","cogito","consuasor","cavus","patria","compono","vulnus","corona","sint","cetera","dolores","nesciunt","adficio","argumentum","copia","soleo","tabula","defetiscor","maxime","tergiversatio","auctus","talus","coniecto"]','2025-07-19 05:17:56.125 +00:00','2025-07-19 05:17:56.125 +00:00',NULL),(371,NULL,'[]','saber','saber_saber','22622413246920135196202590','[{"userId":"75268388461378623860100275","workDone":"tergo"}]','explicabo cito saber saber_saber','This is a test asset of type saber and format saber_saber.\nVarietas aegre tui debeo coruscus. Vigilo suppellex cumque stabilis vae custodia laboriosam vacuus tamdiu. Venio aeger tero absconditus deludo subito defessus.','cc0-1.0',NULL,NULL,'05be07fe02cfbdf7174ee82443324f4d7bfb13df',37439,'["icon3.gif","icon7.gif","icon4.webp","icon6.jpg","icon1.png"]','private','[]','["vestigium","tergiversatio","argumentum","nesciunt","dignissimos","copia","soleo","tametsi","custodia","consuasor","cruentus","corona","deinde","patria","maxime","corroboro","tergo","dolores","aggredior","auctus","talus","cavus","defetiscor","titulus","comis","compono","demens","totus","error","adficio","cetera","iste","astrum"]','2025-07-19 05:17:55.422 +00:00','2025-07-19 05:17:55.422 +00:00',NULL),(492,'4599794623','[]','banner','banner_png','58356087009134339486709013','[{"userId":"69421939382193957240267878","workDone":"tantillus vicissitudo"}]','admiratio vergo banner banner_png','This is a test asset of type banner and format banner_png.\nUtroque eaque velut nesciunt admiratio adinventitias crur advoco delibero collum. Solvo comburo comminor cultura ver deripio bene reprehenderit asperiores ocer. Cibus tamen vel callide defero paens crapula summa.','cc0-1.0',NULL,NULL,'adeda0c99dad6b8d9b0665ed70d6b9161ce7bd29',462054,'["icon6.jpg","icon3.gif"]','rejected','[]','["sint","qui","error","totus","auctus","statim","dignissimos","maxime","utor","corona","adficio","custodia","cogito","argumentum","defetiscor","cetera","consuasor","copia","compono","dolores","talus","tepesco","demens","error","tergiversatio","corrumpo","coniecto","aggredior","titulus","sollers","nesciunt","tametsi","sufficio"]','2025-07-19 05:17:56.197 +00:00','2025-07-19 05:17:56.197 +00:00',NULL),(261,'0021193638','[]','note','note_bloq','75268388461378623860100275','[{"userId":"69421939382193957240267878","workDone":"socius caute ex"}]','aeternus avaritia note note_bloq','This is a test asset of type note and format note_bloq.\nTutamen strenuus adsidue ducimus adduco vitiosus attonbitus uterque auxilium. Cernuus amplus venustas currus vestrum deprimo. Ars via peior caterva desparatus reprehenderit conduco nesciunt vilicus contra.','cc0-1.0',NULL,NULL,'95c49c05faf9ff0fc382a19f751d08ea68f13ac2',240580,'["icon7.gif","icon4.webp","icon2.jpg","icon1.png"]','pending','[]','["corona","totus","coniecto","talus","tabula","custodia","consuasor","sollers","vulnus","adficio","demens","dignissimos","cetera","compono","error","dolores","statim","defetiscor","cavus","nesciunt","circumvenio","astrum","tergo","soleo","aggredior","sint"]','2025-07-19 05:17:54.758 +00:00','2025-07-19 05:17:54.758 +00:00',NULL),(382,NULL,'[]','camera2-config','camera2-config_json','22622413246920135196202590','[{"userId":"58356087009134339486709013","workDone":"cupressus"}]','denuncio bos camera2-config camera2-config_json','This is a test asset of type camera2-config and format camera2-config_json.\nDeporto dedico totus audio quam uxor cena. Vos delectatio clementia conatus earum approbo amplitudo admoneo tamen defessus. Color vehemens odio facilis versus harum.','cc0-1.0',NULL,NULL,'0c69478dccbb881cacd585c87acbaeea19bacca3',237762,'["icon7.gif","icon8.webp","icon5.png","icon6.jpg","icon3.gif"]','rejected','[]','["stips","auctus","titulus","corroboro","iste","vestigium","tametsi","cogito","corona","deinde","cetera","utor","aggredior","copia","argumentum","tergo","circumvenio","vulnus","dolores","talus","tepesco","error","adficio","statim","comis","corona","tabula","patria","compono","maxime","nesciunt","sint","cavus","velit","totus","error","sollers","custodia","dignissimos","corrumpo","defetiscor"]','2025-07-19 05:17:55.485 +00:00','2025-07-19 05:17:55.485 +00:00',NULL),(151,NULL,'[]','wall','wall_pixie','69421939382193957240267878','[{"userId":"22622413246920135196202590","workDone":"administratio"}]','sol quas wall wall_pixie','This is a test asset of type wall and format wall_pixie.\nVoluptas beatus colligo sui libero claustrum voveo surculus alienus. Dens torqueo subvenio abeo textilis cattus claudeo consequuntur. Ager adicio succedo.','cc0-1.0',NULL,NULL,'ce1e79c9e5ffa3f975d54ca7c019cbcb5d0aecf7',712561,'["icon6.jpg","icon2.jpg"]','pending','[]','["circumvenio","velit","auctus","statim","soleo","patria","adficio","dolores","corona","comis","error","titulus","consuasor","utor","cetera","coniecto","talus","corona","iste","astrum","defetiscor","aggredior","cavus","argumentum","demens","custodia","error","tergo","dignissimos","totus","corroboro","qui","copia","maxime","cruentus","cogito","tametsi","tepesco","tabula","corrumpo","sollers","tergiversatio"]','2025-07-19 05:17:54.015 +00:00','2025-07-19 05:17:54.015 +00:00',NULL),(272,'3185847600','[]','hitscorevisualizer-config','hitscorevisualizer-config_json','75268388461378623860100275','[{"userId":"50858482726800324902532806","workDone":"appono inventore"}]','ullam delibero hitscorevisualizer-config hitscorevisualizer-config_json','This is a test asset of type hitscorevisualizer-config and format hitscorevisualizer-config_json.\nCulpa perferendis stultus nemo verecundia ullam pax. Comedo quas voluptatum careo ante provident unus defaeco aetas absque. Amor demo cado perspiciatis acceptus amita.','cc0-1.0',NULL,NULL,'8db88b563d1d609cdedcccacececb5539554a686',527313,'["icon5.png"]','approved','[]','["talus","cetera","dignissimos","qui","cogito","utor","velit","vulnus","argumentum","corroboro","error","sollers","corrumpo","dolores","error","circumvenio","coniecto","deinde","soleo","demens","patria","aggredior","tabula","tepesco","tergiversatio","nesciunt","maxime","iste","cavus","custodia","defetiscor","vestigium","stips","corona","statim","titulus","tergo"]','2025-07-19 05:17:54.826 +00:00','2025-07-19 05:17:54.826 +00:00',NULL),(393,'8967087418','[]','health-bar','health-bar_energy','22622413246920135196202590','[{"userId":"58356087009134339486709013","workDone":"similique uberrime"}]','deinde ad health-bar health-bar_energy','This is a test asset of type health-bar and format health-bar_energy.\nUstulo deripio minima audentia cras. Aetas sto cerno illo stultus vulgivagus. Accusamus dolorem thorax acerbitas est careo amicitia usus.','cc0-1.0',NULL,NULL,'be5db461082f77064e2fecf25dbfee2f7aa4aa4f',751255,'["icon2.jpg","icon4.webp","icon5.png","icon6.jpg"]','pending','[]','["aggredior","qui","circumvenio","maxime","tabula","tergiversatio","corroboro","talus","demens","cruentus"]','2025-07-19 05:17:55.552 +00:00','2025-07-19 05:17:55.552 +00:00',NULL),(162,'7557431020','[]','saber','saber_wacker','75268388461378623860100275','[{"userId":"69421939382193957240267878","workDone":"ater"}]','balbus caveo saber saber_wacker','This is a test asset of type saber and format saber_wacker.\nAudacia condico acer. Verecundia volutabrum usque unde velut copiose asperiores. Deficio facere aqua ascit vero deludo cicuta suppellex iure pax.','cc0-1.0',NULL,NULL,'e4e9d79de207fbbfeb42acd76b8fede3e6cfcbfa',736116,'["icon2.jpg"]','pending','[]','["defetiscor","utor","iste","auctus","demens","error","corona","tergiversatio","coniecto","deinde","adficio","argumentum","nesciunt","vestigium","corroboro","sint","stips","sufficio","cavus","error","comis","cogito","qui","patria","astrum","soleo","velit","aggredior","consuasor","corona","totus","tabula","circumvenio","tepesco","cruentus","compono","dolores","tergo"]','2025-07-19 05:17:54.117 +00:00','2025-07-19 05:17:54.117 +00:00',NULL),(283,NULL,'[]','sound','sound_mp3','75268388461378623860100275','[{"userId":"50858482726800324902532806","workDone":"corrupti"}]','quas astrum sound sound_mp3','This is a test asset of type sound and format sound_mp3.\nAlioqui sursum labore. Expedita est voluntarius tepidus super super. Succurro voluntarius tonsor studio tabesco sordeo architecto.','cc0-1.0',NULL,NULL,'ddbb9cd0fce696cd0cfde6d2cca5bffdd59de0ff',569767,'["icon8.webp","icon7.gif","icon5.png"]','pending','[]','["tergo","astrum","aggredior","circumvenio","patria","comis","deinde","auctus","statim","utor","iste","titulus","corona","corrumpo","talus","nesciunt","cetera","coniecto"]','2025-07-19 05:17:54.891 +00:00','2025-07-19 05:17:54.891 +00:00',NULL),(174,'7895075318','[]','camera2-config','camera2-config_json','75268388461378623860100275','[{"userId":"19519326909700251631815791","workDone":"subseco uxor absens"}]','colo celebrer camera2-config camera2-config_json','This is a test asset of type camera2-config and format camera2-config_json.\nArx tenuis via verbum reiciendis. Templum minima vehemens debeo suus eaque comburo tabgo audax. Asper summisse id vel dolor urbanus tondeo.','cc0-1.0',NULL,NULL,'e36a1588caf7b9b61ac2f32a27fc4ad2bfc50ea5',708096,'["icon6.jpg","icon3.gif","icon4.webp"]','pending','[]','["error"]','2025-07-19 05:17:54.204 +00:00','2025-07-19 05:17:54.204 +00:00',NULL),(295,'8179662111','[]','wall','wall_pixie','75268388461378623860100275','[{"userId":"22622413246920135196202590","workDone":"aufero contra cras"}]','credo magni wall wall_pixie','This is a test asset of type wall and format wall_pixie.\nStrenuus saepe depopulo vos. Tantillus corroboro ascit sto. Perspiciatis templum causa coaegresco sunt.','cc0-1.0',NULL,NULL,'4ed8ce0d3e9abe5ac4be4caed5f02d0b6b9db0db',340189,'["icon5.png","icon2.jpg","icon4.webp","icon1.png"]','approved','[]','["error","sollers","dolores","defetiscor","iste","comis","patria","argumentum","dignissimos","totus","utor","tabula","demens","sufficio","adficio"]','2025-07-19 05:17:54.959 +00:00','2025-07-19 05:17:54.959 +00:00',NULL),(185,NULL,'[]','health-bar','health-bar_energy','75268388461378623860100275','[{"userId":"19519326909700251631815791","workDone":"approbo benigne"}]','spectaculum coerceo health-bar health-bar_energy','This is a test asset of type health-bar and format health-bar_energy.\nClibanus vomica ars tego synagoga suscipit. A conspergo demonstro animadverto omnis autus tandem. Tibi cado venio ars sperno.','cc0-1.0',NULL,NULL,'0a201cda31d2c5d9bef94adeca6f2bd1ccee8b38',776815,'["icon8.webp","icon7.gif","icon5.png","icon1.png"]','approved','[]','["astrum","tabula","corona","talus","copia","cruentus","cavus","vulnus","dignissimos","sint","vestigium","error","qui","argumentum","consuasor","custodia","aggredior","iste","utor","velit","soleo","adficio","auctus","defetiscor","coniecto"]','2025-07-19 05:17:54.283 +00:00','2025-07-19 05:17:54.283 +00:00',NULL),(196,'5073569816','[]','platform','platform_plat','75268388461378623860100275','[{"userId":"19519326909700251631815791","workDone":"aedificium"}]','adicio congregatio platform platform_plat','This is a test asset of type platform and format platform_plat.\nDeorsum amaritudo nobis astrum sursum blanditiis laudantium. Consequuntur despecto vobis vesco utilis sint arbitro. Adimpleo accusantium succurro super decens acsi.','cc0-1.0',NULL,NULL,'f4e992bb419058f1c81dcb6a5faccdb6fcfed0e0',615519,'["icon2.jpg","icon7.gif","icon8.webp"]','pending','[]','["maxime","qui","utor","astrum","velit","tabula","compono","circumvenio","titulus","dignissimos","sufficio","tametsi","vestigium","auctus","corona","custodia","copia","adficio","defetiscor","tergiversatio","nesciunt","argumentum","cruentus","dolores","corrumpo","error","sollers","soleo","vulnus","stips","patria","tepesco","consuasor","statim","corona","cavus","totus","comis","sint"]','2025-07-19 05:17:54.354 +00:00','2025-07-19 05:17:54.354 +00:00',NULL),(691,NULL,'[]','saber','saber_saber','50858482726800324902532806','[{"userId":"75268388461378623860100275","workDone":"deorsum"}]','spoliatio comptus saber saber_saber','This is a test asset of type saber and format saber_saber.\nCui arx cenaculum. Copiose ut taceo aetas atavus artificiose tempus suspendo thema. Cibo perspiciatis a theologus arca aestus depereo arbustum neque.','cc0-1.0',NULL,NULL,'dc97ebd68c2c1acf6e4ca17b060387d21fcdaf7e',533427,'["icon3.gif","icon5.png"]','approved','[]','["talus","velit","cogito"]','2025-07-19 05:17:57.375 +00:00','2025-07-19 05:17:57.375 +00:00',NULL),(581,'2528652025','[]','note','note_bloq','58356087009134339486709013','[{"userId":"75268388461378623860100275","workDone":"bibo volo cena"}]','thesis voco note note_bloq','This is a test asset of type note and format note_bloq.\nAntiquus spero id dignissimos atrocitas suscipio facere stipes. Delectus subvenio admiratio cunabula cedo celebrer colligo spiritus termes veritas. Civis adfero ulciscor solum capio pariatur itaque vulnero.','cc0-1.0',NULL,NULL,'cdf83576aa30e0b55dcbcc855b17c24fbf1bb2ca',91336,'["icon6.jpg","icon5.png"]','pending','[]','["stips","compono","dolores","vulnus","talus","corona","demens","sint","iste","dignissimos","corroboro","error","astrum","aggredior","deinde","comis","utor","custodia","cavus","totus","cogito","consuasor","vestigium","titulus","corona"]','2025-07-19 05:17:56.697 +00:00','2025-07-19 05:17:56.697 +00:00',NULL),(471,NULL,'[]','wall','wall_pixie','22622413246920135196202590','[{"userId":"75268388461378623860100275","workDone":"audentia"}]','adsidue vos wall wall_pixie','This is a test asset of type wall and format wall_pixie.\nAntepono derelinquo anser. Communis alii concedo illum ipsum copiose verumtamen modi delectus. Abduco adipiscor arceo annus.','cc0-1.0',NULL,NULL,'536d3a3a1464b7e2eab64e9e5da9fbe1ef6defff',315143,'["icon4.webp","icon5.png"]','rejected','[]','["corona","tergo","titulus","patria","utor","consuasor","copia","nesciunt","statim","cruentus","circumvenio"]','2025-07-19 05:17:56.029 +00:00','2025-07-19 05:17:56.029 +00:00',NULL),(592,'8291259013','[]','hitscorevisualizer-config','hitscorevisualizer-config_json','58356087009134339486709013','[{"userId":"22622413246920135196202590","workDone":"denuncio aedificium turpis"}]','tumultus cunctatio hitscorevisualizer-config hitscorevisualizer-config_json','This is a test asset of type hitscorevisualizer-config and format hitscorevisualizer-config_json.\nConicio comitatus cura delinquo cumque ventosus varietas cogito suadeo. Conor sulum volo praesentium stips comis tamisium ullam truculenter cicuta. Vigor talus vulariter corporis assentator vulnero architecto.','cc0-1.0',NULL,NULL,'e02f5f5f8e69229eaad3a13be5567495da2f7cfd',556668,'["icon5.png","icon2.jpg","icon7.gif"]','pending','[]','["auctus","cruentus","soleo","corona","statim","sollers","error","titulus","tergo","stips","defetiscor","sufficio","cetera","error","dignissimos","circumvenio","adficio","dolores","talus","coniecto","sint","iste","compono","patria","cogito","deinde","cavus","qui","aggredior","corroboro","astrum","utor","vestigium","totus","consuasor","tergiversatio","comis","tabula","maxime","copia","velit"]','2025-07-19 05:17:56.761 +00:00','2025-07-19 05:17:56.761 +00:00',NULL),(361,'4971229359','[]','health-bar','health-bar_energy','22622413246920135196202590','[{"userId":"50858482726800324902532806","workDone":"ara odit concido"}]','blandior consequuntur health-bar health-bar_energy','This is a test asset of type health-bar and format health-bar_energy.\nAgo carpo altus ea rerum admoneo exercitationem. Amoveo fugiat tolero sufficio curiositas confido. Tabella sodalitas provident culpo vociferor decor tristis.','cc0-1.0',NULL,NULL,'fcb7dbeaa652d063b641d7bcbca7c9c13cebe1dd',268285,'["icon7.gif","icon5.png","icon4.webp","icon1.png","icon8.webp"]','pending','[]','["deinde","velit","vestigium","tergiversatio","cavus","cruentus","sint","auctus","tametsi","titulus","demens","argumentum","astrum","cetera","compono","dolores"]','2025-07-19 05:17:55.369 +00:00','2025-07-19 05:17:55.369 +00:00',NULL),(482,'1882785008','[]','saber','saber_wacker','58356087009134339486709013','[{"userId":"19519326909700251631815791","workDone":"vero"}]','depulso convoco saber saber_wacker','This is a test asset of type saber and format saber_wacker.\nProvident currus decimus verus sui amplus cuppedia. Conservo copiose videlicet somnus amplus magnam vere harum suscipit stultus. Depono odio minus.','cc0-1.0',NULL,NULL,'c2d7d44cc9a32d5fb47a30dc5facf0979b1f9d2d',213454,'["icon4.webp"]','approved','[]','["corrumpo","sollers","titulus","tepesco","maxime","argumentum","corroboro","sufficio","dignissimos","compono","corona","deinde","patria","adficio","demens","circumvenio","cogito","utor","error","soleo","cavus","qui","cruentus","sint"]','2025-07-19 05:17:56.131 +00:00','2025-07-19 05:17:56.131 +00:00',NULL),(251,NULL,'[]','sound','sound_mp3','75268388461378623860100275','[{"userId":"22622413246920135196202590","workDone":"comptus adaugeo"}]','territo acervus sound sound_mp3','This is a test asset of type sound and format sound_mp3.\nComptus tempora nesciunt alioqui tersus dicta cometes tubineus deprecator. Theologus clam tamisium nulla crudelis cavus. Turpis bellum amiculum demoror.','cc0-1.0',NULL,NULL,'d0fda375ddc6c6aeb2ecf62f2a2bdea5ef765e93',345497,'["icon5.png"]','pending','[]','["error","qui"]','2025-07-19 05:17:54.692 +00:00','2025-07-19 05:17:54.692 +00:00',NULL),(372,NULL,'[]','platform','platform_plat','22622413246920135196202590','[{"userId":"19519326909700251631815791","workDone":"veniam vix asperiores"}]','hic utique platform platform_plat','This is a test asset of type platform and format platform_plat.\nAverto spiritus carus cupio tener cresco amicitia deprimo credo valde. Depraedor commodi vaco admoveo templum eum temperantia. Soleo vulariter quisquam.','cc0-1.0',NULL,NULL,'969db04c7cc84f8cb2faf115d2e0da66fe1f2afe',957476,'["icon3.gif","icon6.jpg","icon1.png","icon7.gif"]','pending','[]','["tabula","sollers","dignissimos","defetiscor","statim"]','2025-07-19 05:17:55.427 +00:00','2025-07-19 05:17:55.427 +00:00',NULL),(493,'5760373192','[]','chroma-environment','chroma-environment_json','58356087009134339486709013','[{"userId":"22622413246920135196202590","workDone":"facere cursus"}]','acerbitas angelus chroma-environment chroma-environment_json','This is a test asset of type chroma-environment and format chroma-environment_json.\nPeccatus comes valens tamdiu curiositas despecto comedo omnis. Truculenter dapifer undique denique praesentium vilitas valeo absorbeo blanditiis. Vetus officiis umerus stips tam cupiditate.','cc0-1.0',NULL,NULL,'bbbd697d75d3cdcf9f85ba2bdf4a2a365dabb729',543837,'["icon1.png","icon6.jpg"]','rejected','[]','["titulus","cavus","custodia","iste","corrumpo","argumentum","compono","soleo","sollers"]','2025-07-19 05:17:56.203 +00:00','2025-07-19 05:17:56.203 +00:00',NULL),(141,'8624170634','[]','chroma-environment','chroma-environment_json','69421939382193957240267878','[{"userId":"19519326909700251631815791","workDone":"aliquid"}]','amissio sortitus chroma-environment chroma-environment_json','This is a test asset of type chroma-environment and format chroma-environment_json.\nConturbo dolore combibo validus usitas ocer similique. Thymum ventus textus theatrum. Capio truculenter statim tredecim.','cc0-1.0',NULL,NULL,'4c936babfa59ed29af21b28d9bd2ca81fddb8d44',50750,'["icon1.png","icon8.webp"]','private','[]','["tepesco","cogito","error","cruentus"]','2025-07-19 05:17:53.947 +00:00','2025-07-19 05:17:53.947 +00:00',NULL),(262,'2481497849','[]','note','note_cyoob','75268388461378623860100275','[{"userId":"69421939382193957240267878","workDone":"territo vox"}]','viscus theologus note note_cyoob','This is a test asset of type note and format note_cyoob.\nPatruus quis molestiae ubi. Defleo velit uter volup pauci curtus comburo. Adhuc tunc voco coruscus nisi totam solio.','cc0-1.0',NULL,NULL,'adeba4fa5ba22aeddd11cd94e6f1fe50b26df0c5',370238,'["icon5.png","icon1.png","icon3.gif","icon7.gif"]','private','[]','["velit","error","cruentus","comis","circumvenio","argumentum","nesciunt","tepesco","auctus","astrum","copia","patria"]','2025-07-19 05:17:54.763 +00:00','2025-07-19 05:17:54.763 +00:00',NULL),(383,NULL,'[]','counters-plus-config','counters-plus-config_json','22622413246920135196202590','[{"userId":"69421939382193957240267878","workDone":"statim tollo"}]','accusator cohors counters-plus-config counters-plus-config_json','This is a test asset of type counters-plus-config and format counters-plus-config_json.\nUtilis demens thorax pauper curis viduo. Aspernatur adduco cuppedia super. Aedificium speciosus peior color vereor speculum vix virtus curso coepi.','cc0-1.0',NULL,NULL,'6fc11ea3c5d30a6395c61bfb988fdf78d472f45e',347428,'["icon2.jpg","icon5.png","icon7.gif","icon3.gif","icon1.png"]','pending','[]','["nesciunt","qui","tabula","titulus","cruentus","maxime","totus","corroboro","vestigium","soleo","vulnus","error","cetera","comis","sufficio","corona","tepesco","statim"]','2025-07-19 05:17:55.490 +00:00','2025-07-19 05:17:55.490 +00:00',NULL),(152,NULL,'[]','wall','wall_box','69421939382193957240267878','[{"userId":"19519326909700251631815791","workDone":"benevolentia"}]','tabella arcus wall wall_box','This is a test asset of type wall and format wall_box.\nDeorsum porro armarium qui vere conservo synagoga conitor conqueror at. Adficio stipes volaticus absum utroque complectus tenuis administratio. Usus similique vigilo via sequi voluntarius nam defendo curvo.','cc0-1.0',NULL,NULL,'9f34baaa78bf447de5ac8bda8c28e4dfd4ddab64',270437,'["icon5.png","icon1.png"]','approved','[]','["stips","corroboro","circumvenio","vestigium","copia","patria","cavus","custodia","coniecto"]','2025-07-19 05:17:54.021 +00:00','2025-07-19 05:17:54.021 +00:00',NULL),(273,NULL,'[]','avatar','avatar_avatar','75268388461378623860100275','[{"userId":"58356087009134339486709013","workDone":"deinde"}]','ut vapulus avatar avatar_avatar','This is a test asset of type avatar and format avatar_avatar.\nCompono summa aliquid sodalitas. Quibusdam curo autem certus terga. Alias accedo barba tibi est absconditus pecus vulpes conculco.','cc0-1.0',NULL,NULL,'29c58b3024cd0da236c0ec1c12bb7bced803ffbf',480604,'["icon6.jpg"]','rejected','[]','["dolores","totus","vulnus","iste"]','2025-07-19 05:17:54.833 +00:00','2025-07-19 05:17:54.833 +00:00',NULL),(394,'5020230184','[]','sound','sound_ogg','22622413246920135196202590','[{"userId":"19519326909700251631815791","workDone":"corpus aureus"}]','quos stips sound sound_ogg','This is a test asset of type sound and format sound_ogg.\nSursum temptatio vobis mollitia. Amo solutio creta corona sumptus demonstro. Beatus utrum censura cibo speculum terminatio amaritudo.','cc0-1.0',NULL,NULL,'64d3b382af5a23036cba63f0fed3ecb7afddb6d5',856877,'["icon5.png","icon3.gif","icon1.png"]','approved','[]','["circumvenio","corroboro","statim","maxime","cavus","corona","soleo","tabula","comis","vulnus","coniecto","cruentus","vestigium","titulus","consuasor","error","patria","sollers","corona"]','2025-07-19 05:17:55.560 +00:00','2025-07-19 05:17:55.560 +00:00',NULL),(163,'6013533265','[]','saber','saber_saber','75268388461378623860100275','[{"userId":"58356087009134339486709013","workDone":"ars"}]','delicate usitas saber saber_saber','This is a test asset of type saber and format saber_saber.\nAngelus suppono tandem explicabo reprehenderit via. Aranea timor voluptatum aperte terebro triduana sed sapiente veritatis corrumpo. Confugo repellendus aetas eveniet cilicium ulciscor atrocitas cernuus.','cc0-1.0',NULL,NULL,'5c3d0758fda5bc659cccb7caae5ae8ab4db5eb15',549364,'["icon3.gif","icon5.png","icon1.png"]','rejected','[]','["velit","cavus","titulus","cetera","sollers","consuasor","copia","qui","vestigium","corroboro","astrum","soleo","tergiversatio","totus","dolores","argumentum","demens","vulnus","stips","sint","corona","defetiscor","nesciunt","patria","custodia","corona","corrumpo","compono","error","maxime","cruentus","error","tergo","dignissimos","statim","auctus","aggredior","circumvenio","tepesco","utor","tabula","iste","deinde","talus","tametsi","comis","adficio","sufficio","coniecto","cogito"]','2025-07-19 05:17:54.124 +00:00','2025-07-19 05:17:54.124 +00:00',NULL),(284,NULL,'[]','banner','banner_png','75268388461378623860100275','[{"userId":"19519326909700251631815791","workDone":"utilis catena"}]','dolor demulceo banner banner_png','This is a test asset of type banner and format banner_png.\nArbor blanditiis aeternus nisi cura antepono trans in. Aequus uberrime surgo abeo maiores. Cavus terebro ager tres.','cc0-1.0',NULL,NULL,'a9ac40c9611f72e055cbc9fd8fadcbccc3c0e738',698390,'["icon3.gif","icon1.png"]','pending','[]','["custodia","error","patria","talus","titulus","sufficio","tametsi","corona","tergiversatio","dignissimos","consuasor","cetera","argumentum","comis","tergo"]','2025-07-19 05:17:54.896 +00:00','2025-07-19 05:17:54.896 +00:00',NULL),(175,'2686356271','[]','counters-plus-config','counters-plus-config_json','75268388461378623860100275','[{"userId":"22622413246920135196202590","workDone":"defetiscor sunt"}]','degusto voluptates counters-plus-config counters-plus-config_json','This is a test asset of type counters-plus-config and format counters-plus-config_json.\nCorpus veritatis reprehenderit advoco exercitationem corrupti vulgivagus. Temporibus traho mollitia apostolus taceo vinitor. Cena aspicio tabernus unus triumphus.','cc0-1.0',NULL,NULL,'34f1f4b5f8deebbe5ce9917a1ebf31df66a83012',419062,'["icon2.jpg","icon1.png","icon5.png","icon4.webp","icon7.gif"]','private','[]','["vestigium","tepesco","talus","vulnus","corona","iste","astrum","nesciunt","tergo","cogito","tametsi","demens","aggredior","cruentus","cavus","tergiversatio","error","stips","compono","argumentum","deinde","qui","dignissimos","coniecto","totus","copia","comis","patria","defetiscor","dolores","adficio","statim","soleo","consuasor","utor","cetera","sint","tabula","corrumpo","error","titulus","sufficio","custodia","velit","corona","sollers","maxime"]','2025-07-19 05:17:54.213 +00:00','2025-07-19 05:17:54.213 +00:00',NULL),(296,'9548264988','[]','wall','wall_box','75268388461378623860100275','[{"userId":"50858482726800324902532806","workDone":"qui cui tristis"}]','textilis curo wall wall_box','This is a test asset of type wall and format wall_box.\nSumma suffragium terror. Alias depereo canto cursim absconditus tergo. Alii vergo tolero adduco.','cc0-1.0',NULL,NULL,'2f2beeb36f5d27fd065cfe5ad8c6eef04fffbbe6',560394,'["icon7.gif","icon1.png"]','private','[]','["vestigium","corrumpo","tabula","maxime","aggredior","corona","tametsi","copia","sint","corroboro","consuasor","qui","sollers","tergo","adficio","astrum","auctus","tepesco","cruentus","error","argumentum","compono","utor","iste","demens","nesciunt","titulus","tergiversatio","dignissimos","sufficio"]','2025-07-19 05:17:54.964 +00:00','2025-07-19 05:17:54.964 +00:00',NULL),(186,NULL,'[]','sound','sound_ogg','75268388461378623860100275','[{"userId":"50858482726800324902532806","workDone":"tergiversatio"}]','repellendus sublime sound sound_ogg','This is a test asset of type sound and format sound_ogg.\nVeritas depulso videlicet recusandae. Una studio officia demo. Enim concedo tandem patria infit conforto.','cc0-1.0',NULL,NULL,'8dba77d33d81c8e8bdf2b5b52fe2efbe0cbed160',194391,'["icon1.png","icon5.png"]','rejected','[]','["corona","utor","defetiscor","tametsi","tergo","adficio","argumentum","sollers","velit","deinde","iste","consuasor","nesciunt","stips","cruentus","qui","titulus","auctus","demens","tergiversatio","totus","talus","corona","cogito","error","corrumpo","sufficio","dolores","custodia","cetera","statim","error","tabula","vestigium","aggredior","circumvenio","patria","cavus","corroboro"]','2025-07-19 05:17:54.289 +00:00','2025-07-19 05:17:54.289 +00:00',NULL),(197,'6386622656','[]','note','note_bloq','75268388461378623860100275','[{"userId":"19519326909700251631815791","workDone":"demergo decumbo"}]','ultra vulnero note note_bloq','This is a test asset of type note and format note_bloq.\nVehemens suffoco cogo somniculosus temeritas altus. Campana aliquam abduco tamdiu quod dedecor taceo titulus coniecto acer. Maxime utpote contra textor subvenio.','cc0-1.0',NULL,NULL,'3fe7f0e52507ac7f48dcc739cd9844b4accb2bfd',498373,'["icon1.png","icon7.gif"]','rejected','[]','["argumentum","custodia","astrum","tepesco","sufficio","tergo","error","vestigium","corrumpo","tabula","cruentus","vulnus","coniecto","totus","nesciunt","cogito","corona","sint","compono","tergiversatio","titulus","cetera","cavus","auctus","comis","corona","qui","talus","sollers","error","soleo","deinde","statim","iste","velit","circumvenio","adficio"]','2025-07-19 05:17:54.360 +00:00','2025-07-19 05:17:54.360 +00:00',NULL),(791,NULL,'[]','wall','wall_pixie','50858482726800324902532806','[{"userId":"69421939382193957240267878","workDone":"combibo artificiose"}]','ambulo crinis wall wall_pixie','This is a test asset of type wall and format wall_pixie.\nConstans perferendis clamo velut porro congregatio. Perspiciatis theologus stultus cognatus appello universe adinventitias desolo vestrum. Spargo animadverto tabgo defluo trucido alienus deludo cunctatio.','cc0-1.0',NULL,NULL,'cb21e04f9adb806c03a6ceb147bd8af0e9a0cb3c',969817,'["icon6.jpg","icon3.gif","icon7.gif","icon8.webp"]','rejected','[]','["dolores","tergiversatio","argumentum","cruentus","error","astrum","corona","tametsi","tepesco","patria","custodia","talus","titulus","qui","sollers","vestigium"]','2025-07-19 05:17:57.941 +00:00','2025-07-19 05:17:57.941 +00:00',NULL),(681,'2253300959','[]','health-bar','health-bar_energy','50858482726800324902532806','[{"userId":"19519326909700251631815791","workDone":"verus"}]','complectus vis health-bar health-bar_energy','This is a test asset of type health-bar and format health-bar_energy.\nCohaero conservo cernuus possimus alias abundans stabilis. Aperiam thema crapula stella coma adsidue alius volaticus. Earum vesica voluptatum crebro acies praesentium carus aveho vox accusator.','cc0-1.0',NULL,NULL,'b0bf99a4b5c17ae1ffafcccf3cfd4bbaf8de81db',850604,'["icon8.webp","icon3.gif","icon7.gif"]','rejected','[]','["astrum","circumvenio","vestigium"]','2025-07-19 05:17:57.319 +00:00','2025-07-19 05:17:57.319 +00:00',NULL),(571,NULL,'[]','sound','sound_mp3','58356087009134339486709013','[{"userId":"75268388461378623860100275","workDone":"odit creator volo"}]','iure somnus sound sound_mp3','This is a test asset of type sound and format sound_mp3.\nSol tunc cogo volva succurro urbs cauda speculum pauper defaeco. Aeger vestigium varius aestas corporis aveho. Ager vero via calco aegre terror tabula apto aliqua.','cc0-1.0',NULL,NULL,'49e9539d84aeaecbce257e6fab9ec230d850a2cf',215811,'["icon2.jpg","icon8.webp","icon6.jpg","icon3.gif"]','rejected','[]','["corona","dignissimos","stips","titulus","cruentus","qui","tepesco","error","circumvenio","defetiscor","sollers","dolores"]','2025-07-19 05:17:56.643 +00:00','2025-07-19 05:17:56.643 +00:00',NULL),(692,NULL,'[]','platform','platform_plat','50858482726800324902532806','[{"userId":"22622413246920135196202590","workDone":"volo voluptates"}]','perspiciatis tabella platform platform_plat','This is a test asset of type platform and format platform_plat.\nDepraedor volubilis vis vilitas. Atque aut animadverto depraedor volo derideo amplitudo. Aegre barba delicate.','cc0-1.0',NULL,NULL,'aa4c1f265cf5e46bf86a8bf7f7a9ef728dda5f6d',434648,'["icon1.png","icon2.jpg","icon6.jpg"]','approved','[]','["adficio","sufficio","corona","soleo","sint","iste","custodia","talus","argumentum","corroboro","cavus","error","corona","corrumpo","nesciunt","titulus","cogito","dignissimos","cruentus","sollers","velit","dolores","tergo","tepesco","maxime","defetiscor","circumvenio","consuasor","error","vulnus"]','2025-07-19 05:17:57.380 +00:00','2025-07-19 05:17:57.380 +00:00',NULL),(461,'3573879573','[]','chroma-environment','chroma-environment_json','22622413246920135196202590','[{"userId":"58356087009134339486709013","workDone":"tyrannus aliquid"}]','explicabo celo chroma-environment chroma-environment_json','This is a test asset of type chroma-environment and format chroma-environment_json.\nAranea cometes nemo cauda vicinus surgo xiphias utrimque vereor. Reiciendis vinculum bis audacia deludo votum quam corrumpo. Triumphus quas thermae cruentus.','cc0-1.0',NULL,NULL,'154a53bf0a4bbd55bbd5cca47e2affbdedbac314',543265,'["icon6.jpg","icon1.png","icon4.webp","icon7.gif"]','approved','[]','["patria","aggredior","demens","utor","statim","tepesco","dolores","tergiversatio","sint","vulnus","adficio","maxime","auctus","tergo","error","cavus","talus","dignissimos","comis","qui","cetera","titulus","sollers","circumvenio","consuasor","defetiscor","argumentum","sufficio","corona","custodia","corrumpo","cogito","iste","corroboro","corona","deinde","copia","cruentus","tametsi","tabula","coniecto","velit","soleo","vestigium","totus","stips","error","nesciunt","astrum","compono"]','2025-07-19 05:17:55.972 +00:00','2025-07-19 05:17:55.972 +00:00',NULL),(582,'4701058690','[]','note','note_cyoob','58356087009134339486709013','[{"userId":"22622413246920135196202590","workDone":"caelum"}]','vapulus umerus note note_cyoob','This is a test asset of type note and format note_cyoob.\nBeatae thorax solutio tunc tamen aeternus. Benigne supellex usitas urbanus optio denuo acer cilicium. Constans vero tumultus.','cc0-1.0',NULL,NULL,'df7abb63f3db520bdc6a725fcae77752f6a3c2df',399659,'["icon8.webp","icon7.gif","icon6.jpg","icon3.gif"]','rejected','[]','["argumentum","cruentus","patria","iste","stips","maxime","error","sollers","statim","cogito","cetera","aggredior","tergo","error","custodia","comis"]','2025-07-19 05:17:56.702 +00:00','2025-07-19 05:17:56.702 +00:00',NULL),(351,NULL,'[]','counters-plus-config','counters-plus-config_json','22622413246920135196202590','[{"userId":"19519326909700251631815791","workDone":"tactus substantia"}]','cenaculum termes counters-plus-config counters-plus-config_json','This is a test asset of type counters-plus-config and format counters-plus-config_json.\nFugit acsi illo approbo terga crudelis tabula thorax. Infit tunc demo cresco summisse vix vado. Depraedor caelum asporto.','cc0-1.0',NULL,NULL,'f3c7f6c2ddbfb9ec2fe315a48e77947470190a0e',376887,'["icon7.gif"]','private','[]','["circumvenio","maxime","cruentus","custodia","qui","vestigium","dolores","auctus","coniecto","patria","aggredior","corroboro","corrumpo","defetiscor","compono","comis","argumentum"]','2025-07-19 05:17:55.312 +00:00','2025-07-19 05:17:55.312 +00:00',NULL),(472,NULL,'[]','wall','wall_box','22622413246920135196202590','[{"userId":"19519326909700251631815791","workDone":"soleo eaque tui"}]','absum non wall wall_box','This is a test asset of type wall and format wall_box.\nCurto curriculum casus benevolentia theatrum neque tantum curatio voveo. Comedo deprecator solvo adipiscor approbo. Acer universe alias tollo abscido currus venio.','cc0-1.0',NULL,NULL,'8f8c278fccfb5ab815cb8a7b26daa8d91daecd41',307930,'["icon3.gif","icon8.webp","icon7.gif","icon2.jpg","icon5.png"]','approved','[]','["talus","circumvenio","utor","corroboro","cruentus","titulus","demens","vulnus","error","copia","sufficio","sollers","tepesco","iste","error","tergiversatio","coniecto","patria","astrum","soleo","tametsi","qui","comis","compono","maxime"]','2025-07-19 05:17:56.034 +00:00','2025-07-19 05:17:56.034 +00:00',NULL),(593,NULL,'[]','avatar','avatar_avatar','58356087009134339486709013','[{"userId":"75268388461378623860100275","workDone":"cumque vilicus"}]','stella maiores avatar avatar_avatar','This is a test asset of type avatar and format avatar_avatar.\nAiunt cohaero benigne sed tristis absque tardus. Bellum sint beatae maxime venio carbo demoror nihil textus. Debilito rem circumvenio sortitus clam umbra.','cc0-1.0',NULL,NULL,'f5a6a53924994fcdd9bbecce81c0e7151bc5d02c',179846,'["icon3.gif","icon2.jpg"]','private','[]','["soleo","custodia","comis","sint","copia","vestigium","defetiscor","dignissimos","tametsi","error","corroboro","corona","sufficio","sollers","circumvenio","deinde","astrum","coniecto","compono","velit","iste","corona","utor","titulus","tepesco","cruentus","corrumpo","cogito","adficio","tabula","auctus","aggredior","dolores","maxime","patria","totus","qui","stips","tergiversatio","cetera","cavus","error","consuasor"]','2025-07-19 05:17:56.766 +00:00','2025-07-19 05:17:56.766 +00:00',NULL),(241,NULL,'[]','avatar','avatar_avatar','75268388461378623860100275','[{"userId":"58356087009134339486709013","workDone":"tabula supra"}]','apparatus articulus avatar avatar_avatar','This is a test asset of type avatar and format avatar_avatar.\nQuis aureus distinctio. Allatus trado antea. Desolo creber cuppedia sollicito defungo nemo arbitro tergo carmen.','cc0-1.0',NULL,NULL,'1c24b03ef318c0fc2d4a0eb1b83ee804c6abdfde',996934,'["icon3.gif","icon2.jpg","icon6.jpg","icon8.webp"]','pending','[]','["adficio","dignissimos","tametsi","error","sint","sufficio","talus","corona","cetera","deinde","velit","defetiscor","coniecto","tergiversatio","sollers","copia","titulus","nesciunt","demens","stips","totus","tabula","compono","aggredior","cogito","custodia","cavus","statim","corrumpo","consuasor","astrum","utor","comis","corroboro","tergo","vestigium","tepesco","circumvenio","corona","vulnus","maxime","patria","cruentus","error"]','2025-07-19 05:17:54.630 +00:00','2025-07-19 05:17:54.630 +00:00',NULL),(362,'7271930450','[]','sound','sound_ogg','22622413246920135196202590','[{"userId":"58356087009134339486709013","workDone":"depulso"}]','tribuo timor sound sound_ogg','This is a test asset of type sound and format sound_ogg.\nTertius esse cavus cibo. Desolo bos subseco aestus. Color id eligendi vinitor tum.','cc0-1.0',NULL,NULL,'4fbe8bac77fd0b89f9e73cb7de56bb62c35afb57',847590,'["icon6.jpg","icon5.png","icon2.jpg","icon3.gif"]','pending','[]','["sollers","statim","corrumpo","totus","stips","coniecto","tepesco","qui","auctus","adficio","corona","tabula","maxime","titulus","cruentus","tametsi","consuasor","demens","error","deinde","tergo","compono","defetiscor","nesciunt","soleo","comis","sufficio","vestigium","custodia","aggredior"]','2025-07-19 05:17:55.374 +00:00','2025-07-19 05:17:55.374 +00:00',NULL),(483,'9226550094','[]','saber','saber_saber','58356087009134339486709013','[{"userId":"50858482726800324902532806","workDone":"torrens"}]','tero venustas saber saber_saber','This is a test asset of type saber and format saber_saber.\nCrepusculum admiratio uxor solus coniuratio canis. Dicta alias amoveo deserunt. Crinis consequatur virtus atavus caritas supra arto molestias vesper.','cc0-1.0',NULL,NULL,'63daae3cbf77ec1dbb9cba3cc5c6f53806cefac2',119610,'["icon4.webp","icon1.png","icon6.jpg"]','approved','[]','["iste","error","compono","sint","dignissimos","vulnus","deinde","totus","dolores","cruentus","error","titulus","statim","corrumpo","cetera","tergiversatio","auctus","sollers","comis","corona","velit","tergo","utor","custodia","astrum","sufficio","corona","vestigium","tametsi","defetiscor","tepesco","cogito","tabula","stips","soleo","consuasor","demens","argumentum","maxime","talus","adficio","qui","circumvenio","patria","cavus","nesciunt"]','2025-07-19 05:17:56.137 +00:00','2025-07-19 05:17:56.137 +00:00',NULL),(131,'5505559640','[]','saber','saber_saber','69421939382193957240267878','[{"userId":"22622413246920135196202590","workDone":"sub molestiae alias"}]','depulso pariatur saber saber_saber','This is a test asset of type saber and format saber_saber.\nAperiam viscus amitto coerceo denuo carus. Averto celer deserunt cinis. Abundans veritas summa canis venustas appono torqueo.','cc0-1.0',NULL,NULL,'5a2f28ae6cc8bbfe648267592dc781d77a26a66f',280996,'["icon6.jpg","icon1.png","icon7.gif"]','rejected','[]','["talus","cetera","cavus","tametsi","error","consuasor","sint","corona","comis","custodia"]','2025-07-19 05:17:53.880 +00:00','2025-07-19 05:17:53.880 +00:00',NULL),(252,NULL,'[]','banner','banner_png','75268388461378623860100275','[{"userId":"50858482726800324902532806","workDone":"alo tracto"}]','alveus villa banner banner_png','This is a test asset of type banner and format banner_png.\nCreta crebro sonitus utroque claudeo. Summa deorsum aer. Crux urbs creptio a comburo constans sequi curto excepturi.','cc0-1.0',NULL,NULL,'cba9354ff3b57ef6f16cf73c6b0c004b91c4b5e7',186642,'["icon2.jpg","icon3.gif","icon5.png","icon7.gif"]','pending','[]','["astrum","dolores","tergiversatio","cavus","sufficio","talus","velit","maxime","vestigium","nesciunt","cogito","corona","corona","copia","totus","statim","corrumpo","tergo","tabula","comis","titulus","stips","corroboro","dignissimos","utor","demens","iste","error","auctus","vulnus","soleo","defetiscor","circumvenio","adficio","consuasor","deinde","qui","argumentum","compono","aggredior","coniecto","sollers"]','2025-07-19 05:17:54.700 +00:00','2025-07-19 05:17:54.700 +00:00',NULL),(373,NULL,'[]','note','note_bloq','22622413246920135196202590','[{"userId":"75268388461378623860100275","workDone":"umbra"}]','ustulo vigor note note_bloq','This is a test asset of type note and format note_bloq.\nRatione ulterius absque tergeo. Conor casus vulnero tui curto aegrus cohors. Suasoria desolo vis tondeo absque.','cc0-1.0',NULL,NULL,'dd6d1afb672b3873f611df5aacebd4b6edb6dfaa',542792,'["icon1.png","icon5.png","icon7.gif","icon4.webp","icon2.jpg"]','approved','[]','["auctus","utor","sufficio","circumvenio","corona","argumentum","astrum","talus","adficio","custodia","corona","dolores","qui","tametsi","copia","dignissimos","error","coniecto","error","soleo","totus","velit","iste","tepesco"]','2025-07-19 05:17:55.434 +00:00','2025-07-19 05:17:55.434 +00:00',NULL),(494,'6858444941','[]','camera2-config','camera2-config_json','58356087009134339486709013','[{"userId":"22622413246920135196202590","workDone":"comedo"}]','tego aggredior camera2-config camera2-config_json','This is a test asset of type camera2-config and format camera2-config_json.\nCreator reprehenderit decimus. Animi turpis virgo nihil deripio pax. Abduco cerno synagoga totus.','cc0-1.0',NULL,NULL,'0feca6bfd4f9beb1043d605412d4ab9a6c4477bc',172135,'["icon8.webp","icon4.webp","icon7.gif"]','approved','[]','["deinde","corrumpo","defetiscor","titulus","maxime","cogito","corona","patria","utor","coniecto","talus","adficio","comis","tergiversatio","tametsi","cetera","tergo","corroboro","error","cavus","nesciunt","error","auctus"]','2025-07-19 05:17:56.208 +00:00','2025-07-19 05:17:56.208 +00:00',NULL),(142,'1207042955','[]','camera2-config','camera2-config_json','69421939382193957240267878','[{"userId":"75268388461378623860100275","workDone":"atqui"}]','thermae caecus camera2-config camera2-config_json','This is a test asset of type camera2-config and format camera2-config_json.\nOptio stips vigilo arbustum bardus rerum stips doloribus aeternus. Balbus iusto valde accusamus cornu. Celer cetera arca a.','cc0-1.0',NULL,NULL,'c6ebdc3d9df4cfcb9aa0a26bf6c877867dbcfcda',850170,'["icon6.jpg","icon7.gif","icon8.webp","icon1.png"]','rejected','[]','["error","astrum","stips","statim","patria","corrumpo","totus","auctus","iste","corona","tepesco","copia","consuasor","utor","circumvenio","corona","tergiversatio","cruentus","nesciunt","cavus","sint","tabula","sufficio","custodia","talus","adficio","aggredior","maxime","dolores","coniecto","tergo","deinde","velit","comis","cetera","sollers","error","corroboro","titulus","cogito","compono","vestigium","defetiscor","vulnus","argumentum","soleo","tametsi"]','2025-07-19 05:17:53.955 +00:00','2025-07-19 05:17:53.955 +00:00',NULL),(263,'1938649187','[]','wall','wall_pixie','75268388461378623860100275','[{"userId":"19519326909700251631815791","workDone":"degero virga avaritia"}]','collum deprimo wall wall_pixie','This is a test asset of type wall and format wall_pixie.\nCasso audax astrum vesco. Sequi distinctio vir. Tactus ager vobis cernuus terreo fuga nihil.','cc0-1.0',NULL,NULL,'5de9ceaecd2f36acfa87c69589bcc747c2152cea',704922,'["icon4.webp"]','private','[]','["sint","sollers","vestigium","circumvenio","corroboro","comis","adficio","vulnus","utor","tepesco","compono","argumentum","demens","titulus","tametsi","patria","maxime","iste","tergiversatio","dolores","qui","tergo","tabula","coniecto"]','2025-07-19 05:17:54.769 +00:00','2025-07-19 05:17:54.769 +00:00',NULL),(384,NULL,'[]','hitscorevisualizer-config','hitscorevisualizer-config_json','22622413246920135196202590','[{"userId":"50858482726800324902532806","workDone":"bis correptius"}]','compono crur hitscorevisualizer-config hitscorevisualizer-config_json','This is a test asset of type hitscorevisualizer-config and format hitscorevisualizer-config_json.\nQuam verus modi carmen ascit. Alo administratio ars tener. Copiose curso eveniet tergum vigor veritatis.','cc0-1.0',NULL,NULL,'d9ee7aab0c83d3095e0e671abb28a1ebff7f66da',736210,'["icon6.jpg"]','pending','[]','["tergo","auctus","consuasor","astrum","soleo","corona","argumentum","circumvenio","error","titulus","copia","talus","sollers","corona","compono","error","corroboro","corrumpo","dolores","sufficio","cruentus","velit"]','2025-07-19 05:17:55.496 +00:00','2025-07-19 05:17:55.496 +00:00',NULL),(153,NULL,'[]','health-bar','health-bar_energy','69421939382193957240267878','[{"userId":"75268388461378623860100275","workDone":"verto laborum"}]','canto iusto health-bar health-bar_energy','This is a test asset of type health-bar and format health-bar_energy.\nClamo talio truculenter. Varius ambitus similique despecto delicate stabilis volaticus conventus. Deficio caritas decimus.','cc0-1.0',NULL,NULL,'2a60de9cca0e4dabd708a22cd1c6d9d7801324c9',248910,'["icon7.gif","icon8.webp"]','approved','[]','["dignissimos","corona","nesciunt","dolores","iste","maxime","astrum","tepesco","tergo","error","comis","vestigium","statim","cetera","corona","auctus","sufficio","deinde","corroboro","tametsi","error","cogito","qui","sint","stips","adficio","soleo","cruentus","totus","titulus","consuasor","tabula","custodia","sollers","corrumpo","argumentum","coniecto","utor","vulnus","circumvenio","defetiscor","copia","patria","tergiversatio"]','2025-07-19 05:17:54.027 +00:00','2025-07-19 05:17:54.027 +00:00',NULL),(274,NULL,'[]','saber','saber_wacker','75268388461378623860100275','[{"userId":"22622413246920135196202590","workDone":"caries temptatio comptus"}]','adopto aperte saber saber_wacker','This is a test asset of type saber and format saber_wacker.\nCena appello repudiandae repudiandae demoror bos supra. Auctus ambitus aliquid vaco. Vetus tumultus tollo antea comis peccatus antea cupio adfero vitium.','cc0-1.0',NULL,NULL,'8ac2feecfee1bfc7bf1d8aea17d58fd98e68c828',12239,'["icon1.png","icon8.webp","icon2.jpg","icon3.gif"]','pending','[]','["qui","defetiscor","coniecto","corona","cogito","velit","deinde","aggredior","titulus","dolores","sufficio","copia","corroboro","talus","maxime","astrum","tametsi","corrumpo","consuasor","demens","compono","tergiversatio","vulnus","iste","argumentum","statim","corona","tergo","tabula","utor","totus","cavus","sollers","stips"]','2025-07-19 05:17:54.839 +00:00','2025-07-19 05:17:54.839 +00:00',NULL),(395,'1394886736','[]','sound','sound_mp3','22622413246920135196202590','[{"userId":"58356087009134339486709013","workDone":"vado studio"}]','theatrum vado sound sound_mp3','This is a test asset of type sound and format sound_mp3.\nCaritas consequuntur tubineus valetudo. Excepturi stella coerceo cervus bibo termes creptio ex crustulum. Amor talis ratione abutor sol cupiditas thymum.','cc0-1.0',NULL,NULL,'172e1d1caef1654da89b4cce63b5feaad75dade2',861368,'["icon8.webp","icon6.jpg","icon4.webp","icon1.png"]','private','[]','["error","iste","soleo","nesciunt","adficio","titulus","aggredior","sint","tametsi","dignissimos","cetera","corroboro","tabula","vestigium","tergiversatio","compono","error"]','2025-07-19 05:17:55.566 +00:00','2025-07-19 05:17:55.566 +00:00',NULL),(164,'6868329180','[]','platform','platform_plat','75268388461378623860100275','[{"userId":"50858482726800324902532806","workDone":"totam vorago vinitor"}]','aliquam eos platform platform_plat','This is a test asset of type platform and format platform_plat.\nCombibo tripudio apud subnecto adfero sui accusator desino. Sapiente uterque tres deduco stillicidium caste tantum. Audacia timor vorago auxilium odio textilis ut deficio apto curia.','cc0-1.0',NULL,NULL,'030faa778b6d3ca2bd3eff8fec1cfeae7feabce2',196520,'["icon1.png","icon4.webp"]','private','[]','["demens","sollers","stips","defetiscor","circumvenio","tabula","consuasor","vulnus","cruentus","vestigium","soleo","error","patria","corrumpo","aggredior","velit","maxime","tergo","sint"]','2025-07-19 05:17:54.133 +00:00','2025-07-19 05:17:54.133 +00:00',NULL),(285,NULL,'[]','chroma-environment','chroma-environment_json','75268388461378623860100275','[{"userId":"50858482726800324902532806","workDone":"appono contra"}]','molestias administratio chroma-environment chroma-environment_json','This is a test asset of type chroma-environment and format chroma-environment_json.\nCibo clamo cognatus condico. Aiunt aetas tui. Carcer comparo triumphus ago aeternus.','cc0-1.0',NULL,NULL,'1cccec2a4c238ee07848b0e4e5e15ccd6eb6ac66',605607,'["icon7.gif","icon1.png","icon3.gif"]','approved','[]','["deinde","cruentus","dolores","vestigium","aggredior","corrumpo","comis","tepesco","auctus","talus","compono","vulnus","sint","statim","totus","velit","consuasor","nesciunt","custodia","error","coniecto","tergiversatio","copia","iste","error","sollers","utor","soleo","patria","cogito","cavus","circumvenio","tametsi","adficio","titulus","cetera","corroboro","tabula","astrum","dignissimos","maxime","demens","corona"]','2025-07-19 05:17:54.901 +00:00','2025-07-19 05:17:54.901 +00:00',NULL),(176,'0389034219','[]','hitscorevisualizer-config','hitscorevisualizer-config_json','75268388461378623860100275','[{"userId":"19519326909700251631815791","workDone":"dolorem ciminatio benevolentia"}]','sonitus cometes hitscorevisualizer-config hitscorevisualizer-config_json','This is a test asset of type hitscorevisualizer-config and format hitscorevisualizer-config_json.\nAntepono patior canto sublime sumptus supra theca defluo. Id paulatim textor conspergo cibo torrens arcesso turbo. Collum desino incidunt adipiscor est arma usque aut culpa complectus.','cc0-1.0',NULL,NULL,'f81b87dc0aec34fc7d0cadcbc23a4c46efa39dce',587221,'["icon8.webp","icon6.jpg","icon5.png","icon1.png","icon4.webp"]','approved','[]','["patria","error","titulus","coniecto","maxime","soleo","auctus","compono","error","talus","corona","iste","nesciunt","sollers","cogito","tabula","dolores","vulnus","defetiscor","sufficio","demens","corrumpo","comis","corona","tepesco","custodia","tergo","cetera","qui","cruentus","cavus","consuasor","stips","velit","totus"]','2025-07-19 05:17:54.220 +00:00','2025-07-19 05:17:54.220 +00:00',NULL),(297,'9857796108','[]','health-bar','health-bar_energy','75268388461378623860100275','[{"userId":"50858482726800324902532806","workDone":"amiculum amissio"}]','consectetur arto health-bar health-bar_energy','This is a test asset of type health-bar and format health-bar_energy.\nCrastinus denuncio decet viridis aut antepono quis esse artificiose. Strenuus expedita tabernus. Tero volubilis terra ulciscor accedo civitas architecto conatus.','cc0-1.0',NULL,NULL,'adecd6a7decae54d24fab6ca12cfbb8941d5ecd9',938730,'["icon3.gif"]','private','[]','["adficio","sufficio","stips","utor","sint","comis","vestigium","error"]','2025-07-19 05:17:54.969 +00:00','2025-07-19 05:17:54.969 +00:00',NULL),(187,NULL,'[]','sound','sound_mp3','75268388461378623860100275','[{"userId":"22622413246920135196202590","workDone":"charisma canis sunt"}]','creator excepturi sound sound_mp3','This is a test asset of type sound and format sound_mp3.\nTheca somnus cum tracto adsidue incidunt perferendis venio. Speculum volaticus ubi torrens pel perspiciatis delego truculenter crur vulpes. Tutis absum aperio aggero.','cc0-1.0',NULL,NULL,'bb1ea46fd6b12ad54ebc72991664ffad3fcda04e',762230,'["icon3.gif"]','rejected','[]','["qui","dignissimos","iste","defetiscor","astrum","demens","stips","copia","corrumpo","tametsi","cavus","consuasor","dolores","corroboro","sint","argumentum","cruentus","tergo","sufficio","statim","custodia","sollers","patria","tabula","corona","error","talus","nesciunt","vulnus","vestigium","circumvenio","compono","maxime","coniecto","tepesco","auctus","corona","error","deinde","adficio"]','2025-07-19 05:17:54.295 +00:00','2025-07-19 05:17:54.295 +00:00',NULL),(198,'0772089958','[]','note','note_cyoob','75268388461378623860100275','[{"userId":"50858482726800324902532806","workDone":"sordeo cibus abbas"}]','vesper patrocinor note note_cyoob','This is a test asset of type note and format note_cyoob.\nAcsi conspergo tum stella tametsi convoco veniam. Decor totidem conventus apparatus. Curto valens arca arceo repellat paulatim tribuo umerus.','cc0-1.0',NULL,NULL,'f6a2ff2baca6dbfabea6ad2195d7eb6f9dbede63',245395,'["icon5.png","icon2.jpg","icon7.gif","icon3.gif","icon1.png"]','approved','[]','["statim","error","stips","nesciunt","auctus","coniecto","cetera","adficio","sint","qui","dolores","vestigium","consuasor","talus","maxime","iste"]','2025-07-19 05:17:54.366 +00:00','2025-07-19 05:17:54.366 +00:00',NULL),(91,NULL,'[]','sound','sound_mp3','69421939382193957240267878','[{"userId":"22622413246920135196202590","workDone":"pectus canonicus"}]','cupressus facilis sound sound_mp3','This is a test asset of type sound and format sound_mp3.\nTamdiu sono clementia varietas sperno depono delectus ante tutamen. Vespillo adeo sulum demulceo itaque volva exercitationem deprimo vociferor. Aestas tero ipsa delinquo conatus paens angulus.','cc0-1.0',NULL,NULL,'eaea57e09d4aef6ccdedbea1e7c1dc5c0ca2500e',883146,'["icon1.png","icon8.webp","icon7.gif","icon4.webp","icon6.jpg"]','approved','[]','["corroboro","utor","patria","qui","astrum","tergo","stips","error"]','2025-07-19 05:17:53.626 +00:00','2025-07-19 05:17:53.626 +00:00',NULL),(891,NULL,'[]','sound','sound_mp3','19519326909700251631815791','[{"userId":"22622413246920135196202590","workDone":"abeo atqui"}]','curvo utilis sound sound_mp3','This is a test asset of type sound and format sound_mp3.\nRem quo est tergiversatio amplexus conservo concedo. Vulariter compono vinum vulticulus utrum cinis peccatus. Caelum curso volva vulgaris amplus thesaurus.','cc0-1.0',NULL,NULL,'d5593eeef7f57d1fbcdb4d9ff92768014b4dcacc',160040,'["icon2.jpg","icon7.gif","icon4.webp","icon1.png"]','private','[]','["compono","velit","cetera","cogito","titulus","corroboro","corrumpo","tergiversatio","maxime","qui","tametsi","defetiscor","demens","corona","cruentus","astrum","sint","totus","soleo","dignissimos","error","tepesco","vulnus","copia","statim","coniecto","iste","error","comis","dolores","sufficio","custodia","corona","auctus","nesciunt","stips","cavus","tabula","aggredior"]','2025-07-19 05:17:58.558 +00:00','2025-07-19 05:17:58.558 +00:00',NULL),(781,'6270726926','[]','chroma-environment','chroma-environment_json','50858482726800324902532806','[{"userId":"19519326909700251631815791","workDone":"volup conscendo"}]','repellat thema chroma-environment chroma-environment_json','This is a test asset of type chroma-environment and format chroma-environment_json.\nVirga suppono bene. Dedico dolorum sto. Basium pecco id trado.','cc0-1.0',NULL,NULL,'fe7af332eebbd6aefcbf90db636926feff43cd23',93006,'["icon6.jpg","icon1.png","icon3.gif"]','rejected','[]','["consuasor","utor","talus","qui","error","sollers","tergiversatio","vestigium","argumentum","defetiscor","aggredior","auctus","maxime","dignissimos","custodia","iste","compono","tabula","nesciunt","corona","copia","cavus","stips","corrumpo","dolores","comis","patria","tametsi","sufficio","tergo","astrum","corona","velit","totus","sint","error","adficio"]','2025-07-19 05:17:57.886 +00:00','2025-07-19 05:17:57.886 +00:00',NULL),(671,NULL,'[]','counters-plus-config','counters-plus-config_json','50858482726800324902532806','[{"userId":"19519326909700251631815791","workDone":"territo"}]','tamen tubineus counters-plus-config counters-plus-config_json','This is a test asset of type counters-plus-config and format counters-plus-config_json.\nAbduco tonsor placeat bibo. Calamitas sto beatae tabesco conservo. Coniecto adsuesco subiungo statua.','cc0-1.0',NULL,NULL,'97e8c7fc9930dbaed5daed203b99be7f8b35d11c',496617,'["icon7.gif","icon8.webp"]','rejected','[]','["cetera","patria","iste","cruentus","aggredior","coniecto","custodia","titulus","sollers","corroboro","tametsi","qui","corona","utor","error","auctus","compono","corona","deinde","dignissimos","totus","cogito","talus","vestigium","consuasor","tergo","astrum","sufficio","corrumpo","tergiversatio","stips","velit","argumentum","error"]','2025-07-19 05:17:57.262 +00:00','2025-07-19 05:17:57.262 +00:00',NULL),(792,NULL,'[]','wall','wall_box','50858482726800324902532806','[{"userId":"22622413246920135196202590","workDone":"cogito acceptus"}]','vilicus canonicus wall wall_box','This is a test asset of type wall and format wall_box.\nAntepono amaritudo canto ab stipes laborum creta textus asporto comes. Triduana suscipit tempore vitae pauper curia cur ustilo. Corporis depopulo attonbitus curia comptus animus adfero decimus peccatus aiunt.','cc0-1.0',NULL,NULL,'e818ecbb8f232dd4fbf511ffe4300c403acbd48a',514223,'["icon8.webp"]','approved','[]','["stips"]','2025-07-19 05:17:57.946 +00:00','2025-07-19 05:17:57.946 +00:00',NULL),(561,NULL,'[]','avatar','avatar_avatar','58356087009134339486709013','[{"userId":"22622413246920135196202590","workDone":"quidem occaecati"}]','tabula terra avatar avatar_avatar','This is a test asset of type avatar and format avatar_avatar.\nTollo trado comprehendo et. Statim reprehenderit curatio. Cupiditate ducimus arceo adulescens arbitro caveo maiores vaco creptio vigilo.','cc0-1.0',NULL,NULL,'5ded5be0dc518dd1fbb893c82c27f0f4a67cce38',998054,'["icon7.gif"]','approved','[]','["qui","sufficio","tergiversatio","tametsi","iste","compono","cogito","cavus","tepesco","auctus","titulus","nesciunt","defetiscor","soleo","error","sollers","custodia","tabula","sint","corrumpo","comis","astrum","copia","vulnus","totus","stips","dolores","corroboro","argumentum","error","tergo","corona","circumvenio","cruentus","statim","adficio","talus"]','2025-07-19 05:17:56.584 +00:00','2025-07-19 05:17:56.584 +00:00',NULL),(682,'2753122992','[]','sound','sound_ogg','50858482726800324902532806','[{"userId":"19519326909700251631815791","workDone":"eligendi umbra perspiciatis"}]','conculco arceo sound sound_ogg','This is a test asset of type sound and format sound_ogg.\nSponte sapiente desidero utrum excepturi caries volutabrum cum. Caelestis labore coma. Damno deripio aggredior comedo apparatus aperiam clamo.','cc0-1.0',NULL,NULL,'5205acdf1ede0ae8e4ad6440c5abe53c930e0fb1',279809,'["icon4.webp","icon2.jpg","icon8.webp","icon1.png"]','rejected','[]','["dolores","vestigium","corona","iste","cavus","sint","error","aggredior","consuasor","tergiversatio","cogito","sollers","nesciunt","coniecto","talus","dignissimos","tepesco","defetiscor","tabula","vulnus","demens","stips","statim","error","tametsi","adficio","tergo","deinde","sufficio","corona","compono","auctus","utor","astrum","totus","cruentus","maxime","corrumpo","argumentum","cetera","circumvenio","comis","copia","titulus","qui","corroboro","velit","patria","custodia"]','2025-07-19 05:17:57.323 +00:00','2025-07-19 05:17:57.323 +00:00',NULL),(451,'8984807533','[]','saber','saber_saber','22622413246920135196202590','[{"userId":"75268388461378623860100275","workDone":"arcesso"}]','speculum claustrum saber saber_saber','This is a test asset of type saber and format saber_saber.\nUredo colligo dolores. Tremo capitulus aetas bonus utique voluptatibus decet delibero cauda. Statim supplanto appositus vix vivo templum non caelestis.','cc0-1.0',NULL,NULL,'cabfc5fb2adadd1eba51dd67a37c3913ff16babb',668732,'["icon4.webp","icon1.png","icon6.jpg","icon5.png"]','approved','[]','["compono","vestigium","nesciunt","qui","talus","sollers","vulnus","patria","auctus","statim","cruentus","custodia","tabula","comis","corona","corroboro","cogito","utor","sint","error","cetera","aggredior"]','2025-07-19 05:17:55.914 +00:00','2025-07-19 05:17:55.914 +00:00',NULL),(572,NULL,'[]','banner','banner_png','58356087009134339486709013','[{"userId":"75268388461378623860100275","workDone":"carmen peccatus cribro"}]','similique vehemens banner banner_png','This is a test asset of type banner and format banner_png.\nCunabula cursim ullus. Tutamen reiciendis hic. Turbo vacuus coniuratio censura inventore paulatim laudantium uberrime.','cc0-1.0',NULL,NULL,'dead5cb14d7acc20d87e3f5a9ac2b04a9d8ffc3f',558132,'["icon5.png","icon3.gif","icon1.png"]','rejected','[]','["sint","stips","nesciunt","velit","utor","iste"]','2025-07-19 05:17:56.648 +00:00','2025-07-19 05:17:56.648 +00:00',NULL),(693,NULL,'[]','note','note_bloq','50858482726800324902532806','[{"userId":"75268388461378623860100275","workDone":"abduco curto decimus"}]','tener antea note note_bloq','This is a test asset of type note and format note_bloq.\nUbi candidus arceo cubicularis officia optio strues video. Altus aedificium valde crebro. Absconditus suffoco cultellus adflicto adopto dignissimos necessitatibus cunabula.','cc0-1.0',NULL,NULL,'c2db1dbabadf0dba64bb1ccd0b1ea0dfad903e87',49001,'["icon4.webp","icon6.jpg","icon8.webp"]','private','[]','["talus","vulnus","maxime","defetiscor","velit","cavus","patria","cogito","tergo","sollers","totus","vestigium","tametsi","deinde","titulus","soleo","demens","statim","comis","argumentum","tergiversatio","circumvenio","corroboro","coniecto","iste","corona","sint","corrumpo"]','2025-07-19 05:17:57.384 +00:00','2025-07-19 05:17:57.384 +00:00',NULL),(341,NULL,'[]','note','note_bloq','22622413246920135196202590','[{"userId":"58356087009134339486709013","workDone":"vespillo"}]','tepidus viriliter note note_bloq','This is a test asset of type note and format note_bloq.\nTot eaque sublime delego. Constans suadeo voluptatibus subvenio sublime tendo. Volubilis delicate coaegresco vulgaris.','cc0-1.0',NULL,NULL,'ee66a4eaa683ecbfca972ce1ab1e06c48a6ccf82',721453,'["icon7.gif","icon2.jpg","icon3.gif"]','approved','[]','["stips","defetiscor","iste","corona","cavus","deinde","sint","corroboro","statim","corrumpo","vulnus","dolores","sufficio","consuasor","titulus","nesciunt","comis","demens","argumentum","tergo","maxime","dignissimos","copia","auctus","astrum","aggredior","soleo","vestigium","cetera","cogito","coniecto","tergiversatio","tepesco","adficio","talus","error","compono","corona","qui","tabula","cruentus","circumvenio","totus","tametsi","velit","utor","patria"]','2025-07-19 05:17:55.258 +00:00','2025-07-19 05:17:55.258 +00:00',NULL),(462,'8488223660','[]','camera2-config','camera2-config_json','22622413246920135196202590','[{"userId":"75268388461378623860100275","workDone":"denique umbra"}]','contego contigo camera2-config camera2-config_json','This is a test asset of type camera2-config and format camera2-config_json.\nAlienus tandem vulnero trado tabernus supra tempus baiulus. Demitto ustulo alo umerus tui decumbo depopulo vetus defessus. Ipsam conservo architecto approbo caelum nulla pax adsuesco sapiente.','cc0-1.0',NULL,NULL,'cb8a8c067e6ca4e4a41cb98dcf155eaadf868c3a',228871,'["icon4.webp","icon3.gif","icon2.jpg","icon6.jpg"]','pending','[]','["tergiversatio","error","cogito","sollers","sint","aggredior","vestigium","utor","maxime","auctus"]','2025-07-19 05:17:55.979 +00:00','2025-07-19 05:17:55.979 +00:00',NULL),(583,'6742727939','[]','wall','wall_pixie','58356087009134339486709013','[{"userId":"50858482726800324902532806","workDone":"pauci"}]','tempus credo wall wall_pixie','This is a test asset of type wall and format wall_pixie.\nTemperantia voco turbo sumptus centum thalassinus delectatio strenuus callide vado. Absens cohibeo theatrum adipisci odio attero volo. Debilito possimus vito studio vos alter consectetur venio.','cc0-1.0',NULL,NULL,'8f1a38b9d3844f6ac8fcedb2bf79decfc5e5f423',673036,'["icon7.gif","icon3.gif"]','rejected','[]','["corona","tergo","sint","tergiversatio","tepesco","vestigium","demens","argumentum","soleo","copia","comis","coniecto","dolores","maxime","custodia","nesciunt","tabula","adficio","error","cruentus","sufficio","cogito","vulnus","velit","cetera","consuasor","deinde","dignissimos"]','2025-07-19 05:17:56.708 +00:00','2025-07-19 05:17:56.708 +00:00',NULL),(231,'5315568636','[]','wall','wall_pixie','75268388461378623860100275','[{"userId":"19519326909700251631815791","workDone":"adaugeo"}]','crapula ventus wall wall_pixie','This is a test asset of type wall and format wall_pixie.\nTeneo abundans cinis hic. Uxor desparatus civitas trepide temporibus tenax congregatio omnis arma conculco. Contabesco architecto cursim contigo comminor veritatis.','cc0-1.0',NULL,NULL,'25d5dfbcd0cd53e68def1d2ff524cefa9bf0daea',961623,'["icon3.gif","icon6.jpg","icon8.webp","icon2.jpg"]','private','[]','["vulnus","defetiscor","tametsi","tepesco","aggredior","utor","copia","demens","auctus","sufficio","consuasor","corrumpo","tergo","comis","tabula","tergiversatio","patria","cogito","sollers","cruentus","stips","statim","maxime","corona","dolores","error","sint","nesciunt","compono","corona","coniecto","astrum","error","soleo","corroboro","cavus","adficio","talus","qui","iste","cetera","velit","dignissimos"]','2025-07-19 05:17:54.566 +00:00','2025-07-19 05:17:54.566 +00:00',NULL),(352,NULL,'[]','hitscorevisualizer-config','hitscorevisualizer-config_json','22622413246920135196202590','[{"userId":"19519326909700251631815791","workDone":"distinctio argentum modi"}]','candidus bardus hitscorevisualizer-config hitscorevisualizer-config_json','This is a test asset of type hitscorevisualizer-config and format hitscorevisualizer-config_json.\nCivis acquiro cruentus texo commodi ullus id copia. Dolorum desino cervus sed laudantium copia tantum aequitas. Comes eligendi stella curriculum admoveo stabilis aequitas.','cc0-1.0',NULL,NULL,'eaaedadebd4de04c3ca7fd011a1bd5ef5cffca8d',76239,'["icon8.webp","icon5.png","icon7.gif","icon2.jpg"]','rejected','[]','["velit","nesciunt","stips","copia","corrumpo","corona","cruentus","error","defetiscor","custodia","corona","tepesco","dolores","deinde","titulus","tametsi","talus","compono","adficio","coniecto","comis","error","qui","maxime","corroboro","sint","argumentum","demens","patria"]','2025-07-19 05:17:55.320 +00:00','2025-07-19 05:17:55.320 +00:00',NULL),(473,NULL,'[]','health-bar','health-bar_energy','22622413246920135196202590','[{"userId":"69421939382193957240267878","workDone":"aestus voluptate calculus"}]','denuncio ventosus health-bar health-bar_energy','This is a test asset of type health-bar and format health-bar_energy.\nDelego vicinus verumtamen voco tenus. Adduco harum ventito verbum sublime harum patruus capillus. Verbera uter contabesco.','cc0-1.0',NULL,NULL,'bac24c4d78a0d0412acada6e7b77e3e19dc1db2f',997173,'["icon8.webp","icon3.gif","icon1.png","icon6.jpg","icon2.jpg"]','rejected','[]','["circumvenio","stips","compono","corrumpo","dignissimos","deinde","titulus","adficio","astrum","aggredior","sollers","corona","tabula","comis","statim","vulnus","talus","maxime"]','2025-07-19 05:17:56.040 +00:00','2025-07-19 05:17:56.040 +00:00',NULL),(594,NULL,'[]','saber','saber_wacker','58356087009134339486709013','[{"userId":"69421939382193957240267878","workDone":"temperantia corona beneficium"}]','advenio similique saber saber_wacker','This is a test asset of type saber and format saber_wacker.\nUtrum talis alias tubineus amissio dedecor abstergo nesciunt verecundia. Amor apostolus ver stabilis verumtamen. Aiunt crudelis concedo.','cc0-1.0',NULL,NULL,'f48aebb7a4a28ed98dbd006eabdb14aa6b53caee',474498,'["icon8.webp","icon1.png","icon4.webp","icon6.jpg"]','approved','[]','["qui","vestigium","stips"]','2025-07-19 05:17:56.772 +00:00','2025-07-19 05:17:56.772 +00:00',NULL),(121,NULL,'[]','health-bar','health-bar_energy','69421939382193957240267878','[{"userId":"19519326909700251631815791","workDone":"decipio truculenter"}]','enim cogito health-bar health-bar_energy','This is a test asset of type health-bar and format health-bar_energy.\nSodalitas vinculum defleo suppellex caecus tredecim. Curo sursum crustulum texo curvo spoliatio pauper viridis callide curis. Sublime tabesco deporto testimonium curia copia voveo ratione admiratio tenax.','cc0-1.0',NULL,NULL,'acd42cfea79fb9bbe9279bdcd696ecbbdd67f06d',626779,'["icon8.webp","icon5.png"]','private','[]','["tergiversatio","corrumpo","corona","sint","cogito","corroboro","dolores"]','2025-07-19 05:17:53.813 +00:00','2025-07-19 05:17:53.813 +00:00',NULL),(242,NULL,'[]','saber','saber_wacker','75268388461378623860100275','[{"userId":"19519326909700251631815791","workDone":"congregatio corporis velit"}]','appositus umerus saber saber_wacker','This is a test asset of type saber and format saber_wacker.\nTego vere stipes. Tametsi totidem adipiscor calcar auditor conculco. Acceptus vilitas non.','cc0-1.0',NULL,NULL,'c8be1c4bc4c1b2c2c3b16f79fc90b0af6b3239a1',267081,'["icon3.gif","icon6.jpg","icon2.jpg","icon7.gif"]','approved','[]','["compono","iste","defetiscor","tametsi","cetera","cogito","titulus","vulnus","talus"]','2025-07-19 05:17:54.637 +00:00','2025-07-19 05:17:54.637 +00:00',NULL),(363,'2584925335','[]','sound','sound_mp3','22622413246920135196202590','[{"userId":"58356087009134339486709013","workDone":"creber comburo"}]','iste eum sound sound_mp3','This is a test asset of type sound and format sound_mp3.\nDolores adeptio vesica argumentum aufero culpa velum. Capto solio pauper civitas considero. Demitto celer vociferor uxor.','cc0-1.0',NULL,NULL,'084cd9b59ca23e0f0a0dcdb62dafb15d3eeadea2',444542,'["icon2.jpg","icon1.png","icon6.jpg"]','private','[]','["tabula","tametsi","sint","utor","custodia","talus","vestigium","nesciunt","tergiversatio","tepesco","cetera","error","astrum"]','2025-07-19 05:17:55.380 +00:00','2025-07-19 05:17:55.380 +00:00',NULL),(484,'2019686409','[]','platform','platform_plat','58356087009134339486709013','[{"userId":"22622413246920135196202590","workDone":"suspendo depromo"}]','velut amor platform platform_plat','This is a test asset of type platform and format platform_plat.\nAgnitio cubitum coerceo cubo. Laudantium super cras ultra credo pecus suscipit bos compono. Corporis placeat absum venio aurum sub aliquam.','cc0-1.0',NULL,NULL,'e68aecc5f924eae93415df6ba470bd06ea07ab71',31360,'["icon5.png","icon1.png"]','rejected','[]','["vulnus","cogito","corroboro","demens","sollers","qui","patria","corona","stips","astrum","tabula","titulus","comis","auctus","corona","tergiversatio","sufficio","circumvenio","cetera","statim","aggredior","consuasor","defetiscor","argumentum","error","copia","cavus","tergo","tepesco","soleo","coniecto","corrumpo","iste","dignissimos"]','2025-07-19 05:17:56.142 +00:00','2025-07-19 05:17:56.142 +00:00',NULL),(132,'2655965317','[]','platform','platform_plat','69421939382193957240267878','[{"userId":"75268388461378623860100275","workDone":"sperno tabernus cohaero"}]','spiritus adamo platform platform_plat','This is a test asset of type platform and format platform_plat.\nCrur ubi antiquus vaco capitulus solus molestiae. Suggero sol antepono aptus amicitia. Ars centum repudiandae tempus artificiose angulus tametsi sponte.','cc0-1.0',NULL,NULL,'a8f6dbdbf9020fff7650b453f97cf6baba81bcdd',776832,'["icon5.png"]','rejected','[]','["coniecto","comis","copia","astrum","cetera","corroboro","corona","defetiscor","auctus","totus","cruentus","tametsi","tabula","deinde","dolores","consuasor","argumentum","stips","compono","tergo","vulnus","soleo","utor","sufficio"]','2025-07-19 05:17:53.886 +00:00','2025-07-19 05:17:53.886 +00:00',NULL),(253,NULL,'[]','chroma-environment','chroma-environment_json','75268388461378623860100275','[{"userId":"69421939382193957240267878","workDone":"cibo tempora"}]','totidem tabesco chroma-environment chroma-environment_json','This is a test asset of type chroma-environment and format chroma-environment_json.\nArto caput curso veritas stipes arcus territo talio beatae torrens. Conor solitudo tersus. Canis vinitor terga.','cc0-1.0',NULL,NULL,'daf54deb2acf083aa2d88f24b5bdbaa8d4bf566d',956780,'["icon6.jpg","icon7.gif"]','rejected','[]','["astrum","defetiscor","sufficio","corroboro","adficio","tergiversatio","talus","totus","maxime","custodia","corona","tametsi","compono","argumentum","nesciunt","tepesco","qui","deinde","patria","tergo","stips","circumvenio","corrumpo","soleo","vulnus","sollers","aggredior","error","auctus","dignissimos","cetera","error","copia","coniecto","velit","vestigium","iste","demens","comis","cruentus","sint","titulus","tabula","cogito"]','2025-07-19 05:17:54.706 +00:00','2025-07-19 05:17:54.706 +00:00',NULL),(374,NULL,'[]','note','note_cyoob','22622413246920135196202590','[{"userId":"50858482726800324902532806","workDone":"spargo tantillus arx"}]','utique caput note note_cyoob','This is a test asset of type note and format note_cyoob.\nExplicabo cedo correptius tempore laudantium cuius cunae qui consectetur vorax. Venustas patrocinor vitae curatio tersus uberrime vulgus vorax vado auctor. Civitas vivo adicio cotidie ante.','cc0-1.0',NULL,NULL,'d2df5bb76f2bc178abcddf6cdffc29f2c530cc0f',500857,'["icon5.png","icon6.jpg","icon3.gif","icon8.webp","icon1.png"]','pending','[]','["totus","auctus","maxime","soleo","cruentus","copia","aggredior","consuasor","tabula","deinde","error","sufficio","stips","vulnus","cavus","dolores","corrumpo","compono","velit","corroboro","error","cetera","talus","patria","tergo","argumentum","sint","demens","corona","sollers","custodia"]','2025-07-19 05:17:55.439 +00:00','2025-07-19 05:17:55.439 +00:00',NULL),(495,'3157568027','[]','counters-plus-config','counters-plus-config_json','58356087009134339486709013','[{"userId":"50858482726800324902532806","workDone":"excepturi"}]','adflicto ante counters-plus-config counters-plus-config_json','This is a test asset of type counters-plus-config and format counters-plus-config_json.\nAdvoco adeo delego. Virgo ipsum solutio damnatio valde vinco. Vomica suggero congregatio aliquam tricesimus velum aestas aurum.','cc0-1.0',NULL,NULL,'b093b086d8c6c85ff3565e61b8be9e22ade80c08',395672,'["icon4.webp"]','private','[]','["consuasor","tabula","error","error","compono","custodia","cogito","corrumpo","aggredior","nesciunt","cetera","titulus","auctus","adficio","coniecto"]','2025-07-19 05:17:56.214 +00:00','2025-07-19 05:17:56.214 +00:00',NULL),(143,'9367035657','[]','counters-plus-config','counters-plus-config_json','69421939382193957240267878','[{"userId":"22622413246920135196202590","workDone":"degusto non canonicus"}]','decretum optio counters-plus-config counters-plus-config_json','This is a test asset of type counters-plus-config and format counters-plus-config_json.\nTolero iure synagoga aegrus dens victoria voluptatum ambitus. Censura cito necessitatibus corrupti tertius arguo tredecim casus callide. Depraedor canis aut statim tabgo angelus alioqui.','cc0-1.0',NULL,NULL,'eaa2eaa1c0d6b31fe4fd9dd9eba66aeb7afed33d',97355,'["icon3.gif","icon1.png"]','rejected','[]','["cruentus","sufficio","maxime","custodia","velit","soleo","demens","tergo","compono","qui","argumentum","vulnus","totus","error","corona","copia","coniecto","cetera"]','2025-07-19 05:17:53.961 +00:00','2025-07-19 05:17:53.961 +00:00',NULL),(264,'4504900787','[]','wall','wall_box','75268388461378623860100275','[{"userId":"69421939382193957240267878","workDone":"somnus crapula cupiditate"}]','arguo absque wall wall_box','This is a test asset of type wall and format wall_box.\nDeputo sumptus dignissimos thorax. Alias tenax utilis asperiores attonbitus accendo clarus triumphus video. Vae sufficio aeneus titulus demonstro copia molestias adipisci.','cc0-1.0',NULL,NULL,'ef50bcefc72eff4e78cb85c0ddcb051e3c8cf918',824536,'["icon4.webp","icon7.gif","icon5.png"]','approved','[]','["sufficio","talus","titulus","auctus","custodia","corrumpo","cavus","sint","statim","compono","vestigium","tabula","tametsi","coniecto","velit","copia","cogito","error","deinde","patria","corroboro","cetera","comis","tepesco","dolores","circumvenio","soleo","sollers","qui","dignissimos"]','2025-07-19 05:17:54.775 +00:00','2025-07-19 05:17:54.775 +00:00',NULL),(385,'9805780196','[]','avatar','avatar_avatar','22622413246920135196202590','[{"userId":"19519326909700251631815791","workDone":"vivo curvo magni"}]','suffoco abduco avatar avatar_avatar','This is a test asset of type avatar and format avatar_avatar.\nBlandior caries vulgo cras dedico acquiro. Solus auctus carcer soleo. Abscido desidero thema versus triumphus valetudo allatus.','cc0-1.0',NULL,NULL,'b7eafd8ef574c4034c9aeaa24f548ceb7fa42fe4',737422,'["icon5.png","icon6.jpg","icon4.webp","icon8.webp","icon1.png"]','rejected','[]','["argumentum","corona","demens","circumvenio","defetiscor","cetera","titulus","consuasor","sollers","corona","qui","coniecto","deinde","stips","sufficio","astrum","iste","cruentus","dignissimos","auctus","totus","tametsi"]','2025-07-19 05:17:55.501 +00:00','2025-07-19 05:17:55.501 +00:00',NULL),(154,NULL,'[]','sound','sound_ogg','69421939382193957240267878','[{"userId":"22622413246920135196202590","workDone":"color"}]','audacia delicate sound sound_ogg','This is a test asset of type sound and format sound_ogg.\nTantillus suadeo baiulus decor alienus subito placeat adstringo. Aspernatur decimus vere adipisci caries. Statim tersus cariosus titulus totam.','cc0-1.0',NULL,NULL,'efbb3dbba1dd2b6a99498dfeed28eb0aacafb965',698313,'["icon1.png"]','pending','[]','["cruentus"]','2025-07-19 05:17:54.034 +00:00','2025-07-19 05:17:54.034 +00:00',NULL),(275,NULL,'[]','saber','saber_saber','75268388461378623860100275','[{"userId":"58356087009134339486709013","workDone":"vorago tero"}]','creo theca saber saber_saber','This is a test asset of type saber and format saber_saber.\nUtilis officiis placeat eligendi. Calcar unus similique stipes admoneo depereo stillicidium denego vulgus. Vir velut claustrum sed sui quos amoveo acquiro viriliter.','cc0-1.0',NULL,NULL,'1dabcc3c822bd0be8df7e1a70513cc71afce57d5',386112,'["icon6.jpg","icon7.gif"]','rejected','[]','["consuasor","argumentum","sollers","dolores","adficio","aggredior","stips","dignissimos","coniecto","cavus","tergiversatio","titulus","comis","qui","corroboro","demens","cogito","error","vestigium","cetera","tepesco","totus","auctus","patria","tametsi","iste","maxime","circumvenio","compono","velit","tergo"]','2025-07-19 05:17:54.845 +00:00','2025-07-19 05:17:54.845 +00:00',NULL),(396,'4802775101','[]','banner','banner_png','22622413246920135196202590','[{"userId":"58356087009134339486709013","workDone":"cinis"}]','curo vehemens banner banner_png','This is a test asset of type banner and format banner_png.\nAdopto vulariter cohibeo vulnus ambitus. Appositus repudiandae odit. Tendo officiis vobis quos culpo adulescens pecus sollers eaque.','cc0-1.0',NULL,NULL,'bf6f6f0d17d2e26f0afa0fbf1e4fe7022dce8af1',404353,'["icon2.jpg","icon1.png"]','private','[]','["custodia","nesciunt","dolores","stips","aggredior","corroboro","deinde","cogito"]','2025-07-19 05:17:55.572 +00:00','2025-07-19 05:17:55.572 +00:00',NULL),(165,'7089012918','[]','note','note_bloq','75268388461378623860100275','[{"userId":"69421939382193957240267878","workDone":"arto taceo doloremque"}]','utrimque colligo note note_bloq','This is a test asset of type note and format note_bloq.\nTres subseco caute ab thesis vix. Circumvenio debeo auctus corrumpo bibo cultellus clarus cuppedia vix cursus. Clam caveo amiculum id error.','cc0-1.0',NULL,NULL,'6fff41c9dae06dbebb3257b6f6e7c192c1b0fefa',504673,'["icon6.jpg","icon2.jpg","icon7.gif"]','private','[]','["copia","consuasor","sint","titulus","velit","circumvenio","vulnus","soleo","cogito","aggredior","corona","argumentum","corona","tabula","astrum","maxime","tametsi","tergo","corroboro","qui","comis","talus","custodia","error","corrumpo","sufficio","sollers","dolores","cavus"]','2025-07-19 05:17:54.141 +00:00','2025-07-19 05:17:54.141 +00:00',NULL),(286,NULL,'[]','camera2-config','camera2-config_json','75268388461378623860100275','[{"userId":"22622413246920135196202590","workDone":"tabesco universe collum"}]','solus possimus camera2-config camera2-config_json','This is a test asset of type camera2-config and format camera2-config_json.\nVinco benigne subiungo iste tonsor valde corona sapiente. Porro defendo vomito tabella tunc. Repellendus cui demulceo alo.','cc0-1.0',NULL,NULL,'350eed6cbb83441a9788b87e5c4c3ebcc5bd8bcc',337321,'["icon4.webp","icon1.png","icon8.webp"]','approved','[]','["custodia","tergo","tergiversatio","titulus","compono","tepesco","aggredior","vestigium","maxime"]','2025-07-19 05:17:54.906 +00:00','2025-07-19 05:17:54.906 +00:00',NULL),(177,NULL,'[]','avatar','avatar_avatar','75268388461378623860100275','[{"userId":"69421939382193957240267878","workDone":"surgo"}]','vacuus certus avatar avatar_avatar','This is a test asset of type avatar and format avatar_avatar.\nSomnus comitatus varius. Adversus averto tabernus suggero aequus sollers ago vaco molestias cedo. Voveo aequus quia ex clamo usitas.','cc0-1.0',NULL,NULL,'9e9779bbac8d5ce5b4e6a2e4c8d4caebfce1e586',437294,'["icon8.webp","icon5.png"]','pending','[]','["tabula","vulnus","nesciunt","compono","tergiversatio","coniecto","comis","cogito","soleo","talus","iste","defetiscor","cavus","patria","vestigium","tametsi","qui","sollers","totus","consuasor","corona","argumentum","astrum"]','2025-07-19 05:17:54.228 +00:00','2025-07-19 05:17:54.228 +00:00',NULL),(298,'3479196949','[]','sound','sound_ogg','75268388461378623860100275','[{"userId":"50858482726800324902532806","workDone":"utrum absum"}]','uter theca sound sound_ogg','This is a test asset of type sound and format sound_ogg.\nTendo vindico tremo solvo. Enim caecus summopere cattus uxor ambulo. Crinis stips cernuus adipisci solitudo laborum sopor solium degero.','cc0-1.0',NULL,NULL,'2ffdbb4720337cf28afeb96b1ac73e8670abc5ab',596077,'["icon8.webp","icon7.gif"]','rejected','[]','["corona","tergiversatio","adficio","corrumpo","tabula","deinde","astrum","coniecto","vestigium","consuasor","compono","nesciunt","argumentum","titulus","corroboro","sollers","auctus","dolores","cetera","comis","sint","tepesco","sufficio","soleo","patria","dignissimos","cavus","corona","iste"]','2025-07-19 05:17:54.974 +00:00','2025-07-19 05:17:54.974 +00:00',NULL),(188,NULL,'[]','banner','banner_png','75268388461378623860100275','[{"userId":"58356087009134339486709013","workDone":"crebro"}]','cenaculum territo banner banner_png','This is a test asset of type banner and format banner_png.\nBrevis aer absorbeo deinde tot. Succurro coma auxilium. Vigilo conor verbera aranea asper peccatus vespillo desolo crapula.','cc0-1.0',NULL,NULL,'adaffd9285463fd8ab83b1dddfac3b10feb0f233',442867,'["icon5.png","icon8.webp","icon3.gif","icon7.gif"]','rejected','[]','["tergiversatio","aggredior"]','2025-07-19 05:17:54.300 +00:00','2025-07-19 05:17:54.300 +00:00',NULL),(199,'5482823392','[]','wall','wall_pixie','75268388461378623860100275','[{"userId":"69421939382193957240267878","workDone":"suffragium canis denuncio"}]','solus clam wall wall_pixie','This is a test asset of type wall and format wall_pixie.\nSustineo contabesco quasi autem maxime ars aequus. Infit vilis ait utroque vae tendo stella provident tolero. Volutabrum tam acceptus viridis vigilo allatus amo decet denuncio.','cc0-1.0',NULL,NULL,'288e2bcffc2cdb08464d25a547b3b55ac32ade08',536253,'["icon1.png","icon3.gif","icon7.gif"]','private','[]','["maxime","cavus","cogito","error","error","velit","dignissimos","tametsi","nesciunt","vestigium","sint","demens","defetiscor","corona","argumentum","sollers","corona","iste","stips","aggredior","consuasor","statim","adficio","vulnus","dolores","astrum","circumvenio","deinde","auctus","tergiversatio","cetera","copia","corroboro","patria","compono","comis","custodia","titulus"]','2025-07-19 05:17:54.371 +00:00','2025-07-19 05:17:54.371 +00:00',NULL),(81,NULL,'[]','avatar','avatar_avatar','69421939382193957240267878','[{"userId":"22622413246920135196202590","workDone":"balbus"}]','conicio distinctio avatar avatar_avatar','This is a test asset of type avatar and format avatar_avatar.\nDeprecator corpus suppellex cubicularis. Denuo adfectus auctor molestiae. Arceo tyrannus degusto annus expedita.','cc0-1.0',NULL,NULL,'bfbf1f0edfc098bccfebb10fe7a5a2a7ddad87cd',738020,'["icon3.gif","icon4.webp","icon1.png"]','private','[]','["cruentus","astrum","comis","nesciunt","tabula","corroboro","dolores","adficio","error","circumvenio","copia","tametsi","patria","consuasor","qui","sollers","statim","sufficio","compono","aggredior","corona","tergiversatio","vestigium","stips","utor","iste","cogito","argumentum","tepesco","cavus","auctus","cetera","custodia","velit","titulus","corona","talus","vulnus","deinde","soleo","defetiscor","dignissimos","totus","sint","error","tergo"]','2025-07-19 05:17:53.566 +00:00','2025-07-19 05:17:53.566 +00:00',NULL),(92,NULL,'[]','banner','banner_png','69421939382193957240267878','[{"userId":"22622413246920135196202590","workDone":"ducimus decet"}]','sustineo eum banner banner_png','This is a test asset of type banner and format banner_png.\nAureus templum enim armarium sopor ubi vomica suppono advoco. Somnus voluptatum toties ratione tantillus temperantia capillus decumbo arbustum vita. Velit verus suggero sortitus surculus surculus velit vir vix suspendo.','cc0-1.0',NULL,NULL,'8ec05b2fee64c2d2acc9abf7c4fedcc6fadb03d9',327177,'["icon2.jpg"]','approved','[]','["totus","astrum","soleo","nesciunt","talus","adficio","corona","deinde","dolores","maxime","copia","qui","tametsi","error","iste","sufficio"]','2025-07-19 05:17:53.632 +00:00','2025-07-19 05:17:53.632 +00:00',NULL),(881,NULL,'[]','avatar','avatar_avatar','19519326909700251631815791','[{"userId":"75268388461378623860100275","workDone":"apostolus tutamen ara"}]','comitatus asporto avatar avatar_avatar','This is a test asset of type avatar and format avatar_avatar.\nVomito spoliatio verus et aliquid. Defero compello canis terror aduro. Barba virtus astrum.','cc0-1.0',NULL,NULL,'b84bdef74c8bfa76604fa0ebfadd0e8d0d0d3aa6',887766,'["icon1.png","icon8.webp"]','private','[]','["cogito","patria","utor","totus","sufficio","sint","titulus","auctus","corona","soleo","demens","sollers","error","custodia","aggredior","corroboro","dignissimos","astrum","cavus","iste","corona","tametsi","consuasor","comis","tergo","compono","error","talus","maxime","velit","qui","vestigium","tabula","tergiversatio","defetiscor","statim","argumentum","circumvenio","stips","cetera","vulnus","adficio","corrumpo","cruentus","nesciunt","dolores","tepesco","coniecto"]','2025-07-19 05:17:58.501 +00:00','2025-07-19 05:17:58.501 +00:00',NULL),(1,'0668306287','[]','avatar','avatar_avatar','69421939382193957240267878','[{"userId":"75268388461378623860100275","workDone":"voluptatibus cernuus"}]','trucido amo avatar avatar_avatar','This is a test asset of type avatar and format avatar_avatar.\nVolutabrum dapifer tutis apto inflammatio accedo aliquam. Adulatio crastinus stipes temeritas amaritudo cornu aureus. Adversus denuncio culpo color turba explicabo suus acies.','cc0-1.0',NULL,NULL,'53cea7bc7d54aaaeacecc9426ffb29c22bb6edf0',200293,'["icon3.gif","icon2.jpg","icon5.png","icon7.gif"]','pending','[]','["cetera","soleo","cruentus","argumentum","aggredior","tepesco","sint","talus","corona","consuasor","qui","compono","titulus"]','2025-07-19 05:17:52.966 +00:00','2025-07-19 05:17:52.966 +00:00',NULL),(892,NULL,'[]','banner','banner_png','19519326909700251631815791','[{"userId":"50858482726800324902532806","workDone":"cresco"}]','sophismata comes banner banner_png','This is a test asset of type banner and format banner_png.\nSpoliatio aqua vito tego adversus alo velociter peior corroboro sono. Quia ventosus abeo censura. Atrox absque collum asper.','cc0-1.0',NULL,NULL,'1debc4bbee76dc9d09ec7bd0e049cbc8c64833dd',229892,'["icon7.gif","icon5.png","icon6.jpg","icon4.webp","icon2.jpg"]','approved','[]','["circumvenio","iste","error","consuasor","qui","adficio","corona","tepesco","coniecto","compono","vestigium","error","sollers","deinde","vulnus","tergo","talus","titulus","tametsi","dolores","demens","dignissimos","patria","comis","stips","tergiversatio","sufficio","aggredior","soleo","corrumpo","cogito","corroboro","argumentum","velit","copia","custodia","cavus","utor","corona","nesciunt","totus","cetera","maxime","astrum","statim","auctus"]','2025-07-19 05:17:58.564 +00:00','2025-07-19 05:17:58.564 +00:00',NULL),(771,'2628104934','[]','saber','saber_saber','50858482726800324902532806','[{"userId":"22622413246920135196202590","workDone":"adulescens"}]','utor cumque saber saber_saber','This is a test asset of type saber and format saber_saber.\nDefero tamen accommodo tracto stillicidium xiphias. Victus quas clementia strenuus consuasor ara vae tribuo conduco. Synagoga viriliter ubi totam aurum paens illum sit abduco.','cc0-1.0',NULL,NULL,'8cc24d7ed42e8aaeed09eaa30583b91aea0bedbd',600307,'["icon1.png"]','pending','[]','["circumvenio","sint","qui","consuasor","aggredior","astrum","corona","talus","titulus","argumentum","utor","statim","vestigium","tametsi"]','2025-07-19 05:17:57.829 +00:00','2025-07-19 05:17:57.829 +00:00',NULL),(661,NULL,'[]','note','note_bloq','50858482726800324902532806','[{"userId":"22622413246920135196202590","workDone":"capitulus defendo"}]','soluta vinco note note_bloq','This is a test asset of type note and format note_bloq.\nDecens amissio tam. Supellex verecundia tredecim similique pecto acerbitas. Tristis tutamen tubineus.','cc0-1.0',NULL,NULL,'1cba439b6fda387a74b175905f627dbedc6adb3b',467235,'["icon4.webp","icon3.gif"]','pending','[]','["cruentus","patria","corona","sint","coniecto","copia","soleo","nesciunt","comis","talus","auctus","aggredior","cetera","sollers","velit","adficio","tabula","circumvenio","statim","totus","demens","corroboro"]','2025-07-19 05:17:57.203 +00:00','2025-07-19 05:17:57.203 +00:00',NULL),(782,'5723257337','[]','camera2-config','camera2-config_json','50858482726800324902532806','[{"userId":"19519326909700251631815791","workDone":"mollitia defleo termes"}]','denique aut camera2-config camera2-config_json','This is a test asset of type camera2-config and format camera2-config_json.\nArgentum quod spoliatio vulgaris abeo clamo cibo. Deporto cinis desolo vilicus vergo deprecator adfero. Viriliter tristis accommodo cernuus appello delicate.','cc0-1.0',NULL,NULL,'cd6fbc6fff2f76bbf31f8de80aed639eeb7dfdbe',841429,'["icon4.webp","icon7.gif"]','approved','[]','["tabula","tergiversatio","aggredior","nesciunt","defetiscor","iste","cetera","tepesco","compono","custodia","cruentus","cogito","corroboro","error","consuasor","demens","soleo","copia","velit","maxime","totus","vestigium","circumvenio","patria","argumentum","tergo","titulus","sollers","corrumpo","vulnus","tametsi","comis","astrum","dignissimos","statim","qui","error","talus","corona"]','2025-07-19 05:17:57.892 +00:00','2025-07-19 05:17:57.892 +00:00',NULL),(551,'7746069927','[]','wall','wall_pixie','58356087009134339486709013','[{"userId":"19519326909700251631815791","workDone":"sollers sumptus"}]','spiculum auxilium wall wall_pixie','This is a test asset of type wall and format wall_pixie.\nDecor odio id acerbitas. Voluptate deleo apud. Amoveo solitudo fugiat patruus.','cc0-1.0',NULL,NULL,'d3fd6ea74cb2dea23fda07ff9dafb7914eefae47',113353,'["icon6.jpg","icon5.png","icon1.png","icon3.gif"]','approved','[]','["vestigium","argumentum","demens","dolores","cruentus","iste","auctus","corona","circumvenio","utor","error","copia","patria","deinde","compono"]','2025-07-19 05:17:56.528 +00:00','2025-07-19 05:17:56.528 +00:00',NULL),(672,NULL,'[]','hitscorevisualizer-config','hitscorevisualizer-config_json','50858482726800324902532806','[{"userId":"19519326909700251631815791","workDone":"video tollo"}]','non clementia hitscorevisualizer-config hitscorevisualizer-config_json','This is a test asset of type hitscorevisualizer-config and format hitscorevisualizer-config_json.\nOptio coaegresco ait. Perspiciatis somnus adhaero tero villa verumtamen utroque ipsum. Eum aufero eligendi tamdiu admitto adficio valens.','cc0-1.0',NULL,NULL,'34bf13aaab6cbbb12f5ab7ec56a5bd5f63ce10cd',890473,'["icon7.gif","icon3.gif"]','private','[]','["cogito","tepesco","dolores","argumentum","utor","copia","tabula","tergiversatio","demens","corrumpo","auctus","sint","tergo","error","astrum","aggredior","statim","maxime","dignissimos","vulnus","compono","soleo","titulus","iste","nesciunt","cruentus","cavus","totus","qui","consuasor","comis","error","stips","patria","adficio","circumvenio"]','2025-07-19 05:17:57.268 +00:00','2025-07-19 05:17:57.268 +00:00',NULL),(793,NULL,'[]','health-bar','health-bar_energy','50858482726800324902532806','[{"userId":"58356087009134339486709013","workDone":"decet coniecto"}]','sit assumenda health-bar health-bar_energy','This is a test asset of type health-bar and format health-bar_energy.\nCoerceo aperio voluptatem considero ipsam reiciendis vomica aliquid. Avaritia thesis auctus acceptus ulterius coepi succurro auctus apostolus. Conculco aperte argumentum caritas carcer cerno suffoco.','cc0-1.0',NULL,NULL,'b4daa04f79cd863fe4e489ce8dec2c7bce6e24a2',477863,'["icon7.gif","icon4.webp","icon6.jpg","icon2.jpg","icon1.png"]','rejected','[]','["comis","tabula","tergo","error","corroboro","cogito","tergiversatio","cavus","custodia","sint","aggredior","velit"]','2025-07-19 05:17:57.952 +00:00','2025-07-19 05:17:57.952 +00:00',NULL),(441,NULL,'[]','health-bar','health-bar_energy','22622413246920135196202590','[{"userId":"69421939382193957240267878","workDone":"sumptus desino"}]','aer cras health-bar health-bar_energy','This is a test asset of type health-bar and format health-bar_energy.\nUxor convoco ventito alius constans sustineo cena nostrum. Cursus adduco temptatio aeneus vado collum. Sunt asper ars coruscus delicate stella carcer substantia caries.','cc0-1.0',NULL,NULL,'f3ed18bcd9cdcadf0b8d38cd61af1a4c9edbc187',698633,'["icon8.webp"]','private','[]','["qui","totus","auctus"]','2025-07-19 05:17:55.854 +00:00','2025-07-19 05:17:55.854 +00:00',NULL),(562,NULL,'[]','saber','saber_wacker','58356087009134339486709013','[{"userId":"75268388461378623860100275","workDone":"quia aspicio"}]','tactus amet saber saber_wacker','This is a test asset of type saber and format saber_wacker.\nCareo tremo arma pauci. Assumenda vox solium. Vere toties cupiditate vulnus suppellex verbum cernuus est cultellus.','cc0-1.0',NULL,NULL,'052a2ff34ff1d5fd8b2678c4eb4ede7b52fcc3a8',883695,'["icon5.png","icon6.jpg","icon2.jpg","icon8.webp"]','private','[]','["consuasor","cruentus","tepesco","circumvenio","dignissimos","corrumpo","nesciunt","error","aggredior","cavus","adficio","titulus","tergiversatio","tergo","tametsi","cetera","velit","corona","statim","cogito","corroboro","maxime","dolores","tabula","compono","iste","copia","argumentum","vestigium","vulnus","defetiscor","talus","demens","custodia","soleo","sufficio","totus","utor","deinde","comis","qui","corona","sollers","stips","patria","coniecto","error","auctus","sint","astrum"]','2025-07-19 05:17:56.591 +00:00','2025-07-19 05:17:56.591 +00:00',NULL),(683,'7475034707','[]','sound','sound_mp3','50858482726800324902532806','[{"userId":"75268388461378623860100275","workDone":"cupiditate voluptas"}]','pecus eum sound sound_mp3','This is a test asset of type sound and format sound_mp3.\nInventore animi sed atque tondeo urbanus. Ait facere desparatus solium odit cubo vulgivagus. Uxor defleo argumentum iusto aduro accommodo usitas acquiro.','cc0-1.0',NULL,NULL,'da64102cceaf00bcd1e56dd3b0a8f64f759dca2e',224023,'["icon6.jpg","icon3.gif","icon1.png","icon4.webp"]','approved','[]','["consuasor","talus","titulus","nesciunt","velit","patria","demens","sufficio","corona","tabula","iste","deinde","aggredior","cetera","sollers","tepesco","cavus","corroboro","dolores","vulnus","error","corona","copia","comis","utor","defetiscor","sint","statim","dignissimos","qui","adficio"]','2025-07-19 05:17:57.330 +00:00','2025-07-19 05:17:57.330 +00:00',NULL),(331,'7316212791','[]','sound','sound_mp3','22622413246920135196202590','[{"userId":"19519326909700251631815791","workDone":"sursum canonicus commodi"}]','crebro compello sound sound_mp3','This is a test asset of type sound and format sound_mp3.\nVer auctus decretum vere cuppedia appono armarium. Aliqua molestias suscipio cui absorbeo carpo tego. Sophismata caries aestivus vaco vitiosus ascisco unus sui crudelis molestiae.','cc0-1.0',NULL,NULL,'ea71da6d3e66f606adaf693e9ead9a3a2054c927',628726,'["icon3.gif","icon4.webp","icon1.png","icon5.png"]','pending','[]','["corona","statim","auctus","cogito","qui","compono","demens","tametsi","comis","corroboro","totus","error","deinde","cetera","astrum","sollers","tergiversatio","copia","soleo","nesciunt","coniecto","vestigium","dignissimos","talus"]','2025-07-19 05:17:55.201 +00:00','2025-07-19 05:17:55.201 +00:00',NULL),(452,'7009513106','[]','platform','platform_plat','22622413246920135196202590','[{"userId":"69421939382193957240267878","workDone":"correptius capillus"}]','audio deduco platform platform_plat','This is a test asset of type platform and format platform_plat.\nOmnis suppellex coruscus possimus tolero utrum carmen. Defleo quo concedo corona. Cenaculum vox alii ultra veniam demum thesis.','cc0-1.0',NULL,NULL,'a8a9ec83d8e35d7960e5dec0dbf7e8efb39525e1',546677,'["icon2.jpg","icon6.jpg","icon7.gif","icon8.webp"]','rejected','[]','["custodia","soleo","corrumpo","astrum","dignissimos","comis","corroboro","error","tergo","vestigium","cavus","tabula","statim","sufficio","nesciunt","qui"]','2025-07-19 05:17:55.920 +00:00','2025-07-19 05:17:55.920 +00:00',NULL),(573,NULL,'[]','chroma-environment','chroma-environment_json','58356087009134339486709013','[{"userId":"50858482726800324902532806","workDone":"architecto peior"}]','defungo contego chroma-environment chroma-environment_json','This is a test asset of type chroma-environment and format chroma-environment_json.\nCarus bene nobis nam numquam umquam demitto comitatus sui vitae. Carbo callide abbas viridis corporis tribuo. Cetera ambulo quia surculus adeptio auxilium.','cc0-1.0',NULL,NULL,'c0c4c96f4e2ca1c5a0fbeee1fdfdbc4f63f7ee4d',522751,'["icon5.png","icon3.gif","icon7.gif","icon2.jpg","icon6.jpg"]','private','[]','["statim","utor","velit","corroboro","copia","vulnus","error","tametsi","deinde","auctus","compono","soleo","error","tergo","corona","coniecto","consuasor","corrumpo","maxime","cavus","tepesco","corona","talus","titulus","sint","iste","aggredior","vestigium","patria","custodia","stips","adficio","sufficio","cruentus","comis","cetera","circumvenio","tabula","cogito","qui","astrum","dolores","defetiscor","demens","argumentum","tergiversatio","sollers"]','2025-07-19 05:17:56.654 +00:00','2025-07-19 05:17:56.654 +00:00',NULL),(694,NULL,'[]','note','note_cyoob','50858482726800324902532806','[{"userId":"75268388461378623860100275","workDone":"minus defendo"}]','tardus ago note note_cyoob','This is a test asset of type note and format note_cyoob.\nCavus contra cura aer natus super quam cruentus aduro dolore. Sol virtus necessitatibus maxime vel aliqua. Aer vicinus suscipio baiulus convoco adimpleo ducimus.','cc0-1.0',NULL,NULL,'123f93e1819dc5efa029ddc07b57852f8c0db06a',966623,'["icon8.webp","icon4.webp"]','rejected','[]','["tergo","nesciunt","tametsi","soleo","dignissimos","velit","utor","tepesco","sollers","statim","stips","vestigium","auctus","cogito","compono","qui","talus","tabula","comis","defetiscor","patria","cetera"]','2025-07-19 05:17:57.389 +00:00','2025-07-19 05:17:57.389 +00:00',NULL),(221,NULL,'[]','chroma-environment','chroma-environment_json','75268388461378623860100275','[{"userId":"22622413246920135196202590","workDone":"eligendi"}]','thymbra pel chroma-environment chroma-environment_json','This is a test asset of type chroma-environment and format chroma-environment_json.\nCalculus absum bis depereo thalassinus decerno repellendus. Tabgo calco artificiose textor vicissitudo tollo sophismata deputo eum. Autem claro delego venia ait facilis.','cc0-1.0',NULL,NULL,'afcfe1f6bec2bb25dcab52f3c360e8acdc4e100f',405253,'["icon8.webp","icon1.png"]','approved','[]','["maxime","adficio","astrum","deinde","copia","tepesco","patria","dolores","aggredior","cetera","dignissimos","custodia","tabula","consuasor","corroboro","qui","cruentus","statim","sint","tametsi"]','2025-07-19 05:17:54.506 +00:00','2025-07-19 05:17:54.506 +00:00',NULL),(342,NULL,'[]','note','note_cyoob','22622413246920135196202590','[{"userId":"58356087009134339486709013","workDone":"laboriosam"}]','desolo caries note note_cyoob','This is a test asset of type note and format note_cyoob.\nAntepono aestus tandem. Aliquid volva stabilis compono sophismata dolor decipio. Omnis provident vinculum tabula soluta id coruscus damnatio crur.','cc0-1.0',NULL,NULL,'aaabab6ba4b65bc1f70bca0a3dc6c4dd38f4a92e',117318,'["icon7.gif"]','pending','[]','["soleo","deinde","adficio","demens","cruentus","sollers","titulus","cetera","cogito"]','2025-07-19 05:17:55.263 +00:00','2025-07-19 05:17:55.263 +00:00',NULL),(463,'4536424444','[]','counters-plus-config','counters-plus-config_json','22622413246920135196202590','[{"userId":"75268388461378623860100275","workDone":"bos"}]','aqua ait counters-plus-config counters-plus-config_json','This is a test asset of type counters-plus-config and format counters-plus-config_json.\nAmplexus urbanus sollicito aestas vinitor expedita deorsum. Conscendo asperiores articulus. Sperno addo peccatus turbo aufero comburo caput universe magni cattus.','cc0-1.0',NULL,NULL,'5903fb2ea3a331c57c32373babaa18600b4ce5db',941632,'["icon3.gif","icon1.png"]','private','[]','["dolores","velit","compono","adficio","circumvenio","tepesco","talus","cavus","corona","iste","tametsi","cetera","vulnus","astrum","argumentum","custodia","consuasor","statim","sollers","comis","utor","deinde"]','2025-07-19 05:17:55.985 +00:00','2025-07-19 05:17:55.985 +00:00',NULL),(584,'5261988042','[]','wall','wall_box','58356087009134339486709013','[{"userId":"75268388461378623860100275","workDone":"vita debitis uredo"}]','contra cogo wall wall_box','This is a test asset of type wall and format wall_box.\nSpiritus defaeco virtus molestiae decor eaque. Campana eum cunae tandem illum adstringo degero. Carmen aqua calculus quaerat asporto teres atavus admoveo tubineus.','cc0-1.0',NULL,NULL,'fafe3b5d76b3e024ff239d4fc71e7b00d39e011e',536281,'["icon3.gif","icon2.jpg"]','approved','[]','["tergo","utor","qui","titulus","iste","stips","error","talus","sint","dignissimos","compono","statim","sollers","soleo","patria","corona","astrum","maxime","aggredior","coniecto","cavus","consuasor","tepesco","corrumpo","tabula","sufficio","cogito","totus","cruentus","vulnus","tergiversatio","dolores","defetiscor","deinde","adficio","corroboro","corona","argumentum","cetera","nesciunt","demens","circumvenio","copia","velit","vestigium","tametsi"]','2025-07-19 05:17:56.714 +00:00','2025-07-19 05:17:56.714 +00:00',NULL),(111,'3663171839','[]','counters-plus-config','counters-plus-config_json','69421939382193957240267878','[{"userId":"50858482726800324902532806","workDone":"sordeo coepi totus"}]','tristis ulterius counters-plus-config counters-plus-config_json','This is a test asset of type counters-plus-config and format counters-plus-config_json.\nTerrito rerum cursus censura vulticulus sono stillicidium consuasor. Auxilium vulgo depulso demo conitor solitudo suus tantillus canto sophismata. Vulgus blanditiis vicinus.','cc0-1.0',NULL,NULL,'2c7efa725de9dad4e2f361b0ed817e6de247a1bf',476977,'["icon6.jpg","icon7.gif","icon1.png","icon8.webp"]','rejected','[]','["patria","cruentus","compono","cavus","cogito","copia","stips","vestigium","corona","tametsi","tepesco","aggredior","consuasor","tergiversatio","statim","sint","vulnus","totus","soleo","qui","defetiscor","utor","velit","coniecto","astrum","corona","talus","tabula","argumentum","nesciunt","corroboro","comis","sollers","dignissimos","error","error","corrumpo","custodia","iste","demens","tergo","titulus","sufficio","maxime","circumvenio","cetera","auctus","deinde","dolores","adficio"]','2025-07-19 05:17:53.749 +00:00','2025-07-19 05:17:53.749 +00:00',NULL),(232,'8848441716','[]','wall','wall_box','75268388461378623860100275','[{"userId":"19519326909700251631815791","workDone":"auctus bene similique"}]','accusator rerum wall wall_box','This is a test asset of type wall and format wall_box.\nDefaeco cresco tepidus articulus auditor bardus aegre odit. Quas aperte trans tersus. Vaco contigo vivo somnus soleo pectus enim vere.','cc0-1.0',NULL,NULL,'b34ccb180abbdf8ef8a03bbdcb8babf429d094d7',546720,'["icon5.png","icon7.gif"]','private','[]','["totus","tametsi","error","corroboro","coniecto","talus","sint","stips","circumvenio","patria","maxime","tergo","sollers","nesciunt","vulnus","deinde","titulus","aggredior","cetera","cruentus","cogito","qui","statim","comis","corrumpo","astrum","tabula","iste","consuasor","custodia","demens","vestigium","sufficio","compono","corona","auctus"]','2025-07-19 05:17:54.572 +00:00','2025-07-19 05:17:54.572 +00:00',NULL),(353,'0068731165','[]','avatar','avatar_avatar','22622413246920135196202590','[{"userId":"19519326909700251631815791","workDone":"dicta"}]','certe nostrum avatar avatar_avatar','This is a test asset of type avatar and format avatar_avatar.\nDecimus calculus cognomen beatae accusamus autem delibero deserunt. Clarus apud somnus. Sublime sapiente ciminatio tam civis vinculum cena arx.','cc0-1.0',NULL,NULL,'aba1bcb5a9cdfa22cb102f83e1cdf264f11cdc1f',28738,'["icon2.jpg","icon4.webp","icon5.png","icon8.webp","icon3.gif"]','rejected','[]','["adficio","qui","sint","tabula","totus","velit","error","vulnus","vestigium","dolores","astrum","maxime","tepesco","talus","iste","copia","nesciunt","argumentum","statim","sufficio","deinde","stips","tametsi","titulus","consuasor","cetera","utor","circumvenio","cruentus","corroboro"]','2025-07-19 05:17:55.325 +00:00','2025-07-19 05:17:55.325 +00:00',NULL),(474,NULL,'[]','sound','sound_ogg','22622413246920135196202590','[{"userId":"19519326909700251631815791","workDone":"videlicet absorbeo tametsi"}]','adulatio totus sound sound_ogg','This is a test asset of type sound and format sound_ogg.\nRepellat angelus eum vindico absque deporto currus barba quidem thymbra. Certus advoco amicitia amaritudo suadeo depono cariosus calcar apud. Cultellus adeo apostolus conor usus despecto dolore stabilis.','cc0-1.0',NULL,NULL,'2a4ba5fdb3bde3caee0342cdcbfbb6ada8467c7c',974397,'["icon8.webp","icon5.png","icon6.jpg"]','pending','[]','["cavus","totus","corona","statim","nesciunt","cetera","utor","vulnus","maxime","astrum","patria","talus","dignissimos","corroboro","copia","aggredior","tergo","soleo","tabula","argumentum","tepesco","consuasor","vestigium","dolores","circumvenio","corrumpo","auctus","sollers","error","defetiscor","demens","velit","qui","adficio","compono","corona","cogito","error","comis","cruentus","sufficio","deinde","coniecto","titulus","tametsi","sint","tergiversatio","iste"]','2025-07-19 05:17:56.045 +00:00','2025-07-19 05:17:56.045 +00:00',NULL),(595,NULL,'[]','saber','saber_saber','58356087009134339486709013','[{"userId":"22622413246920135196202590","workDone":"termes unde"}]','adipisci accusator saber saber_saber','This is a test asset of type saber and format saber_saber.\nComes appositus verbera studio commemoro celebrer beatus blanditiis amissio appono. Ratione solvo argumentum suppellex crustulum capio depereo absum canto dens. Terra sordeo vitiosus.','cc0-1.0',NULL,NULL,'d89acc5de78b71e4a3ad1d7aa54a734fddaff936',765296,'["icon8.webp","icon1.png","icon3.gif","icon6.jpg"]','approved','[]','["auctus","adficio","corona","velit","dolores","corroboro","totus","vestigium","argumentum","tametsi","titulus","qui"]','2025-07-19 05:17:56.778 +00:00','2025-07-19 05:17:56.778 +00:00',NULL),(122,NULL,'[]','sound','sound_ogg','69421939382193957240267878','[{"userId":"50858482726800324902532806","workDone":"decet solus demo"}]','venio contego sound sound_ogg','This is a test asset of type sound and format sound_ogg.\nPax cursim ustulo tenetur clarus nobis cognomen celo voluptatem. Suppono peccatus varius porro adversus vitiosus tempora aurum ubi. Cura timor veritatis umerus suppellex credo stultus.','cc0-1.0',NULL,NULL,'d1082d334e2b429933ebc6d4f29cdba2a87a8fb1',886053,'["icon5.png","icon2.jpg","icon8.webp"]','pending','[]','["iste","cogito","corrumpo","custodia","soleo","consuasor","totus","utor","aggredior","copia","comis","titulus","sufficio","dignissimos","vestigium","tametsi","demens","patria","deinde","stips","corona","error","tergo","astrum","corroboro","sint","cavus","auctus","tergiversatio","sollers","argumentum","velit","dolores","maxime","nesciunt","qui","adficio","tepesco","corona","circumvenio"]','2025-07-19 05:17:53.819 +00:00','2025-07-19 05:17:53.819 +00:00',NULL),(243,NULL,'[]','saber','saber_saber','75268388461378623860100275','[{"userId":"58356087009134339486709013","workDone":"comburo"}]','deleniti tredecim saber saber_saber','This is a test asset of type saber and format saber_saber.\nDepromo tabella demoror surgo alias decretum abscido. Nemo barba capitulus a clementia. Copia caute velit apostolus.','cc0-1.0',NULL,NULL,'6a73baf87bf1cda7ccfc887587e5ff4dfecdab7e',920774,'["icon5.png","icon1.png","icon6.jpg"]','rejected','[]','["cavus","compono","error","sollers","tametsi","comis","coniecto","cruentus","consuasor","demens","qui","circumvenio","sint","tepesco","sufficio","talus","stips","adficio","corrumpo","tergiversatio","dignissimos","iste","vestigium","titulus","argumentum","auctus","maxime","statim","cetera","defetiscor","deinde","soleo","velit","aggredior","astrum","totus","corona","tabula","cogito","tergo","copia","dolores","nesciunt","patria","custodia","vulnus","corroboro"]','2025-07-19 05:17:54.644 +00:00','2025-07-19 05:17:54.644 +00:00',NULL),(364,'1251028057','[]','banner','banner_png','22622413246920135196202590','[{"userId":"69421939382193957240267878","workDone":"cunabula"}]','vallum thymum banner banner_png','This is a test asset of type banner and format banner_png.\nAdhaero cumque turba amiculum facilis. Terga consequatur expedita paens turpis crustulum aegrus comprehendo. Ventus agnitio surgo conqueror arbustum appono crapula.','cc0-1.0',NULL,NULL,'5b19ba4cd5d1d02d9535ce48bca244e6b098e360',931032,'["icon7.gif","icon5.png","icon2.jpg","icon6.jpg","icon4.webp"]','rejected','[]','["cavus","astrum","talus","qui","sint","stips","corona","adficio","statim","utor","corrumpo","cetera","titulus","compono","tergo","cogito","copia","sollers","tametsi","tergiversatio","iste","deinde","consuasor","coniecto","dolores","corona","argumentum","totus","sufficio","custodia","error","velit","error","cruentus","dignissimos","comis","corroboro","vulnus","tepesco","maxime","patria","tabula","auctus","vestigium","defetiscor","nesciunt","aggredior","demens","soleo","circumvenio"]','2025-07-19 05:17:55.385 +00:00','2025-07-19 05:17:55.385 +00:00',NULL),(485,'6661201976','[]','note','note_bloq','58356087009134339486709013','[{"userId":"19519326909700251631815791","workDone":"demulceo conventus"}]','debeo dedecor note note_bloq','This is a test asset of type note and format note_bloq.\nSubito campana thema attero arx acceptus voco ventosus vomica. Caelestis audeo depopulo vulariter accusantium commemoro aperte undique. Nam voluptatum vix.','cc0-1.0',NULL,NULL,'eeb004e9d1b7d1b87b0eee9f83800adb87fb88f4',927834,'["icon1.png","icon6.jpg","icon3.gif"]','rejected','[]','["sufficio","maxime","corroboro","aggredior","corona","adficio","utor","iste","coniecto","deinde","nesciunt","cetera","corona","argumentum","talus","comis","circumvenio","tametsi","copia","tabula","compono","defetiscor","vestigium","velit","dolores","cruentus","statim","error","demens","stips","corrumpo","patria","consuasor","soleo","totus","astrum"]','2025-07-19 05:17:56.151 +00:00','2025-07-19 05:17:56.151 +00:00',NULL),(133,'2763828188','[]','note','note_bloq','69421939382193957240267878','[{"userId":"22622413246920135196202590","workDone":"altus velum"}]','autus volaticus note note_bloq','This is a test asset of type note and format note_bloq.\nCognatus cito tredecim. Talus terror depulso tunc temporibus depraedor crudelis. Aetas temperantia voveo dedecor coma tergiversatio accedo decor curatio pecco.','cc0-1.0',NULL,NULL,'9d863cddcab2cf123bda77f1c9fda0514b06af0f',767747,'["icon2.jpg","icon3.gif","icon4.webp"]','rejected','[]','["tergo","utor","vulnus","consuasor","error","sollers","corroboro","dolores","copia","coniecto","tepesco","titulus","circumvenio","corona","cavus","vestigium","cruentus","tergiversatio","compono","patria"]','2025-07-19 05:17:53.892 +00:00','2025-07-19 05:17:53.892 +00:00',NULL),(254,NULL,'[]','camera2-config','camera2-config_json','75268388461378623860100275','[{"userId":"19519326909700251631815791","workDone":"trepide consuasor"}]','terebro excepturi camera2-config camera2-config_json','This is a test asset of type camera2-config and format camera2-config_json.\nIpsa alias depromo. Adinventitias amicitia depulso terminatio. Tunc concido sol agnosco.','cc0-1.0',NULL,NULL,'d2caa9d0e1f8ad049bce80ab3ac8cd6c84714076',723838,'["icon6.jpg","icon7.gif","icon2.jpg","icon4.webp","icon3.gif"]','private','[]','["stips","maxime","circumvenio","copia","cruentus","demens","talus","corona","nesciunt","defetiscor","corroboro","compono","consuasor","corona","qui","soleo","auctus"]','2025-07-19 05:17:54.713 +00:00','2025-07-19 05:17:54.713 +00:00',NULL),(375,NULL,'[]','wall','wall_pixie','22622413246920135196202590','[{"userId":"58356087009134339486709013","workDone":"et amicitia"}]','dedecor degusto wall wall_pixie','This is a test asset of type wall and format wall_pixie.\nCilicium desparatus ullus appositus. Constans eum verbera iure distinctio sed quas conor exercitationem pecus. Curriculum temporibus vilis antiquus bonus.','cc0-1.0',NULL,NULL,'78ee5efb3a5272bb4e5cdf13fa9dfedbdf99a70c',385437,'["icon8.webp","icon3.gif"]','rejected','[]','["patria","maxime","custodia"]','2025-07-19 05:17:55.445 +00:00','2025-07-19 05:17:55.445 +00:00',NULL),(496,'7461651937','[]','hitscorevisualizer-config','hitscorevisualizer-config_json','58356087009134339486709013','[{"userId":"50858482726800324902532806","workDone":"totus"}]','recusandae deprecator hitscorevisualizer-config hitscorevisualizer-config_json','This is a test asset of type hitscorevisualizer-config and format hitscorevisualizer-config_json.\nAvaritia aufero pel ocer basium odio suggero. Caput depulso adfero certus spes anser. Minus adfero cognatus vomito accusator recusandae umerus cognomen tripudio.','cc0-1.0',NULL,NULL,'0a65cdcdacf1a6334bdaa4fcfc9e0c31fc2ac566',52336,'["icon6.jpg"]','private','[]','["nesciunt","error","tergo","corrumpo","cogito","vestigium","sollers","argumentum","dolores","tabula","stips","vulnus","talus","iste","totus","compono","maxime","comis","corroboro","demens","custodia","velit","copia","patria","corona","deinde","titulus","aggredior"]','2025-07-19 05:17:56.219 +00:00','2025-07-19 05:17:56.219 +00:00',NULL),(144,'1735037561','[]','hitscorevisualizer-config','hitscorevisualizer-config_json','69421939382193957240267878','[{"userId":"22622413246920135196202590","workDone":"desino veritatis deinde"}]','patior timor hitscorevisualizer-config hitscorevisualizer-config_json','This is a test asset of type hitscorevisualizer-config and format hitscorevisualizer-config_json.\nAmplexus tyrannus coniecto apto defungo. Sequi adficio anser avarus laborum tactus. Tergo vigor aedificium conturbo dolor.','cc0-1.0',NULL,NULL,'d1d1e400ea231d50ae1ac655a85efa0ba5a99765',853028,'["icon5.png"]','private','[]','["patria","error","error","corona","cetera","stips","consuasor","cavus","coniecto","tergo","defetiscor","vestigium","soleo","custodia","cogito","titulus","dolores","qui","tergiversatio","compono","demens","velit","dignissimos","tabula","vulnus","adficio"]','2025-07-19 05:17:53.968 +00:00','2025-07-19 05:17:53.968 +00:00',NULL),(265,'7068214744','[]','health-bar','health-bar_energy','75268388461378623860100275','[{"userId":"19519326909700251631815791","workDone":"canto agnitio aureus"}]','bestia utpote health-bar health-bar_energy','This is a test asset of type health-bar and format health-bar_energy.\nClaro volaticus conturbo peccatus dapifer itaque vomica conturbo voveo accusantium. Rem demum damnatio velit demens eaque cubicularis pauper corrumpo aureus. In aliquid templum vomito beatae civitas.','cc0-1.0',NULL,NULL,'9c4f3b8d0a58655298c0c988cfdb05cc7de2c8a9',260032,'["icon4.webp","icon1.png"]','private','[]','["sint","corrumpo","corroboro","coniecto","nesciunt","patria","cruentus","corona","cogito","titulus","error","sufficio","utor","argumentum","qui","compono","copia","adficio","vestigium","defetiscor","circumvenio","iste","astrum","comis","tabula","tepesco","tametsi","dignissimos","maxime","vulnus","soleo","aggredior","talus","consuasor","deinde","sollers","velit","error","auctus","cetera","custodia","tergo","demens","cavus","corona","stips","tergiversatio"]','2025-07-19 05:17:54.781 +00:00','2025-07-19 05:17:54.781 +00:00',NULL),(386,'3196276675','[]','saber','saber_wacker','22622413246920135196202590','[{"userId":"58356087009134339486709013","workDone":"caterva cattus stillicidium"}]','crinis inflammatio saber saber_wacker','This is a test asset of type saber and format saber_wacker.\nVerecundia speculum consequatur. Vesica depopulo voluptatibus maiores perferendis comparo aequitas conduco centum teneo. Substantia cognomen tracto angustus thesis vehemens curso quaerat suggero caste.','cc0-1.0',NULL,NULL,'bb7ca2b3df35ab189b91b638bdd5c5a1eacbf217',720148,'["icon3.gif","icon7.gif","icon6.jpg"]','approved','[]','["dignissimos","qui","argumentum","corona","tergiversatio","soleo","astrum","coniecto","cruentus","cogito","iste","tergo","copia"]','2025-07-19 05:17:55.507 +00:00','2025-07-19 05:17:55.507 +00:00',NULL),(155,NULL,'[]','sound','sound_mp3','69421939382193957240267878','[{"userId":"22622413246920135196202590","workDone":"vita valetudo"}]','coepi tergum sound sound_mp3','This is a test asset of type sound and format sound_mp3.\nCuratio calculus appello maiores velut corroboro alveus. Pecco fugiat concedo benigne spero suspendo. Perferendis substantia cotidie aveho vinum.','cc0-1.0',NULL,NULL,'0cceffd15f1edf7d3edcd6faa80dde36edca6eed',213514,'["icon2.jpg","icon3.gif","icon7.gif","icon1.png"]','rejected','[]','["error","defetiscor","sint","cruentus","cetera","sollers","dolores","corroboro","sufficio","compono","nesciunt","vulnus","error","consuasor","talus","statim","cogito","tergiversatio","corona","vestigium","cavus","tergo","adficio","tabula","comis","deinde","utor","totus","maxime","stips","patria","corona","astrum","corrumpo","demens","custodia"]','2025-07-19 05:17:54.044 +00:00','2025-07-19 05:17:54.044 +00:00',NULL),(276,NULL,'[]','platform','platform_plat','75268388461378623860100275','[{"userId":"50858482726800324902532806","workDone":"terror adiuvo"}]','adamo ater platform platform_plat','This is a test asset of type platform and format platform_plat.\nAdvoco vulgaris quas aperte terra vilitas armarium aestus demoror. Ullam dolor cruentus tantillus cupiditas cras carcer. Nemo ver volva quidem vomica doloremque explicabo blandior.','cc0-1.0',NULL,NULL,'bbdaeb17f3eb8dd1acb9c454aed51f4baeda8a43',958148,'["icon7.gif"]','private','[]','["astrum","adficio","corroboro","tergo","sufficio","demens","corona","cogito","statim","tepesco","corona","tametsi","nesciunt","dolores","circumvenio","cavus","totus","comis","velit","iste","corrumpo","vulnus","consuasor","auctus","cruentus","vestigium","qui","utor","soleo","titulus","dignissimos","aggredior","coniecto","stips","deinde","error","sint","error","talus","tergiversatio","cetera","patria","sollers"]','2025-07-19 05:17:54.851 +00:00','2025-07-19 05:17:54.851 +00:00',NULL),(397,'2672458429','[]','chroma-environment','chroma-environment_json','22622413246920135196202590','[{"userId":"19519326909700251631815791","workDone":"labore"}]','traho spes chroma-environment chroma-environment_json','This is a test asset of type chroma-environment and format chroma-environment_json.\nVix usitas consuasor varietas conicio adversus laboriosam voluptate spes tamen. Placeat absconditus laudantium tripudio. Pecus desidero volaticus terminatio.','cc0-1.0',NULL,NULL,'de8b0d4e59f8bbaeb06e5f121a8fdad9f5efab7f',925399,'["icon5.png","icon1.png","icon8.webp"]','private','[]','["cavus","titulus","coniecto","dolores","corona","defetiscor","qui","corona","circumvenio","sollers","custodia","error","aggredior","velit","corroboro","tametsi","consuasor","nesciunt","copia","auctus","tergo","patria","vestigium","adficio","soleo","cruentus","cetera","utor","dignissimos","comis","statim","sufficio","demens","tabula","maxime","argumentum","talus","sint","tepesco","tergiversatio"]','2025-07-19 05:17:55.577 +00:00','2025-07-19 05:17:55.577 +00:00',NULL),(166,'8443397550','[]','note','note_cyoob','75268388461378623860100275','[{"userId":"50858482726800324902532806","workDone":"aliquid crepusculum vigor"}]','arcus abduco note note_cyoob','This is a test asset of type note and format note_cyoob.\nDeserunt taceo adsuesco clementia triduana pecus. Sursum cultura tametsi vero tum certus tracto antepono. Curia accusamus callide crur cohibeo triduana creo terminatio succurro sufficio.','cc0-1.0',NULL,NULL,'2af181f578eef27d481efd1b8e1101b6cdb6f8cb',298219,'["icon5.png","icon2.jpg","icon4.webp","icon6.jpg"]','pending','[]','["tametsi","statim","velit","iste","soleo","defetiscor"]','2025-07-19 05:17:54.148 +00:00','2025-07-19 05:17:54.148 +00:00',NULL),(287,NULL,'[]','counters-plus-config','counters-plus-config_json','75268388461378623860100275','[{"userId":"50858482726800324902532806","workDone":"volaticus"}]','cinis cometes counters-plus-config counters-plus-config_json','This is a test asset of type counters-plus-config and format counters-plus-config_json.\nSolutio necessitatibus atqui crustulum tyrannus audeo explicabo audax vulgivagus. Ascisco ultra libero theologus. Allatus victoria pecto coaegresco stabilis decens curiositas argumentum.','cc0-1.0',NULL,NULL,'686ad81dddb2f26c74c0756fe2faab9b86f09cc5',929874,'["icon6.jpg","icon8.webp","icon1.png","icon5.png"]','pending','[]','["iste","cogito","tametsi","tepesco","demens","sint","nesciunt","vulnus","talus","coniecto","cruentus","vestigium","corona","statim","tergo","utor","comis","corrumpo","auctus","sufficio","corona","copia","aggredior","circumvenio","soleo","titulus","cavus","stips","custodia","sollers","totus","compono","deinde","dolores","tabula","velit","astrum","consuasor","dignissimos","defetiscor","error","corroboro","qui"]','2025-07-19 05:17:54.912 +00:00','2025-07-19 05:17:54.912 +00:00',NULL),(178,NULL,'[]','saber','saber_wacker','75268388461378623860100275','[{"userId":"58356087009134339486709013","workDone":"artificiose"}]','capillus aequitas saber saber_wacker','This is a test asset of type saber and format saber_wacker.\nAger trepide appono pectus triduana stillicidium antiquus voluptatem molestias arx. Video ratione tam quibusdam vox. Stillicidium sursum libero cicuta.','cc0-1.0',NULL,NULL,'ecb1891eecac7e3cde32ae03619aefe452bdee1f',425713,'["icon5.png","icon8.webp","icon2.jpg"]','rejected','[]','["circumvenio","demens","maxime","tergiversatio","stips","statim","error","dolores","tabula","astrum"]','2025-07-19 05:17:54.234 +00:00','2025-07-19 05:17:54.234 +00:00',NULL),(299,'9005712778','[]','sound','sound_mp3','75268388461378623860100275','[{"userId":"22622413246920135196202590","workDone":"alter tabgo caste"}]','ex arma sound sound_mp3','This is a test asset of type sound and format sound_mp3.\nAdfectus tempora beneficium. Traho bardus tum absens capio absque venia. Ver sollers vinitor pauci caste cogo quod repellat cibus.','cc0-1.0',NULL,NULL,'9801dbb8becbe3afaabf69ba6e8d68a56d7cb7ed',228211,'["icon6.jpg"]','private','[]','["circumvenio","defetiscor","copia","corrumpo","auctus","iste","comis","talus","vestigium","sint","custodia","coniecto","corroboro","tergiversatio","demens","deinde","corona","adficio","argumentum","stips","dignissimos","velit","cetera","cogito","tametsi","astrum","error","vulnus","cavus","tepesco","aggredior","cruentus","totus","soleo","tergo"]','2025-07-19 05:17:54.979 +00:00','2025-07-19 05:17:54.979 +00:00',NULL),(189,NULL,'[]','chroma-environment','chroma-environment_json','75268388461378623860100275','[{"userId":"69421939382193957240267878","workDone":"usitas vergo amplitudo"}]','comes saepe chroma-environment chroma-environment_json','This is a test asset of type chroma-environment and format chroma-environment_json.\nPossimus carus eius at cuius audentia deputo vulariter toties. In recusandae unus vestrum cunae velociter adulescens voluptatem terebro certe. Ventus suffoco ultra suasoria trans crebro minima ventosus verus usus.','cc0-1.0',NULL,NULL,'ae4f021c39e1eb0fee1bca3bbaa3f89ee0f3c9fe',222479,'["icon4.webp","icon6.jpg"]','rejected','[]','["tametsi","corrumpo","comis","sufficio","tepesco","coniecto","tergiversatio","demens","cogito","talus","astrum","argumentum","vulnus","stips","cruentus","cavus","velit","deinde","qui","custodia","corroboro","compono","tabula"]','2025-07-19 05:17:54.308 +00:00','2025-07-19 05:17:54.308 +00:00',NULL),(200,'2921574305','[]','wall','wall_box','75268388461378623860100275','[{"userId":"19519326909700251631815791","workDone":"adamo ceno volubilis"}]','contigo averto wall wall_box','This is a test asset of type wall and format wall_box.\nCorroboro trans possimus vester cogito. Stabilis corporis colligo tempus sodalitas consuasor depulso. Universe comedo adficio mollitia tibi adsuesco vindico delectatio deripio.','cc0-1.0',NULL,NULL,'db3d7dc658b4f9aa1c6fcc33ce9cd4bfd5a68a49',650528,'["icon3.gif","icon5.png"]','pending','[]','["utor","auctus","iste","vestigium","statim","dignissimos","tabula","titulus","cruentus","compono","tepesco","error","adficio","sufficio","talus","defetiscor","totus","aggredior","copia","dolores","vulnus","demens","qui","astrum","tergo","velit","cogito","corroboro","circumvenio","cavus","sollers","tergiversatio"]','2025-07-19 05:17:54.377 +00:00','2025-07-19 05:17:54.377 +00:00',NULL),(71,'3533116560','[]','wall','wall_pixie','69421939382193957240267878','[{"userId":"19519326909700251631815791","workDone":"mollitia"}]','libero arbitro wall wall_pixie','This is a test asset of type wall and format wall_pixie.\nAurum terminatio solio vulariter. Animi confero esse decor nulla teneo. Vacuus nisi ocer anser tergo urbanus conculco.','cc0-1.0',NULL,NULL,'d4bcaa8e60fa983b59ed9edcbca6cc9770ff9cca',914721,'["icon8.webp"]','approved','[]','["nesciunt","tabula","demens","auctus","cruentus","titulus","vulnus","sufficio","utor","copia","cavus","astrum","tametsi","sollers","soleo","corroboro","talus","aggredior","deinde","compono","defetiscor","dolores","corona","comis","tepesco","argumentum","tergiversatio","corrumpo","totus","consuasor","cogito","cetera","coniecto","velit","error","dignissimos","statim","iste","maxime","adficio","sint","error","tergo","custodia","corona","stips","qui","circumvenio"]','2025-07-19 05:17:53.497 +00:00','2025-07-19 05:17:53.497 +00:00',NULL),(82,NULL,'[]','saber','saber_wacker','69421939382193957240267878','[{"userId":"75268388461378623860100275","workDone":"consuasor umquam arca"}]','surculus dolor saber saber_wacker','This is a test asset of type saber and format saber_wacker.\nCaput nostrum facere. Cado custodia ustulo commodi dolore baiulus crux cubo somniculosus demum. Distinctio correptius deleo vulgo pecto.','cc0-1.0',NULL,NULL,'16553ecdadfe514af5ecb942d26bff8abdf0f9fe',842064,'["icon1.png","icon5.png","icon8.webp"]','rejected','[]','["coniecto","defetiscor","error","auctus","aggredior","corrumpo","maxime","corona","astrum","titulus","totus","qui","cetera"]','2025-07-19 05:17:53.572 +00:00','2025-07-19 05:17:53.572 +00:00',NULL),(93,NULL,'[]','chroma-environment','chroma-environment_json','69421939382193957240267878','[{"userId":"19519326909700251631815791","workDone":"usus truculenter"}]','decens atavus chroma-environment chroma-environment_json','This is a test asset of type chroma-environment and format chroma-environment_json.\nSolutio socius texo. Cumque casus venustas solutio velum tamdiu cribro. Derideo arto cupiditas.','cc0-1.0',NULL,NULL,'f70469d65bd297a67decf2dacf70b4ea1b1526e5',575038,'["icon6.jpg","icon8.webp","icon3.gif"]','approved','[]','["statim","corona","tepesco","patria","compono","error","deinde","sint","totus","demens","tergiversatio","dolores","adficio","maxime","corona","argumentum","sufficio"]','2025-07-19 05:17:53.639 +00:00','2025-07-19 05:17:53.639 +00:00',NULL),(871,'1772020888','[]','wall','wall_pixie','19519326909700251631815791','[{"userId":"58356087009134339486709013","workDone":"exercitationem"}]','statim aequitas wall wall_pixie','This is a test asset of type wall and format wall_pixie.\nCompello cruentus patior valens. Cogito eos vomer. Magnam accendo amaritudo adfectus unus summa aequitas aer.','cc0-1.0',NULL,NULL,'7e87286a7bce94c92cb52551bda3ba9767e2b809',457619,'["icon3.gif"]','approved','[]','["nesciunt","deinde","cruentus","consuasor","corrumpo","qui","utor","dolores","velit","tametsi","soleo","totus","tergiversatio","patria","cavus","comis","maxime","aggredior","adficio","tabula","argumentum","talus","corona","compono","custodia","auctus","astrum","statim","error","sint","tergo","sufficio","cogito","tepesco","titulus"]','2025-07-19 05:17:58.439 +00:00','2025-07-19 05:17:58.439 +00:00',NULL),(882,NULL,'[]','saber','saber_wacker','19519326909700251631815791','[{"userId":"50858482726800324902532806","workDone":"valetudo anser sublime"}]','virga calculus saber saber_wacker','This is a test asset of type saber and format saber_wacker.\nConsequatur absum tracto convoco maxime conturbo. Tergum contra crapula error varietas conventus tam coruscus truculenter delibero. Bellicus voro tres utor ulciscor verus confugo sonitus depromo usus.','cc0-1.0',NULL,NULL,'0147f73cc18d9d66d935ea4cea7da4abb0cebdb0',286509,'["icon7.gif"]','private','[]','["sufficio","defetiscor","auctus","sollers","compono","cruentus","astrum","copia"]','2025-07-19 05:17:58.507 +00:00','2025-07-19 05:17:58.507 +00:00',NULL),(2,'9081974664','[]','saber','saber_wacker','69421939382193957240267878','[{"userId":"22622413246920135196202590","workDone":"patruus"}]','curatio sumptus saber saber_wacker','This is a test asset of type saber and format saber_wacker.\nVinitor spargo deleo veritas venustas summopere cometes voco. Virtus capto caute vergo patruus amissio totidem cresco adfectus. Creber uter censura avaritia vinitor crinis reiciendis.','cc0-1.0',NULL,NULL,'f70dc67ad487b1acb5a5e79bfd9fd04d8cf6dc6c',214107,'["icon6.jpg","icon8.webp","icon5.png","icon2.jpg","icon1.png"]','approved','[]','["soleo","astrum","nesciunt","dignissimos","vestigium","talus","tepesco","aggredior","sint","comis","custodia","iste","velit","auctus","consuasor"]','2025-07-19 05:17:52.992 +00:00','2025-07-19 05:17:52.992 +00:00',NULL),(761,NULL,'[]','health-bar','health-bar_energy','50858482726800324902532806','[{"userId":"58356087009134339486709013","workDone":"ea corrumpo incidunt"}]','cogito sapiente health-bar health-bar_energy','This is a test asset of type health-bar and format health-bar_energy.\nAspicio maxime amor audacia cito facere. Cupiditas alo calco aequitas animus deorsum tyrannus fuga cilicium corrumpo. Comprehendo vociferor tardus carus solio bibo.','cc0-1.0',NULL,NULL,'f86d1ec12ec3d1ed8a38f2a020c83ded0cf05b2b',916793,'["icon6.jpg"]','approved','[]','["vulnus","custodia","error","tepesco","argumentum","auctus","tergiversatio","circumvenio","coniecto","talus","velit","sint","titulus","demens","corona","sollers","totus","sufficio","cetera","tabula","copia","comis","astrum","statim","dignissimos"]','2025-07-19 05:17:57.772 +00:00','2025-07-19 05:17:57.772 +00:00',NULL),(893,NULL,'[]','chroma-environment','chroma-environment_json','19519326909700251631815791','[{"userId":"69421939382193957240267878","workDone":"vacuus voro"}]','voro calculus chroma-environment chroma-environment_json','This is a test asset of type chroma-environment and format chroma-environment_json.\nUsque caste dolore bonus annus a defleo. Beatae advoco certus cernuus. Atrocitas valetudo surculus verus congregatio dedico ars deripio debitis.','cc0-1.0',NULL,NULL,'0ce5af1092d6c7c3b181bc4bafe047ddd9f4ab5d',672997,'["icon5.png","icon8.webp","icon6.jpg"]','approved','[]','["tergiversatio","consuasor","talus","stips","utor","custodia","dolores","corona","sollers","velit","cetera","vestigium","patria","iste","corrumpo","adficio","soleo","error","corona","aggredior","tabula","argumentum","qui","error","statim","maxime","copia","sufficio","astrum","circumvenio","auctus","vulnus","nesciunt","deinde","comis","cruentus","cavus","tergo"]','2025-07-19 05:17:58.570 +00:00','2025-07-19 05:17:58.570 +00:00',NULL),(651,'1494327428','[]','sound','sound_mp3','50858482726800324902532806','[{"userId":"69421939382193957240267878","workDone":"campana varietas"}]','incidunt perspiciatis sound sound_mp3','This is a test asset of type sound and format sound_mp3.\nVeritatis amicitia auxilium. Talus vitae celer cultura itaque cunabula tepesco capto. Atqui apto nihil desino vel libero chirographum allatus auctus.','cc0-1.0',NULL,NULL,'8ccdd8d37efba6480ece6d5cb42ac164bae3df3e',713648,'["icon5.png","icon3.gif","icon1.png","icon8.webp","icon4.webp"]','rejected','[]','["error","qui","totus","circumvenio","vulnus","tametsi","patria","iste","adficio","cogito","cavus","titulus","aggredior","deinde","corroboro","nesciunt","demens","copia","compono","comis","corona","tergo","tepesco","custodia","error","sint","sollers"]','2025-07-19 05:17:57.146 +00:00','2025-07-19 05:17:57.146 +00:00',NULL),(772,'5642735381','[]','platform','platform_plat','50858482726800324902532806','[{"userId":"75268388461378623860100275","workDone":"comedo carus"}]','auctor villa platform platform_plat','This is a test asset of type platform and format platform_plat.\nNatus coniecto sumptus trans totus. Utroque valde debilito casso comedo vigor. Quidem bos auxilium aliquid distinctio possimus vindico delectatio debilito.','cc0-1.0',NULL,NULL,'d49fed1f47a1f1ee7ea75b6ab7eb2b82c4d0c7b9',334105,'["icon8.webp"]','approved','[]','["corona","utor","demens","vulnus","comis","sollers","dignissimos","soleo","tabula","tametsi"]','2025-07-19 05:17:57.834 +00:00','2025-07-19 05:17:57.834 +00:00',NULL),(541,NULL,'[]','chroma-environment','chroma-environment_json','58356087009134339486709013','[{"userId":"75268388461378623860100275","workDone":"blandior curia"}]','tertius dicta chroma-environment chroma-environment_json','This is a test asset of type chroma-environment and format chroma-environment_json.\nVoco pauci sophismata talus capillus confido. Alveus verumtamen utor currus. Sophismata adulatio abbas comprehendo animi tribuo comburo vulariter aeneus.','cc0-1.0',NULL,NULL,'ef6bf7979d1c40e4eced9f328bf6248df1ab9acd',436445,'["icon5.png","icon4.webp","icon1.png"]','rejected','[]','["corroboro","titulus","stips","defetiscor","sint","circumvenio","vulnus","astrum","corona","patria","vestigium","cetera","custodia","tergo","sollers","velit","tepesco","error","tametsi","comis","dolores","tergiversatio","utor","cruentus","demens","cogito","deinde","dignissimos","argumentum","maxime","corona","tabula","talus","auctus","nesciunt","iste","compono"]','2025-07-19 05:17:56.471 +00:00','2025-07-19 05:17:56.471 +00:00',NULL),(662,NULL,'[]','note','note_cyoob','50858482726800324902532806','[{"userId":"19519326909700251631815791","workDone":"voluptatum cernuus hic"}]','autus tremo note note_cyoob','This is a test asset of type note and format note_cyoob.\nVociferor volva laudantium. Suffoco aranea temperantia vere voluptatem. Autus clementia decor repudiandae nam aequitas iure.','cc0-1.0',NULL,NULL,'57dfcdafc7167fdb4d373357cf9de83901e3fb9a',323704,'["icon8.webp","icon7.gif","icon3.gif","icon2.jpg"]','private','[]','["corona","iste","stips","statim","custodia","comis","tepesco","cogito","tametsi","auctus","velit","sint","sollers","aggredior","dignissimos","error","totus","corrumpo","vulnus","argumentum","sufficio","maxime","demens","patria","coniecto","corroboro","defetiscor","corona","tabula","utor","vestigium","copia","consuasor","cruentus","cavus","circumvenio","error","titulus","qui","soleo","deinde","cetera","compono","astrum","dolores","tergiversatio","nesciunt","talus"]','2025-07-19 05:17:57.210 +00:00','2025-07-19 05:17:57.210 +00:00',NULL),(783,'3361132403','[]','counters-plus-config','counters-plus-config_json','50858482726800324902532806','[{"userId":"58356087009134339486709013","workDone":"vilitas"}]','aeternus tandem counters-plus-config counters-plus-config_json','This is a test asset of type counters-plus-config and format counters-plus-config_json.\nCatena spargo curtus uxor caveo bardus ademptio. Causa derideo ultra atque canonicus correptius. Bis venio solitudo quo tres acervus tubineus demoror.','cc0-1.0',NULL,NULL,'1a4b2a712ffe93fe6b1acd2f8efdbf7ca57ddcbf',766013,'["icon6.jpg","icon8.webp","icon5.png","icon4.webp"]','private','[]','["patria","corona","dignissimos","corrumpo","aggredior","iste","error","vulnus","sint","argumentum","tabula","utor","cruentus","sufficio","defetiscor","copia","custodia","adficio","comis","maxime"]','2025-07-19 05:17:57.897 +00:00','2025-07-19 05:17:57.897 +00:00',NULL),(431,'9127795271','[]','counters-plus-config','counters-plus-config_json','22622413246920135196202590','[{"userId":"75268388461378623860100275","workDone":"trucido curatio cauda"}]','xiphias custodia counters-plus-config counters-plus-config_json','This is a test asset of type counters-plus-config and format counters-plus-config_json.\nAngulus auditor vitiosus cuius. Exercitationem quaerat stella saepe cupressus. Derideo arcus sto advoco alo ultio terror ara.','cc0-1.0',NULL,NULL,'ddd93fffeecc784d947d77dd247b571fbc15cebe',301117,'["icon3.gif","icon2.jpg","icon1.png","icon8.webp","icon5.png"]','pending','[]','["defetiscor","sollers","corona","iste","corrumpo","tabula","copia","sufficio","circumvenio","corona","totus","vestigium","stips","dignissimos","error","tergiversatio","soleo","corroboro","cetera","patria","velit","cogito","adficio","maxime","aggredior","auctus","tepesco","sint","compono","argumentum","comis"]','2025-07-19 05:17:55.783 +00:00','2025-07-19 05:17:55.783 +00:00',NULL),(552,'5058614131','[]','wall','wall_box','58356087009134339486709013','[{"userId":"75268388461378623860100275","workDone":"aduro absque aperte"}]','aeneus arbor wall wall_box','This is a test asset of type wall and format wall_box.\nArto vorax dolorem porro degusto deripio. Strenuus benigne inventore. Triumphus commodi aliquid carmen.','cc0-1.0',NULL,NULL,'1feef904debae3ddcb4355aa3c255daa469cfe26',172613,'["icon5.png","icon8.webp","icon2.jpg","icon6.jpg","icon4.webp"]','private','[]','["velit","dolores","utor","statim","vestigium","tergo","sufficio","talus","nesciunt","sollers","consuasor","tergiversatio","circumvenio","stips","corrumpo","error","copia","corona"]','2025-07-19 05:17:56.533 +00:00','2025-07-19 05:17:56.533 +00:00',NULL),(673,'4952816358','[]','avatar','avatar_avatar','50858482726800324902532806','[{"userId":"22622413246920135196202590","workDone":"sortitus rerum"}]','adicio ademptio avatar avatar_avatar','This is a test asset of type avatar and format avatar_avatar.\nAdstringo denuo tricesimus utilis demitto crastinus argentum. Adicio administratio calamitas fuga venia. Comitatus adeo uredo adhuc thymum pecus exercitationem tracto acer.','cc0-1.0',NULL,NULL,'ba2bb8929b1cf23e9b67767d8497f3581829dd5b',726052,'["icon4.webp","icon3.gif","icon8.webp","icon5.png","icon6.jpg"]','approved','[]','["statim","dolores","compono","nesciunt","totus","error","coniecto","tepesco","patria","vestigium","sollers","stips","corona","copia","titulus","cruentus","velit","dignissimos","tergiversatio","soleo","qui","cavus","corona","tabula","defetiscor","maxime","argumentum","deinde","cogito","custodia","tametsi","tergo","vulnus"]','2025-07-19 05:17:57.273 +00:00','2025-07-19 05:17:57.273 +00:00',NULL),(794,NULL,'[]','sound','sound_ogg','50858482726800324902532806','[{"userId":"75268388461378623860100275","workDone":"vulgus"}]','thymbra aestus sound sound_ogg','This is a test asset of type sound and format sound_ogg.\nMinus utpote damno tantillus ad valens tot. Summisse tribuo conscendo bene canto excepturi tres impedit. Soluta baiulus calamitas triumphus ipsum creber demoror umquam spoliatio tonsor.','cc0-1.0',NULL,NULL,'6fd77d2597b6cdc1acb5fada76bd733aee3ad642',132123,'["icon6.jpg","icon5.png","icon4.webp","icon8.webp"]','pending','[]','["defetiscor","tepesco","stips","talus","aggredior","coniecto","compono"]','2025-07-19 05:17:57.957 +00:00','2025-07-19 05:17:57.957 +00:00',NULL),(321,'2871213337','[]','avatar','avatar_avatar','22622413246920135196202590','[{"userId":"19519326909700251631815791","workDone":"communis voluptatibus sonitus"}]','cogo coniuratio avatar avatar_avatar','This is a test asset of type avatar and format avatar_avatar.\nAutus quo defaeco ambitus verumtamen. Laboriosam ultra blanditiis synagoga similique porro. Ustilo aetas umerus doloribus communis distinctio soluta.','cc0-1.0',NULL,NULL,'c5cb1d6defa9beedd43ddddd2dbcaaab74a90db1',135041,'["icon4.webp","icon1.png"]','rejected','[]','["comis","corroboro","consuasor","astrum","adficio","maxime","argumentum","totus","aggredior","tepesco","copia","tametsi","coniecto","stips","compono","corona","error","sollers","utor","qui","cavus","cetera","sufficio","error","tabula","iste","demens","patria","cruentus"]','2025-07-19 05:17:55.140 +00:00','2025-07-19 05:17:55.140 +00:00',NULL),(442,NULL,'[]','sound','sound_ogg','22622413246920135196202590','[{"userId":"69421939382193957240267878","workDone":"accommodo"}]','paulatim amita sound sound_ogg','This is a test asset of type sound and format sound_ogg.\nCampana minima ceno adicio decens. Praesentium suppono statua supplanto appono minus. Tandem tibi admiratio acervus blanditiis aggredior utique.','cc0-1.0',NULL,NULL,'e13cc0cd1c4edc502009a1efcfcba23df9db98fe',533395,'["icon2.jpg","icon1.png","icon8.webp"]','rejected','[]','["deinde"]','2025-07-19 05:17:55.861 +00:00','2025-07-19 05:17:55.861 +00:00',NULL),(563,NULL,'[]','saber','saber_saber','58356087009134339486709013','[{"userId":"50858482726800324902532806","workDone":"corpus"}]','vesco sed saber saber_saber','This is a test asset of type saber and format saber_saber.\nVeniam vehemens ultio accusamus blanditiis. Cimentarius possimus accommodo tollo volo necessitatibus. Atrox vitium careo tamdiu vindico corona supra.','cc0-1.0',NULL,NULL,'9252556e61add644b30d014c1199aefd3b7e31fe',651481,'["icon8.webp","icon7.gif","icon5.png","icon4.webp","icon6.jpg"]','approved','[]','["tametsi","corona","adficio","cogito","soleo","error","titulus","defetiscor","maxime","velit","demens","astrum","patria","vestigium","error","corroboro","nesciunt","cetera","argumentum","tergiversatio","dolores","custodia","compono","talus","tepesco","auctus","corrumpo","totus","sint","consuasor","sollers","aggredior","dignissimos","cavus","copia","sufficio","comis","cruentus","corona","coniecto","iste","statim","tabula","qui","circumvenio","tergo","utor","vulnus","deinde","stips"]','2025-07-19 05:17:56.597 +00:00','2025-07-19 05:17:56.597 +00:00',NULL),(684,'3735083412','[]','banner','banner_png','50858482726800324902532806','[{"userId":"22622413246920135196202590","workDone":"arguo acies ipsa"}]','causa defluo banner banner_png','This is a test asset of type banner and format banner_png.\nRepellat talio uberrime ducimus. Pectus suscipit tam victoria ducimus solum subiungo considero delinquo allatus. Conservo demens vilicus aperio traho curriculum clam voluptatum conscendo conculco.','cc0-1.0',NULL,NULL,'ec464df10cdd6ec3cc6adc93506c0b7c26f467f9',783382,'["icon8.webp","icon3.gif","icon2.jpg"]','private','[]','["compono","adficio","vulnus","cavus","patria","sollers","cruentus","comis","corona","error","coniecto","iste","talus","dignissimos","copia","cetera","stips","corona","aggredior","nesciunt","deinde","consuasor","totus","tabula","qui","astrum","tergiversatio","tepesco","tametsi","vestigium","custodia"]','2025-07-19 05:17:57.336 +00:00','2025-07-19 05:17:57.336 +00:00',NULL),(211,NULL,'[]','saber','saber_saber','75268388461378623860100275','[{"userId":"50858482726800324902532806","workDone":"absorbeo hic"}]','adamo in saber saber_saber','This is a test asset of type saber and format saber_saber.\nTerminatio aequus audeo ademptio creptio turpis vinum aegrus quis. Consequatur adicio unde. Calcar cura aperte baiulus.','cc0-1.0',NULL,NULL,'bc94efaf84df7afebbaf24c7cbbbd3066ca8b2cb',479489,'["icon2.jpg","icon8.webp","icon3.gif","icon5.png","icon4.webp"]','rejected','[]','["nesciunt","adficio","iste","sufficio","tabula","auctus","corona","sint","totus","cruentus","utor","demens","vulnus","circumvenio","dolores","defetiscor","cetera","titulus","cogito","maxime","dignissimos","coniecto","corrumpo","tametsi","talus","velit","astrum","deinde","sollers","statim","error","stips"]','2025-07-19 05:17:54.445 +00:00','2025-07-19 05:17:54.445 +00:00',NULL),(332,'5842346941','[]','banner','banner_png','22622413246920135196202590','[{"userId":"19519326909700251631815791","workDone":"quia carmen desolo"}]','caecus adsidue banner banner_png','This is a test asset of type banner and format banner_png.\nCibo fugiat cibus ubi. Voluptatem audentia aduro. Absorbeo nisi ascisco tersus capio.','cc0-1.0',NULL,NULL,'ae6da0f0dd4e0d061d7e8af7aff0a88e365ad2ca',863757,'["icon7.gif"]','approved','[]','["corona","talus","sollers","sint","copia","tergo","sufficio","totus","defetiscor","stips","nesciunt","dignissimos","custodia","corona","tepesco","utor","compono","error","statim","error","argumentum","patria","aggredior","cetera","tabula","soleo","corroboro","cavus"]','2025-07-19 05:17:55.207 +00:00','2025-07-19 05:17:55.207 +00:00',NULL),(453,'7043358673','[]','note','note_bloq','22622413246920135196202590','[{"userId":"19519326909700251631815791","workDone":"spiculum tamdiu cenaculum"}]','argentum carmen note note_bloq','This is a test asset of type note and format note_bloq.\nConcedo aptus bis. Candidus tamquam maxime ventus conspergo callide adsum atqui. Speciosus beneficium perferendis vel.','cc0-1.0',NULL,NULL,'472f2b309b086f4dbab7bdce291a91baec62b2eb',756273,'["icon1.png","icon3.gif"]','rejected','[]','["totus","corrumpo","vulnus","tergiversatio","deinde","tergo","defetiscor","aggredior","corroboro","soleo","tepesco","talus","utor","nesciunt","cetera","demens","comis","patria","astrum","argumentum","compono","tabula","custodia","consuasor","iste","copia","coniecto","stips","corona","error","sufficio","statim","cogito","tametsi","error","cavus","adficio","titulus","sollers","dignissimos","auctus","sint","cruentus"]','2025-07-19 05:17:55.926 +00:00','2025-07-19 05:17:55.926 +00:00',NULL),(574,NULL,'[]','camera2-config','camera2-config_json','58356087009134339486709013','[{"userId":"75268388461378623860100275","workDone":"approbo"}]','comes carus camera2-config camera2-config_json','This is a test asset of type camera2-config and format camera2-config_json.\nArgentum subseco vapulus abundans conatus textus umbra basium cunctatio esse. Angelus ambitus patria tutamen vivo aestus tutamen vestrum. Comburo compello curia veniam ascit cunctatio.','cc0-1.0',NULL,NULL,'0eabfeffb57856adbacb1410d6ec2c6d560e342d',68694,'["icon5.png","icon8.webp"]','pending','[]','["dolores","circumvenio","defetiscor","cavus","coniecto","demens","copia","nesciunt","tergo","utor","sollers","auctus","custodia","error","corroboro","vestigium","corona","titulus","deinde","maxime","tergiversatio","compono","comis","dignissimos","tametsi","patria","velit","qui","stips","iste","cetera","soleo","astrum","cogito","argumentum","error","adficio","talus","statim","vulnus","cruentus","corona","tepesco","tabula","sint","sufficio","corrumpo","totus","aggredior","consuasor"]','2025-07-19 05:17:56.659 +00:00','2025-07-19 05:17:56.659 +00:00',NULL),(695,NULL,'[]','wall','wall_pixie','50858482726800324902532806','[{"userId":"69421939382193957240267878","workDone":"admoneo est"}]','depopulo depulso wall wall_pixie','This is a test asset of type wall and format wall_pixie.\nVentosus ascit tum celo natus quaerat traho occaecati certus. Damnatio civitas caveo vivo atqui tam caste aufero barba. Vix vero aggredior temeritas.','cc0-1.0',NULL,NULL,'f3cce0e6856dbeec5eedf04669078eafced6c7a5',153934,'["icon8.webp"]','pending','[]','["cetera","copia","astrum","cruentus","cogito","sollers","iste","soleo","corona","aggredior","tergo","cavus","comis","talus","dignissimos","corrumpo","stips","corroboro","auctus","tabula","tametsi","corona","adficio","maxime","velit","vestigium","defetiscor","compono","qui","circumvenio","vulnus","statim","tergiversatio","utor","patria","error","totus","consuasor","sint","dolores","argumentum","coniecto","error","nesciunt","sufficio","titulus","demens","deinde","tepesco","custodia"]','2025-07-19 05:17:57.394 +00:00','2025-07-19 05:17:57.394 +00:00',NULL),(101,'2903821130','[]','note','note_bloq','69421939382193957240267878','[{"userId":"75268388461378623860100275","workDone":"campana tutis"}]','vesper curvo note note_bloq','This is a test asset of type note and format note_bloq.\nVerto commodi deserunt absorbeo thesaurus spectaculum aer texo. Vicinus coadunatio appono capitulus ex tenax capitulus adicio utique quasi. Comedo sol benevolentia teneo asperiores delectatio demo tollo peior autem.','cc0-1.0',NULL,NULL,'bd5ddc5fe56a2fbcd9cda201ba5b41d70bc630aa',239792,'["icon5.png","icon6.jpg"]','rejected','[]','["statim","nesciunt","velit","sint","qui","dolores","deinde","circumvenio","soleo","sufficio","demens","sollers","corroboro","compono","vulnus","tergiversatio","iste","vestigium","aggredior","tabula","tergo","comis","astrum","talus","coniecto","auctus","utor","maxime"]','2025-07-19 05:17:53.690 +00:00','2025-07-19 05:17:53.690 +00:00',NULL),(222,NULL,'[]','camera2-config','camera2-config_json','75268388461378623860100275','[{"userId":"50858482726800324902532806","workDone":"aggredior capto voluptatem"}]','textus compono camera2-config camera2-config_json','This is a test asset of type camera2-config and format camera2-config_json.\nTamdiu ventosus assumenda unus. Et cerno uxor depraedor patrocinor tibi vobis nesciunt commodo solitudo. Villa recusandae tonsor stabilis vociferor vilis verus alioqui delibero.','cc0-1.0',NULL,NULL,'adb1b8dd5d1bae21a115b7f2988e8af9adffc31c',210331,'["icon2.jpg","icon3.gif","icon5.png","icon1.png"]','pending','[]','["consuasor","tepesco","talus","custodia","nesciunt","titulus","coniecto","comis","soleo","cetera","copia","dolores","circumvenio","cogito","tergo","corroboro","demens","vestigium","cruentus","astrum","error","defetiscor","sint","iste","argumentum","utor","statim","stips","tametsi","dignissimos","deinde","sufficio","tabula","adficio","tergiversatio","error","cavus","qui","vulnus","velit","corrumpo","totus","corona","patria","sollers","compono","auctus"]','2025-07-19 05:17:54.512 +00:00','2025-07-19 05:17:54.512 +00:00',NULL),(343,NULL,'[]','wall','wall_pixie','22622413246920135196202590','[{"userId":"58356087009134339486709013","workDone":"artificiose"}]','vere crapula wall wall_pixie','This is a test asset of type wall and format wall_pixie.\nNeque apostolus magnam tonsor suffragium. Validus adopto patrocinor casso abutor congregatio charisma cohaero currus. Tersus taceo ex suffoco coruscus ullus.','cc0-1.0',NULL,NULL,'ff771aa9cdd0033c113fa8fef2a5f7b5e2dafdb4',598259,'["icon7.gif","icon8.webp","icon4.webp","icon1.png","icon6.jpg"]','rejected','[]','["titulus","aggredior","sollers","error","deinde","tergiversatio","dolores","tepesco","compono","corona","totus","vulnus","nesciunt","error","tametsi","iste","corrumpo","stips","tabula","tergo","qui","demens","cogito","statim","velit","astrum","adficio","patria","coniecto","comis","defetiscor","argumentum","auctus","cetera","custodia","cruentus","sufficio","sint","circumvenio","copia","dignissimos","corroboro","corona","soleo","consuasor","maxime","cavus","vestigium"]','2025-07-19 05:17:55.267 +00:00','2025-07-19 05:17:55.267 +00:00',NULL),(464,'3799978525','[]','hitscorevisualizer-config','hitscorevisualizer-config_json','22622413246920135196202590','[{"userId":"75268388461378623860100275","workDone":"fugiat dedecor"}]','tibi vilitas hitscorevisualizer-config hitscorevisualizer-config_json','This is a test asset of type hitscorevisualizer-config and format hitscorevisualizer-config_json.\nPorro ustulo conventus utpote suasoria. Ago ventito tibi summisse perspiciatis. Cui arbor suffragium despecto tripudio suasoria.','cc0-1.0',NULL,NULL,'f6db619d8149df2bfa1ff3453538aaefdec07dfb',953491,'["icon6.jpg","icon4.webp","icon7.gif"]','private','[]','["tergo","iste","maxime","compono","sint","totus","tabula","error","consuasor","nesciunt","cetera","qui","dignissimos","corona","cavus","astrum","defetiscor","corroboro","circumvenio","titulus","talus","dolores","patria","sollers","sufficio","tepesco","soleo"]','2025-07-19 05:17:55.991 +00:00','2025-07-19 05:17:55.991 +00:00',NULL),(585,'5158498527','[]','health-bar','health-bar_energy','58356087009134339486709013','[{"userId":"19519326909700251631815791","workDone":"vesper laborum"}]','umbra nam health-bar health-bar_energy','This is a test asset of type health-bar and format health-bar_energy.\nCaelum minus quo cena spiritus vomica. Adeptio calcar patria apud. Attollo autem benevolentia catena vilitas.','cc0-1.0',NULL,NULL,'b215846914ddbe6c8e01cf05c118ed863d2fbbd4',32413,'["icon2.jpg"]','pending','[]','["comis"]','2025-07-19 05:17:56.719 +00:00','2025-07-19 05:17:56.719 +00:00',NULL),(112,'0062635615','[]','hitscorevisualizer-config','hitscorevisualizer-config_json','69421939382193957240267878','[{"userId":"75268388461378623860100275","workDone":"aggredior"}]','bene eveniet hitscorevisualizer-config hitscorevisualizer-config_json','This is a test asset of type hitscorevisualizer-config and format hitscorevisualizer-config_json.\nAuctus solum caecus unde tonsor voluptatum veniam tollo natus iure. Strues desipio quos terra cunabula amoveo agnosco aveho cursus corroboro. Tempus cicuta denego approbo coniuratio adduco depraedor supra averto aufero.','cc0-1.0',NULL,NULL,'dd4ce638d9da824b98c5bdafae6edea4dd1fe35d',868911,'["icon7.gif"]','pending','[]','["defetiscor","totus","sollers","dolores","compono","tepesco","iste","tametsi","velit","qui","tabula","comis","dignissimos","corona","cruentus","sint","corroboro","consuasor","aggredior","maxime","coniecto","statim","vulnus","talus","circumvenio","error","error","utor","cavus","tergiversatio","astrum","corona","nesciunt","stips","cetera"]','2025-07-19 05:17:53.755 +00:00','2025-07-19 05:17:53.755 +00:00',NULL),(233,'8287381858','[]','health-bar','health-bar_energy','75268388461378623860100275','[{"userId":"19519326909700251631815791","workDone":"desino thorax deserunt"}]','desino rem health-bar health-bar_energy','This is a test asset of type health-bar and format health-bar_energy.\nTerminatio vivo bos. Pectus voluptates crustulum. Curatio nisi turbo timor alioqui atavus totam ver.','cc0-1.0',NULL,NULL,'fbbdf43b6ba87bb587ef8acb4d6cbe0ccc2bfbdb',49514,'["icon8.webp"]','approved','[]','["error","soleo","totus","velit","coniecto","sollers","deinde","corroboro","tepesco","patria","consuasor","dignissimos","corona","compono","utor","sufficio","cogito","corrumpo","copia","cruentus","argumentum","titulus","comis","custodia","astrum","auctus","tabula","aggredior","stips","demens","statim","tergiversatio","vestigium","cavus","cetera","defetiscor","circumvenio","tametsi","nesciunt","talus","iste","adficio","qui","error","corona","vulnus","dolores","maxime","sint"]','2025-07-19 05:17:54.578 +00:00','2025-07-19 05:17:54.578 +00:00',NULL),(354,'7306328047','[]','saber','saber_wacker','22622413246920135196202590','[{"userId":"58356087009134339486709013","workDone":"patria"}]','statim aggero saber saber_wacker','This is a test asset of type saber and format saber_wacker.\nUsque sint vesper ustulo. Volaticus decerno molestias cursus cognomen suadeo adnuo cur tribuo. Vito aegrotatio condico.','cc0-1.0',NULL,NULL,'2fe3cb8f672abad82af33b8df01fba89f5da5cda',735677,'["icon2.jpg"]','pending','[]','["circumvenio","titulus","tergiversatio","tabula","demens","cavus","consuasor","sollers","totus","aggredior","maxime","stips","copia","deinde","adficio","compono","velit","iste","utor","dignissimos","tepesco","cetera","vestigium","tametsi","soleo","vulnus","cruentus","astrum","dolores","custodia","comis","sint","error"]','2025-07-19 05:17:55.331 +00:00','2025-07-19 05:17:55.331 +00:00',NULL),(475,NULL,'[]','sound','sound_mp3','22622413246920135196202590','[{"userId":"75268388461378623860100275","workDone":"iste universe iste"}]','ventosus volup sound sound_mp3','This is a test asset of type sound and format sound_mp3.\nPel aufero crudelis vorago pax. Somnus amplus iure venustas rem defungo claudeo crepusculum libero conqueror. Vinculum ventosus harum.','cc0-1.0',NULL,NULL,'6d22add1fd1e5dba78fe1e1dfa6e8bc37ffa8e3b',153205,'["icon2.jpg"]','private','[]','["coniecto","error","copia","tergo","cetera","qui","error","comis","aggredior","astrum","dolores","nesciunt","consuasor","circumvenio","dignissimos","iste","patria","corroboro","adficio","sint","maxime","argumentum","totus","vestigium","tepesco","soleo","statim","sollers","custodia","tametsi","velit","vulnus","auctus","demens","cruentus","titulus","sufficio","cavus","compono","corona","corrumpo","tergiversatio","defetiscor"]','2025-07-19 05:17:56.052 +00:00','2025-07-19 05:17:56.052 +00:00',NULL),(596,NULL,'[]','platform','platform_plat','58356087009134339486709013','[{"userId":"75268388461378623860100275","workDone":"verbum"}]','certe numquam platform platform_plat','This is a test asset of type platform and format platform_plat.\nVinco ocer audio delinquo caterva teres conservo inventore. Cribro confero vindico censura abduco. Collum reprehenderit chirographum tepesco architecto timidus bellicus adficio tepidus vilicus.','cc0-1.0',NULL,NULL,'cb0631c33eee63e95f1a42ee8fc4865d8ea13972',854101,'["icon6.jpg"]','pending','[]','["demens","corrumpo","cetera","maxime","consuasor","stips","corona","vestigium","deinde","velit","error","cruentus","corroboro","patria","tergo","nesciunt","custodia","soleo","dignissimos","utor","tepesco","argumentum","defetiscor","error"]','2025-07-19 05:17:56.783 +00:00','2025-07-19 05:17:56.783 +00:00',NULL),(123,NULL,'[]','sound','sound_mp3','69421939382193957240267878','[{"userId":"75268388461378623860100275","workDone":"coniecto apud abutor"}]','calamitas colligo sound sound_mp3','This is a test asset of type sound and format sound_mp3.\nTextus adficio crapula adficio cresco varius verbera turpis. Templum alter centum compono vicissitudo pariatur thymbra. Calcar coepi cuius celer deprimo.','cc0-1.0',NULL,NULL,'1a8f171b16be60fba94af7ec9e216ddbf6ccdad9',397509,'["icon5.png","icon3.gif"]','approved','[]','["adficio","maxime","comis","totus","iste","tepesco","dolores","argumentum","stips","sollers","cavus","qui","copia","demens","deinde","corroboro","soleo","consuasor","coniecto","dignissimos","custodia","sint","statim","auctus","utor","titulus","cruentus","talus","corona","corona","astrum","aggredior","vulnus","tergiversatio","tametsi","corrumpo","cetera","cogito","compono","error","vestigium","sufficio","defetiscor","patria","circumvenio","error"]','2025-07-19 05:17:53.825 +00:00','2025-07-19 05:17:53.825 +00:00',NULL),(244,NULL,'[]','platform','platform_plat','75268388461378623860100275','[{"userId":"69421939382193957240267878","workDone":"vehemens"}]','bardus appello platform platform_plat','This is a test asset of type platform and format platform_plat.\nCalcar thesaurus spargo cupio advenio. Substantia tolero vilis cattus ambitus. Canto vero aggero rerum vivo creo ambitus aegre.','cc0-1.0',NULL,NULL,'7b69b8bc82387e774bced40870cdbff6c6edab75',916847,'["icon5.png","icon4.webp","icon1.png","icon8.webp","icon6.jpg"]','approved','[]','["tametsi","talus"]','2025-07-19 05:17:54.650 +00:00','2025-07-19 05:17:54.650 +00:00',NULL),(365,'6645700173','[]','chroma-environment','chroma-environment_json','22622413246920135196202590','[{"userId":"69421939382193957240267878","workDone":"cribro tandem curatio"}]','deleo atavus chroma-environment chroma-environment_json','This is a test asset of type chroma-environment and format chroma-environment_json.\nEum acerbitas infit censura ultra. Accedo quae acerbitas cornu deprimo claustrum. Uredo tabernus tergeo caelum delego soluta capio torqueo surculus curso.','cc0-1.0',NULL,NULL,'b54cbbcd0b6763e2cadecafad6bcd3fa592bdf01',411850,'["icon7.gif","icon5.png"]','approved','[]','["corona","adficio","sufficio","tabula","corona","sollers","astrum","maxime","soleo","copia","error","utor","comis","error","velit","compono","tergiversatio","nesciunt","vulnus","defetiscor","auctus","custodia","tepesco","tergo","dignissimos","corrumpo","cavus"]','2025-07-19 05:17:55.390 +00:00','2025-07-19 05:17:55.390 +00:00',NULL),(486,'0717128367','[]','note','note_cyoob','58356087009134339486709013','[{"userId":"22622413246920135196202590","workDone":"atque aeneus"}]','cilicium atrox note note_cyoob','This is a test asset of type note and format note_cyoob.\nSuscipit dolores saepe reprehenderit. Succurro thesaurus spoliatio abundans animadverto dedecor amo. Eos tergo soleo ullus ipsum vigor spero corrigo molestias.','cc0-1.0',NULL,NULL,'5a7f0ba6f49f2f67cca724eddbdc4d8e84f818bd',892184,'["icon6.jpg"]','pending','[]','["dolores","sufficio","dignissimos","iste","tergiversatio","titulus","qui","defetiscor","coniecto","astrum","tergo","velit","tepesco","corona","statim","cetera","cogito","corona","deinde","sollers","cavus","tametsi","demens","cruentus","argumentum","tabula","utor","vulnus","copia","comis","consuasor","maxime","talus","auctus","vestigium","error","circumvenio","custodia","patria","corroboro","nesciunt","aggredior"]','2025-07-19 05:17:56.157 +00:00','2025-07-19 05:17:56.157 +00:00',NULL),(134,'7375278476','[]','note','note_cyoob','69421939382193957240267878','[{"userId":"75268388461378623860100275","workDone":"perspiciatis quaerat volo"}]','carus dedecor note note_cyoob','This is a test asset of type note and format note_cyoob.\nAeneus vaco vomica votum civitas adulescens. Exercitationem ipsa dolor cur degusto textor conspergo uterque claudeo incidunt. Somnus curis cotidie calco deficio tam sol aestus ducimus.','cc0-1.0',NULL,NULL,'897a916efde59ca6dc5581db3d7d0ec7caed294e',911393,'["icon5.png"]','pending','[]','["aggredior"]','2025-07-19 05:17:53.898 +00:00','2025-07-19 05:17:53.898 +00:00',NULL),(255,NULL,'[]','counters-plus-config','counters-plus-config_json','75268388461378623860100275','[{"userId":"50858482726800324902532806","workDone":"villa"}]','magnam cruciamentum counters-plus-config counters-plus-config_json','This is a test asset of type counters-plus-config and format counters-plus-config_json.\nDefungo accendo summa et asporto defaeco reiciendis tonsor deporto. Viduo sed suppellex vitium vitiosus. Videlicet vociferor debeo curiositas spoliatio ipsa tum spes.','cc0-1.0',NULL,NULL,'0fa06ef2cb8edb27f19abefe7b60bd90a3ea7cff',189368,'["icon3.gif"]','pending','[]','["auctus","corrumpo","statim","dignissimos","deinde","titulus","sollers","soleo"]','2025-07-19 05:17:54.720 +00:00','2025-07-19 05:17:54.720 +00:00',NULL),(376,NULL,'[]','wall','wall_box','22622413246920135196202590','[{"userId":"19519326909700251631815791","workDone":"sublime talus caveo"}]','celer ulterius wall wall_box','This is a test asset of type wall and format wall_box.\nOdio quaerat abundans. Atrox cresco crapula sol. Adipiscor arguo iste.','cc0-1.0',NULL,NULL,'bcad5a7ccce656d95fe8a1f4acbaca5baf0e1ada',324412,'["icon7.gif"]','rejected','[]','["cogito","corona"]','2025-07-19 05:17:55.450 +00:00','2025-07-19 05:17:55.450 +00:00',NULL),(497,NULL,'[]','avatar','avatar_avatar','58356087009134339486709013','[{"userId":"69421939382193957240267878","workDone":"corpus vicissitudo utor"}]','appono pax avatar avatar_avatar','This is a test asset of type avatar and format avatar_avatar.\nDelinquo tutis est quisquam aeger deleo eius. Ante expedita vinculum. Omnis cursus abutor expedita.','cc0-1.0',NULL,NULL,'0f00ce1a50d4ff7a740af18fdf4dae48e0cbb0b2',392330,'["icon6.jpg","icon5.png","icon4.webp","icon3.gif","icon1.png"]','pending','[]','["vestigium","totus","coniecto","corrumpo","corona","tergo","defetiscor","utor","tergiversatio","sollers","deinde","corroboro","stips","aggredior","consuasor","tametsi","argumentum","iste","sufficio","compono","maxime","circumvenio","auctus","astrum","soleo","tabula","nesciunt","adficio","copia","comis","qui","error","cruentus"]','2025-07-19 05:17:56.224 +00:00','2025-07-19 05:17:56.224 +00:00',NULL),(145,NULL,'[]','avatar','avatar_avatar','69421939382193957240267878','[{"userId":"22622413246920135196202590","workDone":"triduana"}]','ipsum illo avatar avatar_avatar','This is a test asset of type avatar and format avatar_avatar.\nStudio audentia angustus pecto accusamus voluptates. Adiuvo consuasor trepide confido auxilium. Textor molestias crebro suggero tabella commemoro pariatur.','cc0-1.0',NULL,NULL,'acd6b920c2085fe60eee2ef07bee6d364ec6b66d',941675,'["icon4.webp","icon5.png"]','rejected','[]','["sint","nesciunt","velit","coniecto","defetiscor","error","vestigium","corona","vulnus","maxime","deinde","talus","corona","circumvenio","error","corroboro","titulus","utor","adficio","sollers","compono","custodia","iste","astrum","dolores","comis","sufficio","totus","consuasor","argumentum","stips","aggredior","cavus","auctus","soleo","copia"]','2025-07-19 05:17:53.974 +00:00','2025-07-19 05:17:53.974 +00:00',NULL),(266,'9630812110','[]','sound','sound_ogg','75268388461378623860100275','[{"userId":"50858482726800324902532806","workDone":"tabella canonicus harum"}]','verecundia cupio sound sound_ogg','This is a test asset of type sound and format sound_ogg.\nEa vulgus adficio exercitationem. Temporibus terror cognatus utrum consuasor vel. Acquiro civitas atque cuius patrocinor surculus antea esse.','cc0-1.0',NULL,NULL,'0149dfd39ff3a373cdc9ac05eec6fd592ffde54c',156501,'["icon1.png","icon3.gif","icon2.jpg"]','pending','[]','["cruentus","cogito"]','2025-07-19 05:17:54.790 +00:00','2025-07-19 05:17:54.790 +00:00',NULL),(387,'1765730832','[]','saber','saber_saber','22622413246920135196202590','[{"userId":"58356087009134339486709013","workDone":"validus aggredior demum"}]','saepe textus saber saber_saber','This is a test asset of type saber and format saber_saber.\nVenio comburo dedico complectus magni clamo basium varietas quasi. Theca tempore testimonium tredecim acceptus creta utrimque benigne demonstro auxilium. Acerbitas tabgo celo suscipio curso arx comes compono.','cc0-1.0',NULL,NULL,'fc73372cafa8a0cc8df6257bd13a1e4ace706e21',26641,'["icon4.webp","icon7.gif","icon3.gif"]','private','[]','["tepesco","vestigium","corrumpo","vulnus","cetera","totus","patria","tergiversatio","aggredior","sint","cavus","titulus","dignissimos","tabula","error","defetiscor","circumvenio","demens","maxime","statim","dolores","auctus","tergo","adficio","corroboro","cogito","compono","nesciunt","cruentus","velit","tametsi","soleo","sollers","qui","coniecto","stips","talus","deinde","astrum","iste","copia","argumentum","error","utor","corona","corona","comis","consuasor"]','2025-07-19 05:17:55.514 +00:00','2025-07-19 05:17:55.514 +00:00',NULL),(156,NULL,'[]','banner','banner_png','69421939382193957240267878','[{"userId":"75268388461378623860100275","workDone":"nesciunt"}]','odit pauper banner banner_png','This is a test asset of type banner and format banner_png.\nMollitia laboriosam quia admoveo quae suppono capio. Nobis studio bellum tersus cibus degero confido. Contra cultellus amiculum cresco textilis tenus tamisium cultellus.','cc0-1.0',NULL,NULL,'9cc3aeaebc48e56cc8dca7288aaaaefa51e9ca6d',24021,'["icon7.gif","icon3.gif","icon2.jpg","icon1.png","icon6.jpg"]','approved','[]','["tepesco","error","tergo","dignissimos","tergiversatio","corona","dolores","sint","iste","circumvenio","cetera","sufficio","demens","defetiscor","custodia","copia","maxime","talus","tabula","soleo","qui","compono","statim","cogito","vulnus","patria","cavus","utor","corroboro","stips"]','2025-07-19 05:17:54.052 +00:00','2025-07-19 05:17:54.052 +00:00',NULL),(277,NULL,'[]','note','note_bloq','75268388461378623860100275','[{"userId":"58356087009134339486709013","workDone":"eligendi maiores soluta"}]','soluta voluptatibus note note_bloq','This is a test asset of type note and format note_bloq.\nDemulceo audentia neque. Aspernatur copia arguo strues perspiciatis vulgaris tersus solio arceo vox. Cariosus crastinus demitto coaegresco vulnus adimpleo angustus vulgivagus curtus.','cc0-1.0',NULL,NULL,'d66494abb80efc3dbddcf46ecdfbbeaf5e5b1ae8',33036,'["icon4.webp","icon8.webp","icon5.png","icon2.jpg","icon7.gif"]','pending','[]','["velit","cavus","cetera","defetiscor","iste","astrum","consuasor","copia","compono","patria","cruentus","stips","coniecto","vulnus","error","adficio","statim","totus","cogito","argumentum","demens","sint","tergo","comis","corroboro","custodia","error","titulus","auctus","utor"]','2025-07-19 05:17:54.857 +00:00','2025-07-19 05:17:54.857 +00:00',NULL),(398,'5870225737','[]','camera2-config','camera2-config_json','22622413246920135196202590','[{"userId":"58356087009134339486709013","workDone":"vesica argumentum deludo"}]','alter confido camera2-config camera2-config_json','This is a test asset of type camera2-config and format camera2-config_json.\nCommodo sapiente amor culpa sum. Sursum at desipio demulceo. Certe villa claro adaugeo cibo paulatim.','cc0-1.0',NULL,NULL,'573edfc3b2c6cb08ce1dfb7ff59ddbe53d957c98',837044,'["icon5.png"]','approved','[]','["nesciunt","compono","deinde","defetiscor"]','2025-07-19 05:17:55.583 +00:00','2025-07-19 05:17:55.583 +00:00',NULL),(167,'4061591149','[]','wall','wall_pixie','75268388461378623860100275','[{"userId":"22622413246920135196202590","workDone":"nisi timor"}]','tener sub wall wall_pixie','This is a test asset of type wall and format wall_pixie.\nViriliter thesis adamo strenuus cribro. Ante porro ait strenuus. Nisi quos earum valeo cursim cunae atqui caput volup repudiandae.','cc0-1.0',NULL,NULL,'fdccbcee2a54afe8d9dedf26ad20e49e80f5f035',638312,'["icon8.webp","icon6.jpg"]','private','[]','["patria","error"]','2025-07-19 05:17:54.155 +00:00','2025-07-19 05:17:54.155 +00:00',NULL),(288,NULL,'[]','hitscorevisualizer-config','hitscorevisualizer-config_json','75268388461378623860100275','[{"userId":"50858482726800324902532806","workDone":"dolores congregatio curso"}]','tondeo adeptio hitscorevisualizer-config hitscorevisualizer-config_json','This is a test asset of type hitscorevisualizer-config and format hitscorevisualizer-config_json.\nPauper bardus arma triumphus cubo tutis degusto corpus taceo. Eaque alias versus contego peccatus earum adeo. Illo tabella conspergo umerus dens ullam adopto tersus.','cc0-1.0',NULL,NULL,'1ca69a162f3e3bda9b0b4993feebfa99501c1dac',504764,'["icon1.png","icon4.webp","icon8.webp","icon5.png"]','pending','[]','["statim","tepesco","coniecto","defetiscor","error","tergo","comis","corona","totus","tabula","consuasor","sollers","patria","adficio","circumvenio","cruentus","velit","corrumpo","iste","dolores","talus","copia","cogito","error","cavus","nesciunt","maxime","cetera","sufficio","argumentum","auctus","titulus","compono","qui","stips","soleo","tametsi","custodia","corona","utor","astrum"]','2025-07-19 05:17:54.918 +00:00','2025-07-19 05:17:54.918 +00:00',NULL),(179,NULL,'[]','saber','saber_saber','75268388461378623860100275','[{"userId":"50858482726800324902532806","workDone":"aestas crustulum"}]','creator minima saber saber_saber','This is a test asset of type saber and format saber_saber.\nSuasoria aestus summa cohibeo abutor congregatio error quasi sperno. Denego surgo caries advoco utpote inventore accommodo admoneo vulpes. Aqua vito antea.','cc0-1.0',NULL,NULL,'aba411a8e5d7e9eadbbea34d40c6b1c8da4945f4',129965,'["icon7.gif","icon1.png","icon3.gif"]','private','[]','["copia","tabula","velit","astrum","deinde"]','2025-07-19 05:17:54.241 +00:00','2025-07-19 05:17:54.241 +00:00',NULL),(300,'6025458052','[]','banner','banner_png','75268388461378623860100275','[{"userId":"19519326909700251631815791","workDone":"custodia turba vos"}]','avarus virgo banner banner_png','This is a test asset of type banner and format banner_png.\nAtrox ara solutio ratione ullus aqua sopor talis cohaero. Cunabula solitudo territo veritatis amplexus sponte explicabo. Votum benigne tamisium repudiandae comitatus debilito amor statua.','cc0-1.0',NULL,NULL,'df2cfd8bbdfdbcf8a2c3cabfe7a164ebbdacf007',568084,'["icon3.gif","icon2.jpg","icon5.png","icon4.webp","icon8.webp"]','private','[]','["tabula","cruentus","utor","cavus","statim","corona","error","circumvenio","compono","totus","sollers","astrum","tergo","corroboro","defetiscor","consuasor","iste","auctus","cetera","sufficio","custodia","tergiversatio","adficio","tametsi","copia","corrumpo","sint","aggredior"]','2025-07-19 05:17:54.985 +00:00','2025-07-19 05:17:54.985 +00:00',NULL),(190,NULL,'[]','camera2-config','camera2-config_json','75268388461378623860100275','[{"userId":"69421939382193957240267878","workDone":"alias virga aperio"}]','turba tonsor camera2-config camera2-config_json','This is a test asset of type camera2-config and format camera2-config_json.\nArbor tracto consuasor cupressus templum. Stabilis cumque deleo ars. Supra voluptates suggero.','cc0-1.0',NULL,NULL,'1504b7eeff0e07c942d943cc9f401a3ee9ecb62f',734307,'["icon5.png"]','approved','[]','["sollers","maxime","patria","error","argumentum","demens","titulus","compono","coniecto","defetiscor","vulnus","custodia","sufficio","velit","corrumpo","error","utor","tabula","cetera","tergo","soleo","dignissimos","adficio","totus","copia","tepesco","statim","consuasor","corroboro","corona","dolores","nesciunt","sint","iste","auctus","aggredior","cruentus","comis","circumvenio","astrum","cavus","cogito","tametsi","deinde","tergiversatio","talus","stips"]','2025-07-19 05:17:54.315 +00:00','2025-07-19 05:17:54.315 +00:00',NULL),(61,NULL,'[]','chroma-environment','chroma-environment_json','69421939382193957240267878','[{"userId":"22622413246920135196202590","workDone":"adversus vinum crinis"}]','absconditus alter chroma-environment chroma-environment_json','This is a test asset of type chroma-environment and format chroma-environment_json.\nVoluptas commodi textus. Solus amplexus cursim comptus audax facere carpo arceo textor tondeo. Pectus urbanus soleo.','cc0-1.0',NULL,NULL,'15b1574da54ea8aeb1ef890792eeda8dcf44b761',659313,'["icon7.gif","icon3.gif","icon4.webp"]','pending','[]','["custodia","deinde","titulus","utor","demens","tergo","aggredior","corrumpo","cavus","comis","cetera","tergiversatio","soleo","sufficio","sollers","argumentum","astrum","vulnus","circumvenio"]','2025-07-19 05:17:53.433 +00:00','2025-07-19 05:17:53.433 +00:00',NULL),(72,'0075432089','[]','wall','wall_box','69421939382193957240267878','[{"userId":"50858482726800324902532806","workDone":"agnitio antepono"}]','suffoco triumphus wall wall_box','This is a test asset of type wall and format wall_box.\nSolio ipsum cursus qui acceptus cornu. Urbs sodalitas ultra ut convoco. Quod acerbitas audio terga est amet.','cc0-1.0',NULL,NULL,'1dc3c135d478ffef56f9fd01dfc50b0e5befac04',899021,'["icon6.jpg"]','approved','[]','["cetera","vestigium","tametsi","custodia","copia","talus","statim","iste","totus","utor","titulus","tepesco","velit","corona","aggredior","patria","cruentus","coniecto","error","sufficio","cogito","compono","soleo","corroboro","adficio","dolores","deinde","demens","corrumpo","maxime","corona","defetiscor","dignissimos","tergiversatio","cavus","circumvenio","stips","sint","astrum","qui"]','2025-07-19 05:17:53.504 +00:00','2025-07-19 05:17:53.504 +00:00',NULL),(83,NULL,'[]','saber','saber_saber','69421939382193957240267878','[{"userId":"75268388461378623860100275","workDone":"absconditus commemoro"}]','ago odio saber saber_saber','This is a test asset of type saber and format saber_saber.\nTamen animadverto vomito textor. Tolero crastinus error tolero admoneo spiculum. Ipsam ater distinctio valde artificiose.','cc0-1.0',NULL,NULL,'436fdeae0e910a89f4c22c2f3fb1c4cee89ac9ea',937573,'["icon4.webp","icon3.gif","icon7.gif"]','approved','[]','["deinde","circumvenio","tepesco","tametsi","adficio","copia","talus","qui","soleo","error","tabula","iste","velit","tergo","auctus","cavus","statim","utor","aggredior","comis","titulus","vestigium","sufficio","demens","custodia","compono","sint","corona","argumentum","cogito","tergiversatio","cetera","sollers"]','2025-07-19 05:17:53.577 +00:00','2025-07-19 05:17:53.577 +00:00',NULL),(94,NULL,'[]','camera2-config','camera2-config_json','69421939382193957240267878','[{"userId":"19519326909700251631815791","workDone":"admiratio stipes architecto"}]','turpis bestia camera2-config camera2-config_json','This is a test asset of type camera2-config and format camera2-config_json.\nArbustum concido coniuratio. Triduana illo desolo recusandae compono tenus comptus. Dolorum cado ocer.','cc0-1.0',NULL,NULL,'0ff705dbc9acc8efa11bee2bfddc7c413ea05d10',634063,'["icon4.webp","icon8.webp","icon2.jpg","icon3.gif"]','approved','[]','["sufficio","cetera","deinde","astrum","corrumpo","corona","aggredior","error","patria","comis","consuasor","custodia","tepesco","defetiscor","corona","cavus","iste","coniecto","qui","copia","maxime","tabula"]','2025-07-19 05:17:53.646 +00:00','2025-07-19 05:17:53.646 +00:00',NULL),(861,NULL,'[]','chroma-environment','chroma-environment_json','19519326909700251631815791','[{"userId":"75268388461378623860100275","workDone":"asporto sollicito deleo"}]','admiratio sortitus chroma-environment chroma-environment_json','This is a test asset of type chroma-environment and format chroma-environment_json.\nAlveus sub nisi. Eveniet vinculum spiritus ascisco. Avarus sumo iusto apparatus culpa depulso coerceo.','cc0-1.0',NULL,NULL,'c8a06f7b4cb8cf1f4adec607fcb0c05e2ccf2445',712686,'["icon3.gif","icon8.webp"]','private','[]','["soleo","defetiscor","iste","nesciunt","aggredior","astrum","deinde","comis","titulus","velit","consuasor","talus","totus","custodia","tepesco","tabula","error","sollers"]','2025-07-19 05:17:58.385 +00:00','2025-07-19 05:17:58.385 +00:00',NULL),(872,'4044936775','[]','wall','wall_box','19519326909700251631815791','[{"userId":"58356087009134339486709013","workDone":"civis caste"}]','suspendo denuncio wall wall_box','This is a test asset of type wall and format wall_box.\nBardus tenuis pauper temporibus eaque quam usque appositus numquam. Tandem cunae hic venustas utpote voluptates. Tabella absum canto tracto attonbitus arto illum nesciunt aestivus.','cc0-1.0',NULL,NULL,'2b7b64dbfbf772afabde858a6fd8b3d1ce111fc9',357984,'["icon1.png","icon5.png","icon4.webp","icon7.gif"]','private','[]','["error","sufficio"]','2025-07-19 05:17:58.445 +00:00','2025-07-19 05:17:58.445 +00:00',NULL),(751,'8740948136','[]','counters-plus-config','counters-plus-config_json','50858482726800324902532806','[{"userId":"58356087009134339486709013","workDone":"caste"}]','deinde abscido counters-plus-config counters-plus-config_json','This is a test asset of type counters-plus-config and format counters-plus-config_json.\nCresco libero curia distinctio abscido aut surgo. Coerceo tyrannus ex caecus temporibus usus. Cruciamentum demens cohibeo tantum occaecati cursus deprimo a cunabula crinis.','cc0-1.0',NULL,NULL,'4c85c22553924e04f32afdd1cce9b9c9ac04bfab',928410,'["icon8.webp","icon5.png","icon6.jpg"]','rejected','[]','["patria","statim","consuasor","totus","error","tabula","iste","vulnus","cogito","soleo","cruentus","cavus","defetiscor","qui","titulus","vestigium","utor","corona","sollers","aggredior","corona"]','2025-07-19 05:17:57.716 +00:00','2025-07-19 05:17:57.716 +00:00',NULL),(883,NULL,'[]','saber','saber_saber','19519326909700251631815791','[{"userId":"50858482726800324902532806","workDone":"voco"}]','cum coadunatio saber saber_saber','This is a test asset of type saber and format saber_saber.\nConfugo ventus tamen charisma. Cuius desino beatus abutor ut ver. Aetas aspernatur tepesco appono tot absconditus delicate theologus tamisium.','cc0-1.0',NULL,NULL,'0ef5a7a1cb0b8cf59a201a1b51b568b1ddfdd6e3',595985,'["icon4.webp"]','rejected','[]','["statim","corona","error","tepesco","vestigium","copia","sint","demens","dignissimos","maxime","adficio","astrum","vulnus","comis","coniecto","qui","velit","nesciunt","argumentum","custodia","consuasor","tergiversatio","stips"]','2025-07-19 05:17:58.512 +00:00','2025-07-19 05:17:58.512 +00:00',NULL),(3,'8377143716','[]','saber','saber_saber','69421939382193957240267878','[{"userId":"75268388461378623860100275","workDone":"speciosus recusandae"}]','color decretum saber saber_saber','This is a test asset of type saber and format saber_saber.\nVestigium vorax texo vicissitudo totidem vorax vesco testimonium. Sumo confero delinquo decens cariosus succedo alii terreo aedificium. Deleo sed decretum depopulo cohibeo natus calculus ubi cultura calco.','cc0-1.0',NULL,NULL,'4d12a6f52dfcbafafe11f9f0eaf1eaaec2fc0d82',30682,'["icon1.png","icon6.jpg"]','private','[]','["utor","deinde","stips","tametsi","tabula","custodia","tergo","corrumpo","circumvenio","corona","cruentus","cogito","cetera","copia","statim","defetiscor","maxime","velit","error","compono","sint","astrum","totus","cavus","coniecto","tepesco","aggredior","corroboro","adficio","nesciunt","argumentum","iste","comis","error","dignissimos","talus"]','2025-07-19 05:17:53.002 +00:00','2025-07-19 05:17:53.002 +00:00',NULL),(641,'2636734854','[]','avatar','avatar_avatar','50858482726800324902532806','[{"userId":"75268388461378623860100275","workDone":"auditor"}]','tristis cena avatar avatar_avatar','This is a test asset of type avatar and format avatar_avatar.\nSurgo terga accusantium conturbo perspiciatis caelum. Voveo conscendo undique aperte tero doloribus vulgivagus. Super trans vomer vorax textor ascisco administratio volva speciosus balbus.','cc0-1.0',NULL,NULL,'97b2e6c94cffa05f92f2486ce4ce8ae2afeeb335',763264,'["icon3.gif","icon2.jpg"]','rejected','[]','["titulus","custodia","corona","statim","deinde","coniecto","corroboro","comis","sollers","cetera","tametsi","corrumpo","dignissimos","maxime","soleo","dolores","tabula","defetiscor","tergiversatio"]','2025-07-19 05:17:57.085 +00:00','2025-07-19 05:17:57.085 +00:00',NULL),(762,NULL,'[]','sound','sound_ogg','50858482726800324902532806','[{"userId":"22622413246920135196202590","workDone":"adfero constans voluptatum"}]','comitatus ceno sound sound_ogg','This is a test asset of type sound and format sound_ogg.\nAdmoveo valde bis vigor avaritia barba a addo atrocitas. Labore contabesco coma certus ipsam libero calamitas. Usitas tracto viduo decretum valetudo vomer.','cc0-1.0',NULL,NULL,'dc27be1ff7bcdc4b1c82916fdd085fced97dbff1',846344,'["icon5.png","icon1.png","icon7.gif"]','approved','[]','["sint","statim","vestigium","cetera","cavus","auctus","corona","sollers","vulnus","tametsi"]','2025-07-19 05:17:57.777 +00:00','2025-07-19 05:17:57.777 +00:00',NULL),(894,NULL,'[]','camera2-config','camera2-config_json','19519326909700251631815791','[{"userId":"22622413246920135196202590","workDone":"dedico tabula color"}]','comparo utique camera2-config camera2-config_json','This is a test asset of type camera2-config and format camera2-config_json.\nIusto demens adnuo conforto anser paens quisquam cariosus tener. Virgo aequitas armarium. Terreo comptus thalassinus tam tempore admiratio conor terga pecto.','cc0-1.0',NULL,NULL,'ec8fc35cb1c6bccbffffdffbbb14a0a8fbc62f27',818422,'["icon6.jpg","icon7.gif","icon2.jpg","icon8.webp","icon4.webp"]','rejected','[]','["dignissimos","iste","dolores","tametsi","tergiversatio","demens","titulus","consuasor","tergo","nesciunt","totus","sollers","auctus","custodia","corrumpo","utor","error","cruentus","tabula","corona","compono","comis","cavus","deinde","copia","error","maxime","coniecto","sufficio","velit"]','2025-07-19 05:17:58.575 +00:00','2025-07-19 05:17:58.575 +00:00',NULL),(531,NULL,'[]','saber','saber_saber','58356087009134339486709013','[{"userId":"19519326909700251631815791","workDone":"ulciscor vigor"}]','quia cenaculum saber saber_saber','This is a test asset of type saber and format saber_saber.\nVis adsum curso chirographum vulnero. Desino comis volup. Cimentarius amo sumptus.','cc0-1.0',NULL,NULL,'f1b9dae9ecf314fa65ee1fe94b8ac6da2defa0dc',829713,'["icon1.png","icon3.gif","icon8.webp"]','approved','[]','["cruentus","iste","vestigium","maxime","nesciunt","patria","comis","cogito","corona","error","argumentum","deinde","adficio","dolores","coniecto","vulnus","compono","sollers","error","stips","talus","circumvenio","velit","demens","auctus","consuasor","sufficio","corroboro","defetiscor"]','2025-07-19 05:17:56.414 +00:00','2025-07-19 05:17:56.414 +00:00',NULL),(652,'4983877902','[]','banner','banner_png','50858482726800324902532806','[{"userId":"69421939382193957240267878","workDone":"cur"}]','coepi debeo banner banner_png','This is a test asset of type banner and format banner_png.\nAntepono explicabo aestivus cornu. Alius stillicidium commemoro agnitio voluptatem soluta sumo. Ante volup defetiscor undique sortitus cura administratio admoneo.','cc0-1.0',NULL,NULL,'aaf94c0d3fdebfee9155e05beb2db79b20d9be6d',360174,'["icon4.webp","icon3.gif","icon5.png"]','private','[]','["qui","corona","circumvenio","corona","tepesco","cruentus","soleo","iste","astrum","cetera","sufficio","compono","velit","vestigium","dignissimos","aggredior","adficio","statim","maxime","deinde","utor","corrumpo","talus","totus","error","tergiversatio","demens","custodia","vulnus","coniecto","error","auctus","comis","tametsi","argumentum","cogito","defetiscor","stips","nesciunt","tabula","cavus"]','2025-07-19 05:17:57.151 +00:00','2025-07-19 05:17:57.151 +00:00',NULL),(773,'4363333403','[]','note','note_bloq','50858482726800324902532806','[{"userId":"69421939382193957240267878","workDone":"stillicidium adamo"}]','similique via note note_bloq','This is a test asset of type note and format note_bloq.\nAmitto territo cultura. Complectus sollers suadeo. Acidus sperno carcer adiuvo uberrime conqueror aut summisse.','cc0-1.0',NULL,NULL,'3f6eab0a8c572bb76aaae3ccc7bf85cc0eebaf0c',771857,'["icon3.gif","icon2.jpg","icon1.png","icon8.webp"]','approved','[]','["sint","copia","talus","demens","corrumpo","tepesco","vulnus","corroboro","tametsi","coniecto","iste","maxime","cruentus","cavus","corona","astrum","cogito","compono","sufficio","error","deinde","auctus","utor","aggredior","soleo","tergiversatio","patria","tergo","velit","tabula","sollers","cetera","qui","titulus","statim","consuasor","defetiscor","vestigium","nesciunt","adficio","error"]','2025-07-19 05:17:57.840 +00:00','2025-07-19 05:17:57.840 +00:00',NULL),(421,'8565441950','[]','note','note_bloq','22622413246920135196202590','[{"userId":"19519326909700251631815791","workDone":"thesis decimus"}]','vesco trucido note note_bloq','This is a test asset of type note and format note_bloq.\nVelum demulceo tunc tersus ceno corona. Sophismata amet tamdiu pectus. Clementia ter ullam stabilis angustus antea succedo.','cc0-1.0',NULL,NULL,'1ee2db344ed31c65adac3977ec0cfea88a9c0baa',628853,'["icon4.webp","icon5.png"]','pending','[]','["cavus","copia","corona","sufficio","auctus","dignissimos"]','2025-07-19 05:17:55.713 +00:00','2025-07-19 05:17:55.713 +00:00',NULL),(542,NULL,'[]','camera2-config','camera2-config_json','58356087009134339486709013','[{"userId":"22622413246920135196202590","workDone":"beatae consequuntur iure"}]','a casso camera2-config camera2-config_json','This is a test asset of type camera2-config and format camera2-config_json.\nDemergo adopto abeo apto iste eaque spargo vestrum. Adhuc vigor aegrotatio pel totidem cunctatio vulgus iste. Demulceo turba auditor beatae.','cc0-1.0',NULL,NULL,'5b81ad75ee6fadfdc06ed547d6a56f9f3fdcd94d',656322,'["icon6.jpg","icon4.webp","icon7.gif","icon5.png"]','private','[]','["dignissimos","utor","astrum","soleo","cruentus","maxime","copia","demens","tabula","comis","circumvenio"]','2025-07-19 05:17:56.477 +00:00','2025-07-19 05:17:56.477 +00:00',NULL),(663,NULL,'[]','wall','wall_pixie','50858482726800324902532806','[{"userId":"69421939382193957240267878","workDone":"cogito"}]','abscido decerno wall wall_pixie','This is a test asset of type wall and format wall_pixie.\nVulgaris vacuus dapifer avarus ascisco placeat viriliter volutabrum. Clam cubo arbitro volva clarus aeneus. Collum porro derelinquo ciminatio.','cc0-1.0',NULL,NULL,'691afa9dba94db43b86b8042d449baec58cf4bfb',360054,'["icon5.png","icon2.jpg","icon8.webp"]','private','[]','["sint","nesciunt","error","tametsi","circumvenio","demens","compono","adficio","maxime","stips","tergiversatio","cetera","error","corona","defetiscor","vulnus","iste","totus","auctus","corrumpo","statim","comis","sollers","coniecto","corroboro","cruentus","titulus","sufficio","argumentum","velit","qui","vestigium","tergo","consuasor","astrum","copia","cavus","talus","corona","custodia","patria","tabula","aggredior","dolores","soleo","tepesco","cogito","deinde"]','2025-07-19 05:17:57.216 +00:00','2025-07-19 05:17:57.216 +00:00',NULL),(784,'2173999576','[]','hitscorevisualizer-config','hitscorevisualizer-config_json','50858482726800324902532806','[{"userId":"75268388461378623860100275","workDone":"absque approbo"}]','cupiditas acer hitscorevisualizer-config hitscorevisualizer-config_json','This is a test asset of type hitscorevisualizer-config and format hitscorevisualizer-config_json.\nCarpo abscido textilis vilis nulla versus. Animadverto armarium dedico bonus collum dolore causa advoco adstringo. Statim ter suscipio voluptas cenaculum temptatio.','cc0-1.0',NULL,NULL,'9f5ad28c5d4b81006aaa6ab0b40b34aadc5bdacf',147751,'["icon3.gif","icon2.jpg","icon4.webp"]','approved','[]','["iste","error","statim","auctus","utor","maxime","tepesco","corona","comis","cruentus","vestigium","compono","sint","cetera","tergiversatio","error","argumentum","circumvenio","corona","vulnus","sollers","coniecto","consuasor","velit","qui","totus","soleo","dignissimos","stips","copia","custodia","talus","sufficio","titulus","astrum","defetiscor","tabula","corroboro","patria","cavus","demens","tergo","nesciunt","aggredior","tametsi","adficio","deinde","corrumpo","cogito","dolores"]','2025-07-19 05:17:57.902 +00:00','2025-07-19 05:17:57.902 +00:00',NULL),(311,NULL,'[]','wall','wall_pixie','75268388461378623860100275','[{"userId":"22622413246920135196202590","workDone":"desolo"}]','somnus tergiversatio wall wall_pixie','This is a test asset of type wall and format wall_pixie.\nVenio vigor adipiscor. Versus perferendis coaegresco. Cauda animi aurum nesciunt sublime sufficio thymbra trado umquam antea.','cc0-1.0',NULL,NULL,'ce2cb7f135da5fdf1f7a7a3e7c35df2f12dbd346',873779,'["icon8.webp"]','private','[]','["sint","titulus","utor","consuasor","coniecto","corona","tergiversatio","astrum","circumvenio","custodia","tepesco","maxime","vulnus","compono","cogito","copia","statim","sollers","qui","corona","nesciunt","cruentus","stips","patria","corroboro","demens","sufficio","cetera","vestigium","talus","error","tergo","tametsi","soleo","iste","dolores","cavus","corrumpo","error","argumentum","tabula","comis","totus","dignissimos","auctus","adficio","velit","deinde","aggredior","defetiscor"]','2025-07-19 05:17:55.046 +00:00','2025-07-19 05:17:55.046 +00:00',NULL),(432,'3123689783','[]','hitscorevisualizer-config','hitscorevisualizer-config_json','22622413246920135196202590','[{"userId":"19519326909700251631815791","workDone":"conicio"}]','nostrum cibo hitscorevisualizer-config hitscorevisualizer-config_json','This is a test asset of type hitscorevisualizer-config and format hitscorevisualizer-config_json.\nBeatae cotidie adversus tabesco admiratio conculco illum ipsum communis statua. Dolor spoliatio aureus calco subito curto brevis utor. Theatrum compello comminor desparatus attonbitus.','cc0-1.0',NULL,NULL,'0ae6ffc8fb0ab8dcad2cae1cc6a9fc53c82cefbd',889338,'["icon3.gif"]','private','[]','["defetiscor","tergo","maxime","nesciunt","cavus","soleo","sollers","adficio","stips","cetera","qui","velit","tabula","sufficio","coniecto","tepesco","statim","totus","tametsi","utor","vestigium","circumvenio","custodia","cogito","cruentus","argumentum","patria","astrum","iste","compono","corona","error","titulus","dignissimos","talus","deinde"]','2025-07-19 05:17:55.789 +00:00','2025-07-19 05:17:55.789 +00:00',NULL),(553,'0907613906','[]','health-bar','health-bar_energy','58356087009134339486709013','[{"userId":"22622413246920135196202590","workDone":"sponte umbra"}]','suasoria spes health-bar health-bar_energy','This is a test asset of type health-bar and format health-bar_energy.\nVere amo agnitio repudiandae ultra perspiciatis. Dolor sponte ulterius umquam strues sulum amicitia. Callide varius coruscus vomer tonsor astrum tendo terra.','cc0-1.0',NULL,NULL,'cc9ca2ec0ccd1b87fa5def59dc59fbfabeb36eef',977069,'["icon2.jpg","icon1.png","icon6.jpg","icon4.webp"]','rejected','[]','["demens","sufficio","compono","dignissimos","statim","tepesco","sint","vestigium","velit","consuasor","argumentum","utor","corrumpo","tergo","error","custodia","cavus","corroboro","deinde","dolores","nesciunt","totus","copia","vulnus","adficio","astrum","aggredior","talus","corona","auctus","comis","circumvenio","corona","patria","cruentus","sollers","tabula","stips","soleo","qui"]','2025-07-19 05:17:56.539 +00:00','2025-07-19 05:17:56.539 +00:00',NULL),(674,'1479947458','[]','saber','saber_wacker','50858482726800324902532806','[{"userId":"75268388461378623860100275","workDone":"paens"}]','demoror acsi saber saber_wacker','This is a test asset of type saber and format saber_wacker.\nAmoveo tametsi termes valde velut defendo. Soluta ulciscor sequi arca calamitas cometes condico claustrum. Arceo carus vetus quos abstergo.','cc0-1.0',NULL,NULL,'3b8c02a61fa2e9fe23bf3bf6ed067b62a6cb02ba',32546,'["icon7.gif","icon4.webp","icon8.webp","icon5.png","icon1.png"]','pending','[]','["coniecto","stips","qui","compono","cavus","argumentum","comis","custodia","circumvenio","defetiscor"]','2025-07-19 05:17:57.279 +00:00','2025-07-19 05:17:57.279 +00:00',NULL),(795,NULL,'[]','sound','sound_mp3','50858482726800324902532806','[{"userId":"69421939382193957240267878","workDone":"thorax"}]','condico annus sound sound_mp3','This is a test asset of type sound and format sound_mp3.\nVapulus somnus ducimus ocer pecco combibo ara spectaculum animus adstringo. Acsi decerno ago apparatus. Consuasor fuga sulum cilicium.','cc0-1.0',NULL,NULL,'58f25afae5a2e1dfc3ee960ebdb8f13c9b3e3b0d',842569,'["icon4.webp","icon2.jpg","icon3.gif","icon5.png","icon8.webp"]','rejected','[]','["tergiversatio","coniecto","tepesco","sollers","nesciunt","sufficio","talus","vulnus","tabula","error","tametsi","patria","vestigium","defetiscor","velit","titulus","astrum"]','2025-07-19 05:17:57.963 +00:00','2025-07-19 05:17:57.963 +00:00',NULL),(201,'1609027589','[]','health-bar','health-bar_energy','75268388461378623860100275','[{"userId":"58356087009134339486709013","workDone":"civis aetas"}]','sustineo doloremque health-bar health-bar_energy','This is a test asset of type health-bar and format health-bar_energy.\nVita utrum tredecim delinquo decens. Undique quibusdam velociter voluptatem. Apud utor vilicus.','cc0-1.0',NULL,NULL,'e9c8affe6c32b0155bba9b239e21aba1f940e6da',326466,'["icon6.jpg","icon5.png"]','private','[]','["corrumpo","tabula","error","coniecto","cetera","patria","cogito","corona","maxime","sint","tergo","compono","velit","iste","soleo","sollers","aggredior","circumvenio","defetiscor","tametsi","stips","dignissimos","deinde","nesciunt","astrum","vestigium","vulnus","corroboro"]','2025-07-19 05:17:54.383 +00:00','2025-07-19 05:17:54.383 +00:00',NULL),(322,'9056284407','[]','saber','saber_wacker','22622413246920135196202590','[{"userId":"75268388461378623860100275","workDone":"possimus alveus"}]','vox vilitas saber saber_wacker','This is a test asset of type saber and format saber_wacker.\nSpargo verus ex appello. Crastinus autus conitor ademptio carcer cum teneo incidunt. Depraedor valetudo cognatus urbs patrocinor aeger aut convoco admitto officiis.','cc0-1.0',NULL,NULL,'27ffdfd691df02cced0faecc5d12a5eb47c6c44a',62512,'["icon5.png","icon4.webp","icon3.gif","icon6.jpg"]','approved','[]','["consuasor","astrum","comis","argumentum","error","deinde","corroboro","defetiscor","tametsi","coniecto","tabula","corona","vestigium","adficio","sollers","velit","cavus","talus","corrumpo","cogito","circumvenio","demens","qui","iste","aggredior","sufficio","corona","tergo","copia","statim","nesciunt","maxime","totus","dolores","sint"]','2025-07-19 05:17:55.146 +00:00','2025-07-19 05:17:55.146 +00:00',NULL),(443,NULL,'[]','sound','sound_mp3','22622413246920135196202590','[{"userId":"19519326909700251631815791","workDone":"cernuus commemoro"}]','advenio laboriosam sound sound_mp3','This is a test asset of type sound and format sound_mp3.\nSollers ubi comprehendo ars eligendi cavus calco. Bene curatio tersus. Arbustum sui carpo astrum truculenter nobis vix aufero cunabula.','cc0-1.0',NULL,NULL,'e901ca891bc0bd4994ecacedcc2ae1dc3fdb1ff5',541560,'["icon8.webp","icon1.png","icon4.webp","icon2.jpg"]','pending','[]','["defetiscor","cogito","cetera","maxime","iste","sint","auctus","titulus","corrumpo","sufficio","coniecto","astrum","utor","vestigium","tergo","sollers","statim","vulnus","error","custodia","comis","tabula","adficio","corroboro","nesciunt","cavus","stips","circumvenio","tametsi","qui","talus"]','2025-07-19 05:17:55.866 +00:00','2025-07-19 05:17:55.866 +00:00',NULL),(564,NULL,'[]','platform','platform_plat','58356087009134339486709013','[{"userId":"69421939382193957240267878","workDone":"creptio"}]','ratione denego platform platform_plat','This is a test asset of type platform and format platform_plat.\nUsus quae depulso depulso. Caveo titulus ulciscor demens doloribus exercitationem. Aggredior agnosco annus.','cc0-1.0',NULL,NULL,'eeebada28cf4cd7ddcbf56f2c48ae18ecf02daeb',877908,'["icon1.png"]','rejected','[]','["deinde","astrum","dolores","consuasor","qui","corona","cogito","iste","tergo","compono","stips","auctus","statim","error","patria","aggredior","defetiscor","utor","demens","cetera","tergiversatio","maxime","corroboro","talus","sollers","soleo","tabula","argumentum","vestigium"]','2025-07-19 05:17:56.603 +00:00','2025-07-19 05:17:56.603 +00:00',NULL),(685,'7105090382','[]','chroma-environment','chroma-environment_json','50858482726800324902532806','[{"userId":"22622413246920135196202590","workDone":"cur solum"}]','adsum cicuta chroma-environment chroma-environment_json','This is a test asset of type chroma-environment and format chroma-environment_json.\nBardus summopere amitto xiphias spargo. Caveo ambitus cunae abduco. Adsuesco excepturi cui caput adfero aperio conspergo ipsam clarus.','cc0-1.0',NULL,NULL,'f58deae93ddae5d1b21cb3e4bc8bb4d5ef64be77',796062,'["icon5.png"]','private','[]','["custodia","consuasor","aggredior","cavus","cetera"]','2025-07-19 05:17:57.340 +00:00','2025-07-19 05:17:57.340 +00:00',NULL),(212,NULL,'[]','platform','platform_plat','75268388461378623860100275','[{"userId":"69421939382193957240267878","workDone":"toties"}]','bonus degenero platform platform_plat','This is a test asset of type platform and format platform_plat.\nAntea comis ascisco. Deserunt coadunatio arguo tero. Curto cado vaco cogito virgo deporto.','cc0-1.0',NULL,NULL,'018f8e160fbb1eaddb2ae78eae401dbd5a201f72',632351,'["icon2.jpg","icon7.gif"]','pending','[]','["vulnus","comis","iste","adficio","aggredior","auctus","compono","defetiscor","tepesco","stips","tabula","velit","patria","dolores","cavus"]','2025-07-19 05:17:54.451 +00:00','2025-07-19 05:17:54.451 +00:00',NULL),(333,'6207976464','[]','chroma-environment','chroma-environment_json','22622413246920135196202590','[{"userId":"50858482726800324902532806","workDone":"tribuo"}]','turpis conor chroma-environment chroma-environment_json','This is a test asset of type chroma-environment and format chroma-environment_json.\nInventore viscus unus acerbitas administratio usus quae capto. Voluptatum demonstro super arma tam somniculosus infit. Depraedor absorbeo adflicto concido.','cc0-1.0',NULL,NULL,'bbbbe517bebc7e009bcbcf1c97573c0ac3ccef6b',825091,'["icon1.png","icon7.gif","icon3.gif"]','approved','[]','["aggredior","stips","compono","nesciunt","vestigium","velit","consuasor","adficio","titulus","comis","error","soleo","cetera","coniecto","dignissimos","deinde","sollers","corrumpo","cogito","copia","tergiversatio","demens","sufficio","corona","vulnus","talus","auctus","tergo","defetiscor","dolores","maxime","corona","tepesco"]','2025-07-19 05:17:55.212 +00:00','2025-07-19 05:17:55.212 +00:00',NULL),(454,'5159429739','[]','note','note_cyoob','22622413246920135196202590','[{"userId":"50858482726800324902532806","workDone":"ocer truculenter ustilo"}]','clementia curo note note_cyoob','This is a test asset of type note and format note_cyoob.\nSit advenio victoria. Ascisco terror vespillo pax thesaurus ustulo. Fugiat conqueror benigne testimonium.','cc0-1.0',NULL,NULL,'baf7c8539c8ec7b5ad96ae3b647fb5c7ce47e8e0',321114,'["icon5.png","icon4.webp","icon7.gif","icon2.jpg"]','rejected','[]','["dolores","cruentus","cetera","tergiversatio","qui","nesciunt","tametsi","stips","error","corona","adficio","sollers","vulnus","aggredior","copia","cogito","totus","vestigium","talus","argumentum","patria","demens","tepesco","astrum","sufficio","comis","defetiscor","utor","velit","cavus","auctus","custodia","deinde","coniecto","corona","tergo","tabula","sint","maxime","circumvenio","compono","consuasor","statim","error","corroboro","corrumpo","soleo"]','2025-07-19 05:17:55.931 +00:00','2025-07-19 05:17:55.931 +00:00',NULL),(575,NULL,'[]','counters-plus-config','counters-plus-config_json','58356087009134339486709013','[{"userId":"19519326909700251631815791","workDone":"unde teres sed"}]','cuius vesper counters-plus-config counters-plus-config_json','This is a test asset of type counters-plus-config and format counters-plus-config_json.\nDesparatus quasi derelinquo distinctio verecundia capio. Asporto spectaculum coniuratio tristis cibus. Utpote astrum arma.','cc0-1.0',NULL,NULL,'9011fea3ccf14facd8d96b70874b957de7d7facd',960800,'["icon8.webp","icon4.webp","icon6.jpg","icon2.jpg","icon7.gif"]','private','[]','["cetera","corroboro","cruentus"]','2025-07-19 05:17:56.664 +00:00','2025-07-19 05:17:56.664 +00:00',NULL),(696,NULL,'[]','wall','wall_box','50858482726800324902532806','[{"userId":"75268388461378623860100275","workDone":"capto curriculum harum"}]','architecto aer wall wall_box','This is a test asset of type wall and format wall_box.\nSomniculosus maxime alveus. Labore virtus abundans tyrannus. Odio conatus viscus aliquid aequus crustulum desparatus caritas defungo.','cc0-1.0',NULL,NULL,'bbb78d81319843d9b7247d01e8969e64ae95fb2c',243636,'["icon1.png"]','rejected','[]','["tepesco","consuasor","tergiversatio","defetiscor","auctus","iste","demens","error","soleo","dolores","cetera","cruentus","compono","aggredior","circumvenio","patria","tergo","corona","tametsi","talus","copia","corrumpo","adficio","qui","deinde","vestigium","comis","dignissimos","velit","sollers","sint","custodia","nesciunt","titulus","argumentum","utor","statim"]','2025-07-19 05:17:57.399 +00:00','2025-07-19 05:17:57.399 +00:00',NULL),(102,'4019341320','[]','note','note_cyoob','69421939382193957240267878','[{"userId":"58356087009134339486709013","workDone":"admoveo uberrime"}]','decens tabesco note note_cyoob','This is a test asset of type note and format note_cyoob.\nAcceptus campana surculus vehemens dolor defetiscor versus tonsor. Demonstro spoliatio accommodo. Vis sodalitas celebrer tandem curto.','cc0-1.0',NULL,NULL,'a2cf6efddcf2abb9c55cc8cc6d8d3ff82af3b47b',864449,'["icon7.gif","icon8.webp"]','approved','[]','["soleo","patria","corona","titulus","aggredior","auctus","velit","circumvenio","tepesco","consuasor","statim","comis","error","cogito","cruentus","talus","demens","cavus","corroboro","coniecto","vulnus","tergo","iste","totus","argumentum","deinde","tergiversatio","custodia","dignissimos","qui","defetiscor"]','2025-07-19 05:17:53.696 +00:00','2025-07-19 05:17:53.696 +00:00',NULL),(223,NULL,'[]','counters-plus-config','counters-plus-config_json','75268388461378623860100275','[{"userId":"50858482726800324902532806","workDone":"nulla"}]','demulceo sophismata counters-plus-config counters-plus-config_json','This is a test asset of type counters-plus-config and format counters-plus-config_json.\nTemplum color spoliatio. Tandem deprecator credo thema ullus enim. Cras culpo clamo urbanus strues non sint tribuo amiculum.','cc0-1.0',NULL,NULL,'f4e1f05d149eb0c0be437347333eb3d4f8f75d2e',458279,'["icon1.png","icon7.gif"]','approved','[]','["patria","error"]','2025-07-19 05:17:54.518 +00:00','2025-07-19 05:17:54.518 +00:00',NULL),(344,NULL,'[]','wall','wall_box','22622413246920135196202590','[{"userId":"58356087009134339486709013","workDone":"annus ambulo amita"}]','taedium ultra wall wall_box','This is a test asset of type wall and format wall_box.\nSustineo tonsor suscipit. Totidem terminatio asper denuo arcesso deporto umerus votum defero vito. Tabesco ambitus copia.','cc0-1.0',NULL,NULL,'bead11f4ff1ae6accb9a8bdbdd44a11f1bd7e7e3',887123,'["icon1.png","icon2.jpg","icon5.png","icon8.webp"]','approved','[]','["custodia","velit","maxime","auctus","corrumpo","error","cetera","deinde","vestigium","aggredior","comis","compono","stips","tametsi","soleo","demens","patria","sint","error","sollers","adficio","consuasor"]','2025-07-19 05:17:55.273 +00:00','2025-07-19 05:17:55.273 +00:00',NULL),(465,NULL,'[]','avatar','avatar_avatar','22622413246920135196202590','[{"userId":"75268388461378623860100275","workDone":"sordeo nisi studio"}]','aduro officiis avatar avatar_avatar','This is a test asset of type avatar and format avatar_avatar.\nCognatus communis celebrer aequitas deinde atrocitas bellicus bonus tendo. Conicio defetiscor curriculum voluptates calculus auxilium depopulo. Quae utrum teres derideo corona textus cattus abscido.','cc0-1.0',NULL,NULL,'debe1fee65bebe5ce63eef70bfed5ac678b9beac',670010,'["icon8.webp","icon2.jpg","icon7.gif","icon3.gif","icon4.webp"]','private','[]','["consuasor","tametsi","dolores","talus"]','2025-07-19 05:17:55.997 +00:00','2025-07-19 05:17:55.997 +00:00',NULL),(586,'9488981048','[]','sound','sound_ogg','58356087009134339486709013','[{"userId":"19519326909700251631815791","workDone":"conturbo"}]','complectus praesentium sound sound_ogg','This is a test asset of type sound and format sound_ogg.\nFugit advenio textilis auditor viridis tempus. Aspernatur et vado cribro arcus ustulo vitiosus. Unus tantillus virgo callide custodia aperte atavus compono tantillus facere.','cc0-1.0',NULL,NULL,'3ebfc4baf4cfab4eaa8ea7badaffeb893bc0b426',803006,'["icon2.jpg","icon8.webp","icon5.png","icon7.gif"]','pending','[]','["astrum","tabula","error","corona","vestigium","totus","tametsi","deinde","defetiscor","copia","cetera","tepesco","compono","corona","cavus","velit","tergiversatio","consuasor","tergo","sint","circumvenio","iste","error","titulus","dolores","comis","cogito","dignissimos","adficio","qui","statim","cruentus","corrumpo","patria","stips","sufficio"]','2025-07-19 05:17:56.727 +00:00','2025-07-19 05:17:56.727 +00:00',NULL),(113,NULL,'[]','avatar','avatar_avatar','69421939382193957240267878','[{"userId":"19519326909700251631815791","workDone":"textilis vinitor"}]','dolor confugo avatar avatar_avatar','This is a test asset of type avatar and format avatar_avatar.\nCruentus blanditiis qui teneo ambulo spectaculum brevis vulnero. Degero conventus cogito ex consectetur voluptatem aranea quo. Villa deorsum antea aliqua aduro vinum laborum animadverto spero antea.','cc0-1.0',NULL,NULL,'d9ae951d9cbc8faf0ec1feb605e3ddeb1b57ad90',556551,'["icon5.png","icon7.gif","icon4.webp","icon6.jpg"]','pending','[]','["patria","error","sint"]','2025-07-19 05:17:53.762 +00:00','2025-07-19 05:17:53.762 +00:00',NULL),(234,'4239563723','[]','sound','sound_ogg','75268388461378623860100275','[{"userId":"50858482726800324902532806","workDone":"deripio vilis"}]','ubi pauci sound sound_ogg','This is a test asset of type sound and format sound_ogg.\nVos titulus deficio umbra catena. Termes adopto spoliatio cursim deduco crepusculum tergo altus advoco accusantium. Asper vulpes audio atqui vicinus delinquo officia aperte cognatus amo.','cc0-1.0',NULL,NULL,'0c8ac7d5e1c8c9cd4cf0eb820dca3c7a98edd4a9',952240,'["icon5.png","icon8.webp"]','rejected','[]','["talus","utor","argumentum","dignissimos","corrumpo","tametsi","iste","nesciunt","circumvenio","error","corroboro","tergo","coniecto","sollers","vulnus","corona","patria","sufficio","aggredior","comis","cogito","velit","tepesco","demens","tergiversatio","qui","totus","statim","adficio","cruentus","stips"]','2025-07-19 05:17:54.584 +00:00','2025-07-19 05:17:54.584 +00:00',NULL),(355,'8115238547','[]','saber','saber_saber','22622413246920135196202590','[{"userId":"50858482726800324902532806","workDone":"magni video corporis"}]','cedo ex saber saber_saber','This is a test asset of type saber and format saber_saber.\nDecerno utrum benevolentia caterva dedecor callide desino solvo ex aqua. Adhuc vulpes accusator suspendo traho adulescens desolo solum. Natus tenus verbera tertius claudeo vado.','cc0-1.0',NULL,NULL,'a6c2cda18eae9f442e7fa3cc73900eb3e43f80f6',363116,'["icon6.jpg"]','rejected','[]','["corrumpo","stips","maxime","corroboro","dignissimos","tabula","corona","sint","utor","sufficio","custodia","coniecto","soleo","sollers","aggredior","iste","copia","auctus","deinde","error","totus","dolores","demens","cruentus","argumentum","cogito","tergiversatio","corona","cetera","compono","circumvenio","statim","vulnus","defetiscor","velit","tepesco"]','2025-07-19 05:17:55.336 +00:00','2025-07-19 05:17:55.336 +00:00',NULL),(476,NULL,'[]','banner','banner_png','22622413246920135196202590','[{"userId":"75268388461378623860100275","workDone":"desidero"}]','ter xiphias banner banner_png','This is a test asset of type banner and format banner_png.\nCharisma cilicium uxor dedecor suppellex tristis campana magni clementia aggero. Turpis tenuis vulgus aptus advoco voluptas vae custodia aequus. Censura synagoga tego voluptatum.','cc0-1.0',NULL,NULL,'dba9aa0c8702e42efd354739fa747623b1dce324',239878,'["icon6.jpg","icon7.gif","icon5.png","icon8.webp"]','private','[]','["tergo","nesciunt","corroboro","error","comis","defetiscor","corona","sollers","statim"]','2025-07-19 05:17:56.059 +00:00','2025-07-19 05:17:56.059 +00:00',NULL),(597,NULL,'[]','note','note_bloq','58356087009134339486709013','[{"userId":"19519326909700251631815791","workDone":"teneo utroque"}]','cupiditate uxor note note_bloq','This is a test asset of type note and format note_bloq.\nCarpo illum super adhuc ver volaticus adeo adfectus quibusdam casso. Ater demulceo vitium tribuo aliquam provident alveus. Alo demitto aedificium coepi vomer adiuvo venia carcer.','cc0-1.0',NULL,NULL,'44dccee43cdb31cae0e87bf1b1ee0aaa8faebab9',819438,'["icon2.jpg","icon6.jpg","icon5.png"]','rejected','[]','["error","statim","compono","corrumpo","velit","dignissimos","demens","coniecto","stips","deinde","aggredior","circumvenio","sufficio","tametsi","corona","comis","corona","copia"]','2025-07-19 05:17:56.790 +00:00','2025-07-19 05:17:56.790 +00:00',NULL),(124,NULL,'[]','banner','banner_png','69421939382193957240267878','[{"userId":"58356087009134339486709013","workDone":"deludo antea abeo"}]','cruciamentum iste banner banner_png','This is a test asset of type banner and format banner_png.\nAt officia sodalitas corroboro. Subnecto termes tego. Canonicus praesentium comis exercitationem solitudo casus amplus desolo statua sto.','cc0-1.0',NULL,NULL,'a0abcede0f9ccef60ccbceaa1ce27ace6bfc3ea3',729557,'["icon5.png","icon3.gif","icon2.jpg","icon8.webp","icon6.jpg"]','approved','[]','["cruentus","compono","titulus","soleo","nesciunt","cogito","sollers","vulnus","cavus","utor","cetera","vestigium","error","tergiversatio","tergo","comis","corrumpo","corroboro","deinde","sufficio","circumvenio","tametsi","error","astrum","sint","talus","dignissimos","auctus","custodia","argumentum","adficio","iste","consuasor","aggredior","velit","defetiscor","qui","demens","stips","patria","tepesco","totus"]','2025-07-19 05:17:53.831 +00:00','2025-07-19 05:17:53.831 +00:00',NULL),(245,NULL,'[]','note','note_bloq','75268388461378623860100275','[{"userId":"50858482726800324902532806","workDone":"dens"}]','officia baiulus note note_bloq','This is a test asset of type note and format note_bloq.\nSopor verus conspergo administratio caritas tredecim triduana temptatio. Quaerat decimus caecus provident arcus ambitus coniuratio confido traho. Tergiversatio curis cursim vesco.','cc0-1.0',NULL,NULL,'02f906b45fabf73bd3c0b65fc28a4c31d8c46d0b',971366,'["icon3.gif","icon4.webp","icon2.jpg"]','approved','[]','["deinde","coniecto","sufficio","soleo","consuasor","cetera","utor","iste","velit","vestigium","astrum","patria","titulus","auctus","tabula","demens","tergiversatio","vulnus","comis","talus","compono","totus","error","cruentus","tepesco"]','2025-07-19 05:17:54.657 +00:00','2025-07-19 05:17:54.657 +00:00',NULL),(366,'4309145439','[]','camera2-config','camera2-config_json','22622413246920135196202590','[{"userId":"75268388461378623860100275","workDone":"talis"}]','alienus laborum camera2-config camera2-config_json','This is a test asset of type camera2-config and format camera2-config_json.\nAdinventitias cursim claudeo. Coniuratio suffragium ater uxor ultio provident officia coniecto ullam. Tenax venustas demum debilito toties hic.','cc0-1.0',NULL,NULL,'c8da9ecc7744f112b1634e78afc0efb3b10faba4',810301,'["icon8.webp","icon5.png","icon2.jpg","icon1.png","icon7.gif"]','private','[]','["tergo","copia","iste","statim","titulus","deinde","utor","velit","patria","tabula","cavus","auctus","compono","sufficio","tepesco","custodia","tergiversatio","talus","sint","adficio","comis","stips","corona","aggredior","dignissimos","dolores","tametsi","cogito","coniecto","error","vulnus","corroboro","totus","cetera","qui","cruentus","demens","soleo","circumvenio","astrum","error","consuasor","maxime","argumentum","defetiscor"]','2025-07-19 05:17:55.397 +00:00','2025-07-19 05:17:55.397 +00:00',NULL),(487,'0923658925','[]','wall','wall_pixie','58356087009134339486709013','[{"userId":"22622413246920135196202590","workDone":"beneficium allatus"}]','temperantia laudantium wall wall_pixie','This is a test asset of type wall and format wall_pixie.\nAuditor deleniti careo torqueo bene voveo. Attollo debeo tergiversatio cohors concedo spiritus tenuis enim arcesso. Vae velociter angelus.','cc0-1.0',NULL,NULL,'d9e1364a73ac3cb8cbfe420d4ffbb86d748ea6f7',383138,'["icon1.png","icon6.jpg"]','approved','[]','["tergiversatio","corroboro","talus","statim","defetiscor","error","compono","consuasor","vulnus","astrum","copia","utor"]','2025-07-19 05:17:56.162 +00:00','2025-07-19 05:17:56.162 +00:00',NULL),(135,'6530580017','[]','wall','wall_pixie','69421939382193957240267878','[{"userId":"50858482726800324902532806","workDone":"ea debitis defleo"}]','depulso ager wall wall_pixie','This is a test asset of type wall and format wall_pixie.\nConatus contabesco adficio vorax defessus. Amplus decimus clam stultus caterva supra iste minima denuo. Iste uredo fuga amor aestus repellat.','cc0-1.0',NULL,NULL,'aff5bd8e09887faf340ea475af1a76ec7bfd9cc8',138212,'["icon1.png","icon8.webp","icon7.gif"]','private','[]','["nesciunt","tergo","maxime","corroboro","deinde","astrum","cogito","copia","titulus","tabula","argumentum","dolores","dignissimos","circumvenio","iste","consuasor","corrumpo","qui","tametsi","custodia","soleo","totus","comis","cruentus","statim","aggredior","cetera","patria","stips","sufficio","error","sint","utor"]','2025-07-19 05:17:53.905 +00:00','2025-07-19 05:17:53.905 +00:00',NULL),(256,NULL,'[]','hitscorevisualizer-config','hitscorevisualizer-config_json','75268388461378623860100275','[{"userId":"58356087009134339486709013","workDone":"toties"}]','adsum decerno hitscorevisualizer-config hitscorevisualizer-config_json','This is a test asset of type hitscorevisualizer-config and format hitscorevisualizer-config_json.\nUsitas votum cibus aetas. Subvenio ratione aetas reiciendis viridis socius crastinus tubineus occaecati. Pauci deprimo demum.','cc0-1.0',NULL,NULL,'7fbcc09dcc0d325748abec594c3de4f5f7e93ddb',222721,'["icon8.webp","icon4.webp","icon3.gif"]','rejected','[]','["utor","dignissimos","talus","statim","aggredior","astrum","sollers","compono","deinde","vulnus","cetera","tergiversatio","patria","defetiscor","corona","tametsi","dolores","soleo","tepesco","corona","error","corroboro"]','2025-07-19 05:17:54.726 +00:00','2025-07-19 05:17:54.726 +00:00',NULL),(377,NULL,'[]','health-bar','health-bar_energy','22622413246920135196202590','[{"userId":"19519326909700251631815791","workDone":"terminatio certe"}]','nam cuius health-bar health-bar_energy','This is a test asset of type health-bar and format health-bar_energy.\nCotidie non infit vorax utor ullam aeneus. Tollo considero dolor aspicio adsum laboriosam amitto necessitatibus agnitio celer. Corroboro sollers labore coniecto theca censura doloremque.','cc0-1.0',NULL,NULL,'7dc6688773f3ff8a7defb7fead678ea2dd9961e2',706983,'["icon1.png","icon4.webp","icon2.jpg","icon8.webp"]','private','[]','["stips","astrum","dolores","tergiversatio","cavus","error","custodia","titulus","patria"]','2025-07-19 05:17:55.456 +00:00','2025-07-19 05:17:55.456 +00:00',NULL),(498,NULL,'[]','saber','saber_wacker','58356087009134339486709013','[{"userId":"19519326909700251631815791","workDone":"possimus coniecto"}]','officiis subnecto saber saber_wacker','This is a test asset of type saber and format saber_wacker.\nThymbra tenuis calculus celo vereor studio peior amiculum conor statim. Aptus ara baiulus rem tricesimus subito doloremque apostolus. Urbs cohibeo vereor caries delectus decretum convoco valetudo cohaero.','cc0-1.0',NULL,NULL,'207fa1b8eceb16b4dfac19b670de5dcdeb2c483f',972832,'["icon6.jpg","icon8.webp","icon1.png","icon4.webp"]','private','[]','["tergiversatio","consuasor","deinde","nesciunt","cruentus","dolores","cogito","error","coniecto","copia","velit","statim","aggredior","soleo","utor","sint","sollers","compono","demens","auctus","qui","custodia","sufficio","circumvenio","tabula","stips","adficio","maxime","corona"]','2025-07-19 05:17:56.230 +00:00','2025-07-19 05:17:56.230 +00:00',NULL),(146,NULL,'[]','saber','saber_wacker','69421939382193957240267878','[{"userId":"50858482726800324902532806","workDone":"utique"}]','ulterius agnosco saber saber_wacker','This is a test asset of type saber and format saber_wacker.\nClibanus crux adiuvo cunctatio blandior depraedor ait. Depraedor speculum stillicidium facilis conservo abbas corrupti candidus possimus. Summisse animadverto caute.','cc0-1.0',NULL,NULL,'de9fbc91e835fd941fcbfdc18e45d8bc2a5acaec',996254,'["icon1.png","icon2.jpg","icon8.webp"]','private','[]','["iste","dignissimos","nesciunt","tergo","statim","error","copia","argumentum","tabula","custodia","comis","compono","stips","consuasor","corroboro","sollers","tametsi","corona","utor","circumvenio","deinde","tergiversatio","cruentus","adficio","totus","patria","titulus","sint","demens","astrum","maxime","soleo","talus","dolores","error","coniecto","cavus","cogito","corrumpo","defetiscor","auctus","cetera","velit","qui"]','2025-07-19 05:17:53.981 +00:00','2025-07-19 05:17:53.981 +00:00',NULL),(267,'4190675032','[]','sound','sound_mp3','75268388461378623860100275','[{"userId":"58356087009134339486709013","workDone":"agnosco tempus"}]','fugiat adfero sound sound_mp3','This is a test asset of type sound and format sound_mp3.\nDedico theologus concedo utrimque vulnus vulgaris antea. Voluptas abscido adiuvo adsuesco vestrum veritas demo sortitus virga ambulo. Paens acsi ventosus molestiae dolor somnus ait bardus tergiversatio certus.','cc0-1.0',NULL,NULL,'22e6a08b916f996ba558baaadcd5d33cfbf0ecc8',313842,'["icon6.jpg","icon2.jpg","icon8.webp","icon4.webp"]','rejected','[]','["tabula","corroboro","totus","utor","cogito","auctus","error","nesciunt","custodia","qui","vestigium","circumvenio","coniecto","iste","stips","comis","corona","velit","astrum","aggredior","cavus","corona"]','2025-07-19 05:17:54.796 +00:00','2025-07-19 05:17:54.796 +00:00',NULL),(388,'5589792877','[]','platform','platform_plat','22622413246920135196202590','[{"userId":"69421939382193957240267878","workDone":"cupressus"}]','adfectus facere platform platform_plat','This is a test asset of type platform and format platform_plat.\nAduro cogito terra quos. Auctor eligendi vitium valde vel. Patrocinor vix defessus aufero.','cc0-1.0',NULL,NULL,'ec46eaae5ff4d39d1e4fd2b6ae3dca5423dc0fb3',257078,'["icon8.webp","icon7.gif"]','approved','[]','["vestigium","totus","iste","deinde","defetiscor","argumentum","nesciunt","adficio","dignissimos","corona","corrumpo","tergiversatio","cruentus","copia","titulus","coniecto","statim","stips","sufficio","compono","utor","cavus","consuasor","comis","auctus","tametsi","cetera","qui","maxime","patria"]','2025-07-19 05:17:55.521 +00:00','2025-07-19 05:17:55.521 +00:00',NULL),(157,NULL,'[]','chroma-environment','chroma-environment_json','69421939382193957240267878','[{"userId":"50858482726800324902532806","workDone":"animi thalassinus"}]','officiis derelinquo chroma-environment chroma-environment_json','This is a test asset of type chroma-environment and format chroma-environment_json.\nVomer undique deleniti thermae cresco acidus. Copiose synagoga labore cometes suspendo ut. Magnam color spiritus magnam libero ars cariosus carmen sublime apud.','cc0-1.0',NULL,NULL,'5b6b6acc27cfeed61835bcb508e9b082e134c7c8',557048,'["icon1.png","icon4.webp","icon2.jpg","icon5.png"]','pending','[]','["tergiversatio","cruentus","titulus","consuasor","maxime","stips","sint","demens","copia","aggredior","corrumpo","error","cogito","corona","dolores","compono","argumentum","corroboro","iste","talus","astrum","statim","error","comis","patria","custodia","tepesco","deinde","defetiscor","adficio"]','2025-07-19 05:17:54.059 +00:00','2025-07-19 05:17:54.059 +00:00',NULL),(278,NULL,'[]','note','note_cyoob','75268388461378623860100275','[{"userId":"50858482726800324902532806","workDone":"soleo"}]','conservo adflicto note note_cyoob','This is a test asset of type note and format note_cyoob.\nTerminatio synagoga abeo bonus tabella. Voluptas culpa quis inventore. Thesaurus pariatur aspicio vicissitudo deorsum arceo coepi supra.','cc0-1.0',NULL,NULL,'bf8c7e66259bade26ccdcae551fccef5eef65bdd',480181,'["icon6.jpg","icon3.gif","icon8.webp","icon4.webp"]','approved','[]','["cogito","corrumpo","statim","cetera","tepesco","tametsi","comis","utor","aggredior","maxime","tergiversatio","custodia","copia","patria","circumvenio","astrum","sollers","dolores","consuasor","vestigium","error","talus","stips","cruentus","corroboro","auctus","adficio","tergo","deinde","coniecto","defetiscor","argumentum","dignissimos","sufficio","totus","cavus","corona","qui","velit","vulnus","demens","sint","tabula","soleo","nesciunt"]','2025-07-19 05:17:54.863 +00:00','2025-07-19 05:17:54.863 +00:00',NULL),(399,'9105682805','[]','counters-plus-config','counters-plus-config_json','22622413246920135196202590','[{"userId":"50858482726800324902532806","workDone":"uter"}]','acceptus coaegresco counters-plus-config counters-plus-config_json','This is a test asset of type counters-plus-config and format counters-plus-config_json.\nVentus succedo cimentarius tabella. Minus aperiam spargo spectaculum nisi patior. Aedificium caritas veritatis summopere cohibeo.','cc0-1.0',NULL,NULL,'405dcc1dbbbfad6d6f304958659f93c8cfe1472f',986482,'["icon5.png","icon7.gif","icon8.webp","icon3.gif","icon1.png"]','rejected','[]','["tergo","corona","compono"]','2025-07-19 05:17:55.588 +00:00','2025-07-19 05:17:55.588 +00:00',NULL),(168,'2229126293','[]','wall','wall_box','75268388461378623860100275','[{"userId":"22622413246920135196202590","workDone":"tonsor celer adinventitias"}]','defungo eaque wall wall_box','This is a test asset of type wall and format wall_box.\nClaustrum vicinus correptius conforto curriculum spoliatio. Recusandae uxor ver synagoga vae derelinquo depono vestrum alter. Celebrer calamitas astrum sodalitas tum thesaurus coaegresco aduro ater.','cc0-1.0',NULL,NULL,'bf41327f1e29bb9405e43abedea69defe9aada2e',39117,'["icon8.webp","icon6.jpg","icon2.jpg","icon1.png","icon4.webp"]','private','[]','["cogito","tergiversatio","vulnus","cruentus","corona","sufficio","auctus","iste","error","tabula","aggredior","qui","stips","tergo","astrum","talus","deinde","soleo","totus","statim","custodia","error","corona","velit","demens","consuasor","maxime","adficio","titulus","comis"]','2025-07-19 05:17:54.163 +00:00','2025-07-19 05:17:54.163 +00:00',NULL),(289,'1270056259','[]','avatar','avatar_avatar','75268388461378623860100275','[{"userId":"22622413246920135196202590","workDone":"basium sequi"}]','odit argentum avatar avatar_avatar','This is a test asset of type avatar and format avatar_avatar.\nAsperiores cumque ager. Approbo absconditus verbera neque adnuo deputo caecus appono dapifer congregatio. Corona tot abbas adfero conservo cariosus patrocinor.','cc0-1.0',NULL,NULL,'3cebd0d79f5bfa1b9c4f47a5fc1e9f0332e6c56b',473607,'["icon5.png","icon4.webp","icon2.jpg","icon7.gif","icon1.png"]','rejected','[]','["compono"]','2025-07-19 05:17:54.923 +00:00','2025-07-19 05:17:54.923 +00:00',NULL),(180,NULL,'[]','platform','platform_plat','75268388461378623860100275','[{"userId":"50858482726800324902532806","workDone":"bonus"}]','corrumpo abbas platform platform_plat','This is a test asset of type platform and format platform_plat.\nTabernus demoror vulpes ater advenio cilicium adipisci. Arcus magnam tonsor ventito deduco. Tertius sufficio inventore.','cc0-1.0',NULL,NULL,'bd1b51d4c0f1caecad9a971cad5a7b54993fefea',934481,'["icon1.png"]','rejected','[]','["corona","astrum","comis","corrumpo","corroboro","dignissimos","sollers","qui","tabula"]','2025-07-19 05:17:54.247 +00:00','2025-07-19 05:17:54.247 +00:00',NULL),(51,NULL,'[]','saber','saber_saber','69421939382193957240267878','[{"userId":"22622413246920135196202590","workDone":"inventore maxime"}]','ulciscor cras saber saber_saber','This is a test asset of type saber and format saber_saber.\nTibi odit bardus denuo curriculum veniam undique. Subseco autem blandior corrupti averto certe centum quae sponte. Videlicet absens conicio auctor solium carus certus.','cc0-1.0',NULL,NULL,'c98fadff513fb4a9b5a4fecbf07f5c0af4677eee',179646,'["icon7.gif","icon1.png","icon3.gif","icon5.png"]','private','[]','["titulus","tabula","stips","corona","sufficio","copia","vulnus","corona","defetiscor","soleo","talus","aggredior","consuasor","corroboro","custodia","circumvenio","tametsi","dignissimos","compono","error","demens","maxime","nesciunt","cogito","vestigium","deinde","auctus","corrumpo","patria","velit","astrum","tergiversatio","statim","comis","coniecto","sollers","cavus","argumentum","iste","tepesco","sint","cetera","tergo","totus","adficio","error","dolores"]','2025-07-19 05:17:53.371 +00:00','2025-07-19 05:17:53.371 +00:00',NULL),(62,NULL,'[]','camera2-config','camera2-config_json','69421939382193957240267878','[{"userId":"50858482726800324902532806","workDone":"cohaero catena vinco"}]','doloribus voluptas camera2-config camera2-config_json','This is a test asset of type camera2-config and format camera2-config_json.\nLaudantium adsidue succedo. Surgo texo nostrum. Cognomen delicate fugiat pauper clarus thymbra veniam.','cc0-1.0',NULL,NULL,'e9ebee7c385accad08cea786a3b22a9af57e1bff',559561,'["icon1.png","icon3.gif","icon6.jpg","icon5.png"]','approved','[]','["maxime","cruentus","totus","error","demens","defetiscor","velit","comis"]','2025-07-19 05:17:53.439 +00:00','2025-07-19 05:17:53.439 +00:00',NULL),(73,'2556828151','[]','health-bar','health-bar_energy','69421939382193957240267878','[{"userId":"50858482726800324902532806","workDone":"teres strues"}]','video consequuntur health-bar health-bar_energy','This is a test asset of type health-bar and format health-bar_energy.\nUlterius corpus deduco tamen arceo aeternus. Cumque absum ancilla amet verumtamen veritatis amissio. Adinventitias infit admoneo.','cc0-1.0',NULL,NULL,'a385eb9240ccbeb8eefcf0e2389da871942535f0',658501,'["icon8.webp","icon1.png"]','approved','[]','["error","coniecto","astrum","adficio","qui","aggredior","deinde","tabula","vulnus","corona","compono","sint","argumentum","tepesco","corroboro","soleo","copia","nesciunt","cruentus","sollers","circumvenio","error","demens","stips","consuasor","dolores","defetiscor","sufficio","utor","tametsi","auctus","maxime","tergiversatio","tergo"]','2025-07-19 05:17:53.512 +00:00','2025-07-19 05:17:53.512 +00:00',NULL),(84,NULL,'[]','platform','platform_plat','69421939382193957240267878','[{"userId":"22622413246920135196202590","workDone":"ipsa autus"}]','coerceo dignissimos platform platform_plat','This is a test asset of type platform and format platform_plat.\nDecimus substantia comitatus quaerat statim sum crapula. Tubineus cunae arx antepono decet. Cunabula circumvenio corrigo.','cc0-1.0',NULL,NULL,'d2b57de3dafc6b8a6aac5fda497de7ae95d3759f',922961,'["icon3.gif","icon5.png"]','pending','[]','["aggredior","tametsi","patria","nesciunt","velit","auctus","tabula","stips","corona","vulnus","iste","comis","compono","maxime","error","custodia","coniecto","sufficio","cavus","statim","astrum"]','2025-07-19 05:17:53.583 +00:00','2025-07-19 05:17:53.583 +00:00',NULL),(95,NULL,'[]','counters-plus-config','counters-plus-config_json','69421939382193957240267878','[{"userId":"19519326909700251631815791","workDone":"verto callide"}]','convoco rem counters-plus-config counters-plus-config_json','This is a test asset of type counters-plus-config and format counters-plus-config_json.\nAdimpleo vacuus tum fugit adipisci. Theatrum apostolus cur sapiente thorax admiratio abduco. Doloremque centum attonbitus.','cc0-1.0',NULL,NULL,'c426f6fc1f1d43d624def8b9e3aaaf069bbe0b4d',916513,'["icon4.webp","icon5.png"]','approved','[]','["cruentus","copia","cetera","tametsi","totus","statim","custodia","qui","coniecto","utor","dignissimos","demens","tabula","tepesco"]','2025-07-19 05:17:53.652 +00:00','2025-07-19 05:17:53.652 +00:00',NULL),(851,NULL,'[]','saber','saber_saber','19519326909700251631815791','[{"userId":"58356087009134339486709013","workDone":"usitas accendo ago"}]','temptatio thema saber saber_saber','This is a test asset of type saber and format saber_saber.\nOfficia thesaurus vitium compono animi aegre conicio abduco combibo. Aro solvo amoveo assentator suffragium degero velut thesaurus canonicus. Deporto vapulus cui communis alias nemo amet libero.','cc0-1.0',NULL,NULL,'19fbf749fe38b57431fb38be2bd7caae821ed8d0',848454,'["icon8.webp","icon3.gif","icon2.jpg","icon1.png"]','approved','[]','["custodia","tametsi","sollers","talus","corrumpo","vestigium","iste","totus","corona","error","cavus","dolores","cogito","tepesco","stips","tergiversatio","patria","demens","nesciunt","maxime","tabula","adficio","velit","deinde","soleo","cetera","sint","vulnus","aggredior","corroboro","circumvenio","tergo","titulus","coniecto","copia","comis","astrum","qui","argumentum"]','2025-07-19 05:17:58.330 +00:00','2025-07-19 05:17:58.330 +00:00',NULL),(862,NULL,'[]','camera2-config','camera2-config_json','19519326909700251631815791','[{"userId":"69421939382193957240267878","workDone":"iste una"}]','ventus video camera2-config camera2-config_json','This is a test asset of type camera2-config and format camera2-config_json.\nTorqueo sum utpote adeo numquam. Cupio comminor auctor autem claro. Dedecor quia maiores eum eum amo turba.','cc0-1.0',NULL,NULL,'eafde74d3b57dbc3f0580fdcbddbe9bf1ae0b8eb',201633,'["icon8.webp"]','private','[]','["vulnus","corrumpo","sufficio","argumentum","tergo","soleo","custodia","circumvenio","cogito","corroboro","cetera","tepesco","cavus","qui","sint","compono","tametsi","totus","demens","error","talus","corona","corona"]','2025-07-19 05:17:58.390 +00:00','2025-07-19 05:17:58.390 +00:00',NULL),(741,'2007651794','[]','note','note_bloq','50858482726800324902532806','[{"userId":"58356087009134339486709013","workDone":"amplitudo"}]','cetera delicate note note_bloq','This is a test asset of type note and format note_bloq.\nCupiditas quidem caveo colo neque. Venio taceo clamo alter desidero ventus acquiro. Adicio vilis careo versus cervus desipio sordeo degenero vestigium.','cc0-1.0',NULL,NULL,'d35eb9ba68cc3ff4e7ebab65a326fdb498ba1cc4',695882,'["icon2.jpg","icon3.gif"]','rejected','[]','["dignissimos","iste","stips","cogito","velit","compono","cetera","titulus","error","tabula","deinde","cavus","sufficio","dolores","auctus","custodia","totus","statim","maxime","corrumpo","corona","consuasor","comis","copia","adficio","patria","corona","demens","talus","coniecto"]','2025-07-19 05:17:57.662 +00:00','2025-07-19 05:17:57.662 +00:00',NULL),(873,'3231805320','[]','health-bar','health-bar_energy','19519326909700251631815791','[{"userId":"75268388461378623860100275","workDone":"acervus comptus"}]','cursus corroboro health-bar health-bar_energy','This is a test asset of type health-bar and format health-bar_energy.\nSimilique non coepi. Arbor dolor conforto thesis turpis surgo amoveo adflicto contabesco. Abeo coerceo nihil eius magnam catena colligo aurum.','cc0-1.0',NULL,NULL,'a10a1249fbcbf7b63f9d82ed4ba3d6ee9c17b56b',40571,'["icon3.gif","icon8.webp"]','approved','[]','["copia","argumentum","coniecto","tergiversatio","dignissimos","circumvenio","corona","sint","corrumpo","cogito","adficio","statim","iste","custodia","qui","cruentus","maxime","stips","auctus","comis","corroboro","talus","tametsi","aggredior","soleo","tabula","titulus","corona","totus","consuasor","tergo","error","velit","deinde","patria","tepesco","demens"]','2025-07-19 05:17:58.452 +00:00','2025-07-19 05:17:58.452 +00:00',NULL),(631,NULL,'[]','wall','wall_pixie','58356087009134339486709013','[{"userId":"19519326909700251631815791","workDone":"campana textor claro"}]','quibusdam synagoga wall wall_pixie','This is a test asset of type wall and format wall_pixie.\nUberrime uterque casso aegrotatio voluptatibus. Ante enim administratio alo speciosus abeo pariatur curiositas celebrer. Cuius cogito cubitum textor concido statim delego comes.','cc0-1.0',NULL,NULL,'aea35cda412f0df6add76bf1410cdedbfbc9ebfb',49179,'["icon1.png"]','rejected','[]','["error","sint","coniecto","copia","dolores","iste","cruentus","soleo","vestigium","demens","tepesco","tabula","consuasor","corona","corroboro"]','2025-07-19 05:17:56.981 +00:00','2025-07-19 05:17:56.981 +00:00',NULL),(752,'5052957129','[]','hitscorevisualizer-config','hitscorevisualizer-config_json','50858482726800324902532806','[{"userId":"19519326909700251631815791","workDone":"curatio cruciamentum"}]','supra arbustum hitscorevisualizer-config hitscorevisualizer-config_json','This is a test asset of type hitscorevisualizer-config and format hitscorevisualizer-config_json.\nTametsi allatus decens cognomen acquiro repellat vorax veritatis tempora ex. Comitatus videlicet appono coerceo. Tersus cognomen ea eveniet custodia temeritas delibero aliquam cumque abduco.','cc0-1.0',NULL,NULL,'e3ca79bfac2f24c8b07f2f8f997c334caceecdbf',951398,'["icon1.png","icon6.jpg","icon3.gif"]','approved','[]','["deinde","error","auctus","coniecto","tabula","astrum","tergo","compono","corrumpo","velit","dolores","copia","corroboro","tepesco","cruentus","tametsi","sollers","argumentum","dignissimos","adficio","corona","consuasor","titulus","aggredior","corona","patria","sint","totus","stips","cavus","talus","defetiscor","utor","cetera","cogito","iste","statim","circumvenio","maxime","custodia","sufficio"]','2025-07-19 05:17:57.721 +00:00','2025-07-19 05:17:57.721 +00:00',NULL),(884,NULL,'[]','platform','platform_plat','19519326909700251631815791','[{"userId":"22622413246920135196202590","workDone":"demens magni"}]','convoco comprehendo platform platform_plat','This is a test asset of type platform and format platform_plat.\nCupio consuasor sapiente tenax. Constans conspergo caritas celebrer tener cognatus. Amplitudo vorago suus atrox absconditus creo ars clamo.','cc0-1.0',NULL,NULL,'d4ec3bb8ba2fefab9fb0dd3e26cfd7e9733ac35c',686803,'["icon6.jpg","icon3.gif"]','private','[]','["dignissimos","compono","astrum","tergiversatio","corrumpo","totus","auctus","dolores","tametsi","stips","demens","circumvenio","cogito","nesciunt","comis","tabula","sollers","coniecto","soleo","adficio","utor","cavus","deinde","argumentum","talus","corroboro","sint","qui","sufficio","tergo","error","corona","corona","error","cetera","patria","iste","copia","cruentus","vestigium","defetiscor","velit","custodia","statim","consuasor"]','2025-07-19 05:17:58.518 +00:00','2025-07-19 05:17:58.518 +00:00',NULL),(4,'9276545320','[]','platform','platform_plat','69421939382193957240267878','[{"userId":"58356087009134339486709013","workDone":"allatus vado"}]','arcus tergiversatio platform platform_plat','This is a test asset of type platform and format platform_plat.\nClamo exercitationem textilis. Casus ut admitto accendo ad adsuesco debitis varietas. Thema aveho capitulus voluptate vero.','cc0-1.0',NULL,NULL,'b5fdef87eed6bcc92a27ebe1faf1d31a9911bcee',478105,'["icon5.png","icon1.png","icon4.webp","icon6.jpg"]','rejected','[]','["tergo","totus","dignissimos","sollers","circumvenio","qui","stips","corona","deinde","corona","defetiscor","patria","auctus","coniecto","dolores"]','2025-07-19 05:17:53.014 +00:00','2025-07-19 05:17:53.014 +00:00',NULL),(521,'2693304983','[]','health-bar','health-bar_energy','58356087009134339486709013','[{"userId":"19519326909700251631815791","workDone":"tollo una"}]','corpus tracto health-bar health-bar_energy','This is a test asset of type health-bar and format health-bar_energy.\nCarmen credo adulescens. Subiungo aegrotatio claudeo volup cometes derideo tracto demergo ad officia. Auctor aegre bellum.','cc0-1.0',NULL,NULL,'53fabc6fac4ec5adebccab2eaca5a9ab12ee75b6',76539,'["icon1.png","icon2.jpg","icon6.jpg","icon3.gif","icon5.png"]','approved','[]','["adficio","cavus","stips","corroboro","cetera","corrumpo","qui","custodia","dignissimos","sint","velit","nesciunt","aggredior","iste","tametsi","tepesco","cogito","vestigium","demens","consuasor","sufficio","corona"]','2025-07-19 05:17:56.361 +00:00','2025-07-19 05:17:56.361 +00:00',NULL),(642,'6025893262','[]','saber','saber_wacker','50858482726800324902532806','[{"userId":"69421939382193957240267878","workDone":"numquam accusator"}]','adulescens stultus saber saber_wacker','This is a test asset of type saber and format saber_wacker.\nSustineo articulus unde tres facilis xiphias. Cohaero aliquid bellicus abbas quod ulterius dolores admiratio angelus. Culpa amaritudo recusandae deripio coerceo.','cc0-1.0',NULL,NULL,'1e57fc4e4e913d50ec0fb535a032c7a869e1adaa',221745,'["icon1.png","icon7.gif","icon4.webp","icon3.gif","icon2.jpg"]','private','[]','["tergiversatio","titulus","talus","iste","sufficio","dolores","velit","circumvenio","aggredior","totus","cogito","vulnus","copia","argumentum","cavus","corona","defetiscor","tepesco","deinde","coniecto","adficio","compono","sollers","utor","cetera","tergo","stips","dignissimos","patria","maxime","corroboro","qui","nesciunt","tabula","comis","auctus","consuasor","error","custodia","demens","statim","astrum","corrumpo","sint","soleo","vestigium","corona"]','2025-07-19 05:17:57.092 +00:00','2025-07-19 05:17:57.092 +00:00',NULL),(763,NULL,'[]','sound','sound_mp3','50858482726800324902532806','[{"userId":"22622413246920135196202590","workDone":"tamisium"}]','quidem bonus sound sound_mp3','This is a test asset of type sound and format sound_mp3.\nConvoco constans benevolentia catena ipsa statua cultura. Uberrime vallum currus spoliatio demoror recusandae bonus. Neque vitium ustilo degenero caecus timidus cilicium amplitudo.','cc0-1.0',NULL,NULL,'4c1cfde201eaa4801384d589d391b8f74e2c0ce8',987754,'["icon7.gif","icon4.webp","icon1.png"]','private','[]','["cruentus","qui","dolores","tergiversatio","error","compono","demens","corona","utor","copia","cetera","tepesco"]','2025-07-19 05:17:57.782 +00:00','2025-07-19 05:17:57.782 +00:00',NULL),(895,NULL,'[]','counters-plus-config','counters-plus-config_json','19519326909700251631815791','[{"userId":"75268388461378623860100275","workDone":"laudantium celer aduro"}]','cruentus tabernus counters-plus-config counters-plus-config_json','This is a test asset of type counters-plus-config and format counters-plus-config_json.\nTutamen demitto terreo crapula demo articulus colligo coaegresco repellendus. Vociferor suppono velit aro combibo comprehendo. Fuga vinculum cumque.','cc0-1.0',NULL,NULL,'be3d8706107c0ce36d86ebe5c3fa5bce82527c46',572019,'["icon6.jpg","icon3.gif","icon5.png","icon7.gif"]','private','[]','["statim","deinde","custodia","stips","consuasor","demens","auctus","coniecto","corona","tergo","defetiscor","titulus","sint","argumentum","corrumpo","copia","nesciunt","cetera","iste","vestigium","totus","error","tabula"]','2025-07-19 05:17:58.581 +00:00','2025-07-19 05:17:58.581 +00:00',NULL),(411,NULL,'[]','sound','sound_mp3','22622413246920135196202590','[{"userId":"50858482726800324902532806","workDone":"eos carcer"}]','dolores sufficio sound sound_mp3','This is a test asset of type sound and format sound_mp3.\nTexo tandem subnecto corrupti undique comburo vociferor appositus delicate numquam. Stips alius ratione. Admiratio censura cometes pectus suspendo solitudo aeneus ea confido.','cc0-1.0',NULL,NULL,'cddd0d6cabc1e461def4ff3dc90eb69b22de1bbb',287945,'["icon6.jpg","icon3.gif","icon4.webp","icon2.jpg"]','approved','[]','["adficio","stips","sufficio","sollers","tabula","corona","defetiscor","titulus","cetera","tametsi","utor","cavus","demens","nesciunt","error","dolores","qui","tepesco","patria","soleo","astrum","aggredior","corroboro","statim","iste"]','2025-07-19 05:17:55.659 +00:00','2025-07-19 05:17:55.659 +00:00',NULL),(532,NULL,'[]','platform','platform_plat','58356087009134339486709013','[{"userId":"19519326909700251631815791","workDone":"sto tepesco"}]','cado vespillo platform platform_plat','This is a test asset of type platform and format platform_plat.\nSolum tripudio canonicus tepidus. Illo pauper in bardus. Vix viridis angustus angustus deprecator.','cc0-1.0',NULL,NULL,'1dc03c45d41dfec3ddaaabdb0d0f3e369302a9fe',783391,'["icon1.png","icon5.png","icon2.jpg"]','private','[]','["totus","compono","patria","utor","corroboro","velit","dolores","statim","deinde","argumentum","cogito","dignissimos","consuasor","talus","vestigium","maxime","cetera","soleo","astrum","demens","error","aggredior","coniecto","titulus","corona"]','2025-07-19 05:17:56.419 +00:00','2025-07-19 05:17:56.419 +00:00',NULL),(653,'5787623483','[]','chroma-environment','chroma-environment_json','50858482726800324902532806','[{"userId":"69421939382193957240267878","workDone":"benigne"}]','asperiores asper chroma-environment chroma-environment_json','This is a test asset of type chroma-environment and format chroma-environment_json.\nAmplexus solio delectatio spoliatio colo depono vulnus unde ager via. Alias communis asporto atque tempora turba sapiente. Crustulum aedificium vulticulus talus.','cc0-1.0',NULL,NULL,'fc2fcef2bdadbd986e76fafb864cc9e6701cdedf',69368,'["icon5.png","icon1.png"]','private','[]','["comis","corona","vulnus","talus","soleo","velit","sint","deinde","corrumpo","tergo","utor","iste","nesciunt","sollers","stips","tabula"]','2025-07-19 05:17:57.156 +00:00','2025-07-19 05:17:57.156 +00:00',NULL),(774,'4767063719','[]','note','note_cyoob','50858482726800324902532806','[{"userId":"22622413246920135196202590","workDone":"decumbo pax"}]','vobis comes note note_cyoob','This is a test asset of type note and format note_cyoob.\nComminor demonstro careo voluptates tabgo aegrus substantia reprehenderit. Conturbo civis tenus acceptus ustulo acidus. Tonsor ancilla arguo calamitas infit.','cc0-1.0',NULL,NULL,'f8eb39cdbbe1af0d2ca666ba4329fbf1df98a26e',511855,'["icon6.jpg","icon5.png","icon1.png","icon8.webp","icon7.gif"]','pending','[]','["custodia","compono","vulnus","patria","velit","aggredior","soleo","sollers","tametsi","copia","circumvenio","stips","sufficio","cruentus","cogito","deinde","corona","vestigium","tabula","talus","consuasor","cavus","maxime","tepesco","corrumpo","dolores","qui","nesciunt","titulus","iste","error","tergo","astrum","sint"]','2025-07-19 05:17:57.847 +00:00','2025-07-19 05:17:57.847 +00:00',NULL),(301,'5042972808','[]','chroma-environment','chroma-environment_json','75268388461378623860100275','[{"userId":"22622413246920135196202590","workDone":"est"}]','angulus voluptate chroma-environment chroma-environment_json','This is a test asset of type chroma-environment and format chroma-environment_json.\nCircumvenio thalassinus conicio occaecati viriliter. Baiulus validus ara. Absconditus tenuis denuo.','cc0-1.0',NULL,NULL,'edb71b1e81f92c704b654eecc9eae9ecda8d76c1',152995,'["icon2.jpg","icon8.webp"]','private','[]','["tergo","error","error","copia","compono","dignissimos","aggredior","custodia","coniecto","cogito","tametsi","nesciunt","dolores","tabula","consuasor","auctus","totus","patria","statim","qui","utor","deinde"]','2025-07-19 05:17:54.991 +00:00','2025-07-19 05:17:54.991 +00:00',NULL),(422,'8292600060','[]','note','note_cyoob','22622413246920135196202590','[{"userId":"19519326909700251631815791","workDone":"tribuo"}]','reiciendis odio note note_cyoob','This is a test asset of type note and format note_cyoob.\nAlveus amplus delego amaritudo colo confugo. Tardus conscendo amicitia. Urbanus accendo totam cupio video voluptas demergo condico quos saepe.','cc0-1.0',NULL,NULL,'4de7bf84ad0d0aad6c253dd0311a6eaad1571e65',192058,'["icon5.png","icon7.gif"]','private','[]','["tergo","soleo","tametsi","nesciunt","circumvenio","demens","patria","corrumpo","tergiversatio","sollers","deinde","corroboro","defetiscor","vulnus","talus","custodia","dignissimos","utor","sufficio","stips","consuasor","aggredior","cavus","comis","argumentum","corona","cruentus","auctus","tabula","astrum","totus"]','2025-07-19 05:17:55.719 +00:00','2025-07-19 05:17:55.719 +00:00',NULL),(543,NULL,'[]','counters-plus-config','counters-plus-config_json','58356087009134339486709013','[{"userId":"50858482726800324902532806","workDone":"solium amiculum"}]','perferendis stips counters-plus-config counters-plus-config_json','This is a test asset of type counters-plus-config and format counters-plus-config_json.\nTandem vesco vado. Crudelis attollo coniecto. Campana nihil condico tumultus caterva.','cc0-1.0',NULL,NULL,'d22b9e0f0e3b8bc5afba8962efa0abb27b9eaeb3',273611,'["icon5.png","icon4.webp","icon8.webp"]','private','[]','["adficio","maxime","tepesco","sint","comis","argumentum","deinde","soleo","vestigium","titulus","velit","defetiscor","tergo","corona","custodia","iste","consuasor","error","sufficio","copia","compono","corrumpo","cetera","aggredior","dignissimos","corona","sollers","cogito","corroboro"]','2025-07-19 05:17:56.482 +00:00','2025-07-19 05:17:56.482 +00:00',NULL),(664,NULL,'[]','wall','wall_box','50858482726800324902532806','[{"userId":"69421939382193957240267878","workDone":"cedo"}]','tertius thalassinus wall wall_box','This is a test asset of type wall and format wall_box.\nVoluptatum viduo despecto denego reiciendis alioqui deduco traho corrupti. Usitas vir mollitia. Tremo centum tonsor ager.','cc0-1.0',NULL,NULL,'fa23b61d8720ca5a11a69895dc85ce1abb41adee',198502,'["icon8.webp"]','private','[]','["dignissimos","velit","totus","statim","custodia","cavus","error","stips","deinde","corrumpo","tepesco","cetera","copia","patria","tergiversatio","tametsi","nesciunt","error","tergo","qui","talus","comis","coniecto","titulus"]','2025-07-19 05:17:57.222 +00:00','2025-07-19 05:17:57.222 +00:00',NULL),(785,NULL,'[]','avatar','avatar_avatar','50858482726800324902532806','[{"userId":"58356087009134339486709013","workDone":"umbra"}]','tertius creo avatar avatar_avatar','This is a test asset of type avatar and format avatar_avatar.\nAdopto arbor adulescens celo surculus aequitas textor. Sui adeptio sui denego. Acer accusator tamquam aliqua.','cc0-1.0',NULL,NULL,'ccf0e61aba96ecbc2aa64793acf4de5ae4b0b2ac',806241,'["icon3.gif","icon5.png","icon2.jpg"]','approved','[]','["sint","sufficio","dolores","corroboro","consuasor","qui","cetera","auctus","cruentus","statim","tergo","custodia","tametsi","nesciunt","aggredior","coniecto","talus","compono","vulnus","deinde","totus","error","sollers","corrumpo","titulus","utor","stips","patria","tepesco","cavus","tergiversatio","corona","velit"]','2025-07-19 05:17:57.908 +00:00','2025-07-19 05:17:57.908 +00:00',NULL),(312,NULL,'[]','wall','wall_box','75268388461378623860100275','[{"userId":"69421939382193957240267878","workDone":"eius solutio sufficio"}]','solutio excepturi wall wall_box','This is a test asset of type wall and format wall_box.\nAliquam utpote solitudo corpus. Vere spes defleo corrigo spero vulariter deputo stillicidium suspendo tero. Defluo comptus terebro autem cruentus curso asporto.','cc0-1.0',NULL,NULL,'de24c7baa7e3e1e46f9cab7f99c971dc29db854d',705986,'["icon1.png","icon3.gif","icon6.jpg"]','approved','[]','["copia","dolores","iste","astrum","corrumpo","titulus","soleo","nesciunt","compono","dignissimos","custodia","corroboro","utor","error","sollers","vestigium","vulnus","qui","sint","consuasor","tepesco","error","auctus","patria","maxime","stips","talus","statim","tametsi","demens","adficio"]','2025-07-19 05:17:55.052 +00:00','2025-07-19 05:17:55.052 +00:00',NULL),(433,NULL,'[]','avatar','avatar_avatar','22622413246920135196202590','[{"userId":"75268388461378623860100275","workDone":"ater volutabrum valde"}]','calamitas assumenda avatar avatar_avatar','This is a test asset of type avatar and format avatar_avatar.\nMinus adduco ancilla cupressus ait tribuo carus venustas sint. Sum torrens comprehendo testimonium abscido attero alienus vigilo. Crudelis theologus terebro thalassinus audacia exercitationem.','cc0-1.0',NULL,NULL,'0b5ba5ccd01ed851c4fb14daaafa1da3f07ac6da',536055,'["icon7.gif","icon4.webp","icon6.jpg"]','rejected','[]','["cogito","iste","sollers","utor","titulus","error","consuasor","corona","compono","sufficio","tergiversatio","vestigium","nesciunt","soleo","stips","tepesco","corrumpo","tametsi","error","cetera","astrum","patria","qui","coniecto","demens","auctus","velit","copia","totus","tabula","defetiscor","tergo","deinde","vulnus","corona","adficio","aggredior","corroboro","dolores","custodia","cruentus","argumentum","comis"]','2025-07-19 05:17:55.795 +00:00','2025-07-19 05:17:55.795 +00:00',NULL),(554,'7202293462','[]','sound','sound_ogg','58356087009134339486709013','[{"userId":"50858482726800324902532806","workDone":"arcesso"}]','utroque acer sound sound_ogg','This is a test asset of type sound and format sound_ogg.\nAestas tondeo delicate capillus adimpleo depromo quos veniam cicuta. Condico qui triduana ceno umerus avarus tricesimus. Despecto derelinquo sollers aetas.','cc0-1.0',NULL,NULL,'a93caebbadfd6699c8123d057a883179e7ffd444',703029,'["icon4.webp","icon5.png","icon8.webp","icon6.jpg","icon1.png"]','rejected','[]','["compono","corrumpo","nesciunt","tergiversatio","coniecto","copia","cruentus","soleo","talus","auctus","utor"]','2025-07-19 05:17:56.544 +00:00','2025-07-19 05:17:56.544 +00:00',NULL),(675,'3291361518','[]','saber','saber_saber','50858482726800324902532806','[{"userId":"58356087009134339486709013","workDone":"abduco venustas corrupti"}]','speculum desipio saber saber_saber','This is a test asset of type saber and format saber_saber.\nTalis ascisco desidero odio debeo thema. Aptus desolo delibero. Cometes arca voluptate molestias ipsa vacuus cetera.','cc0-1.0',NULL,NULL,'06d6eff8faf94f6ec9ab80d9bbfdfe8a32a3eb2a',553771,'["icon3.gif","icon8.webp"]','pending','[]','["argumentum","astrum","deinde","iste","demens","talus","corona","dolores","utor","sollers","defetiscor","circumvenio","error","aggredior","copia","auctus","cetera","titulus","corroboro","corrumpo","nesciunt","velit","tametsi","vestigium","corona","tabula","tepesco","cavus"]','2025-07-19 05:17:57.285 +00:00','2025-07-19 05:17:57.285 +00:00',NULL),(796,NULL,'[]','banner','banner_png','50858482726800324902532806','[{"userId":"69421939382193957240267878","workDone":"adopto sponte tepesco"}]','turba desipio banner banner_png','This is a test asset of type banner and format banner_png.\nSubvenio aggredior nihil torqueo adinventitias usque vitium ter crudelis. Cursim adulatio atque tertius crur textilis celebrer. Dolore complectus amitto concido virga iure fugit cubitum arceo vulpes.','cc0-1.0',NULL,NULL,'fdccfbbbb0578dccbba194ccd322fc96c34ddb9f',95420,'["icon2.jpg","icon1.png","icon3.gif","icon6.jpg"]','rejected','[]','["iste","cetera","tergo","aggredior","corroboro","cogito","patria","dignissimos","qui","nesciunt","corrumpo","sint","coniecto","auctus","tergiversatio","vulnus","cruentus","error","utor","stips","dolores"]','2025-07-19 05:17:57.969 +00:00','2025-07-19 05:17:57.969 +00:00',NULL),(202,'1307898158','[]','sound','sound_ogg','75268388461378623860100275','[{"userId":"50858482726800324902532806","workDone":"odio venia ventus"}]','arca adaugeo sound sound_ogg','This is a test asset of type sound and format sound_ogg.\nUtor subseco adstringo. Veritatis ver coaegresco ademptio sollers amplexus bonus pecus aedificium. Vindico angelus defendo trans amor concedo conicio sumptus verumtamen.','cc0-1.0',NULL,NULL,'bfdfc8e76ea06e4ddffde1fea58dc7138dbe8fdb',449783,'["icon6.jpg","icon2.jpg"]','rejected','[]','["nesciunt","aggredior","error","velit","consuasor","maxime","demens","corona","dolores","dignissimos","iste","custodia","titulus","astrum","tabula","sollers","statim","cavus","vestigium","compono","corona","defetiscor","corrumpo","cruentus","corroboro","sufficio","circumvenio","comis","stips","sint","utor","tepesco","adficio","tergiversatio","deinde","auctus","argumentum","tergo","talus","cogito","patria","vulnus","copia","coniecto","qui","tametsi","error","totus"]','2025-07-19 05:17:54.389 +00:00','2025-07-19 05:17:54.389 +00:00',NULL),(323,'9305254921','[]','saber','saber_saber','22622413246920135196202590','[{"userId":"58356087009134339486709013","workDone":"demo conqueror tempora"}]','cinis quos saber saber_saber','This is a test asset of type saber and format saber_saber.\nSollers confero tenuis. Admoveo succurro conatus vos. Venustas tutamen conservo thermae.','cc0-1.0',NULL,NULL,'fe4df452e8fa93517d3e225aeccb1c9cbc98aae1',617426,'["icon3.gif","icon2.jpg","icon5.png"]','private','[]','["cetera","astrum","corona","iste","vulnus","custodia","coniecto","consuasor","tergiversatio","error","argumentum","totus","cavus","auctus","cogito","soleo","sollers","vestigium","corroboro","tametsi","comis","statim","corona","aggredior","tepesco","sufficio","deinde","defetiscor","stips","compono","qui","error","tabula","demens","circumvenio","sint","adficio","talus","cruentus","dignissimos","titulus","tergo","nesciunt","utor","dolores","velit"]','2025-07-19 05:17:55.151 +00:00','2025-07-19 05:17:55.151 +00:00',NULL),(444,NULL,'[]','banner','banner_png','22622413246920135196202590','[{"userId":"58356087009134339486709013","workDone":"defluo"}]','sub aeternus banner banner_png','This is a test asset of type banner and format banner_png.\nVelum aeger cohors dedico altus decor iste conservo turpis vulgaris. Vomer alveus desparatus animi dolorem curso adstringo. Animi causa omnis dignissimos absum tempora.','cc0-1.0',NULL,NULL,'9d4ffafdb5fb4cfb841976a11b3adeacaca4ca3d',325576,'["icon4.webp","icon8.webp","icon7.gif","icon2.jpg","icon1.png"]','approved','[]','["tergiversatio","error","maxime","soleo","sufficio","nesciunt","argumentum","tabula","custodia"]','2025-07-19 05:17:55.872 +00:00','2025-07-19 05:17:55.872 +00:00',NULL),(565,NULL,'[]','note','note_bloq','58356087009134339486709013','[{"userId":"69421939382193957240267878","workDone":"aspernatur eos"}]','angulus audio note note_bloq','This is a test asset of type note and format note_bloq.\nCotidie adhaero accedo utpote tibi angulus celo. Averto ascit conspergo illum vilis textor totam terreo sulum uredo. Fuga nulla ab adeptio tamquam agnitio tempore advoco.','cc0-1.0',NULL,NULL,'bded1c954cc7de9cafa5648a84eecc95a851d9d8',780608,'["icon7.gif","icon5.png","icon4.webp","icon8.webp"]','pending','[]','["tergiversatio","compono","cetera","tabula","corona","soleo","totus","auctus","vulnus","tametsi","copia","cavus","coniecto","tergo","talus","titulus","demens","argumentum","defetiscor","sollers","patria","cogito","adficio","deinde","circumvenio"]','2025-07-19 05:17:56.608 +00:00','2025-07-19 05:17:56.608 +00:00',NULL),(686,'5679317722','[]','camera2-config','camera2-config_json','50858482726800324902532806','[{"userId":"19519326909700251631815791","workDone":"coerceo"}]','vorago cunctatio camera2-config camera2-config_json','This is a test asset of type camera2-config and format camera2-config_json.\nDeinde porro tener centum dignissimos taedium. Soleo quia minus accusantium aqua blandior attonbitus sophismata. Comedo communis anser vulgo illum ustulo sequi addo debeo.','cc0-1.0',NULL,NULL,'c5fa6b02dbc1b63dc2b07059c30771e9ecb4fc0a',946071,'["icon7.gif","icon2.jpg"]','approved','[]','["corona","corrumpo","statim","qui","deinde","maxime","totus","stips","demens","comis","cetera","coniecto","cruentus","corroboro","custodia","iste","velit","sint","corona","patria","tametsi","consuasor","compono","dolores","tergo","argumentum","error","utor","nesciunt","vulnus","defetiscor","sufficio","sollers","auctus","dignissimos","adficio","circumvenio","vestigium","aggredior"]','2025-07-19 05:17:57.346 +00:00','2025-07-19 05:17:57.346 +00:00',NULL),(213,NULL,'[]','note','note_bloq','75268388461378623860100275','[{"userId":"69421939382193957240267878","workDone":"trepide"}]','repellendus dens note note_bloq','This is a test asset of type note and format note_bloq.\nStatim undique varietas adamo. Aptus calco suus aedificium exercitationem. Inflammatio illo defendo cras crinis.','cc0-1.0',NULL,NULL,'bfbcfcbbf6ffefbbbf9dfea02ead3c9f4565004c',44777,'["icon6.jpg","icon8.webp","icon5.png"]','approved','[]','["velit","compono","corrumpo","coniecto","comis","tametsi","sint","tabula","soleo","cetera","auctus","circumvenio","consuasor","tergo","totus","vulnus","adficio","defetiscor","dolores","stips","tergiversatio","qui","copia","corona","tepesco","cogito","aggredior","deinde","statim","patria","nesciunt","corroboro","talus","sufficio","corona","cruentus","error","utor","titulus","custodia","maxime","argumentum","sollers","astrum"]','2025-07-19 05:17:54.456 +00:00','2025-07-19 05:17:54.456 +00:00',NULL),(334,'3472673382','[]','camera2-config','camera2-config_json','22622413246920135196202590','[{"userId":"75268388461378623860100275","workDone":"cenaculum"}]','conservo somnus camera2-config camera2-config_json','This is a test asset of type camera2-config and format camera2-config_json.\nCupio confido amita curso tonsor aro harum. Abutor iste tamisium talio tametsi reprehenderit subito incidunt coniecto. Tergo sollicito cunae thorax cunae asper corona recusandae.','cc0-1.0',NULL,NULL,'542efb0afe2f7b02dfcd8fbc1cd0fc70fec1a13d',100627,'["icon1.png","icon2.jpg","icon5.png","icon7.gif"]','private','[]','["aggredior","sufficio","tergiversatio","talus","tabula","cetera","maxime","nesciunt","circumvenio","auctus","vestigium","sint","iste","dolores","corrumpo","cogito","cavus","corroboro","deinde","compono","corona","vulnus","tametsi","totus","astrum","custodia","demens","comis","soleo","stips","tepesco","qui","consuasor","titulus","utor","statim","sollers","argumentum","patria","corona"]','2025-07-19 05:17:55.218 +00:00','2025-07-19 05:17:55.218 +00:00',NULL),(455,'4582265691','[]','wall','wall_pixie','22622413246920135196202590','[{"userId":"69421939382193957240267878","workDone":"agnitio infit vulariter"}]','quas caelestis wall wall_pixie','This is a test asset of type wall and format wall_pixie.\nVer deorsum adhaero terror caritas tonsor ager vindico assumenda tyrannus. Deorsum solutio peccatus appositus defleo adstringo traho occaecati ea pax. Dicta sequi tenus aspernatur advoco timor eligendi audax candidus inflammatio.','cc0-1.0',NULL,NULL,'e2ee8ea417ece72aff5ed5db4b2fdd1faacd1b4b',546733,'["icon8.webp","icon3.gif","icon7.gif","icon6.jpg","icon2.jpg"]','pending','[]','["cavus","tepesco","comis","demens","astrum","error","coniecto","qui","vulnus","soleo","compono","iste","stips","adficio","tabula"]','2025-07-19 05:17:55.939 +00:00','2025-07-19 05:17:55.939 +00:00',NULL),(576,NULL,'[]','hitscorevisualizer-config','hitscorevisualizer-config_json','58356087009134339486709013','[{"userId":"50858482726800324902532806","workDone":"subito anser"}]','omnis capio hitscorevisualizer-config hitscorevisualizer-config_json','This is a test asset of type hitscorevisualizer-config and format hitscorevisualizer-config_json.\nCorrigo varietas creta verus suffoco. Creta demens templum coerceo custodia adiuvo ulciscor alter. Acies acsi agnosco cena cibus addo denuncio arguo.','cc0-1.0',NULL,NULL,'3eadc6a73bfb347b8d0de0db0a6f3f121c53e26e',488177,'["icon3.gif","icon4.webp","icon6.jpg","icon1.png"]','approved','[]','["corona","deinde","corrumpo","astrum","cavus","dolores","velit","argumentum","copia","circumvenio","tabula","tergo","cogito","demens","custodia","vestigium"]','2025-07-19 05:17:56.670 +00:00','2025-07-19 05:17:56.670 +00:00',NULL),(697,NULL,'[]','health-bar','health-bar_energy','50858482726800324902532806','[{"userId":"22622413246920135196202590","workDone":"vacuus"}]','sollicito perferendis health-bar health-bar_energy','This is a test asset of type health-bar and format health-bar_energy.\nConfero thema inflammatio videlicet curiositas aegrus temporibus viridis abutor casso. Cultura crapula acceptus caries creo asperiores blanditiis ascisco. Amitto texo succurro temperantia adhuc cometes adopto.','cc0-1.0',NULL,NULL,'7804fa9b191defeca3a18e2c15a3d9c9ccc98df5',165591,'["icon4.webp","icon5.png","icon6.jpg","icon3.gif","icon1.png"]','approved','[]','["maxime","consuasor","dolores","custodia","astrum","error","corrumpo","coniecto","iste","corona","velit","aggredior","cogito","sollers","nesciunt","corroboro","stips","vestigium","cetera","talus","corona","demens","dignissimos","tergo","totus","copia","argumentum","tepesco","adficio","defetiscor","auctus","comis","compono","vulnus","tametsi","soleo","sint"]','2025-07-19 05:17:57.406 +00:00','2025-07-19 05:17:57.406 +00:00',NULL),(103,'7489821719','[]','wall','wall_pixie','69421939382193957240267878','[{"userId":"75268388461378623860100275","workDone":"suppono"}]','vilitas decumbo wall wall_pixie','This is a test asset of type wall and format wall_pixie.\nQui crebro cupiditate fugiat nulla repellendus. Umerus celo deprecator coerceo fugit utor. Inflammatio conservo agnosco carcer blandior tenax decor demo.','cc0-1.0',NULL,NULL,'a513c92c48def836a4ed92f0bdbd6814c9cfc236',320870,'["icon1.png","icon5.png","icon6.jpg","icon7.gif","icon3.gif"]','approved','[]','["nesciunt","error","titulus","utor","cruentus","error","tepesco","corona","totus","vulnus","dignissimos","iste","soleo","circumvenio","custodia"]','2025-07-19 05:17:53.701 +00:00','2025-07-19 05:17:53.701 +00:00',NULL),(224,NULL,'[]','hitscorevisualizer-config','hitscorevisualizer-config_json','75268388461378623860100275','[{"userId":"22622413246920135196202590","workDone":"absconditus"}]','cibus placeat hitscorevisualizer-config hitscorevisualizer-config_json','This is a test asset of type hitscorevisualizer-config and format hitscorevisualizer-config_json.\nVel video eum combibo curiositas. Thymbra pel inventore addo audacia desolo sulum celo defleo ulterius. Delego aliquid laudantium depulso.','cc0-1.0',NULL,NULL,'6cb7fa9959da5c9dd2baeae25dfca16cf24b78ce',770423,'["icon1.png","icon2.jpg","icon8.webp"]','private','[]','["vestigium","adficio","comis","sollers","nesciunt","tergo","dignissimos","error","soleo","tergiversatio","iste"]','2025-07-19 05:17:54.525 +00:00','2025-07-19 05:17:54.525 +00:00',NULL),(345,NULL,'[]','health-bar','health-bar_energy','22622413246920135196202590','[{"userId":"58356087009134339486709013","workDone":"quod"}]','aegre civitas health-bar health-bar_energy','This is a test asset of type health-bar and format health-bar_energy.\nBellum carus statua. Derideo cruentus una conspergo nobis derideo debeo sumptus utor. Basium caute conforto apostolus aspicio clamo temperantia.','cc0-1.0',NULL,NULL,'fb83ec0d895cfae3a4dcac32b63ba2b19ee2bb8e',222398,'["icon1.png","icon4.webp","icon5.png","icon8.webp","icon7.gif"]','rejected','[]','["titulus","dolores","auctus","velit","tametsi","adficio","cetera","error","corona","vulnus","nesciunt","soleo","dignissimos","corrumpo","demens","talus","maxime","tergo","sint","tepesco","cavus","utor","stips","comis","consuasor","totus","tergiversatio","iste","patria","astrum","defetiscor","argumentum","custodia","compono","copia","circumvenio","sufficio","tabula","coniecto","statim","deinde","cogito","aggredior","cruentus","qui","corona","sollers","corroboro"]','2025-07-19 05:17:55.281 +00:00','2025-07-19 05:17:55.281 +00:00',NULL),(466,NULL,'[]','saber','saber_wacker','22622413246920135196202590','[{"userId":"50858482726800324902532806","workDone":"voluptates"}]','aer crebro saber saber_wacker','This is a test asset of type saber and format saber_wacker.\nMinus angulus amo curso delectatio vobis subito appello. Doloribus aggero adimpleo accedo. Una varietas id abutor creo sub comitatus beneficium dolorum.','cc0-1.0',NULL,NULL,'c5b2ab0d96a8d017c99bd6d8e9bdaaaf1f4e0589',894107,'["icon2.jpg"]','pending','[]','["cetera","sint","talus","sufficio","cavus","tepesco","stips"]','2025-07-19 05:17:56.002 +00:00','2025-07-19 05:17:56.002 +00:00',NULL),(587,'2409362243','[]','sound','sound_mp3','58356087009134339486709013','[{"userId":"19519326909700251631815791","workDone":"cicuta"}]','stultus nisi sound sound_mp3','This is a test asset of type sound and format sound_mp3.\nCeno veritatis audacia suppellex tres. Exercitationem tamisium dens vito qui. Sollers auctor depereo acer vae perspiciatis tergiversatio.','cc0-1.0',NULL,NULL,'de548e5e5f61c3bbe777e97cb4a17ee29ad53759',649044,'["icon3.gif","icon5.png","icon4.webp","icon6.jpg","icon7.gif"]','rejected','[]','["totus","corrumpo","cavus","sollers","talus","consuasor","statim","patria","dolores","error","tabula","maxime","copia","demens","qui","stips","cetera","argumentum"]','2025-07-19 05:17:56.732 +00:00','2025-07-19 05:17:56.732 +00:00',NULL),(114,NULL,'[]','saber','saber_wacker','69421939382193957240267878','[{"userId":"50858482726800324902532806","workDone":"torrens votum"}]','alveus vinum saber saber_wacker','This is a test asset of type saber and format saber_wacker.\nConsidero abutor tredecim. Trans adsidue defero laudantium defessus. Cenaculum sulum eos certus theatrum attollo clementia xiphias defluo cupiditas.','cc0-1.0',NULL,NULL,'0ca6be5df1ddf5e6d9da2fd3ae97fbced3defd7a',235019,'["icon6.jpg"]','rejected','[]','["copia","cruentus","tergiversatio","aggredior","iste","totus","dignissimos","tabula","dolores","compono","comis","custodia","maxime","tergo","cetera","patria"]','2025-07-19 05:17:53.769 +00:00','2025-07-19 05:17:53.769 +00:00',NULL),(235,'3819814536','[]','sound','sound_mp3','75268388461378623860100275','[{"userId":"50858482726800324902532806","workDone":"cras conitor"}]','cibus truculenter sound sound_mp3','This is a test asset of type sound and format sound_mp3.\nUllam utroque atrox conatus spargo suffragium. Vitae viriliter confugo. Creta adsum vitae.','cc0-1.0',NULL,NULL,'e19248cfc8cc05bcb3f11925f14ffd7f74f452f3',505623,'["icon7.gif","icon4.webp"]','approved','[]','["titulus","deinde","corroboro","consuasor","stips","argumentum","tabula","cetera","circumvenio","totus"]','2025-07-19 05:17:54.590 +00:00','2025-07-19 05:17:54.590 +00:00',NULL),(356,'5161649501','[]','platform','platform_plat','22622413246920135196202590','[{"userId":"50858482726800324902532806","workDone":"arcus"}]','sufficio taedium platform platform_plat','This is a test asset of type platform and format platform_plat.\nDolor capio tum placeat antiquus usque repellat consectetur. Articulus derideo quaerat debeo caritas crudelis. Titulus odio culpa amplus caritas defaeco velum adeptio vilicus ago.','cc0-1.0',NULL,NULL,'04ffe6c1f36dd80c6a8d1dccadeb7acbda3c3cf9',665497,'["icon1.png","icon7.gif","icon3.gif","icon8.webp"]','rejected','[]','["error","aggredior","cetera","utor","corrumpo","statim","stips","coniecto","consuasor","maxime","qui","deinde","corroboro","cavus","titulus","cruentus","iste","copia","tabula","vulnus","corona","error","auctus","patria","circumvenio","sint","custodia","dolores","argumentum","soleo","tametsi","tergiversatio"]','2025-07-19 05:17:55.341 +00:00','2025-07-19 05:17:55.341 +00:00',NULL),(477,NULL,'[]','chroma-environment','chroma-environment_json','22622413246920135196202590','[{"userId":"69421939382193957240267878","workDone":"delectatio terreo uxor"}]','earum traho chroma-environment chroma-environment_json','This is a test asset of type chroma-environment and format chroma-environment_json.\nFugiat cenaculum culpa. Claudeo vita censura defaeco arceo studio cimentarius amitto. Vis thema esse utor amet.','cc0-1.0',NULL,NULL,'3a169c8ebedb02aea84ec42cdca6bbda380aaac7',799213,'["icon8.webp"]','private','[]','["error","adficio","error","copia","custodia"]','2025-07-19 05:17:56.066 +00:00','2025-07-19 05:17:56.066 +00:00',NULL),(598,NULL,'[]','note','note_cyoob','58356087009134339486709013','[{"userId":"69421939382193957240267878","workDone":"comis"}]','auctus sumo note note_cyoob','This is a test asset of type note and format note_cyoob.\nVenio aeternus autus caritas vinum solvo thymbra. Timor animadverto tot suadeo beatus sono vulgo carbo desparatus benigne. Suggero atrox corpus sum recusandae vulgivagus aiunt.','cc0-1.0',NULL,NULL,'67be53ee20cdedeaca41751ee2dd8eecffbcb9cb',353407,'["icon3.gif","icon4.webp","icon5.png","icon1.png"]','pending','[]','["coniecto","tergo","error","error","talus","statim","vulnus","custodia","tametsi","deinde","cogito","cetera","maxime","patria","cavus","auctus","tabula","corrumpo","consuasor","comis","dignissimos","defetiscor","totus","corona","utor","soleo","corona","cruentus","tepesco","sollers","titulus","sufficio","astrum","aggredior","velit","adficio","copia","demens","nesciunt","sint","circumvenio","compono","tergiversatio","stips","dolores"]','2025-07-19 05:17:56.796 +00:00','2025-07-19 05:17:56.796 +00:00',NULL),(125,NULL,'[]','chroma-environment','chroma-environment_json','69421939382193957240267878','[{"userId":"22622413246920135196202590","workDone":"doloribus nisi repellat"}]','autem doloremque chroma-environment chroma-environment_json','This is a test asset of type chroma-environment and format chroma-environment_json.\nPecco territo callide ademptio usus coruscus statua sonitus. Cursus tamdiu tricesimus ater. Atrox quod crepusculum sub ea tenuis demo quas.','cc0-1.0',NULL,NULL,'afb2e5bd20eb9657a37ceaaee4fdeb0c0da260cb',588998,'["icon8.webp","icon2.jpg","icon3.gif","icon1.png"]','private','[]','["dignissimos","error","soleo","vestigium","corona","maxime","qui","adficio","error","totus","comis","custodia","corona","auctus","tergo","cruentus","patria","astrum","cavus","deinde","nesciunt","velit","aggredior","cogito","tametsi","tabula","argumentum","consuasor","sufficio","statim","demens","iste","dolores","copia","compono","defetiscor","tepesco","vulnus","talus","titulus","corroboro","corrumpo","cetera"]','2025-07-19 05:17:53.837 +00:00','2025-07-19 05:17:53.837 +00:00',NULL),(246,NULL,'[]','note','note_cyoob','75268388461378623860100275','[{"userId":"69421939382193957240267878","workDone":"temporibus"}]','succurro clam note note_cyoob','This is a test asset of type note and format note_cyoob.\nEius tabernus speciosus. Contigo volo tibi tergiversatio cultura incidunt tenus armarium. Stillicidium speculum crepusculum non vae angelus est crudelis.','cc0-1.0',NULL,NULL,'e955e651c8883d016765caceae456c04a6e4af60',222480,'["icon8.webp","icon3.gif","icon4.webp","icon2.jpg"]','rejected','[]','["adficio","copia","corona","cetera","deinde","soleo","maxime","qui","coniecto","consuasor","utor","dolores","talus","corona","tametsi","stips","sollers","vestigium","demens","cruentus","sint","tepesco","astrum","comis","corroboro","tabula","totus","error","statim","error","aggredior","cogito","circumvenio","tergo","tergiversatio","cavus","argumentum","compono","dignissimos","velit","corrumpo","vulnus","titulus","iste","sufficio","patria","nesciunt","custodia","auctus","defetiscor"]','2025-07-19 05:17:54.662 +00:00','2025-07-19 05:17:54.662 +00:00',NULL),(367,'2302742380','[]','counters-plus-config','counters-plus-config_json','22622413246920135196202590','[{"userId":"58356087009134339486709013","workDone":"arceo laboriosam vesco"}]','quo claustrum counters-plus-config counters-plus-config_json','This is a test asset of type counters-plus-config and format counters-plus-config_json.\nUterque angelus ratione volaticus stillicidium texo tot. Vicinus derideo attero ipsam. Comes cumque charisma cultellus facere confero vulnero.','cc0-1.0',NULL,NULL,'eafbc0eef8b8b1cae31c9751f3ba4d9fcd3df6cd',94267,'["icon4.webp","icon2.jpg","icon3.gif","icon5.png","icon6.jpg"]','private','[]','["corrumpo","cogito","corona","dignissimos","compono","dolores","patria","maxime","cetera","corroboro","custodia","defetiscor","circumvenio","vestigium","totus","tametsi","talus","error","qui","consuasor","utor","stips","cavus","sufficio","coniecto","iste","nesciunt","titulus","tergiversatio","tepesco","vulnus","velit","auctus","argumentum"]','2025-07-19 05:17:55.402 +00:00','2025-07-19 05:17:55.402 +00:00',NULL),(488,'2432142533','[]','wall','wall_box','58356087009134339486709013','[{"userId":"50858482726800324902532806","workDone":"ustulo supra"}]','claudeo vae wall wall_box','This is a test asset of type wall and format wall_box.\nAutus turpis caveo dolorem benevolentia. Adsidue sunt cupio sodalitas. Agnitio spargo cunctatio desparatus distinctio occaecati bellicus tamdiu deorsum spectaculum.','cc0-1.0',NULL,NULL,'23cbffdf99ddacccae460ac10ef7291036536b42',949594,'["icon3.gif","icon8.webp","icon2.jpg"]','rejected','[]','["error","corona","tametsi","defetiscor"]','2025-07-19 05:17:56.169 +00:00','2025-07-19 05:17:56.169 +00:00',NULL),(136,'9551085607','[]','wall','wall_box','69421939382193957240267878','[{"userId":"50858482726800324902532806","workDone":"compello"}]','audentia umbra wall wall_box','This is a test asset of type wall and format wall_box.\nDefessus creator nobis audentia vesco conqueror. Benevolentia colligo ater decimus adinventitias voveo occaecati numquam desolo. Vitiosus umbra nisi corona tempus patior defendo viriliter unde acceptus.','cc0-1.0',NULL,NULL,'b0e0e0b97e44ad8e607a7decd07feeefdfc51831',50057,'["icon5.png"]','rejected','[]','["compono","circumvenio","tepesco","auctus","argumentum","titulus","deinde","comis","custodia","velit","corona","vestigium","sufficio","vulnus","consuasor","dignissimos","error","totus","talus","soleo","tabula","sollers","adficio","tergiversatio","nesciunt","corona","astrum","sint","maxime","iste","tergo","utor","statim","error"]','2025-07-19 05:17:53.911 +00:00','2025-07-19 05:17:53.911 +00:00',NULL),(257,'1509913909','[]','avatar','avatar_avatar','75268388461378623860100275','[{"userId":"69421939382193957240267878","workDone":"ustilo arbitro"}]','varietas tempora avatar avatar_avatar','This is a test asset of type avatar and format avatar_avatar.\nDelego desparatus animadverto. Asper thesaurus deduco. Assentator coniuratio eum thermae.','cc0-1.0',NULL,NULL,'c6aea2a2cd9cc7e4c6e5f07e7ba14ff7bce769ab',745297,'["icon4.webp","icon7.gif","icon6.jpg","icon5.png"]','private','[]','["vulnus","auctus","sufficio","statim","adficio","compono","tepesco","titulus","aggredior","qui","cavus","custodia","utor","defetiscor","demens","tametsi","circumvenio","vestigium"]','2025-07-19 05:17:54.733 +00:00','2025-07-19 05:17:54.733 +00:00',NULL),(378,NULL,'[]','sound','sound_ogg','22622413246920135196202590','[{"userId":"69421939382193957240267878","workDone":"cruentus temporibus strues"}]','praesentium animadverto sound sound_ogg','This is a test asset of type sound and format sound_ogg.\nVir repellendus desipio baiulus. Delectus cunabula claro. Temporibus deludo tabella impedit soluta.','cc0-1.0',NULL,NULL,'e3cf7c81b3e0adca57b0e6acac14bdd096e4e5bb',635768,'["icon5.png","icon6.jpg","icon7.gif"]','pending','[]','["sollers","auctus","cruentus","nesciunt","iste","error","tabula","demens","corona","argumentum","cogito","talus","tergiversatio","astrum","velit","dignissimos","patria","error","tergo","cavus","custodia","consuasor","tepesco","corona"]','2025-07-19 05:17:55.461 +00:00','2025-07-19 05:17:55.461 +00:00',NULL),(499,NULL,'[]','saber','saber_saber','58356087009134339486709013','[{"userId":"22622413246920135196202590","workDone":"abstergo"}]','depulso aperiam saber saber_saber','This is a test asset of type saber and format saber_saber.\nRem carpo admoneo subvenio aperiam tantum vomer libero voluptatum taedium. Usitas neque cauda subseco acceptus volaticus creber absens. Demitto denego sufficio ventito arbitro supplanto testimonium vulpes celer.','cc0-1.0',NULL,NULL,'3f1db78b47750a156ce5f5c3b04ee288af5efcf3',53845,'["icon6.jpg","icon4.webp","icon3.gif","icon5.png","icon1.png"]','approved','[]','["consuasor","adficio","soleo","dolores","iste","tepesco","astrum","utor","argumentum","sint","tabula","cogito","circumvenio","titulus","cruentus","copia","corrumpo","corroboro","nesciunt","defetiscor","talus","statim","error","velit","cavus","aggredior","sufficio","stips","demens","custodia","sollers","qui"]','2025-07-19 05:17:56.237 +00:00','2025-07-19 05:17:56.237 +00:00',NULL),(147,NULL,'[]','saber','saber_saber','69421939382193957240267878','[{"userId":"75268388461378623860100275","workDone":"cognomen cavus atqui"}]','deludo celer saber saber_saber','This is a test asset of type saber and format saber_saber.\nAnimus velociter demulceo nisi tamisium super voluptate adsidue calculus clarus. Corporis curso defleo sophismata creta somnus templum utrum ter contigo. Nesciunt curis perferendis veritatis contego caste cauda assumenda ocer.','cc0-1.0',NULL,NULL,'f7f17dc41251fdefff47dfadbc4dc4378cac2ba2',275071,'["icon4.webp"]','rejected','[]','["iste","error","copia","totus","dolores","aggredior","demens"]','2025-07-19 05:17:53.988 +00:00','2025-07-19 05:17:53.988 +00:00',NULL),(268,'4298252287','[]','banner','banner_png','75268388461378623860100275','[{"userId":"50858482726800324902532806","workDone":"voveo ipsum aperte"}]','absens claro banner banner_png','This is a test asset of type banner and format banner_png.\nAnimadverto corrumpo creber trucido virga video adsidue casus summisse. Peior vigilo coruscus. Vetus cena depulso atrocitas harum bardus audax adicio rerum cattus.','cc0-1.0',NULL,NULL,'aff540f74f0e6835ddeeea08aadfdf83334b4dca',80198,'["icon3.gif","icon8.webp"]','pending','[]','["sint","vulnus","stips","utor","tabula","iste","qui","tepesco","copia","corrumpo","error","patria","totus","aggredior","cetera","dolores","corroboro","talus","dignissimos","adficio","demens","auctus","soleo","custodia","argumentum","circumvenio","compono","error","comis","corona","cavus","maxime","vestigium","sufficio","nesciunt","cogito","astrum","tametsi"]','2025-07-19 05:17:54.803 +00:00','2025-07-19 05:17:54.803 +00:00',NULL),(389,'6338907779','[]','note','note_bloq','22622413246920135196202590','[{"userId":"69421939382193957240267878","workDone":"vigilo"}]','spoliatio clam note note_bloq','This is a test asset of type note and format note_bloq.\nSuasoria pecus veniam subvenio. Volup spes deleo comis temptatio strenuus angelus voluptates auctor vero. Sodalitas spiculum coniecto succurro demergo.','cc0-1.0',NULL,NULL,'9d3bad0818f9ce589760268fe9fa14b7baccafdc',603354,'["icon7.gif","icon3.gif","icon2.jpg","icon6.jpg","icon5.png"]','private','[]','["velit","cruentus","cetera","maxime","adficio","corroboro","dignissimos","stips","tepesco","vestigium","corona","titulus","sint","nesciunt","corona","deinde","soleo","tabula","patria","error","astrum","copia","auctus","demens","dolores","coniecto","sollers","sufficio","qui","corrumpo","comis","tametsi","aggredior","tergiversatio","totus","error","talus","argumentum","cavus","utor","cogito","defetiscor"]','2025-07-19 05:17:55.528 +00:00','2025-07-19 05:17:55.528 +00:00',NULL),(158,NULL,'[]','camera2-config','camera2-config_json','69421939382193957240267878','[{"userId":"58356087009134339486709013","workDone":"depereo cur"}]','clibanus aut camera2-config camera2-config_json','This is a test asset of type camera2-config and format camera2-config_json.\nConvoco pecus corona vicissitudo. Hic crux canis. Cras attollo caelestis vulpes eos coadunatio ea adeptio.','cc0-1.0',NULL,NULL,'bb2ccd7eb9058cdaf75edaf3bfaaad008e9bdaa4',896201,'["icon1.png","icon5.png","icon2.jpg"]','rejected','[]','["tabula","corona","adficio","defetiscor","circumvenio","talus","astrum","stips","nesciunt","tepesco"]','2025-07-19 05:17:54.066 +00:00','2025-07-19 05:17:54.066 +00:00',NULL),(279,NULL,'[]','wall','wall_pixie','75268388461378623860100275','[{"userId":"22622413246920135196202590","workDone":"vicissitudo"}]','verbum delego wall wall_pixie','This is a test asset of type wall and format wall_pixie.\nAscit amoveo aspicio vulgaris cupressus agnosco dolores aqua. Admiratio cupiditate sursum. Comitatus xiphias vinco.','cc0-1.0',NULL,NULL,'ebab6bdef5ee0e64ec9f65d5aa1cbe1dbaada86a',745966,'["icon8.webp","icon2.jpg"]','approved','[]','["comis","maxime","error","tergo","defetiscor","demens","tepesco","cetera","sufficio","velit","tabula","vulnus","copia","error","auctus","stips","aggredior","tametsi","corrumpo","cruentus","utor","cavus","custodia","circumvenio","totus","cogito","titulus","adficio","corroboro","corona","patria","argumentum","consuasor","iste","corona","sint","astrum","coniecto","sollers","talus","compono","dolores","nesciunt","statim","qui","deinde","soleo","tergiversatio","dignissimos"]','2025-07-19 05:17:54.868 +00:00','2025-07-19 05:17:54.868 +00:00',NULL),(400,'0145241810','[]','hitscorevisualizer-config','hitscorevisualizer-config_json','22622413246920135196202590','[{"userId":"69421939382193957240267878","workDone":"vulnero officia"}]','benigne voluptas hitscorevisualizer-config hitscorevisualizer-config_json','This is a test asset of type hitscorevisualizer-config and format hitscorevisualizer-config_json.\nDecerno timidus aspicio. Ut tunc dicta aureus. Amor benigne praesentium.','cc0-1.0',NULL,NULL,'3ee72ef4e5e21b4dadae31b6a63f5d69f53116da',420391,'["icon6.jpg"]','approved','[]','["corona","nesciunt","deinde","error","talus","corroboro","tametsi","qui"]','2025-07-19 05:17:55.594 +00:00','2025-07-19 05:17:55.594 +00:00',NULL),(169,'0125238302','[]','health-bar','health-bar_energy','75268388461378623860100275','[{"userId":"69421939382193957240267878","workDone":"nam amitto summa"}]','ago carus health-bar health-bar_energy','This is a test asset of type health-bar and format health-bar_energy.\nTurba truculenter uter. Tyrannus eaque ex. Addo laborum audeo.','cc0-1.0',NULL,NULL,'0ce5a77c509fa5cccafc1dde69e81efd2d8fbbb2',938377,'["icon5.png"]','private','[]','["qui","sollers","dignissimos","cruentus","tergiversatio","consuasor","sufficio","velit","copia","patria","iste","aggredior","maxime","stips","cetera","defetiscor","corroboro","tametsi","titulus","deinde","statim","nesciunt","coniecto","corrumpo","vulnus","demens","compono","adficio","vestigium","error","tergo","cavus","soleo","dolores","error","comis","auctus"]','2025-07-19 05:17:54.171 +00:00','2025-07-19 05:17:54.171 +00:00',NULL),(290,'7788259956','[]','saber','saber_wacker','75268388461378623860100275','[{"userId":"19519326909700251631815791","workDone":"attonbitus accedo"}]','versus textor saber saber_wacker','This is a test asset of type saber and format saber_wacker.\nDefetiscor thesaurus quod arbor. Infit textus autus quo summisse surculus. Advoco denego ocer acsi tero arx turbo confugo timidus deficio.','cc0-1.0',NULL,NULL,'ad805b53274a655cfe240dfb19cfe6ebfee5b4eb',158318,'["icon8.webp","icon1.png"]','private','[]','["adficio","titulus","statim","totus","astrum","iste","cavus","deinde","tabula","dignissimos","sollers","qui","sint","stips","coniecto","consuasor"]','2025-07-19 05:17:54.929 +00:00','2025-07-19 05:17:54.929 +00:00',NULL),(41,'2259871909','[]','health-bar','health-bar_energy','69421939382193957240267878','[{"userId":"19519326909700251631815791","workDone":"sursum cunabula umerus"}]','velit uter health-bar health-bar_energy','This is a test asset of type health-bar and format health-bar_energy.\nCoadunatio stella virga amaritudo advenio sit sapiente canis acerbitas cohors. Id modi comptus decipio consequatur crur tollo arcus veritas cohors. Damnatio temptatio excepturi suppellex angustus atavus voluntarius cunctatio textus amplus.','cc0-1.0',NULL,NULL,'cc4e44019bcad1b90b07586db167e0a3c3df450f',652372,'["icon6.jpg","icon2.jpg"]','approved','[]','["astrum","stips","cavus","dolores","sint","talus","adficio","sufficio","corona","iste","demens","deinde","tabula","vestigium","comis","custodia","tergiversatio","error","titulus","cogito","sollers"]','2025-07-19 05:17:53.303 +00:00','2025-07-19 05:17:53.303 +00:00',NULL),(52,NULL,'[]','platform','platform_plat','69421939382193957240267878','[{"userId":"75268388461378623860100275","workDone":"benigne desidero"}]','decerno trepide platform platform_plat','This is a test asset of type platform and format platform_plat.\nDignissimos comis sursum crinis aspicio. Bis territo verbum tergeo odio vulgivagus aestivus colo cresco pecto. Vulgo crebro benigne vociferor.','cc0-1.0',NULL,NULL,'33fdc455eef2bf2cc131c2aff21e7c53d780aada',421961,'["icon8.webp","icon2.jpg","icon5.png"]','approved','[]','["stips","dignissimos","custodia","tametsi","tabula","tergiversatio","consuasor","totus","aggredior","adficio","velit","coniecto","vulnus","copia","maxime","demens","patria","corroboro"]','2025-07-19 05:17:53.377 +00:00','2025-07-19 05:17:53.377 +00:00',NULL),(63,NULL,'[]','counters-plus-config','counters-plus-config_json','69421939382193957240267878','[{"userId":"19519326909700251631815791","workDone":"annus despecto"}]','temptatio urbanus counters-plus-config counters-plus-config_json','This is a test asset of type counters-plus-config and format counters-plus-config_json.\nCaries tantillus beatus tollo adicio admitto studio autem amaritudo vinum. Bellum vulnero torrens advenio ademptio acceptus sub tertius. Corpus cauda dolorum decumbo claudeo.','cc0-1.0',NULL,NULL,'0b778dfa6dbcb4ed6f6bf8a7fc62afd957af6fa8',972868,'["icon1.png","icon5.png","icon7.gif"]','rejected','[]','["qui","deinde","cogito","dignissimos","corroboro","tabula","tepesco","corrumpo","maxime","copia","dolores","iste","velit","adficio","demens","stips","corona","error","cetera","nesciunt","sollers","tergo","auctus","vulnus"]','2025-07-19 05:17:53.445 +00:00','2025-07-19 05:17:53.445 +00:00',NULL),(74,'0952432916','[]','sound','sound_ogg','69421939382193957240267878','[{"userId":"19519326909700251631815791","workDone":"patria"}]','creber tergiversatio sound sound_ogg','This is a test asset of type sound and format sound_ogg.\nTabesco desipio cohaero. Deleniti succedo tui amo adsum traho. Totidem conservo textor ocer thymbra deinde abduco crudelis delectatio.','cc0-1.0',NULL,NULL,'7c457c97091c3aedc6a40dd9431be5a521828f37',967245,'["icon3.gif"]','private','[]','["defetiscor","cruentus","cetera","iste","titulus","patria","consuasor","demens","corroboro","totus","dolores","tergiversatio","adficio","cavus","tepesco","deinde","vestigium","statim","utor","coniecto","error","sint","astrum","cogito","vulnus"]','2025-07-19 05:17:53.518 +00:00','2025-07-19 05:17:53.518 +00:00',NULL),(85,NULL,'[]','note','note_bloq','69421939382193957240267878','[{"userId":"75268388461378623860100275","workDone":"trucido ulciscor adstringo"}]','umerus cur note note_bloq','This is a test asset of type note and format note_bloq.\nAbsum votum vomica cenaculum repellendus decimus animi quidem vae. Ciminatio spiritus ratione soluta una sperno vomer doloribus vobis. Voluptatibus amplitudo acidus terminatio tristis sono audax.','cc0-1.0',NULL,NULL,'2ce4f50ffeec28d5e45fb9faf588b806e24bcdfc',875470,'["icon3.gif","icon5.png","icon6.jpg","icon2.jpg","icon7.gif"]','rejected','[]','["cetera","patria","compono","tabula","corroboro","stips","deinde","talus","qui","copia","maxime","defetiscor","aggredior","vulnus","corona","soleo","utor","demens","totus","dignissimos","tametsi","consuasor","sollers","iste","vestigium","cavus","tergo","nesciunt","sint","error","dolores","astrum","comis","corona","error","velit","tepesco","cruentus","adficio","sufficio","custodia","tergiversatio"]','2025-07-19 05:17:53.589 +00:00','2025-07-19 05:17:53.589 +00:00',NULL),(96,NULL,'[]','hitscorevisualizer-config','hitscorevisualizer-config_json','69421939382193957240267878','[{"userId":"50858482726800324902532806","workDone":"coaegresco verus"}]','vaco itaque hitscorevisualizer-config hitscorevisualizer-config_json','This is a test asset of type hitscorevisualizer-config and format hitscorevisualizer-config_json.\nCubitum textor casus tantum. Bonus accusantium stipes id suggero. Quia ceno cultellus aeneus.','cc0-1.0',NULL,NULL,'03e5fe1e54f2b7ef5dd5dbf45e8a990da2c84aec',63899,'["icon4.webp","icon3.gif","icon5.png","icon6.jpg","icon2.jpg"]','approved','[]','["cavus","titulus","coniecto","patria","maxime","comis","circumvenio","defetiscor","deinde","copia","dignissimos","tepesco","consuasor","argumentum","soleo","error","statim","utor","sufficio","custodia","tametsi","tabula","corrumpo","iste","astrum","corona","vulnus","totus","sollers","stips","aggredior","corroboro","sint","cetera","auctus","tergo","nesciunt","qui","velit","cruentus","cogito","compono","talus","tergiversatio","vestigium","error","demens"]','2025-07-19 05:17:53.658 +00:00','2025-07-19 05:17:53.658 +00:00',NULL),(951,NULL,'[]','wall','wall_pixie','19519326909700251631815791','[{"userId":"69421939382193957240267878","workDone":"ver aperte delibero"}]','venia tergo wall wall_pixie','This is a test asset of type wall and format wall_pixie.\nComparo accedo illo magni decretum occaecati arcus. Crustulum soleo celebrer barba suspendo auditor voco. Alveus armarium utroque commodo accedo aveho suscipio.','cc0-1.0',NULL,NULL,'3bad7034ede930ef2ccf71bd077b62b81bbdbf41',310099,'["icon2.jpg","icon7.gif"]','private','[]','["titulus","soleo","cogito","cetera","qui","coniecto","error","circumvenio","iste","velit","vestigium","tametsi","maxime","statim"]','2025-07-19 05:17:58.953 +00:00','2025-07-19 05:17:58.953 +00:00',NULL),(841,'8787305867','[]','health-bar','health-bar_energy','19519326909700251631815791','[{"userId":"50858482726800324902532806","workDone":"acerbitas thalassinus curvo"}]','concedo sint health-bar health-bar_energy','This is a test asset of type health-bar and format health-bar_energy.\nUsus viriliter volutabrum vulnero sono carpo. Cubicularis ipsa quisquam summa esse. Vester aveho dignissimos turbo paulatim contigo damno aveho absque facere.','cc0-1.0',NULL,NULL,'1fc8fdb971e3c6de771ceef98da0b0623ab987a7',808258,'["icon7.gif","icon2.jpg"]','pending','[]','["aggredior","cruentus","cavus","vulnus","sufficio","iste","copia","statim","vestigium","stips","talus","qui","tepesco","tametsi","sint","dolores","soleo","totus","corona","tergo","corrumpo","maxime","demens","cetera","nesciunt","circumvenio","error","auctus","consuasor","error","patria","corona","astrum"]','2025-07-19 05:17:58.276 +00:00','2025-07-19 05:17:58.276 +00:00',NULL),(852,NULL,'[]','platform','platform_plat','19519326909700251631815791','[{"userId":"50858482726800324902532806","workDone":"attonbitus nobis venia"}]','claustrum benigne platform platform_plat','This is a test asset of type platform and format platform_plat.\nVerecundia cicuta perferendis. Solium terreo copia. Turpis est dolorum urbanus sortitus.','cc0-1.0',NULL,NULL,'aacacb640bbb8da5ffd08c42fbbbeca4813a0f9a',335874,'["icon3.gif","icon8.webp"]','approved','[]','["argumentum","adficio","sufficio","consuasor","statim","custodia","corona","soleo","tepesco","compono","iste","patria","velit","dolores","astrum","cetera","aggredior","demens","qui","stips","dignissimos","vulnus","maxime","cavus","utor","cogito","tergo","cruentus","nesciunt","tametsi","titulus","tergiversatio","corrumpo","comis","corroboro","auctus","corona"]','2025-07-19 05:17:58.336 +00:00','2025-07-19 05:17:58.336 +00:00',NULL),(731,NULL,'[]','sound','sound_mp3','50858482726800324902532806','[{"userId":"75268388461378623860100275","workDone":"ipsa careo circumvenio"}]','capillus vociferor sound sound_mp3','This is a test asset of type sound and format sound_mp3.\nSuus apud patria maiores vix curtus tam comparo adfectus. Varius benevolentia eaque inflammatio vaco conitor. Nostrum stillicidium tum.','cc0-1.0',NULL,NULL,'b099fbbfdaeca24d847bc782304ead707f7cecf7',743798,'["icon6.jpg"]','rejected','[]','["astrum","corona","aggredior","demens","corrumpo","tabula","talus","compono","circumvenio","cetera","coniecto","totus","stips","maxime","adficio","error","tepesco","tametsi","copia","consuasor","dignissimos","argumentum","soleo","custodia","vestigium","tergo","velit","cogito","cruentus","patria"]','2025-07-19 05:17:57.603 +00:00','2025-07-19 05:17:57.603 +00:00',NULL),(863,NULL,'[]','counters-plus-config','counters-plus-config_json','19519326909700251631815791','[{"userId":"50858482726800324902532806","workDone":"tergiversatio voluptas auctor"}]','solium custodia counters-plus-config counters-plus-config_json','This is a test asset of type counters-plus-config and format counters-plus-config_json.\nAequus inflammatio consequatur depereo. Comprehendo cursus conduco degero. Succurro theatrum tamisium timidus cognatus aperiam auxilium coniuratio theatrum.','cc0-1.0',NULL,NULL,'9c4c693f5a7cdfdfe9b7556b34da2ea0f8f5f1cf',202473,'["icon6.jpg","icon4.webp","icon8.webp","icon2.jpg"]','private','[]','["corona","utor","stips","custodia","nesciunt","totus","maxime","aggredior","patria","adficio","velit","defetiscor","coniecto","tergo","corrumpo","tepesco","error","compono","deinde","corona","talus","cetera","auctus","sollers","sufficio","vestigium","dolores","consuasor","titulus","soleo","corroboro","cruentus","error","sint","tabula","statim","dignissimos","cogito","tametsi","demens","cavus","qui"]','2025-07-19 05:17:58.395 +00:00','2025-07-19 05:17:58.395 +00:00',NULL),(621,'8871972307','[]','chroma-environment','chroma-environment_json','58356087009134339486709013','[{"userId":"69421939382193957240267878","workDone":"demergo contego"}]','aegrus conscendo chroma-environment chroma-environment_json','This is a test asset of type chroma-environment and format chroma-environment_json.\nCuriositas conitor consequatur ceno odio curo coepi. Agnosco tot thymum rem. Blandior libero soluta.','cc0-1.0',NULL,NULL,'d6b5cccb8dff5bc92dde9813fe5e0ef3cabfc89a',138866,'["icon4.webp"]','rejected','[]','["tergo","demens","corona","tametsi","dolores","argumentum","deinde","corrumpo","copia","cruentus","patria","circumvenio","consuasor","auctus","maxime","tepesco","error","talus","sollers","adficio","cetera","comis","astrum","sufficio","statim","nesciunt","qui","stips","defetiscor","compono","cavus"]','2025-07-19 05:17:56.925 +00:00','2025-07-19 05:17:56.925 +00:00',NULL),(742,'5664726214','[]','note','note_cyoob','50858482726800324902532806','[{"userId":"19519326909700251631815791","workDone":"hic iure videlicet"}]','debilito volo note note_cyoob','This is a test asset of type note and format note_cyoob.\nTristis cilicium comptus depopulo capio clarus alioqui bos vomito. Consectetur tersus vel. Turpis civis volaticus undique virga tergeo angustus statua cribro bos.','cc0-1.0',NULL,NULL,'938d8ccf926d534146faf0ccdfb709e7ef7f3af8',873499,'["icon3.gif"]','pending','[]','["aggredior","vestigium","soleo","consuasor","vulnus","corona","corrumpo","titulus","tabula","statim","comis","defetiscor","stips","demens","argumentum","cetera","corroboro","tergiversatio","astrum","adficio","copia","error","corona","talus","sollers","patria","error","dolores","cruentus","iste","sufficio","velit","cogito","auctus","sint","totus","tametsi","tergo","qui"]','2025-07-19 05:17:57.667 +00:00','2025-07-19 05:17:57.667 +00:00',NULL),(874,'7582973379','[]','sound','sound_ogg','19519326909700251631815791','[{"userId":"69421939382193957240267878","workDone":"attero"}]','tero alo sound sound_ogg','This is a test asset of type sound and format sound_ogg.\nCreo concido eius capio voveo ipsum vix absque defendo vespillo. Vetus victoria torqueo. Abstergo succedo aggero tumultus sopor adfectus.','cc0-1.0',NULL,NULL,'c9d0d4a37f83f12a7ff3616bb65af2a347de4cfa',992801,'["icon5.png","icon8.webp","icon6.jpg","icon2.jpg","icon7.gif"]','pending','[]','["custodia","maxime","dignissimos","titulus"]','2025-07-19 05:17:58.459 +00:00','2025-07-19 05:17:58.459 +00:00',NULL),(511,NULL,'[]','counters-plus-config','counters-plus-config_json','58356087009134339486709013','[{"userId":"75268388461378623860100275","workDone":"coniuratio sopor"}]','subiungo canto counters-plus-config counters-plus-config_json','This is a test asset of type counters-plus-config and format counters-plus-config_json.\nIncidunt strues quasi adversus natus agnitio apparatus. Caelestis capio expedita viduo ago amplexus expedita aestivus. Minima complectus tripudio cuius delicate decipio arceo absum vapulus accendo.','cc0-1.0',NULL,NULL,'c6bd608fdc8e7babf1dfaffc1f918fed5fed9701',951426,'["icon7.gif","icon8.webp","icon5.png","icon2.jpg","icon1.png"]','private','[]','["velit","qui","talus","tepesco","demens","stips","maxime","cavus","error","compono","corrumpo","auctus","statim","defetiscor","coniecto","tametsi","totus","astrum","cetera","custodia","patria","cogito","consuasor","adficio","utor","cruentus","copia","vulnus","argumentum","tergiversatio"]','2025-07-19 05:17:56.303 +00:00','2025-07-19 05:17:56.303 +00:00',NULL),(632,NULL,'[]','wall','wall_box','58356087009134339486709013','[{"userId":"22622413246920135196202590","workDone":"statua cruciamentum distinctio"}]','adamo uberrime wall wall_box','This is a test asset of type wall and format wall_box.\nConiecto absque omnis distinctio. Doloremque neque advenio cui defendo caries sublime. Sperno canis via urbanus comburo corona ceno audeo.','cc0-1.0',NULL,NULL,'bd14d61bdf89bde8d4defeae3de54c9fa4ebb1fb',935294,'["icon2.jpg","icon3.gif","icon5.png","icon1.png"]','approved','[]','["aggredior","circumvenio","maxime","comis","argumentum","dolores","cogito","auctus","corona","tergo","copia","tepesco","soleo","totus","defetiscor","qui","cavus","adficio","tergiversatio","cetera","corona","talus","tabula","corrumpo","patria","sufficio","coniecto","vestigium","sollers","statim","cruentus","iste","astrum","velit","error","dignissimos","deinde","stips","vulnus","sint","corroboro","error","demens","tametsi","titulus","nesciunt","consuasor","utor"]','2025-07-19 05:17:56.988 +00:00','2025-07-19 05:17:56.988 +00:00',NULL),(753,NULL,'[]','avatar','avatar_avatar','50858482726800324902532806','[{"userId":"22622413246920135196202590","workDone":"cupressus"}]','corpus vox avatar avatar_avatar','This is a test asset of type avatar and format avatar_avatar.\nAcerbitas quisquam suffoco commodo cauda tripudio circumvenio complectus arbor coniecto. Derelinquo ratione minima. Cuppedia commodo thesis.','cc0-1.0',NULL,NULL,'b1718ac6c4065f0be9ead0bced2c1e232ccd8cca',404545,'["icon3.gif"]','private','[]','["statim","tabula","copia","comis","astrum","nesciunt","cruentus","demens","coniecto","totus","compono","argumentum","aggredior","auctus","circumvenio","deinde","cavus","utor","velit","dignissimos","cetera","tepesco","tametsi","corrumpo","iste","cogito","talus","sufficio","sollers","corona","consuasor","patria","error","corona","vulnus","tergo","sint","stips","soleo"]','2025-07-19 05:17:57.728 +00:00','2025-07-19 05:17:57.728 +00:00',NULL),(885,NULL,'[]','note','note_bloq','19519326909700251631815791','[{"userId":"50858482726800324902532806","workDone":"consequatur summopere voluptatum"}]','allatus totam note note_bloq','This is a test asset of type note and format note_bloq.\nVitae candidus illo curtus velut umerus. Decumbo speciosus aggredior deludo approbo antea. Arto urbanus absens cur ex termes.','cc0-1.0',NULL,NULL,'0ebffb49e14aacfc717b3f6d598eddba47170b7f',858087,'["icon8.webp","icon6.jpg","icon7.gif"]','pending','[]','["sollers","coniecto","dignissimos","tepesco","auctus","vestigium","defetiscor","cetera","nesciunt","totus","error","soleo","maxime","compono","cogito"]','2025-07-19 05:17:58.524 +00:00','2025-07-19 05:17:58.524 +00:00',NULL),(5,'5793320406','[]','note','note_bloq','69421939382193957240267878','[{"userId":"75268388461378623860100275","workDone":"ancilla tactus arma"}]','bos spiritus note note_bloq','This is a test asset of type note and format note_bloq.\nTitulus textus adfectus atque. Barba nulla verbum thymbra accusator talis cauda valetudo undique. Thesis tollo beneficium tempora cariosus undique.','cc0-1.0',NULL,NULL,'9cff4ee04fb6c7ad44de7bce19e558cfa9cd49ec',992631,'["icon7.gif","icon3.gif"]','pending','[]','["patria","sollers","tergiversatio","iste"]','2025-07-19 05:17:53.025 +00:00','2025-07-19 05:17:53.025 +00:00',NULL),(401,NULL,'[]','avatar','avatar_avatar','22622413246920135196202590','[{"userId":"58356087009134339486709013","workDone":"vulticulus"}]','aequus solum avatar avatar_avatar','This is a test asset of type avatar and format avatar_avatar.\nCanto clementia dapifer sto est studio illo sopor cupressus concido. Barba ait venio auxilium eos cariosus beatus. Ullus asperiores voluptatibus sub aperio adhaero.','cc0-1.0',NULL,NULL,'089c5ff5901b2ebcec7ee03ab9fb171abe4cabe2',846722,'["icon6.jpg","icon3.gif","icon4.webp","icon2.jpg"]','approved','[]','["cavus","defetiscor","copia","corroboro","error","utor","nesciunt","velit","sufficio","cruentus","iste","sollers","talus","compono","titulus"]','2025-07-19 05:17:55.601 +00:00','2025-07-19 05:17:55.601 +00:00',NULL),(522,'0364447124','[]','sound','sound_ogg','58356087009134339486709013','[{"userId":"50858482726800324902532806","workDone":"caput"}]','spargo armarium sound sound_ogg','This is a test asset of type sound and format sound_ogg.\nDelibero vero talis crepusculum possimus comptus. Altus depromo cupressus numquam super copia asperiores. Caelestis sustineo speciosus socius.','cc0-1.0',NULL,NULL,'da9e6cd03e0f11ddddde4acaa89ecc87a41debdd',328487,'["icon7.gif"]','private','[]','["corroboro","tergo","auctus","coniecto"]','2025-07-19 05:17:56.366 +00:00','2025-07-19 05:17:56.366 +00:00',NULL),(643,'1871015512','[]','saber','saber_saber','50858482726800324902532806','[{"userId":"75268388461378623860100275","workDone":"alius"}]','vita creo saber saber_saber','This is a test asset of type saber and format saber_saber.\nAbstergo veritatis venustas votum quidem cresco bellum conservo crebro. Bibo tot cras alii appositus sapiente laborum molestias. Tam centum caries conspergo socius suggero deleniti tonsor esse.','cc0-1.0',NULL,NULL,'c1ed792deaf9534cc21d7cd721bccf45944a00e6',984195,'["icon3.gif","icon7.gif","icon8.webp","icon2.jpg","icon4.webp"]','private','[]','["maxime","astrum","circumvenio","talus","vestigium","dignissimos","custodia","adficio","stips","cetera","compono","nesciunt","comis","error","corrumpo","sint","qui","cruentus","corona","velit","soleo","tergo","cogito","titulus","cavus","consuasor","error","utor","auctus","tametsi","patria","totus","tabula","aggredior","vulnus","defetiscor","tergiversatio","argumentum","sufficio"]','2025-07-19 05:17:57.098 +00:00','2025-07-19 05:17:57.098 +00:00',NULL),(764,NULL,'[]','banner','banner_png','50858482726800324902532806','[{"userId":"69421939382193957240267878","workDone":"solium curriculum"}]','compello ustilo banner banner_png','This is a test asset of type banner and format banner_png.\nCupio vilitas coadunatio expedita. Neque abduco temporibus dolorem arcesso solum caterva viriliter verto. Vulgaris tabernus vinculum tantum mollitia dicta degero desipio creator.','cc0-1.0',NULL,NULL,'0ce89634bee589b3d9bb0ffd1ad14df4db77c8ba',846139,'["icon3.gif","icon6.jpg","icon7.gif","icon5.png"]','approved','[]','["maxime","defetiscor","sufficio","tepesco","adficio","tametsi","comis","corona","cavus","copia","tergiversatio","titulus","utor","qui","corrumpo","tabula","nesciunt","patria","error","totus","cogito","sollers","soleo","demens","vulnus","stips","custodia","consuasor","auctus","vestigium","error","argumentum","coniecto","compono","dignissimos","corona","deinde","sint","iste","velit","tergo","statim","circumvenio"]','2025-07-19 05:17:57.788 +00:00','2025-07-19 05:17:57.788 +00:00',NULL),(896,NULL,'[]','hitscorevisualizer-config','hitscorevisualizer-config_json','19519326909700251631815791','[{"userId":"22622413246920135196202590","workDone":"subvenio solvo"}]','crinis alii hitscorevisualizer-config hitscorevisualizer-config_json','This is a test asset of type hitscorevisualizer-config and format hitscorevisualizer-config_json.\nApud valetudo numquam decens benevolentia cogito asporto suspendo. Explicabo aro adflicto aeger dolore undique tumultus bestia caute vomica. Agnosco aqua carbo theca vigilo.','cc0-1.0',NULL,NULL,'b0ecbafc1ced2ba37bbb8befcaa96a4ffeeec3e7',533439,'["icon1.png"]','approved','[]','["velit","cetera","dolores","cruentus"]','2025-07-19 05:17:58.587 +00:00','2025-07-19 05:17:58.587 +00:00',NULL),(412,NULL,'[]','banner','banner_png','22622413246920135196202590','[{"userId":"75268388461378623860100275","workDone":"hic asporto"}]','templum subseco banner banner_png','This is a test asset of type banner and format banner_png.\nPatruus officiis desparatus. Thymbra valens sponte denego comitatus atqui cruentus. Cohibeo adfero magni quo audacia decet.','cc0-1.0',NULL,NULL,'cd30f4a0fce4b3e8c6dbc8caf550337e2fe091ce',389422,'["icon7.gif","icon2.jpg","icon8.webp"]','rejected','[]','["titulus","error","sufficio","circumvenio","compono","vestigium","soleo","demens","nesciunt","statim","maxime","comis","cetera","deinde","tametsi","tepesco","copia","patria","astrum","dolores","sint","iste","consuasor","tergiversatio","defetiscor","aggredior","corroboro","qui","cogito","totus","tabula"]','2025-07-19 05:17:55.664 +00:00','2025-07-19 05:17:55.664 +00:00',NULL),(533,NULL,'[]','note','note_bloq','58356087009134339486709013','[{"userId":"75268388461378623860100275","workDone":"minima ancilla sunt"}]','votum torrens note note_bloq','This is a test asset of type note and format note_bloq.\nQui praesentium reiciendis. Cognomen ipsam currus thymbra atrox cur provident mollitia adfero similique. Argentum subito placeat cimentarius delinquo credo suasoria argentum aspicio.','cc0-1.0',NULL,NULL,'c2cc7d52d4ddacebdaa23296e30eaabead6c3ec6',937527,'["icon7.gif"]','private','[]','["aggredior","iste","corona","error","consuasor","sollers","corroboro","qui","statim","patria","nesciunt","coniecto","corona","error","totus","astrum","vestigium","dolores","circumvenio","titulus","copia","utor","deinde","sufficio","demens","custodia","tepesco","auctus","cetera","cogito","talus","cavus","dignissimos","comis","stips","tabula","tametsi","tergo","vulnus","soleo","velit","argumentum","maxime","cruentus","tergiversatio","adficio"]','2025-07-19 05:17:56.424 +00:00','2025-07-19 05:17:56.424 +00:00',NULL),(654,'7165445800','[]','camera2-config','camera2-config_json','50858482726800324902532806','[{"userId":"75268388461378623860100275","workDone":"accusamus vivo"}]','earum audacia camera2-config camera2-config_json','This is a test asset of type camera2-config and format camera2-config_json.\nAqua sopor spoliatio talio dolorem tollo alveus cariosus spero quas. Ultra acceptus voluptas crepusculum acervus stips thesaurus voluptatum officia. Exercitationem deleniti tergum vitiosus attollo.','cc0-1.0',NULL,NULL,'bfe66e06ca57feba8a7d3b1eddc7c3c56072e0da',434498,'["icon5.png"]','pending','[]','["nesciunt","patria","tergiversatio","custodia","sint","soleo","utor","velit","corona","titulus","sufficio","sollers","aggredior","qui","error","argumentum","tametsi","tepesco","consuasor","vestigium","error","maxime","cruentus","copia"]','2025-07-19 05:17:57.162 +00:00','2025-07-19 05:17:57.162 +00:00',NULL),(775,'9991852682','[]','wall','wall_pixie','50858482726800324902532806','[{"userId":"58356087009134339486709013","workDone":"coniuratio defungo crepusculum"}]','tepidus demoror wall wall_pixie','This is a test asset of type wall and format wall_pixie.\nVulpes nemo vapulus allatus carcer tamisium aduro derideo color stella. Aveho capto cavus facilis. Trado urbs cuius tempus triduana ager stipes admiratio tero quo.','cc0-1.0',NULL,NULL,'eb9add26a7cdc691432ba1f1f5bceadb7b1207ce',742341,'["icon3.gif","icon6.jpg","icon7.gif","icon2.jpg","icon1.png"]','approved','[]','["statim","titulus","vestigium","iste","argumentum","compono","sollers","utor","astrum","demens","totus","dolores","sint","consuasor","tergiversatio","defetiscor","corona","talus","qui","auctus","corroboro","corona","error","cruentus","custodia","adficio","cogito","copia","circumvenio","tabula","tametsi","patria","sufficio","maxime","dignissimos","coniecto","soleo","cetera","deinde","comis","vulnus","tepesco","stips"]','2025-07-19 05:17:57.853 +00:00','2025-07-19 05:17:57.853 +00:00',NULL),(302,'0098843491','[]','camera2-config','camera2-config_json','75268388461378623860100275','[{"userId":"50858482726800324902532806","workDone":"agnitio cunae"}]','vulgaris cribro camera2-config camera2-config_json','This is a test asset of type camera2-config and format camera2-config_json.\nAdopto tres caute cervus turba. Carus aestus ago. Ventito arbustum suppellex sumptus auditor debilito cito vulnero comminor somniculosus.','cc0-1.0',NULL,NULL,'eef1abef5dde86df08cfaeee4f8cfdfba432efd7',155555,'["icon7.gif","icon3.gif"]','pending','[]','["argumentum","auctus","stips","cetera","talus","error","compono","tametsi","consuasor","defetiscor","cavus","tergiversatio","coniecto","corona","custodia","dignissimos","nesciunt","copia","cogito","error","deinde","utor","tabula","comis","iste","tepesco","qui","aggredior","adficio","tergo","sollers","soleo","demens","cruentus","dolores","corona","circumvenio","corrumpo","vulnus","sint"]','2025-07-19 05:17:54.997 +00:00','2025-07-19 05:17:54.997 +00:00',NULL),(423,'6412739135','[]','wall','wall_pixie','22622413246920135196202590','[{"userId":"58356087009134339486709013","workDone":"amaritudo non abbas"}]','corroboro expedita wall wall_pixie','This is a test asset of type wall and format wall_pixie.\nCognomen facere totus. Conspergo tactus altus demoror clam accusamus voluptas. Trans non labore ubi taedium vulgo reprehenderit.','cc0-1.0',NULL,NULL,'2838f65bc2ddbc9e8eeec91df9d0aaf96b6fa983',349425,'["icon3.gif","icon7.gif","icon1.png"]','pending','[]','["corona","velit","consuasor","sollers","statim","compono","vestigium","patria","sufficio","argumentum","maxime","circumvenio","iste","adficio","vulnus","cogito","qui","error","cavus","error","tabula","corroboro"]','2025-07-19 05:17:55.724 +00:00','2025-07-19 05:17:55.724 +00:00',NULL),(544,NULL,'[]','hitscorevisualizer-config','hitscorevisualizer-config_json','58356087009134339486709013','[{"userId":"19519326909700251631815791","workDone":"eum pectus"}]','amet vos hitscorevisualizer-config hitscorevisualizer-config_json','This is a test asset of type hitscorevisualizer-config and format hitscorevisualizer-config_json.\nReprehenderit vita claustrum cinis traho texo terreo turba velut numquam. Cornu beatus iure culpa maxime viridis carmen fugit aestas deficio. Video ait coniuratio.','cc0-1.0',NULL,NULL,'af43fa652d4b7b4f1f3e0dbdefb4c651cc3a93b3',62289,'["icon5.png","icon4.webp"]','private','[]','["vestigium","nesciunt","maxime","auctus","comis","stips","demens","adficio","defetiscor","dolores","sollers","dignissimos","talus","tametsi","sufficio","deinde","sint","argumentum","error"]','2025-07-19 05:17:56.488 +00:00','2025-07-19 05:17:56.488 +00:00',NULL),(665,NULL,'[]','health-bar','health-bar_energy','50858482726800324902532806','[{"userId":"58356087009134339486709013","workDone":"reiciendis sto vado"}]','laborum crur health-bar health-bar_energy','This is a test asset of type health-bar and format health-bar_energy.\nDerelinquo curiositas doloremque cattus delectatio varius tripudio abundans abutor. Torrens cibus cognatus quod carcer trucido pecco demoror temperantia usque. Cavus amitto teneo cupiditas spero curatio consequatur concido aufero.','cc0-1.0',NULL,NULL,'e4ae8f3cef04ee494ce8db05fc0749bdc4d1a046',573826,'["icon4.webp","icon1.png","icon7.gif","icon2.jpg"]','approved','[]','["stips","tergiversatio","dignissimos","coniecto","sufficio","iste","error","maxime","corona","talus","sint","utor","corrumpo","qui","statim","deinde","sollers","patria","tabula","velit","argumentum","defetiscor","copia","adficio","astrum","tepesco","demens","titulus","aggredior","vestigium","error","cavus","vulnus","custodia","consuasor","nesciunt","soleo","corroboro"]','2025-07-19 05:17:57.227 +00:00','2025-07-19 05:17:57.227 +00:00',NULL),(786,NULL,'[]','saber','saber_wacker','50858482726800324902532806','[{"userId":"58356087009134339486709013","workDone":"verecundia"}]','terreo synagoga saber saber_wacker','This is a test asset of type saber and format saber_wacker.\nCeno at curis quam sit colligo bestia. Repellat urbs viriliter toties voluptas vigilo impedit conspergo titulus caries. Derelinquo vester depulso vinitor constans.','cc0-1.0',NULL,NULL,'b2fad5d7efb0bd0a6bd0a8d365c48479bcbb256f',967926,'["icon7.gif"]','approved','[]','["titulus","copia","nesciunt","cetera","totus","qui","auctus","patria","dignissimos","coniecto","cogito","statim","maxime","tergiversatio","argumentum","sint","deinde","tergo","consuasor","velit","stips","corrumpo","cruentus","circumvenio","sufficio","dolores","astrum","tepesco","defetiscor","corona","tametsi","corona","comis","talus","custodia","demens","aggredior","adficio","tabula","soleo","error"]','2025-07-19 05:17:57.913 +00:00','2025-07-19 05:17:57.913 +00:00',NULL),(313,NULL,'[]','health-bar','health-bar_energy','75268388461378623860100275','[{"userId":"69421939382193957240267878","workDone":"texo"}]','coma cognatus health-bar health-bar_energy','This is a test asset of type health-bar and format health-bar_energy.\nVestigium ancilla timidus advoco suspendo. Commodi cursus antiquus terminatio thymbra uberrime abstergo comis. Socius et tamdiu voluptate vindico aequus venustas saepe venio.','cc0-1.0',NULL,NULL,'18a0f7dd8a2dfcf6b2187ff04dcbae8e4bb3dbce',381282,'["icon7.gif","icon8.webp"]','private','[]','["dignissimos","totus","tergo","adficio","corona","tepesco","cogito","consuasor","talus","copia","sint","sufficio","patria","aggredior","tametsi","cruentus","astrum","tabula","coniecto","circumvenio","titulus","auctus","dolores","iste","tergiversatio","velit","compono","nesciunt","error","demens","corroboro","argumentum","cavus","comis","vestigium","corona","vulnus","qui","error","corrumpo","statim","custodia","stips","defetiscor","sollers","cetera"]','2025-07-19 05:17:55.058 +00:00','2025-07-19 05:17:55.058 +00:00',NULL),(434,NULL,'[]','saber','saber_wacker','22622413246920135196202590','[{"userId":"19519326909700251631815791","workDone":"degenero esse talus"}]','territo spiritus saber saber_wacker','This is a test asset of type saber and format saber_wacker.\nPlaceat temporibus curatio pectus utor sequi exercitationem. Stillicidium alii pecco soluta stella uberrime certus denuncio. Comedo ambitus vilis quia.','cc0-1.0',NULL,NULL,'0df5a4a09b5fff6adaa1fdcd7fd15cab47e78bfa',958472,'["icon5.png","icon4.webp","icon7.gif"]','pending','[]','["corroboro","adficio","consuasor","maxime","nesciunt","auctus","tabula","utor","sufficio","error","coniecto","defetiscor","tepesco"]','2025-07-19 05:17:55.802 +00:00','2025-07-19 05:17:55.802 +00:00',NULL),(555,'2382247368','[]','sound','sound_mp3','58356087009134339486709013','[{"userId":"19519326909700251631815791","workDone":"crepusculum"}]','porro cito sound sound_mp3','This is a test asset of type sound and format sound_mp3.\nCompello adficio quisquam calcar triduana spoliatio teres conqueror aiunt undique. Vociferor deserunt adstringo. Tepesco asper theca.','cc0-1.0',NULL,NULL,'dcd8eeedbd9f0b9accf3e27dafd917fdcea44e20',549220,'["icon1.png","icon2.jpg","icon7.gif"]','pending','[]','["soleo","tametsi","sint","tergo","totus","auctus","nesciunt","tergiversatio","compono","statim","utor","cetera","velit","custodia","circumvenio","corrumpo","vulnus","tabula","talus","stips","coniecto","titulus","defetiscor","sufficio","corroboro","error","copia","sollers","vestigium","cogito","deinde","adficio","patria","dolores","cavus","tepesco","qui","cruentus","error","dignissimos","astrum","comis","consuasor","corona","iste","corona","argumentum","maxime","demens","aggredior"]','2025-07-19 05:17:56.550 +00:00','2025-07-19 05:17:56.550 +00:00',NULL),(676,'2487585005','[]','platform','platform_plat','50858482726800324902532806','[{"userId":"69421939382193957240267878","workDone":"viduo adopto"}]','absorbeo condico platform platform_plat','This is a test asset of type platform and format platform_plat.\nStudio depromo officia. Celo ago viridis infit. Arbitro canis tenax.','cc0-1.0',NULL,NULL,'abed77874097352aba40b89dbebd6abc97ca0809',438704,'["icon3.gif","icon7.gif","icon5.png","icon4.webp","icon8.webp"]','rejected','[]','["tametsi","statim","sint","sollers","cruentus","totus","iste","velit","patria","tepesco","corrumpo","dolores","corroboro","error","circumvenio","cavus","compono","cogito","astrum","argumentum","tergiversatio","stips","talus","cetera","qui","copia","custodia","auctus","titulus","corona","utor","defetiscor","vestigium","corona","deinde"]','2025-07-19 05:17:57.291 +00:00','2025-07-19 05:17:57.291 +00:00',NULL),(797,NULL,'[]','chroma-environment','chroma-environment_json','50858482726800324902532806','[{"userId":"19519326909700251631815791","workDone":"acies comitatus"}]','terga depono chroma-environment chroma-environment_json','This is a test asset of type chroma-environment and format chroma-environment_json.\nAdmoneo quasi provident statim qui. Voluptas ratione armarium sum acervus viduo tamdiu vae adhuc suffragium. Quas voluptatem cohibeo consequatur surculus valens similique deinde.','cc0-1.0',NULL,NULL,'eb6c35f38fbfff5baeb306d5d257cddeb1e9f2df',604912,'["icon6.jpg"]','rejected','[]','["corroboro","utor","astrum","corona","dignissimos","stips","dolores","adficio","custodia","compono","maxime","soleo","deinde","error","corrumpo","cruentus","patria","circumvenio","cogito","tergiversatio","sufficio","velit","copia"]','2025-07-19 05:17:57.974 +00:00','2025-07-19 05:17:57.974 +00:00',NULL),(203,'7533735220','[]','sound','sound_mp3','75268388461378623860100275','[{"userId":"50858482726800324902532806","workDone":"pauper amicitia"}]','infit torqueo sound sound_mp3','This is a test asset of type sound and format sound_mp3.\nTabgo tibi delectus beatae ceno administratio creber. Allatus sustineo cometes cribro thymum. Velit adhaero ustulo.','cc0-1.0',NULL,NULL,'6a7958a1decfd16bf9d277cf6b7eceaa5c2bbebe',138836,'["icon4.webp","icon6.jpg","icon2.jpg","icon8.webp","icon7.gif"]','pending','[]','["maxime","corrumpo","corona"]','2025-07-19 05:17:54.396 +00:00','2025-07-19 05:17:54.396 +00:00',NULL),(324,'7992787465','[]','platform','platform_plat','22622413246920135196202590','[{"userId":"50858482726800324902532806","workDone":"vinco"}]','considero depono platform platform_plat','This is a test asset of type platform and format platform_plat.\nAiunt alias ventus appello adopto suscipit. Audax tempus vesper textilis derelinquo statim. Auxilium ademptio demo caste antepono admiratio cimentarius.','cc0-1.0',NULL,NULL,'e644dec833610c3e7e30dbaf2dc6272dbea95daf',282339,'["icon4.webp","icon2.jpg","icon8.webp"]','pending','[]','["corona","iste","error","deinde","totus","circumvenio","tabula","titulus","aggredior","tametsi","vulnus","nesciunt","statim","maxime","cetera","copia","sufficio","sint","utor","corroboro","sollers","defetiscor","coniecto","adficio","patria","custodia","compono","demens","auctus","cavus","argumentum","vestigium","astrum","dolores"]','2025-07-19 05:17:55.159 +00:00','2025-07-19 05:17:55.159 +00:00',NULL),(445,NULL,'[]','chroma-environment','chroma-environment_json','22622413246920135196202590','[{"userId":"19519326909700251631815791","workDone":"adeo convoco amaritudo"}]','ago cinis chroma-environment chroma-environment_json','This is a test asset of type chroma-environment and format chroma-environment_json.\nSolitudo porro cogo ter. Denego vomito ustulo soleo videlicet. Depereo tollo amicitia torrens amoveo.','cc0-1.0',NULL,NULL,'562f26b7d67f4a47ef8ae7dfeabedf4ac2c43838',169843,'["icon2.jpg","icon7.gif","icon5.png","icon8.webp","icon1.png"]','rejected','[]','["utor","cetera","defetiscor","error","cogito","corrumpo","nesciunt","compono","tametsi","maxime","astrum","dignissimos","corona","titulus","circumvenio","dolores","adficio","tabula","qui","argumentum","sufficio","soleo","sint","custodia","statim"]','2025-07-19 05:17:55.877 +00:00','2025-07-19 05:17:55.877 +00:00',NULL),(566,NULL,'[]','note','note_cyoob','58356087009134339486709013','[{"userId":"75268388461378623860100275","workDone":"combibo tyrannus"}]','calamitas deleo note note_cyoob','This is a test asset of type note and format note_cyoob.\nSpeciosus vere verus totam corrumpo adficio voluptatem adduco acidus. Absque abstergo benigne amita curatio solvo adhaero aptus. Viscus sint teres video natus.','cc0-1.0',NULL,NULL,'794bce83ab6fab717d1affb6febbeb1acacc6fba',829414,'["icon2.jpg"]','approved','[]','["cetera","circumvenio","corona","utor","statim","sint","demens","dolores","stips","nesciunt","talus","custodia","corona","maxime","argumentum","sollers","consuasor","sufficio","vulnus","cavus","dignissimos","error","titulus","aggredior","auctus","tepesco","velit","tametsi","comis","tergo","coniecto","cruentus","error","cogito","iste","defetiscor","tergiversatio"]','2025-07-19 05:17:56.614 +00:00','2025-07-19 05:17:56.614 +00:00',NULL),(687,'5254875177','[]','counters-plus-config','counters-plus-config_json','50858482726800324902532806','[{"userId":"22622413246920135196202590","workDone":"adulatio surculus"}]','vesco suppono counters-plus-config counters-plus-config_json','This is a test asset of type counters-plus-config and format counters-plus-config_json.\nPariatur verecundia quis aequus solutio audeo. Tondeo decimus corrupti coerceo deludo confero. Consectetur tardus arto vulgus trans ab ubi.','cc0-1.0',NULL,NULL,'3cdd1c0b0a68cfdd1a2e88b0cb8a7b53cc607c0d',561099,'["icon5.png","icon7.gif","icon6.jpg","icon8.webp"]','pending','[]','["tepesco","corrumpo","dolores","error","comis","sollers","patria","demens","corona","cogito","error","argumentum","sint","coniecto","vulnus","copia","velit","talus","corona","totus","vestigium","tergo","deinde","iste","compono","qui","defetiscor","stips","dignissimos","adficio","aggredior","auctus","utor","nesciunt","tergiversatio","soleo","custodia","corroboro","tabula","sufficio","statim","circumvenio","tametsi","consuasor","cetera","cavus","astrum"]','2025-07-19 05:17:57.351 +00:00','2025-07-19 05:17:57.351 +00:00',NULL),(214,NULL,'[]','note','note_cyoob','75268388461378623860100275','[{"userId":"50858482726800324902532806","workDone":"titulus"}]','vulgo minus note note_cyoob','This is a test asset of type note and format note_cyoob.\nTribuo tollo decet demergo vae amicitia repellat fugiat. Adipiscor stella conforto eveniet videlicet ago vesco debitis cinis. Quaerat vinco harum cruciamentum depopulo derelinquo accendo dolor voluntarius.','cc0-1.0',NULL,NULL,'d3cae7dedf8186d9f8d6e4a491fac2d67c506bc3',755367,'["icon1.png"]','approved','[]','["tepesco","custodia","velit","maxime","cogito","argumentum","nesciunt","corroboro","tametsi","defetiscor","dignissimos","cavus","vestigium","comis","stips","tergo","deinde","cruentus","corrumpo","sollers","aggredior","tabula","soleo","error","circumvenio","cetera","utor","patria","adficio","auctus","demens","error","consuasor","astrum","sint","corona","copia","sufficio","titulus","vulnus","compono","iste"]','2025-07-19 05:17:54.462 +00:00','2025-07-19 05:17:54.462 +00:00',NULL),(335,'7776342014','[]','counters-plus-config','counters-plus-config_json','22622413246920135196202590','[{"userId":"50858482726800324902532806","workDone":"alter tantum"}]','adipisci assentator counters-plus-config counters-plus-config_json','This is a test asset of type counters-plus-config and format counters-plus-config_json.\nDegero officiis amita callide benigne aspernatur antepono advoco curiositas. Tergo stabilis tergum aeneus depromo. Ipsum animadverto currus vos vae.','cc0-1.0',NULL,NULL,'0a075b70e9ee5d901f0b0fb51c815dcd911b9c35',820841,'["icon5.png","icon8.webp","icon4.webp","icon2.jpg"]','private','[]','["deinde","demens","astrum","velit","utor","auctus","talus","tabula","tergiversatio","sollers","copia","dignissimos","corroboro","cavus","circumvenio","compono","patria","consuasor","statim","titulus","nesciunt","corona","stips","cruentus","corona","tergo","comis","tametsi","totus","cetera","iste","aggredior","cogito","sufficio","error","sint","maxime","vestigium","coniecto","vulnus","qui"]','2025-07-19 05:17:55.223 +00:00','2025-07-19 05:17:55.223 +00:00',NULL),(456,'6138333717','[]','wall','wall_box','22622413246920135196202590','[{"userId":"58356087009134339486709013","workDone":"creptio"}]','dolorum decumbo wall wall_box','This is a test asset of type wall and format wall_box.\nDepono vaco thymum certus arma arbor crustulum vesco assumenda. Cattus atavus spes acervus angustus una voco. Adipisci conor commodo.','cc0-1.0',NULL,NULL,'f21e60d91b78d7c42071be8d7bc1e4baa196beb8',391346,'["icon6.jpg","icon7.gif"]','approved','[]','["corona","demens","vestigium","astrum","cruentus","iste","stips","auctus","maxime","vulnus","tergiversatio","circumvenio","titulus","corrumpo","qui","totus","corona","dignissimos","custodia","cetera","corroboro","error","talus"]','2025-07-19 05:17:55.945 +00:00','2025-07-19 05:17:55.945 +00:00',NULL),(577,'5044998902','[]','avatar','avatar_avatar','58356087009134339486709013','[{"userId":"50858482726800324902532806","workDone":"turpis defendo"}]','tredecim convoco avatar avatar_avatar','This is a test asset of type avatar and format avatar_avatar.\nComis rem non amaritudo thesaurus ocer deorsum creo suffoco. Videlicet vesper iste thema tum virtus defaeco coaegresco crebro. Demum sublime strues vapulus commemoro voluntarius cotidie vomica.','cc0-1.0',NULL,NULL,'9f001e6f46aed6fcbbefabaf4e54cc35dbcbcdeb',699567,'["icon1.png"]','approved','[]','["defetiscor","custodia","aggredior","cavus","stips","corona","copia","compono","cruentus","dolores","coniecto","tepesco","velit","argumentum","sufficio","qui","tametsi","tergo","astrum","consuasor","cetera","vulnus"]','2025-07-19 05:17:56.676 +00:00','2025-07-19 05:17:56.676 +00:00',NULL),(698,NULL,'[]','sound','sound_ogg','50858482726800324902532806','[{"userId":"22622413246920135196202590","workDone":"cultellus asporto deprecator"}]','ater summopere sound sound_ogg','This is a test asset of type sound and format sound_ogg.\nVictoria turbo facilis conspergo sperno virgo pauper vetus. Amplus aeger crudelis urbanus adfero dicta denego. Ambulo tempus angustus sophismata voluntarius terga coaegresco dens.','cc0-1.0',NULL,NULL,'3496cc5ae4d4c0fe3d352e10c3fd59faaea26bdf',47815,'["icon1.png","icon5.png"]','pending','[]','["sollers","sint","compono","circumvenio","vestigium","corona","dolores","utor","tergiversatio","tergo","iste","tametsi","nesciunt","error","custodia","titulus","cavus","demens","consuasor","patria","stips","qui","soleo","tabula","maxime","adficio","cruentus","corona","vulnus","sufficio","defetiscor","aggredior","cetera","deinde","coniecto","totus","statim","comis"]','2025-07-19 05:17:57.412 +00:00','2025-07-19 05:17:57.412 +00:00',NULL),(104,'0544730867','[]','wall','wall_box','69421939382193957240267878','[{"userId":"50858482726800324902532806","workDone":"tergeo demo"}]','asporto antea wall wall_box','This is a test asset of type wall and format wall_box.\nUterque cavus consectetur tenetur rerum iure odio. Vis vitium via accusantium summisse. Theatrum viridis officia ver caelestis.','cc0-1.0',NULL,NULL,'5fbff248a4eb9c79cf6fe0a258bfe32eabbdf5b9',820454,'["icon7.gif","icon8.webp"]','pending','[]','["astrum","cruentus","corrumpo","dignissimos","comis","defetiscor","tepesco","coniecto","cogito","soleo","custodia","cetera","error","sint","statim","velit","error"]','2025-07-19 05:17:53.707 +00:00','2025-07-19 05:17:53.707 +00:00',NULL),(225,'7296117858','[]','avatar','avatar_avatar','75268388461378623860100275','[{"userId":"58356087009134339486709013","workDone":"urbanus traho"}]','certe temporibus avatar avatar_avatar','This is a test asset of type avatar and format avatar_avatar.\nTristis aperte vacuus paulatim eveniet magni calcar. Sed defero tametsi adicio. Adstringo utilis tabula trucido laudantium xiphias substantia nostrum patria altus.','cc0-1.0',NULL,NULL,'827b0b8e5dbffca69ec403a2ef03ec1ebff6bfcb',831854,'["icon1.png","icon6.jpg","icon3.gif","icon5.png"]','private','[]','["tepesco","custodia","circumvenio","compono","defetiscor","corona","iste","aggredior","velit","vestigium","cetera","demens","adficio","deinde","comis","corrumpo","patria","sollers","auctus","tabula","corroboro","soleo"]','2025-07-19 05:17:54.531 +00:00','2025-07-19 05:17:54.531 +00:00',NULL),(346,NULL,'[]','sound','sound_ogg','22622413246920135196202590','[{"userId":"50858482726800324902532806","workDone":"admoneo"}]','adimpleo dolor sound sound_ogg','This is a test asset of type sound and format sound_ogg.\nSupplanto bos decimus decor. Conservo acervus sollicito amplus vel corrigo admoveo. Caveo toties trans cultellus vita.','cc0-1.0',NULL,NULL,'3d23ef6808c23de5a53eecba08ceb0f3eeabcfe9',450647,'["icon2.jpg","icon1.png","icon8.webp","icon6.jpg"]','approved','[]','["dignissimos","titulus","cruentus","corona","utor","patria","astrum","soleo","stips","tepesco","vestigium","tabula"]','2025-07-19 05:17:55.287 +00:00','2025-07-19 05:17:55.287 +00:00',NULL),(467,NULL,'[]','saber','saber_saber','22622413246920135196202590','[{"userId":"75268388461378623860100275","workDone":"capillus approbo"}]','cubo voluptate saber saber_saber','This is a test asset of type saber and format saber_saber.\nUxor argentum una canis ara acies adipisci facilis. Cenaculum utrimque video virtus video delibero ventosus. Tristis ante speculum atrox.','cc0-1.0',NULL,NULL,'e2fffdbd5a7cb0fbad7e12beffbd46328f697c96',244176,'["icon6.jpg","icon5.png","icon4.webp"]','rejected','[]','["qui","tabula","defetiscor","patria","vestigium","sufficio","talus","corona","coniecto","copia","cetera","statim","tergo","circumvenio","sint","custodia","titulus","demens","compono","astrum","deinde","velit","corroboro","cogito","sollers","maxime","argumentum","aggredior","cruentus","corrumpo","tepesco","consuasor","tametsi","utor","corona","iste","nesciunt"]','2025-07-19 05:17:56.007 +00:00','2025-07-19 05:17:56.007 +00:00',NULL),(588,'5280207536','[]','banner','banner_png','58356087009134339486709013','[{"userId":"19519326909700251631815791","workDone":"tempore delicate"}]','incidunt tabella banner banner_png','This is a test asset of type banner and format banner_png.\nAtrocitas ocer aequitas. Quis spargo vero demo strues doloribus admiratio campana. Cunae voluptatum torqueo peior saepe claro.','cc0-1.0',NULL,NULL,'aaea599735d3f2ba4bd03d6bf1b61c9eb4848e31',117775,'["icon4.webp"]','private','[]','["totus","corona","qui","sufficio","argumentum","dignissimos","tergo","utor","error","comis","talus","vestigium","sollers","cavus","consuasor","auctus","tepesco","stips","error"]','2025-07-19 05:17:56.738 +00:00','2025-07-19 05:17:56.738 +00:00',NULL),(115,NULL,'[]','saber','saber_saber','69421939382193957240267878','[{"userId":"75268388461378623860100275","workDone":"molestias virgo"}]','desipio viscus saber saber_saber','This is a test asset of type saber and format saber_saber.\nEius adfectus veritas ea. Ager stips amiculum tui tamdiu civitas conor voluptas. Tutis vita deporto demitto sperno testimonium culpa ait.','cc0-1.0',NULL,NULL,'6deecef16700ec3e83125b3e24f3b45ca7507a61',502510,'["icon6.jpg","icon1.png","icon7.gif","icon8.webp","icon4.webp"]','pending','[]','["demens","dignissimos","corroboro","coniecto","aggredior","defetiscor","stips","velit","maxime","adficio","iste","sufficio","nesciunt","copia","dolores","tametsi","soleo","titulus","corona","totus","patria","vulnus","consuasor","corrumpo","custodia","comis","error","talus"]','2025-07-19 05:17:53.777 +00:00','2025-07-19 05:17:53.777 +00:00',NULL),(236,'9174103006','[]','banner','banner_png','75268388461378623860100275','[{"userId":"58356087009134339486709013","workDone":"minima agnosco abbas"}]','despecto debeo banner banner_png','This is a test asset of type banner and format banner_png.\nCaritas appono fugiat appono adipisci umquam tabula. Sumo patria rem termes tero solus debilito. Cui umbra benigne.','cc0-1.0',NULL,NULL,'d4dfdfdb8b6edeff59d06e0bebef2d7dc9886cbc',715937,'["icon3.gif","icon6.jpg"]','approved','[]','["dignissimos","nesciunt","cetera","qui","auctus","deinde","dolores","error","adficio","copia","titulus","statim","patria","vulnus","corrumpo","cruentus","totus","utor","cogito","corona","argumentum","sint","sufficio","velit","tametsi","comis","iste","corona","circumvenio","error","tergiversatio","cavus","stips","coniecto","talus","maxime","soleo","tepesco","defetiscor","tergo","aggredior","consuasor","sollers","custodia","corroboro","demens","vestigium","compono","astrum"]','2025-07-19 05:17:54.597 +00:00','2025-07-19 05:17:54.597 +00:00',NULL),(357,'0567116964','[]','note','note_bloq','22622413246920135196202590','[{"userId":"69421939382193957240267878","workDone":"cito"}]','arbitro tactus note note_bloq','This is a test asset of type note and format note_bloq.\nCapio causa stips aperte asporto coepi. Degusto veritas audacia. Amita conspergo conspergo claro verbum ab consectetur aptus impedit solus.','cc0-1.0',NULL,NULL,'ad0c2daed49c95debf4e8e2f5c0a49b0d2ee46a9',937891,'["icon2.jpg"]','pending','[]','["cavus","aggredior"]','2025-07-19 05:17:55.346 +00:00','2025-07-19 05:17:55.346 +00:00',NULL),(478,NULL,'[]','camera2-config','camera2-config_json','22622413246920135196202590','[{"userId":"58356087009134339486709013","workDone":"vigor"}]','repellat colo camera2-config camera2-config_json','This is a test asset of type camera2-config and format camera2-config_json.\nTestimonium eos absorbeo tardus vapulus ait. Cimentarius viridis sursum exercitationem advenio. Praesentium natus quia.','cc0-1.0',NULL,NULL,'ed03fb9242478d7cc9fd31efa5bc681e579ce896',144136,'["icon3.gif"]','pending','[]','["aggredior","corrumpo","corroboro","maxime","auctus","titulus","soleo","cavus","tergo","utor","vestigium","tergiversatio","nesciunt","compono","cruentus","velit","circumvenio","tepesco","totus","argumentum","qui","deinde","vulnus","cetera","cogito","patria","comis","custodia","dignissimos","adficio","tabula"]','2025-07-19 05:17:56.071 +00:00','2025-07-19 05:17:56.071 +00:00',NULL),(599,NULL,'[]','wall','wall_pixie','58356087009134339486709013','[{"userId":"22622413246920135196202590","workDone":"decretum labore clarus"}]','in tutamen wall wall_pixie','This is a test asset of type wall and format wall_pixie.\nPatior spiculum abscido subseco conforto. Eos comparo terga suasoria est aurum dolor balbus. Delibero adflicto omnis accusantium antepono una demo aegrus.','cc0-1.0',NULL,NULL,'8ae8b2a9dd6c62dc684addc45360e28a50d87d8c',299777,'["icon7.gif","icon3.gif"]','private','[]','["error","vestigium","cruentus","auctus","astrum","sufficio","dolores","iste","circumvenio","adficio","argumentum","stips","tabula"]','2025-07-19 05:17:56.802 +00:00','2025-07-19 05:17:56.802 +00:00',NULL),(126,NULL,'[]','camera2-config','camera2-config_json','69421939382193957240267878','[{"userId":"22622413246920135196202590","workDone":"volutabrum vitiosus vicinus"}]','capitulus tremo camera2-config camera2-config_json','This is a test asset of type camera2-config and format camera2-config_json.\nCasso benevolentia cruentus varius. Voluptatibus adsuesco tergeo inventore strenuus chirographum vulgaris. Ocer textus molestias.','cc0-1.0',NULL,NULL,'ba9f4cf224ef38fbd6dec3791de26d8ed16093cf',516847,'["icon7.gif","icon6.jpg","icon5.png"]','pending','[]','["demens","deinde","maxime","vestigium","tergiversatio","corrumpo"]','2025-07-19 05:17:53.844 +00:00','2025-07-19 05:17:53.844 +00:00',NULL),(247,NULL,'[]','wall','wall_pixie','75268388461378623860100275','[{"userId":"22622413246920135196202590","workDone":"tero territo cultellus"}]','abutor timidus wall wall_pixie','This is a test asset of type wall and format wall_pixie.\nExercitationem vallum numquam ipsa aliquam similique. Qui dens unde conturbo expedita peccatus conventus arceo subvenio. Vallum campana debeo asporto recusandae verto.','cc0-1.0',NULL,NULL,'85eae44387e4b034a264e1be84ba7cb9fea2ffc3',637211,'["icon5.png","icon4.webp","icon8.webp","icon2.jpg"]','rejected','[]','["sufficio","adficio","sollers","defetiscor","corroboro","consuasor","compono","sint","stips","deinde","titulus","totus","coniecto","nesciunt","error","tergo","demens","cavus","tabula","velit","dolores"]','2025-07-19 05:17:54.669 +00:00','2025-07-19 05:17:54.669 +00:00',NULL),(368,'9128317737','[]','hitscorevisualizer-config','hitscorevisualizer-config_json','22622413246920135196202590','[{"userId":"58356087009134339486709013","workDone":"magnam certe tabesco"}]','coruscus accedo hitscorevisualizer-config hitscorevisualizer-config_json','This is a test asset of type hitscorevisualizer-config and format hitscorevisualizer-config_json.\nAltus decumbo spiculum totus timidus taedium avaritia vesica consequuntur. Comminor atrocitas absque celebrer depereo. Vitium acidus verbera apto clibanus contego.','cc0-1.0',NULL,NULL,'a3e60985ec0286cc60e08851c2a7bbe1f6b8e51c',71720,'["icon1.png"]','rejected','[]','["circumvenio","stips","defetiscor","sufficio","tergiversatio","titulus","cruentus","tepesco","corroboro","dolores"]','2025-07-19 05:17:55.407 +00:00','2025-07-19 05:17:55.407 +00:00',NULL),(489,'7671221686','[]','health-bar','health-bar_energy','58356087009134339486709013','[{"userId":"69421939382193957240267878","workDone":"voluntarius victoria"}]','candidus auctor health-bar health-bar_energy','This is a test asset of type health-bar and format health-bar_energy.\nTextor repudiandae caput civitas assentator harum censura quos aggredior demo. Comedo adsum tam tempora comptus sordeo. Stabilis venustas pecus corrumpo comminor suspendo.','cc0-1.0',NULL,NULL,'da2915d70db4ff791a189641f60b9ba2a2db6dbb',830925,'["icon5.png","icon6.jpg","icon8.webp","icon4.webp","icon7.gif"]','rejected','[]','["tametsi","cruentus","corona","corona","utor","iste","vulnus","adficio","corrumpo","stips","talus","tergiversatio","cetera","custodia","tabula","auctus","titulus","sollers","circumvenio","sint","maxime","dignissimos","coniecto","sufficio","consuasor","argumentum"]','2025-07-19 05:17:56.175 +00:00','2025-07-19 05:17:56.175 +00:00',NULL),(137,'1882409667','[]','health-bar','health-bar_energy','69421939382193957240267878','[{"userId":"50858482726800324902532806","workDone":"vesica"}]','consequuntur cuius health-bar health-bar_energy','This is a test asset of type health-bar and format health-bar_energy.\nBarba admoveo vobis cubicularis. Allatus cura carpo expedita vos conitor aliqua. Vinum adulescens curriculum curis.','cc0-1.0',NULL,NULL,'71c6a24e2f724ce3500a7fc44ec892d9deecd66e',712568,'["icon2.jpg","icon7.gif","icon4.webp","icon5.png"]','approved','[]','["copia","cruentus","iste","comis","statim","sint","vulnus","corroboro","utor","cogito","error","circumvenio","deinde","vestigium","stips","coniecto","auctus","compono","astrum","defetiscor","consuasor","patria","velit","titulus","tergo","error","dolores","adficio","tametsi","argumentum","corrumpo","corona","cavus","demens","dignissimos"]','2025-07-19 05:17:53.918 +00:00','2025-07-19 05:17:53.918 +00:00',NULL),(258,'3975281102','[]','saber','saber_wacker','75268388461378623860100275','[{"userId":"22622413246920135196202590","workDone":"at"}]','curvo brevis saber saber_wacker','This is a test asset of type saber and format saber_wacker.\nAccusamus quas caecus nostrum voluptatibus adfectus versus aestivus conqueror. Tabula sunt approbo defessus cornu volva. Synagoga minima audio via.','cc0-1.0',NULL,NULL,'192ae9f3fbbec4dbd44e47fdd5ea93c7ca0b0cdc',414061,'["icon4.webp","icon7.gif","icon1.png","icon2.jpg","icon8.webp"]','pending','[]','["defetiscor","totus","cavus","argumentum","error","circumvenio","adficio","titulus","corroboro","corrumpo","demens","talus","error","tabula","qui","dolores","soleo","stips","cogito","auctus","custodia","consuasor","compono","sollers","tametsi","vulnus","sufficio","cetera","utor","dignissimos","aggredior","corona","deinde","iste","coniecto","nesciunt","vestigium","maxime","astrum","statim","tergo"]','2025-07-19 05:17:54.738 +00:00','2025-07-19 05:17:54.738 +00:00',NULL),(379,NULL,'[]','sound','sound_mp3','22622413246920135196202590','[{"userId":"75268388461378623860100275","workDone":"deorsum tandem"}]','solus eos sound sound_mp3','This is a test asset of type sound and format sound_mp3.\nAeger ipsam tactus. Aeternus deinde vitium damno carpo fugit vulgo aegrotatio ulterius cohaero. Eligendi corrumpo arcus ara exercitationem vindico veniam.','cc0-1.0',NULL,NULL,'ba5542eb4fe94ced5dd49ecb0ddeaec270c0bd38',793005,'["icon3.gif"]','approved','[]','["corona","vestigium","dignissimos","statim","sollers","stips","titulus","tametsi","consuasor","aggredior","corrumpo","patria","copia","corroboro","corona","utor","nesciunt","vulnus","deinde","sint","talus","cogito","tergiversatio","error","compono","sufficio","tabula","auctus","coniecto","cavus","velit","error","tepesco","custodia","iste","tergo","totus","argumentum","defetiscor","circumvenio","demens","soleo"]','2025-07-19 05:17:55.467 +00:00','2025-07-19 05:17:55.467 +00:00',NULL),(500,NULL,'[]','platform','platform_plat','58356087009134339486709013','[{"userId":"22622413246920135196202590","workDone":"vetus voluntarius"}]','antepono cometes platform platform_plat','This is a test asset of type platform and format platform_plat.\nTermes comprehendo dolorem amor delectus ancilla denuncio asporto cernuus tenetur. Censura condico comprehendo titulus eos sint advenio deporto. Canis quas libero caste maxime tantillus vulgo vel.','cc0-1.0',NULL,NULL,'6a29b48dd06b86e1fa4da6ef5b6b7349967cbcbf',338659,'["icon7.gif","icon1.png","icon5.png"]','private','[]','["vulnus","dolores","statim","velit","demens","error","utor","tergo","copia","talus","astrum","corrumpo","dignissimos","defetiscor","corona","tepesco","iste"]','2025-07-19 05:17:56.243 +00:00','2025-07-19 05:17:56.243 +00:00',NULL),(148,NULL,'[]','platform','platform_plat','69421939382193957240267878','[{"userId":"50858482726800324902532806","workDone":"vivo"}]','depono voro platform platform_plat','This is a test asset of type platform and format platform_plat.\nPeior demonstro auctus. Astrum adfectus truculenter ciminatio adicio. Degusto ago tero thesis cunae nesciunt stabilis.','cc0-1.0',NULL,NULL,'dce47db5ceff38f0f2ad77debc7bace2beea863f',424409,'["icon1.png"]','pending','[]','["titulus","cavus","tepesco","error","corona","error"]','2025-07-19 05:17:53.994 +00:00','2025-07-19 05:17:53.994 +00:00',NULL),(269,'0960160343','[]','chroma-environment','chroma-environment_json','75268388461378623860100275','[{"userId":"58356087009134339486709013","workDone":"cogito amitto"}]','veritatis eius chroma-environment chroma-environment_json','This is a test asset of type chroma-environment and format chroma-environment_json.\nAlias expedita tendo absorbeo arto eos soleo substantia suppono curia. Veritas cogito xiphias vulpes caste unde delinquo. Thymbra at solvo.','cc0-1.0',NULL,NULL,'c8bd1cd7d0cbdcb4a3dea6dd6f48c60f9d9adee8',406896,'["icon5.png"]','approved','[]','["sollers","tabula","consuasor","tergo","nesciunt","custodia","talus","aggredior","corroboro","tametsi","comis","corona","cogito","dignissimos","qui","cetera","compono","corrumpo","adficio","sufficio","vestigium","error","coniecto","velit","iste","maxime","utor","error","tergiversatio","statim","tepesco","sint","demens","deinde","astrum","corona","circumvenio","vulnus","copia","cruentus","cavus","titulus","totus","auctus"]','2025-07-19 05:17:54.809 +00:00','2025-07-19 05:17:54.809 +00:00',NULL),(390,'7856650676','[]','note','note_cyoob','22622413246920135196202590','[{"userId":"58356087009134339486709013","workDone":"curia"}]','nulla debeo note note_cyoob','This is a test asset of type note and format note_cyoob.\nTurba aranea voluptatibus adipiscor antiquus curso causa cavus. Arma contigo adsidue modi congregatio unde timidus decimus thesis nemo. Itaque cibo articulus thymbra studio sit sint speciosus dedecor.','cc0-1.0',NULL,NULL,'cadc4e3fac9a8a5a99a9a2ea72f6acfebad36c7b',987830,'["icon2.jpg","icon3.gif","icon4.webp"]','approved','[]','["dignissimos","totus","cetera","cogito","corroboro","vulnus","tametsi","corona","titulus","qui","tepesco","aggredior","sint","iste","vestigium","nesciunt","error","argumentum","corrumpo","utor","soleo","patria","maxime","velit","tabula","corona","circumvenio","custodia","statim","auctus","demens","compono","tergiversatio","sollers","comis","astrum","defetiscor","dolores","consuasor","tergo"]','2025-07-19 05:17:55.534 +00:00','2025-07-19 05:17:55.534 +00:00',NULL),(159,NULL,'[]','counters-plus-config','counters-plus-config_json','69421939382193957240267878','[{"userId":"19519326909700251631815791","workDone":"vir delinquo assumenda"}]','auxilium ara counters-plus-config counters-plus-config_json','This is a test asset of type counters-plus-config and format counters-plus-config_json.\nDefluo magnam cavus. Crinis sollicito deorsum torrens aspicio adversus degenero condico. Sursum perferendis utrum aranea bis suscipit ducimus sequi.','cc0-1.0',NULL,NULL,'d136ced9b667b27a79cea570a7dac8e4dbb76126',386982,'["icon4.webp","icon8.webp","icon1.png"]','pending','[]','["astrum","compono","statim","velit","cavus","qui","tametsi","argumentum"]','2025-07-19 05:17:54.074 +00:00','2025-07-19 05:17:54.074 +00:00',NULL),(280,NULL,'[]','wall','wall_box','75268388461378623860100275','[{"userId":"50858482726800324902532806","workDone":"vallum canto"}]','eligendi assentator wall wall_box','This is a test asset of type wall and format wall_box.\nAltus amitto stella statua ancilla vulnus censura. Spes calculus perspiciatis. Adfectus carmen attero amoveo curia succurro stipes nobis claustrum.','cc0-1.0',NULL,NULL,'aeaadc2eadf090eeef9d7ae1f3c8beeabedbaec5',967722,'["icon3.gif","icon2.jpg","icon1.png","icon8.webp"]','approved','[]','["tergo","dignissimos","totus","statim","sint","error","nesciunt","defetiscor","stips","deinde","qui","iste","error","corroboro","patria","circumvenio","argumentum","maxime","comis","demens","cogito","tabula","compono","auctus","talus","vestigium","tepesco","titulus","copia","astrum","utor","cavus","corona","coniecto","soleo","vulnus","tametsi","corona","corrumpo","dolores","aggredior","sollers","tergiversatio","velit","cruentus"]','2025-07-19 05:17:54.875 +00:00','2025-07-19 05:17:54.875 +00:00',NULL),(170,'7680662316','[]','sound','sound_ogg','75268388461378623860100275','[{"userId":"50858482726800324902532806","workDone":"decimus"}]','adipiscor casus sound sound_ogg','This is a test asset of type sound and format sound_ogg.\nCommodo dolorem tenetur voluptate. Ars cibo vulticulus. Peior consectetur averto abbas aufero toties fugit.','cc0-1.0',NULL,NULL,'e0dd1ec5bcff2ba2fbabc975daef4af09c4f3722',942856,'["icon6.jpg"]','rejected','[]','["velit","maxime","tergiversatio","cavus","corrumpo","statim","dolores","deinde"]','2025-07-19 05:17:54.177 +00:00','2025-07-19 05:17:54.177 +00:00',NULL),(31,NULL,'[]','counters-plus-config','counters-plus-config_json','69421939382193957240267878','[{"userId":"22622413246920135196202590","workDone":"cura dapifer ater"}]','verto suscipio counters-plus-config counters-plus-config_json','This is a test asset of type counters-plus-config and format counters-plus-config_json.\nAppositus molestiae terra ater amaritudo cogo decumbo. A audeo quae studio claustrum vapulus. Eos pauper appono pecco laborum.','cc0-1.0',NULL,NULL,'df5c05e8edabb71e7cb1b778cdebcac2e3b1915a',961143,'["icon5.png","icon8.webp","icon7.gif","icon3.gif","icon2.jpg"]','pending','[]','["talus","titulus","comis","corona","tepesco","vestigium","utor","tametsi","maxime","statim","circumvenio","dolores","compono","sufficio","qui","corroboro","patria","tabula","aggredior","copia","sollers","defetiscor","cetera","cruentus","stips","tergo","cavus","adficio","totus","nesciunt","deinde","demens"]','2025-07-19 05:17:53.239 +00:00','2025-07-19 05:17:53.239 +00:00',NULL),(42,'1733656816','[]','sound','sound_ogg','69421939382193957240267878','[{"userId":"50858482726800324902532806","workDone":"sopor tum correptius"}]','solum theologus sound sound_ogg','This is a test asset of type sound and format sound_ogg.\nCommodo crinis totus patrocinor vinitor suffragium. Cedo debitis aranea. Voluptates atque sono dapifer.','cc0-1.0',NULL,NULL,'4e74eea21765f2faeab79eedfc2b7b4dc9b6d44c',501024,'["icon4.webp","icon3.gif","icon1.png","icon2.jpg"]','rejected','[]','["custodia","patria","astrum","auctus","corona","corrumpo","titulus","error","statim","vulnus","totus","compono","stips","cogito","corona","sint","tametsi","utor","defetiscor","consuasor","maxime","circumvenio","adficio","velit","talus","soleo","sollers","cavus","deinde","tergo","dolores","aggredior"]','2025-07-19 05:17:53.309 +00:00','2025-07-19 05:17:53.309 +00:00',NULL),(53,NULL,'[]','note','note_bloq','69421939382193957240267878','[{"userId":"58356087009134339486709013","workDone":"argentum commodi"}]','carmen voco note note_bloq','This is a test asset of type note and format note_bloq.\nCausa tertius absconditus. Vigilo varietas solutio mollitia apud. Carpo degusto abundans auditor.','cc0-1.0',NULL,NULL,'febc48cbc3f81dee0f98acb9d8ede2ac0decdbce',672926,'["icon2.jpg","icon5.png"]','rejected','[]','["vestigium","talus","comis","sufficio","cetera","copia","dignissimos","dolores","velit","cogito","custodia","cavus","sollers","consuasor","sint","error","circumvenio","defetiscor","coniecto","astrum","adficio","patria","stips","tabula","auctus","corrumpo","iste","soleo","statim"]','2025-07-19 05:17:53.382 +00:00','2025-07-19 05:17:53.382 +00:00',NULL),(64,NULL,'[]','hitscorevisualizer-config','hitscorevisualizer-config_json','69421939382193957240267878','[{"userId":"22622413246920135196202590","workDone":"tum"}]','deleniti natus hitscorevisualizer-config hitscorevisualizer-config_json','This is a test asset of type hitscorevisualizer-config and format hitscorevisualizer-config_json.\nVivo advoco abstergo quaerat abstergo magni totus. Eum victus ambulo acsi adversus temporibus solutio alo vitiosus vomer. Sint apud dicta.','cc0-1.0',NULL,NULL,'8b3c654c1e4ebba35e99c6ab093a8c568edcf1c3',618914,'["icon6.jpg","icon8.webp","icon5.png","icon3.gif"]','pending','[]','["sint","compono"]','2025-07-19 05:17:53.452 +00:00','2025-07-19 05:17:53.452 +00:00',NULL),(75,'1932616765','[]','sound','sound_mp3','69421939382193957240267878','[{"userId":"58356087009134339486709013","workDone":"surculus antiquus"}]','cernuus thesaurus sound sound_mp3','This is a test asset of type sound and format sound_mp3.\nEarum quis abduco arbustum ver. Capto solium asper ait arca talio. Totidem aspernatur facere cito error bos cultura vel.','cc0-1.0',NULL,NULL,'ce8c529fa2acf5b0e64b5c7db35ea6fb96364c0b',781197,'["icon2.jpg","icon3.gif","icon7.gif"]','approved','[]','["aggredior","tergiversatio","auctus","velit","titulus","copia","comis","corroboro","error","cogito","deinde","adficio","tametsi","totus","cavus","compono","coniecto","statim","consuasor","talus","stips","vestigium","iste","corrumpo","defetiscor","tepesco","tabula","cetera","nesciunt","circumvenio","cruentus","sint","dignissimos","sollers","soleo","corona","dolores","sufficio","patria","maxime"]','2025-07-19 05:17:53.524 +00:00','2025-07-19 05:17:53.524 +00:00',NULL),(86,NULL,'[]','note','note_cyoob','69421939382193957240267878','[{"userId":"22622413246920135196202590","workDone":"deprecator versus arbor"}]','verumtamen sit note note_cyoob','This is a test asset of type note and format note_cyoob.\nSubvenio aliquam clarus. Compono adfero sperno tantum compono ter. Bis via amplexus odit depereo canis.','cc0-1.0',NULL,NULL,'f416caeac5fc3eed6eaff471dfe5fba3feb3bdcc',661890,'["icon6.jpg"]','private','[]','["tametsi","compono","stips","corona","talus","tergo","sint","copia","utor","dolores","deinde","cruentus","tepesco","dignissimos","astrum","error","corroboro","cavus","patria","sufficio","custodia","soleo","nesciunt","comis","corrumpo"]','2025-07-19 05:17:53.596 +00:00','2025-07-19 05:17:53.596 +00:00',NULL),(97,'1724378112','[]','avatar','avatar_avatar','69421939382193957240267878','[{"userId":"50858482726800324902532806","workDone":"alo sustineo"}]','corona porro avatar avatar_avatar','This is a test asset of type avatar and format avatar_avatar.\nSpeciosus stultus capto conculco sunt depromo stella communis. Cribro approbo denuncio admoneo vallum amissio arbor tego vado similique. Patrocinor sed amplus auditor praesentium.','cc0-1.0',NULL,NULL,'0acee1dcbbae7d4e72bc0c98dc813fe2da7c1b5e',675404,'["icon8.webp","icon6.jpg","icon7.gif","icon4.webp","icon5.png"]','pending','[]','["utor","adficio","compono","consuasor","tepesco","sint","iste","corona","custodia","tergo","tabula","demens","totus","dolores","titulus","corrumpo","dignissimos","cogito","vulnus","sollers","maxime","coniecto","cruentus","argumentum","circumvenio","corona","statim","soleo","velit","corroboro","sufficio","nesciunt","copia","tergiversatio","error","talus","stips","auctus","comis","astrum","defetiscor","cavus","vestigium","deinde","aggredior","tametsi","qui","cetera","error"]','2025-07-19 05:17:53.664 +00:00','2025-07-19 05:17:53.664 +00:00',NULL),(941,'5397458687','[]','chroma-environment','chroma-environment_json','19519326909700251631815791','[{"userId":"22622413246920135196202590","workDone":"id"}]','at cubicularis chroma-environment chroma-environment_json','This is a test asset of type chroma-environment and format chroma-environment_json.\nCircumvenio acerbitas utroque rerum decor inventore aestus aggero quod. Aspernatur abbas vallum vinculum defungo bellicus quae suppellex. Argumentum adsum vallum.','cc0-1.0',NULL,NULL,'f99fd5c39dc2d143f75fafcbecc63ee62a5c5ec3',813410,'["icon1.png","icon6.jpg","icon2.jpg"]','pending','[]','["cogito","error"]','2025-07-19 05:17:58.884 +00:00','2025-07-19 05:17:58.884 +00:00',NULL),(831,NULL,'[]','counters-plus-config','counters-plus-config_json','19519326909700251631815791','[{"userId":"22622413246920135196202590","workDone":"combibo commodo ex"}]','vilis suscipio counters-plus-config counters-plus-config_json','This is a test asset of type counters-plus-config and format counters-plus-config_json.\nTemporibus deinde verecundia. Valeo averto charisma tracto capitulus cilicium tergeo. Aegrus communis toties curtus vaco vitium curis cado ab.','cc0-1.0',NULL,NULL,'ac3c30dffc4235df70a026c3e9eeccaf5a983834',243754,'["icon3.gif","icon7.gif","icon1.png","icon6.jpg","icon5.png"]','rejected','[]','["tabula","error","custodia","corona"]','2025-07-19 05:17:58.213 +00:00','2025-07-19 05:17:58.213 +00:00',NULL),(952,NULL,'[]','wall','wall_box','19519326909700251631815791','[{"userId":"50858482726800324902532806","workDone":"cogito tertius"}]','custodia audentia wall wall_box','This is a test asset of type wall and format wall_box.\nCubitum validus ipsa ultra delectatio calco cogito cumque verecundia. Coruscus curtus thermae. Campana victoria sapiente templum vivo adsum necessitatibus adfectus velum.','cc0-1.0',NULL,NULL,'8783fb5182bfe3bfbf402b6e866efba3a15b23cd',600731,'["icon5.png","icon4.webp","icon8.webp","icon6.jpg"]','rejected','[]','["circumvenio","soleo","corrumpo","corroboro","dignissimos","nesciunt","vestigium","aggredior","qui","sollers","coniecto","tergiversatio","adficio"]','2025-07-19 05:17:58.959 +00:00','2025-07-19 05:17:58.959 +00:00',NULL),(842,'7593741121','[]','sound','sound_ogg','19519326909700251631815791','[{"userId":"50858482726800324902532806","workDone":"aedificium"}]','dedico commemoro sound sound_ogg','This is a test asset of type sound and format sound_ogg.\nUter timor caritas arcus textor spiritus. Reiciendis decumbo statua cuius denuo ulterius viriliter. Demonstro eius speculum.','cc0-1.0',NULL,NULL,'ff8840500ceeaf69e5fd425ad5759bfdf262cdff',838374,'["icon4.webp","icon6.jpg","icon1.png","icon2.jpg","icon3.gif"]','pending','[]','["aggredior","cetera","coniecto","sint","astrum","adficio","tametsi","circumvenio","vestigium","cruentus","soleo","custodia","deinde","tepesco","tabula","qui","consuasor","totus","statim","velit","auctus","titulus","comis","compono","talus","iste","nesciunt","corona","vulnus","corona","corrumpo","defetiscor","corroboro","sollers","tergo","argumentum","dignissimos","stips","tergiversatio","sufficio","demens","dolores","maxime","copia","error","cavus","utor","error","patria"]','2025-07-19 05:17:58.282 +00:00','2025-07-19 05:17:58.282 +00:00',NULL),(721,NULL,'[]','avatar','avatar_avatar','50858482726800324902532806','[{"userId":"58356087009134339486709013","workDone":"vereor"}]','comprehendo sollers avatar avatar_avatar','This is a test asset of type avatar and format avatar_avatar.\nCicuta causa dolores. Alo sequi decumbo. Cattus taedium pariatur amaritudo solus.','cc0-1.0',NULL,NULL,'f1dbecad1a4b9e4efca2df4a97fe934b543e7c27',460797,'["icon1.png"]','private','[]','["cetera","maxime","totus","velit","soleo","cavus","compono","dignissimos","astrum","circumvenio","corona","aggredior","sufficio","tergiversatio","tabula","demens","argumentum","corrumpo","error","vestigium","tergo","talus","iste","coniecto","patria","sollers","titulus","tametsi","tepesco","copia","dolores","deinde","corroboro","cruentus","custodia","auctus","consuasor","stips","qui","vulnus","defetiscor","corona","cogito","comis","utor"]','2025-07-19 05:17:57.545 +00:00','2025-07-19 05:17:57.545 +00:00',NULL),(853,NULL,'[]','note','note_bloq','19519326909700251631815791','[{"userId":"69421939382193957240267878","workDone":"vitiosus artificiose ventus"}]','sodalitas in note note_bloq','This is a test asset of type note and format note_bloq.\nStudio cur tepidus tergiversatio absens. Adipiscor aegrotatio tui terminatio coepi illum adimpleo adstringo. Porro supplanto demens suffragium atrocitas sumo valetudo.','cc0-1.0',NULL,NULL,'95dcb4dfbb6f3fa8a59b199aeba0fada1a38bb1f',693725,'["icon2.jpg","icon7.gif"]','approved','[]','["cogito","dignissimos","consuasor","tametsi","error","tergiversatio","titulus","tergo","dolores","circumvenio","utor","tabula","compono","astrum","tepesco","iste","maxime","stips","soleo","corroboro","totus","sufficio","vulnus","defetiscor","nesciunt","cetera","comis","patria","corona","adficio","qui","sint","coniecto","auctus","argumentum","aggredior","velit","custodia","vestigium","demens","copia","cruentus"]','2025-07-19 05:17:58.342 +00:00','2025-07-19 05:17:58.342 +00:00',NULL),(611,'8161612590','[]','saber','saber_saber','58356087009134339486709013','[{"userId":"19519326909700251631815791","workDone":"curto celer"}]','curriculum ducimus saber saber_saber','This is a test asset of type saber and format saber_saber.\nDemens ipsam correptius tam vinum. Succedo amiculum repudiandae excepturi thorax. Temperantia curso demoror cuppedia truculenter tero acidus nesciunt.','cc0-1.0',NULL,NULL,'3c1a173bf7f6bfcd353fe46fc90efec42f47febb',130698,'["icon6.jpg","icon2.jpg"]','private','[]','["aggredior","corona","dignissimos","corona","velit","copia","compono","maxime","tametsi","dolores","argumentum","coniecto","adficio","utor","error","defetiscor","soleo","cetera","totus","tergiversatio","cavus","corroboro","error","stips","nesciunt","comis","consuasor","tepesco","cogito","iste","auctus","vulnus","titulus","tergo","cruentus","tabula","patria","demens","qui","talus","sollers","astrum"]','2025-07-19 05:17:56.869 +00:00','2025-07-19 05:17:56.869 +00:00',NULL),(732,NULL,'[]','banner','banner_png','50858482726800324902532806','[{"userId":"19519326909700251631815791","workDone":"sulum numquam vis"}]','peccatus terror banner banner_png','This is a test asset of type banner and format banner_png.\nDepono uberrime pax amita conduco abstergo. Consectetur succedo decor studio depulso sophismata. Defungo urbs eligendi sit apparatus ancilla enim adnuo.','cc0-1.0',NULL,NULL,'8e7a1ece37d6950ea28bdb0a01cfcfbad8e80818',594764,'["icon4.webp","icon2.jpg","icon6.jpg","icon5.png","icon8.webp"]','approved','[]','["error","talus","comis","iste","compono","demens","argumentum","custodia","astrum","corroboro","corona","totus","deinde","circumvenio","sufficio","titulus","consuasor","statim","sint","tepesco","tabula","patria","cavus","cogito","corrumpo","sollers","nesciunt","corona","vestigium","dignissimos"]','2025-07-19 05:17:57.611 +00:00','2025-07-19 05:17:57.611 +00:00',NULL),(864,NULL,'[]','hitscorevisualizer-config','hitscorevisualizer-config_json','19519326909700251631815791','[{"userId":"75268388461378623860100275","workDone":"umbra tumultus"}]','odit et hitscorevisualizer-config hitscorevisualizer-config_json','This is a test asset of type hitscorevisualizer-config and format hitscorevisualizer-config_json.\nDeficio voluptates alioqui tabesco decens strues copiose. Astrum basium dolorum uterque labore arbor damnatio. Denuncio vallum catena sordeo sui provident aestus aspicio.','cc0-1.0',NULL,NULL,'a22bcb2bc9a9de587a0dfee4f9933c64a670adad',538599,'["icon1.png","icon7.gif","icon2.jpg","icon3.gif"]','rejected','[]','["soleo","defetiscor","talus","consuasor","error","adficio","sufficio","maxime","velit","patria","tabula","custodia","sollers","tergiversatio","tergo","totus","coniecto","iste","copia","deinde","qui","corona","cetera","tametsi","corrumpo","dolores","cogito","titulus","dignissimos","stips","compono","cruentus","error","circumvenio","demens","nesciunt","corroboro"]','2025-07-19 05:17:58.400 +00:00','2025-07-19 05:17:58.400 +00:00',NULL),(501,NULL,'[]','note','note_bloq','58356087009134339486709013','[{"userId":"75268388461378623860100275","workDone":"astrum decimus"}]','reiciendis decumbo note note_bloq','This is a test asset of type note and format note_bloq.\nMolestias concido vita demulceo asper tempora depopulo amet cedo spiculum. Vulariter usitas sollers triumphus. Avarus amicitia vinculum terminatio deludo ullus sublime deserunt cursim audio.','cc0-1.0',NULL,NULL,'6ab2ff7aec086bcee0f0c59fb8f84c86ab04b8ca',636221,'["icon6.jpg","icon8.webp","icon7.gif"]','private','[]','["cruentus","demens","argumentum","tabula","tergiversatio","stips","nesciunt","compono"]','2025-07-19 05:17:56.249 +00:00','2025-07-19 05:17:56.249 +00:00',NULL),(622,'9212408950','[]','camera2-config','camera2-config_json','58356087009134339486709013','[{"userId":"22622413246920135196202590","workDone":"verbera pauper vaco"}]','capio supplanto camera2-config camera2-config_json','This is a test asset of type camera2-config and format camera2-config_json.\nVoro comis solus ante suadeo vulpes usus ago. Angustus tendo vinco tactus vomito cavus patior capio amaritudo alo. Veritatis demonstro caecus deputo talio.','cc0-1.0',NULL,NULL,'2c18cffeaee0ed9f05cf736933e5768efece3afe',598628,'["icon7.gif","icon3.gif","icon2.jpg"]','approved','[]','["utor","vulnus","dolores","consuasor","sufficio","iste","velit","cetera","astrum","tergo","corona","corrumpo","compono","talus","sollers","auctus","maxime","copia","stips","sint","corona","nesciunt","defetiscor","statim","totus","cavus","circumvenio","corroboro","coniecto","vestigium","patria","cogito","tabula","titulus","soleo","argumentum","comis","tepesco","error","cruentus","tergiversatio","aggredior","error","custodia","tametsi","qui","demens","dignissimos","adficio","deinde"]','2025-07-19 05:17:56.930 +00:00','2025-07-19 05:17:56.930 +00:00',NULL),(743,'4417077301','[]','wall','wall_pixie','50858482726800324902532806','[{"userId":"58356087009134339486709013","workDone":"deprecator alo beatus"}]','vestigium testimonium wall wall_pixie','This is a test asset of type wall and format wall_pixie.\nTamdiu accusator accendo ulterius sequi combibo calculus debeo. Impedit abbas asper ascit advenio uberrime. Convoco pecto vetus conatus tego defaeco.','cc0-1.0',NULL,NULL,'fbee7ce3b35f0800d0acdce5fe78a8d9cade98d6',801240,'["icon6.jpg"]','approved','[]','["cruentus","comis","tametsi","sint","corona","patria","sollers","cavus","compono","corroboro","dolores","tergo","statim","tepesco","dignissimos","cetera","astrum","utor","vulnus","nesciunt","demens","coniecto","titulus","totus","consuasor","corrumpo","tergiversatio","cogito","talus","argumentum","aggredior","error","copia","corona","adficio","auctus","deinde","defetiscor","velit","tabula","stips","error","maxime","custodia","vestigium","qui","iste","sufficio","circumvenio","soleo"]','2025-07-19 05:17:57.673 +00:00','2025-07-19 05:17:57.673 +00:00',NULL),(875,'7097327272','[]','sound','sound_mp3','19519326909700251631815791','[{"userId":"58356087009134339486709013","workDone":"ait pauci"}]','votum damno sound sound_mp3','This is a test asset of type sound and format sound_mp3.\nSubnecto strenuus tergiversatio id. Dolores alienus umbra asperiores crur aro thalassinus sponte. Aduro cena cilicium vito tredecim tertius doloribus.','cc0-1.0',NULL,NULL,'e6ffbbe14f90d66c35fd8cf59bf1099eca70a8b1',356458,'["icon1.png","icon4.webp","icon7.gif"]','rejected','[]','["cruentus","stips","totus","adficio","comis","consuasor","soleo","auctus","error","tergo","talus","dignissimos","sufficio","patria","cavus","qui","corona","tabula","tepesco","error","vestigium","velit","circumvenio","coniecto","tametsi","corroboro","sollers","astrum","dolores","statim","maxime","corona","compono","iste","titulus","copia","aggredior","utor","cetera","defetiscor","demens","cogito"]','2025-07-19 05:17:58.466 +00:00','2025-07-19 05:17:58.466 +00:00',NULL),(512,NULL,'[]','hitscorevisualizer-config','hitscorevisualizer-config_json','58356087009134339486709013','[{"userId":"19519326909700251631815791","workDone":"thema nobis damnatio"}]','recusandae usque hitscorevisualizer-config hitscorevisualizer-config_json','This is a test asset of type hitscorevisualizer-config and format hitscorevisualizer-config_json.\nBellum creber demergo patria defetiscor magnam appositus. Tracto corpus verus arbor. Fugiat rem cruentus viridis temptatio antiquus complectus verus velum.','cc0-1.0',NULL,NULL,'cc5869fad0f4fed15fefd6ee49bec08b6173cedf',387302,'["icon7.gif","icon8.webp","icon5.png"]','private','[]','["defetiscor","patria","vulnus","cruentus","sint","consuasor","coniecto","circumvenio","cogito","tametsi","cetera","qui","soleo","dolores","corrumpo","error","argumentum","cavus","corona","auctus","statim","comis","iste","utor","sufficio","tepesco","tergiversatio","copia"]','2025-07-19 05:17:56.308 +00:00','2025-07-19 05:17:56.308 +00:00',NULL),(633,NULL,'[]','health-bar','health-bar_energy','58356087009134339486709013','[{"userId":"69421939382193957240267878","workDone":"defendo nostrum soleo"}]','defluo tendo health-bar health-bar_energy','This is a test asset of type health-bar and format health-bar_energy.\nAlius videlicet textilis itaque via aeternus super tollo volo perspiciatis. Atrocitas fuga tantillus suggero. Qui apparatus pecto tamquam.','cc0-1.0',NULL,NULL,'ed278a6cdb471a63e29bcd1bc3f30ca1d05c2ebc',364828,'["icon2.jpg","icon1.png"]','pending','[]','["demens","error","stips","adficio","deinde","utor","cavus","auctus","cogito","aggredior","tabula","corrumpo","sufficio","corroboro","dolores","argumentum","cetera","compono","dignissimos","consuasor","corona","vestigium","custodia","copia","vulnus","talus","defetiscor"]','2025-07-19 05:17:56.995 +00:00','2025-07-19 05:17:56.995 +00:00',NULL),(754,NULL,'[]','saber','saber_wacker','50858482726800324902532806','[{"userId":"19519326909700251631815791","workDone":"tamisium aureus comitatus"}]','cariosus textus saber saber_wacker','This is a test asset of type saber and format saber_wacker.\nCariosus callide cognomen vomito textor. Rerum xiphias minus acsi cresco totidem sub. Clamo utique ambulo caterva.','cc0-1.0',NULL,NULL,'e7c0bafa6eb91bc9ed8889cff37aab66cfa988b0',194101,'["icon1.png","icon2.jpg","icon8.webp","icon6.jpg","icon4.webp"]','rejected','[]','["titulus","totus","cetera","corroboro","cogito","demens","corona","soleo","vestigium","adficio","velit","dolores","consuasor","statim","tergiversatio","defetiscor","maxime","sollers","utor","error","tergo","patria","vulnus","tabula","deinde","error","auctus","aggredior","tepesco","cruentus","custodia","compono","nesciunt"]','2025-07-19 05:17:57.734 +00:00','2025-07-19 05:17:57.734 +00:00',NULL),(886,NULL,'[]','note','note_cyoob','19519326909700251631815791','[{"userId":"58356087009134339486709013","workDone":"illo"}]','conor cohibeo note note_cyoob','This is a test asset of type note and format note_cyoob.\nAcerbitas alii caput tergum in amissio super dicta. Adeo alias uberrime teres pecto. Contigo odio esse.','cc0-1.0',NULL,NULL,'f93fa7ec1dd64c672da94da4bfc900d222dcfd00',78851,'["icon3.gif","icon6.jpg"]','private','[]','["utor","sollers","tametsi","qui","talus","custodia","defetiscor","tergiversatio","deinde","corroboro","demens","corrumpo","compono","corona","velit","vulnus","soleo","consuasor","circumvenio","error","nesciunt","comis","stips","tabula","cavus","corona","cogito","aggredior","maxime","sufficio","cruentus","astrum","sint","cetera","vestigium","argumentum","iste","auctus","coniecto","patria"]','2025-07-19 05:17:58.530 +00:00','2025-07-19 05:17:58.530 +00:00',NULL),(6,'4596914356','[]','note','note_cyoob','69421939382193957240267878','[{"userId":"58356087009134339486709013","workDone":"copia"}]','curriculum quos note note_cyoob','This is a test asset of type note and format note_cyoob.\nClamo arca deprecator vitae aeneus delibero laudantium turba coma deripio. Acer cognomen delego. At dicta creber cuppedia vergo copia sint suscipio amicitia cognomen.','cc0-1.0',NULL,NULL,'310d3e977c1faa79f02755e1db6f3b5bef1d2cfd',851176,'["icon2.jpg","icon3.gif","icon7.gif","icon4.webp","icon5.png"]','pending','[]','["corrumpo","argumentum","circumvenio","consuasor","aggredior","corona","cetera","vestigium","stips","talus","titulus","adficio","sint","custodia","auctus","demens","sufficio","deinde","coniecto","qui","dolores","soleo","cogito"]','2025-07-19 05:17:53.035 +00:00','2025-07-19 05:17:53.035 +00:00',NULL),(402,NULL,'[]','saber','saber_wacker','22622413246920135196202590','[{"userId":"69421939382193957240267878","workDone":"sed vel"}]','cupressus demoror saber saber_wacker','This is a test asset of type saber and format saber_wacker.\nVereor aeneus victoria amor acerbitas viscus caterva. Capto adhuc provident usus. Arx demulceo vere aestas vito curiositas spiritus odio civitas arbitro.','cc0-1.0',NULL,NULL,'80fdafdebec8ded8befc2fd8d70fe45d33de4959',749539,'["icon6.jpg","icon1.png"]','approved','[]','["deinde","tergiversatio","corroboro","sint","astrum","coniecto","argumentum","compono","statim","qui","corona","maxime","dignissimos","titulus","cogito","tametsi","sollers","nesciunt","custodia","iste","talus","error","dolores","vulnus","stips","corona","comis","velit","tepesco","aggredior","totus","tabula"]','2025-07-19 05:17:55.607 +00:00','2025-07-19 05:17:55.607 +00:00',NULL),(523,'8640265962','[]','sound','sound_mp3','58356087009134339486709013','[{"userId":"19519326909700251631815791","workDone":"caelestis theatrum"}]','conforto alias sound sound_mp3','This is a test asset of type sound and format sound_mp3.\nSupra verbum annus ter. Arca deinde vesper appositus voluptates comburo arx delectus neque. Adaugeo asporto enim.','cc0-1.0',NULL,NULL,'eca53c7b2def1dcaee9c41fdcd6bc1c50a7f95d1',353263,'["icon4.webp","icon1.png","icon3.gif","icon7.gif"]','approved','[]','["deinde","coniecto","utor","titulus","qui","cruentus","adficio","compono","sufficio","tergiversatio","tepesco","dignissimos","totus","dolores","error"]','2025-07-19 05:17:56.371 +00:00','2025-07-19 05:17:56.371 +00:00',NULL),(644,'9488644598','[]','platform','platform_plat','50858482726800324902532806','[{"userId":"19519326909700251631815791","workDone":"spectaculum tergeo"}]','odit adicio platform platform_plat','This is a test asset of type platform and format platform_plat.\nCaterva certe terminatio. Angustus necessitatibus caput. Adsidue statim abduco decimus caterva comes assumenda terebro thymbra bibo.','cc0-1.0',NULL,NULL,'fdd189df9bec3611c1c13d4472dafabe3bb8a0f9',551099,'["icon8.webp","icon5.png"]','approved','[]','["tepesco","auctus","cruentus","copia","corroboro","titulus","talus","custodia","cogito","coniecto","sollers","statim","patria","defetiscor","maxime","cetera","error","tergo","corona","sint","demens","circumvenio","nesciunt","sufficio","qui"]','2025-07-19 05:17:57.106 +00:00','2025-07-19 05:17:57.106 +00:00',NULL),(765,NULL,'[]','chroma-environment','chroma-environment_json','50858482726800324902532806','[{"userId":"58356087009134339486709013","workDone":"caput"}]','virga repellat chroma-environment chroma-environment_json','This is a test asset of type chroma-environment and format chroma-environment_json.\nLaboriosam congregatio aliqua. Degusto asper vulgivagus strenuus arbustum aro quidem contabesco tres. Trepide utilis subiungo canto venio quas vado.','cc0-1.0',NULL,NULL,'787a9d34e1a1e68cee86134abdd77376f7b63cf5',785013,'["icon6.jpg","icon7.gif","icon2.jpg","icon5.png","icon8.webp"]','private','[]','["circumvenio","titulus","cetera","dignissimos","coniecto","stips","defetiscor","statim","compono","error","patria"]','2025-07-19 05:17:57.793 +00:00','2025-07-19 05:17:57.793 +00:00',NULL),(897,'3133855482','[]','avatar','avatar_avatar','19519326909700251631815791','[{"userId":"75268388461378623860100275","workDone":"deludo"}]','ad color avatar avatar_avatar','This is a test asset of type avatar and format avatar_avatar.\nConsectetur magni assumenda. Fugiat baiulus unus copiose depromo damnatio. Suadeo explicabo tristis esse vitium villa tardus.','cc0-1.0',NULL,NULL,'aeeea2ded114e5c45dcebb57b940f4d8415e7efa',954925,'["icon3.gif","icon4.webp","icon8.webp","icon7.gif"]','private','[]','["statim","tametsi","defetiscor","velit","corona","custodia","dignissimos","totus","maxime","cavus","tergo","deinde","corroboro","soleo","sollers","cruentus","aggredior","consuasor","error","auctus","comis","titulus","tepesco","tergiversatio","utor","argumentum","vestigium","nesciunt","cetera","compono","talus","sufficio","astrum","qui","adficio","iste","vulnus"]','2025-07-19 05:17:58.593 +00:00','2025-07-19 05:17:58.593 +00:00',NULL),(413,NULL,'[]','chroma-environment','chroma-environment_json','22622413246920135196202590','[{"userId":"58356087009134339486709013","workDone":"dolores solio"}]','comes aqua chroma-environment chroma-environment_json','This is a test asset of type chroma-environment and format chroma-environment_json.\nSolvo enim admoveo cupressus canto accedo depraedor. Aegrotatio turba tardus deinde tibi autus coerceo pecco amaritudo toties. Adiuvo deleo substantia aggero quisquam cur curtus coadunatio.','cc0-1.0',NULL,NULL,'a3dc76ba44a47d07fabbd09a4bd0b25db23264df',610626,'["icon7.gif"]','private','[]','["defetiscor","tametsi","sufficio","tergo","nesciunt","corona","demens","patria","copia","titulus","iste","corrumpo","corroboro","sint","tabula","circumvenio","statim","utor","corona"]','2025-07-19 05:17:55.669 +00:00','2025-07-19 05:17:55.669 +00:00',NULL),(534,NULL,'[]','note','note_cyoob','58356087009134339486709013','[{"userId":"69421939382193957240267878","workDone":"aureus absum"}]','absconditus curvo note note_cyoob','This is a test asset of type note and format note_cyoob.\nAnnus thymbra caput ustulo sonitus clarus abutor pecus verbum. Auditor attero cado tabella brevis quaerat amplus volaticus. Soluta atrox conculco antepono patior curriculum vilis volup.','cc0-1.0',NULL,NULL,'332301f1aeabece9aaba25b25decc7d9c83fb8c1',512465,'["icon3.gif"]','approved','[]','["titulus","statim","sufficio","custodia","corona","demens","adficio","tametsi","compono","stips","defetiscor","argumentum","tepesco","maxime","aggredior","iste","consuasor","auctus","tergiversatio","corrumpo","dignissimos","corroboro","dolores","sollers","tabula","error","circumvenio"]','2025-07-19 05:17:56.430 +00:00','2025-07-19 05:17:56.430 +00:00',NULL),(655,'5042872429','[]','counters-plus-config','counters-plus-config_json','50858482726800324902532806','[{"userId":"58356087009134339486709013","workDone":"considero"}]','officiis thymbra counters-plus-config counters-plus-config_json','This is a test asset of type counters-plus-config and format counters-plus-config_json.\nAureus spoliatio armarium caelestis. Cunabula summisse coma arx vilis curriculum decretum usus. Averto vir stabilis.','cc0-1.0',NULL,NULL,'c07a4b1d8de98baabc96098d5145e2bedd5aaeb5',909011,'["icon5.png","icon4.webp"]','private','[]','["qui","tergiversatio","titulus","corona","patria","error","argumentum","velit","consuasor","sufficio","totus","comis","corroboro","soleo","utor","corona","sollers","statim","copia","circumvenio","aggredior","cogito","custodia","maxime","cavus","tabula","tergo","adficio","sint","error","compono","iste","dolores","deinde","nesciunt","defetiscor","cetera"]','2025-07-19 05:17:57.169 +00:00','2025-07-19 05:17:57.169 +00:00',NULL),(776,'3072308822','[]','wall','wall_box','50858482726800324902532806','[{"userId":"22622413246920135196202590","workDone":"vinum illo"}]','abbas paens wall wall_box','This is a test asset of type wall and format wall_box.\nDolore cubicularis avarus perferendis valeo amo tredecim. Subseco numquam patrocinor videlicet a doloremque cernuus benigne terror adicio. Maxime ager adipiscor abduco ut.','cc0-1.0',NULL,NULL,'b2f0de8fb650ceaacdb6db61b165494c8f6052b3',926701,'["icon4.webp","icon2.jpg","icon8.webp","icon1.png","icon7.gif"]','private','[]','["corroboro","coniecto","qui","maxime","deinde","corona","custodia","error","vestigium","defetiscor","adficio","tepesco","cruentus","talus","iste","dolores","tergo","error","titulus","aggredior","copia","argumentum","statim","corona","consuasor","velit","stips","astrum","sollers","tabula","auctus","circumvenio","dignissimos","sufficio"]','2025-07-19 05:17:57.859 +00:00','2025-07-19 05:17:57.859 +00:00',NULL),(303,'4470349378','[]','counters-plus-config','counters-plus-config_json','75268388461378623860100275','[{"userId":"58356087009134339486709013","workDone":"praesentium peior vinitor"}]','vulnero chirographum counters-plus-config counters-plus-config_json','This is a test asset of type counters-plus-config and format counters-plus-config_json.\nSapiente alienus caecus solum deficio cattus adeptio tantum. Amicitia texo quia textus sunt vitae cado conqueror. Voluptatibus abundans clibanus.','cc0-1.0',NULL,NULL,'bdd39a4460d10af2bcfff512675016e95acaaacc',132886,'["icon3.gif","icon8.webp","icon5.png","icon6.jpg","icon4.webp"]','rejected','[]','["error","titulus","corroboro","dolores","demens","circumvenio","dignissimos","astrum","maxime","coniecto","comis","qui","totus","compono","cavus","copia","adficio","velit","corona","vestigium","tergiversatio","sollers","cruentus","tametsi","tergo","auctus","tabula","sint","nesciunt","consuasor","custodia","iste","cogito","stips","argumentum","corona","soleo","patria","talus","cetera","error","tepesco","aggredior","statim","deinde","vulnus","defetiscor","corrumpo"]','2025-07-19 05:17:55.002 +00:00','2025-07-19 05:17:55.002 +00:00',NULL),(424,'6502203726','[]','wall','wall_box','22622413246920135196202590','[{"userId":"69421939382193957240267878","workDone":"textilis angustus"}]','timor dolor wall wall_box','This is a test asset of type wall and format wall_box.\nVolutabrum vis aegrotatio talis denique facere vel carcer amplitudo. Supplanto atrocitas audax bene deporto conatus textor colligo usus vis. Corrupti ulterius vomica.','cc0-1.0',NULL,NULL,'37fccbf5850cefeee3d52fa1dbcbb3b9abea75b1',282378,'["icon6.jpg","icon3.gif","icon4.webp","icon2.jpg","icon8.webp"]','rejected','[]','["tergo","maxime","cavus","stips","nesciunt","patria","coniecto","consuasor","astrum","dolores","auctus","error","vestigium","titulus","corona","tametsi","statim"]','2025-07-19 05:17:55.730 +00:00','2025-07-19 05:17:55.730 +00:00',NULL),(545,'2161484433','[]','avatar','avatar_avatar','58356087009134339486709013','[{"userId":"69421939382193957240267878","workDone":"defleo tutis eaque"}]','caritas ancilla avatar avatar_avatar','This is a test asset of type avatar and format avatar_avatar.\nTurpis repudiandae nesciunt thorax tenuis amitto adiuvo articulus adeptio attero. Verbum asperiores caries vulnero succedo quae victus admitto magni amor. Triumphus capto maiores vos aperte solvo spoliatio credo.','cc0-1.0',NULL,NULL,'324ceb8e21cb822efa9cd8df450aebcdebd81249',45647,'["icon6.jpg"]','private','[]','["defetiscor","cetera","deinde","cruentus","totus","titulus","utor","auctus","vestigium","error","dolores","velit","sufficio","aggredior","circumvenio","tergiversatio","adficio","tergo","sint","copia","corona","custodia","consuasor","stips","astrum","vulnus","qui","comis","tametsi","tabula","cogito","tepesco","corrumpo","compono","talus","nesciunt","corroboro","cavus","maxime","corona"]','2025-07-19 05:17:56.493 +00:00','2025-07-19 05:17:56.493 +00:00',NULL),(666,NULL,'[]','sound','sound_ogg','50858482726800324902532806','[{"userId":"22622413246920135196202590","workDone":"adversus quasi"}]','thesis occaecati sound sound_ogg','This is a test asset of type sound and format sound_ogg.\nSponte paulatim contra audax. Agnitio comparo voveo tantum. Tametsi caries thermae tendo cunae aurum suffoco.','cc0-1.0',NULL,NULL,'5d8cea95e4aa80fa6ceea1ef9cb1e3acd759b180',315112,'["icon6.jpg","icon1.png","icon2.jpg","icon3.gif"]','pending','[]','["tametsi","argumentum","maxime","coniecto","deinde","nesciunt","talus","copia","demens","titulus","patria","tabula"]','2025-07-19 05:17:57.233 +00:00','2025-07-19 05:17:57.233 +00:00',NULL),(787,NULL,'[]','saber','saber_saber','50858482726800324902532806','[{"userId":"22622413246920135196202590","workDone":"minus"}]','cras veritatis saber saber_saber','This is a test asset of type saber and format saber_saber.\nAdmiratio suggero vacuus. Denuncio apto conspergo depereo temptatio degero callide cubitum. Cunae curto cupio iusto consuasor aggredior surgo.','cc0-1.0',NULL,NULL,'6f3c9baa9780ebdcec2c3ddc0c2fb82ea5473a4e',890573,'["icon4.webp","icon1.png","icon5.png"]','private','[]','["sint","vestigium","sollers","cogito","qui","maxime","tergiversatio","vulnus","dolores","sufficio","tergo","patria","copia","argumentum","tepesco","titulus","utor","adficio","corroboro","corona","velit","cetera","corrumpo","soleo","comis","cavus","aggredior","corona","consuasor"]','2025-07-19 05:17:57.918 +00:00','2025-07-19 05:17:57.918 +00:00',NULL),(314,NULL,'[]','sound','sound_ogg','75268388461378623860100275','[{"userId":"19519326909700251631815791","workDone":"atque delectus usque"}]','suspendo vox sound sound_ogg','This is a test asset of type sound and format sound_ogg.\nDenuo voveo repellat at confugo taceo virga quidem ulterius aperio. Depopulo aeger celer similique bonus caute quisquam ater cohaero adhuc. Repellat cupio vorax conforto venio tempore socius.','cc0-1.0',NULL,NULL,'ebd3bf97d2bc3dd9ada3b3b0f20c5eaa0ea7ba30',422225,'["icon6.jpg"]','approved','[]','["adficio","statim","error","tergiversatio","argumentum","cruentus","dolores","corona","tametsi","cavus","cetera","tergo","totus","sollers","corrumpo","custodia","talus","astrum","dignissimos","maxime","copia","soleo","aggredior","nesciunt","circumvenio","velit","demens","titulus","tabula","vulnus","corona","tepesco","vestigium"]','2025-07-19 05:17:55.063 +00:00','2025-07-19 05:17:55.063 +00:00',NULL),(435,NULL,'[]','saber','saber_saber','22622413246920135196202590','[{"userId":"50858482726800324902532806","workDone":"verecundia magnam quos"}]','inflammatio aequitas saber saber_saber','This is a test asset of type saber and format saber_saber.\nVoluntarius sapiente patior via quisquam cruciamentum desparatus nobis brevis quos. Quas utique bene conicio tonsor quidem saepe voluptatum. Spiritus videlicet cubo adulatio argentum celebrer ullus at baiulus arbustum.','cc0-1.0',NULL,NULL,'3512ac8a5cc0dfd423cde30860107eaf960152bb',638092,'["icon7.gif","icon8.webp","icon5.png","icon3.gif","icon6.jpg"]','rejected','[]','["statim","tametsi","deinde","cetera","copia","vestigium","defetiscor","adficio","argumentum","astrum","nesciunt","patria","cogito","talus","tepesco","corrumpo","utor","sufficio","error","circumvenio","dolores","titulus","tabula","iste","sint","corona","cavus","qui","corona","compono","totus","soleo","custodia","error","demens","sollers","tergiversatio","coniecto","consuasor","tergo","stips","cruentus","aggredior"]','2025-07-19 05:17:55.810 +00:00','2025-07-19 05:17:55.810 +00:00',NULL),(556,'5015185714','[]','banner','banner_png','58356087009134339486709013','[{"userId":"22622413246920135196202590","workDone":"candidus"}]','coma debitis banner banner_png','This is a test asset of type banner and format banner_png.\nApto viriliter quisquam adficio deduco victoria adflicto adsuesco voluptas atque. Cunctatio sublime color umquam vero crinis deleo thesaurus dens omnis. Minus teneo terebro vae adinventitias quis vindico credo tollo.','cc0-1.0',NULL,NULL,'3e1cde9eafeb5b892e0eb795282d44acfcb9c6db',594206,'["icon3.gif","icon1.png","icon4.webp","icon2.jpg","icon7.gif"]','approved','[]','["vestigium","error","qui","demens","patria","consuasor","tametsi","copia","astrum","soleo","cetera","talus","dignissimos","iste","cavus","corroboro","comis","stips","adficio","deinde","sufficio","coniecto","utor"]','2025-07-19 05:17:56.557 +00:00','2025-07-19 05:17:56.557 +00:00',NULL),(677,'3510162193','[]','note','note_bloq','50858482726800324902532806','[{"userId":"58356087009134339486709013","workDone":"delicate adeptio sumptus"}]','defungo vomito note note_bloq','This is a test asset of type note and format note_bloq.\nFacilis denique velum alter nostrum cursus corrigo tepidus. Concido veritatis verto vel votum architecto corporis stabilis. Tollo condico acies valde cunctatio peccatus.','cc0-1.0',NULL,NULL,'c74072feacad5cda1d68b4e1ee8fdba1deb4cf3d',993655,'["icon5.png","icon8.webp","icon6.jpg","icon1.png"]','pending','[]','["custodia","stips","corona","argumentum","statim","titulus","corona","cetera","sufficio","patria"]','2025-07-19 05:17:57.297 +00:00','2025-07-19 05:17:57.297 +00:00',NULL),(798,NULL,'[]','camera2-config','camera2-config_json','50858482726800324902532806','[{"userId":"75268388461378623860100275","workDone":"excepturi quis quas"}]','bestia capto camera2-config camera2-config_json','This is a test asset of type camera2-config and format camera2-config_json.\nCinis textus dapifer aspicio coniecto. Verumtamen vulnero velit victus derideo vorax. Adfectus paulatim umbra patior sordeo acceptus.','cc0-1.0',NULL,NULL,'0a8ed80b67c6ccbc5406ca7aea913b47b0ebb693',291839,'["icon6.jpg","icon8.webp","icon4.webp","icon1.png","icon5.png"]','pending','[]','["statim","dignissimos","tametsi","cruentus","cavus","nesciunt","corona","tabula","talus"]','2025-07-19 05:17:57.979 +00:00','2025-07-19 05:17:57.979 +00:00',NULL),(204,'4952809845','[]','banner','banner_png','75268388461378623860100275','[{"userId":"19519326909700251631815791","workDone":"crinis amiculum adicio"}]','aegre uredo banner banner_png','This is a test asset of type banner and format banner_png.\nTot tollo patruus vinculum. Deporto super acies cunae nobis inventore vis sulum caput. Solutio tristis tutis deduco.','cc0-1.0',NULL,NULL,'efd0f8748a0989bfd6a871b6ec9c1ceeda86cc5b',457805,'["icon4.webp","icon7.gif","icon2.jpg","icon3.gif"]','rejected','[]','["soleo","argumentum","qui","deinde","sint","astrum","maxime","tepesco","compono","corona","defetiscor","tergo","cavus","velit","copia","sollers","utor","talus","error","statim","tametsi","titulus"]','2025-07-19 05:17:54.403 +00:00','2025-07-19 05:17:54.403 +00:00',NULL),(325,'0594963598','[]','note','note_bloq','22622413246920135196202590','[{"userId":"50858482726800324902532806","workDone":"debeo truculenter cultellus"}]','certe tamquam note note_bloq','This is a test asset of type note and format note_bloq.\nVulgo audio crepusculum deprecator apparatus recusandae tollo vindico bellum. Arx delicate libero sperno vitae terga uberrime appositus. Cogito tonsor comminor impedit tendo vicinus careo.','cc0-1.0',NULL,NULL,'cb78a75bcde53751d869df47bca9b35abb6ac161',773152,'["icon8.webp"]','private','[]','["titulus","sint","utor","vestigium","maxime","tepesco","cavus","corona","qui","error","patria"]','2025-07-19 05:17:55.165 +00:00','2025-07-19 05:17:55.165 +00:00',NULL),(446,NULL,'[]','camera2-config','camera2-config_json','22622413246920135196202590','[{"userId":"19519326909700251631815791","workDone":"coadunatio uberrime careo"}]','delego peior camera2-config camera2-config_json','This is a test asset of type camera2-config and format camera2-config_json.\nConqueror confido tabula. Corona vestrum peccatus acerbitas denique altus tenuis similique. Cinis culpo tametsi basium defendo succedo consectetur summisse.','cc0-1.0',NULL,NULL,'c84ec38d3ff392cfeb69a6e83403ca3b00bbd370',936552,'["icon3.gif","icon4.webp","icon1.png","icon8.webp","icon2.jpg"]','private','[]','["sufficio","vulnus","tepesco","adficio","compono","dolores","sollers","astrum","stips","velit","tergiversatio","corona","demens","totus","error","error","deinde","tabula","auctus","patria","cetera","cruentus","soleo","copia","consuasor","sint","corona","talus","tametsi","corrumpo","argumentum","maxime","defetiscor","dignissimos","nesciunt","iste","comis","utor","coniecto","titulus","vestigium","cogito","qui","statim","aggredior","cavus"]','2025-07-19 05:17:55.883 +00:00','2025-07-19 05:17:55.883 +00:00',NULL),(567,NULL,'[]','wall','wall_pixie','58356087009134339486709013','[{"userId":"69421939382193957240267878","workDone":"curso depereo"}]','curto carpo wall wall_pixie','This is a test asset of type wall and format wall_pixie.\nAtrocitas subvenio carcer aestivus curo texo. Censura corporis perferendis caelestis conduco acidus solium tepidus tonsor arto. Attonbitus thesis et avaritia crinis distinctio voluptate angustus.','cc0-1.0',NULL,NULL,'9e3c1ee84e19e53d6ecf70e4bb185bd23ec0ad8b',107639,'["icon8.webp","icon6.jpg","icon7.gif","icon4.webp","icon1.png"]','approved','[]','["argumentum","comis","totus","iste","patria","deinde","sollers","nesciunt","titulus","corona","utor","astrum"]','2025-07-19 05:17:56.619 +00:00','2025-07-19 05:17:56.619 +00:00',NULL),(688,'5503485972','[]','hitscorevisualizer-config','hitscorevisualizer-config_json','50858482726800324902532806','[{"userId":"69421939382193957240267878","workDone":"aliqua infit reprehenderit"}]','canis utpote hitscorevisualizer-config hitscorevisualizer-config_json','This is a test asset of type hitscorevisualizer-config and format hitscorevisualizer-config_json.\nUtique adiuvo vallum. Cubitum comburo adstringo vulgaris compono aegrotatio triduana. Vulticulus absque deludo tibi tricesimus adinventitias exercitationem cura atrocitas.','cc0-1.0',NULL,NULL,'49aa5cba5ff393eee01ab1ac4b45ef0aebdb883f',165577,'["icon8.webp","icon3.gif","icon6.jpg","icon4.webp","icon5.png"]','pending','[]','["astrum","titulus","iste","consuasor","nesciunt","comis","circumvenio","aggredior","coniecto","dignissimos","statim","corona","stips","error","soleo","tametsi","copia","custodia","cetera","tergiversatio","tergo","cogito","tabula","cavus","argumentum","error","corona","tepesco","utor","compono","adficio","totus","patria","velit","defetiscor","auctus","sint","dolores","deinde","qui","corrumpo"]','2025-07-19 05:17:57.356 +00:00','2025-07-19 05:17:57.356 +00:00',NULL),(215,NULL,'[]','wall','wall_pixie','75268388461378623860100275','[{"userId":"50858482726800324902532806","workDone":"vitiosus ascit volubilis"}]','comminor creta wall wall_pixie','This is a test asset of type wall and format wall_pixie.\nTondeo audentia repudiandae speculum soleo ater accusamus. Amet amplexus adhaero. Illo arx tamdiu bos.','cc0-1.0',NULL,NULL,'b90b7cfab64cf98f2e8ec372edd9f29eaad6b264',440063,'["icon1.png","icon2.jpg"]','pending','[]','["astrum","soleo","patria","velit","corona","cruentus","auctus","aggredior","cavus","demens","error","vulnus","deinde","totus","copia","cetera","error","corroboro","stips","tabula","nesciunt","maxime","qui","utor","vestigium","sufficio","compono","sollers","adficio","tepesco","tergo","statim","corrumpo","corona","titulus","tametsi","cogito","consuasor","defetiscor","circumvenio","custodia","sint","talus"]','2025-07-19 05:17:54.468 +00:00','2025-07-19 05:17:54.468 +00:00',NULL),(336,'6993311043','[]','hitscorevisualizer-config','hitscorevisualizer-config_json','22622413246920135196202590','[{"userId":"75268388461378623860100275","workDone":"succurro demulceo sublime"}]','thermae antiquus hitscorevisualizer-config hitscorevisualizer-config_json','This is a test asset of type hitscorevisualizer-config and format hitscorevisualizer-config_json.\nOmnis tondeo verus aperiam adduco conservo. Cibus adinventitias depulso verbera. Velum defero abduco capillus aggero aeger usque.','cc0-1.0',NULL,NULL,'8ab11270ad2d6cdb728a29cf716c6f28bcb7aca0',395418,'["icon2.jpg","icon5.png"]','pending','[]','["compono","argumentum","adficio","sufficio","patria","maxime","consuasor","corona","statim","corona","defetiscor","cavus","tergo","vestigium","corroboro","corrumpo","totus","copia","coniecto","error","tabula","tametsi","aggredior","auctus","comis"]','2025-07-19 05:17:55.229 +00:00','2025-07-19 05:17:55.229 +00:00',NULL),(457,'3158342771','[]','health-bar','health-bar_energy','22622413246920135196202590','[{"userId":"75268388461378623860100275","workDone":"abscido cupio"}]','creo cado health-bar health-bar_energy','This is a test asset of type health-bar and format health-bar_energy.\nIncidunt subnecto comburo crux tutis demonstro teres deputo. Ad volo alveus altus vulpes totidem subseco. Cicuta tergo tepesco accendo cur.','cc0-1.0',NULL,NULL,'37c1bbc1cdcbb8e7967b996812eeb8cb549f9d9e',145173,'["icon6.jpg","icon3.gif","icon8.webp"]','private','[]','["tepesco","maxime","sollers","cavus","iste","soleo","dignissimos","cruentus","deinde","coniecto","aggredior","vulnus","argumentum","patria","defetiscor","astrum","totus","error","velit","consuasor","qui","auctus","nesciunt","sint","dolores","corroboro","stips","sufficio"]','2025-07-19 05:17:55.951 +00:00','2025-07-19 05:17:55.951 +00:00',NULL),(578,'6156605974','[]','saber','saber_wacker','58356087009134339486709013','[{"userId":"69421939382193957240267878","workDone":"suppono absconditus"}]','totidem thermae saber saber_wacker','This is a test asset of type saber and format saber_wacker.\nColo clamo territo calamitas odit. Creptio verbum conor pecto titulus rem advoco. Certus quidem molestias verbum terror coerceo.','cc0-1.0',NULL,NULL,'faebddee8fbe7a725e06937990c35be15cfdbd06',529178,'["icon3.gif","icon4.webp"]','approved','[]','["adficio","demens","deinde","vestigium","tergiversatio","iste","cetera","tepesco","cogito","tabula","qui","soleo","statim","cavus","consuasor","argumentum","cruentus","corona","dolores","coniecto","stips","compono","error","tametsi","talus","vulnus","velit","auctus","sint","corona","corroboro","corrumpo","astrum","utor","patria","titulus","sufficio","custodia","maxime"]','2025-07-19 05:17:56.681 +00:00','2025-07-19 05:17:56.681 +00:00',NULL),(699,NULL,'[]','sound','sound_mp3','50858482726800324902532806','[{"userId":"69421939382193957240267878","workDone":"caelum"}]','tertius derideo sound sound_mp3','This is a test asset of type sound and format sound_mp3.\nDebitis depraedor arca confido damno sustineo asper. Curso advoco cribro terreo condico vapulus verumtamen arguo. Studio adsum sonitus alias pauci.','cc0-1.0',NULL,NULL,'17f3c07ea52dc4a2a8e8f2c9aefe15973fd7d0cf',659134,'["icon2.jpg","icon7.gif","icon1.png","icon4.webp"]','rejected','[]','["tergiversatio","error","tabula","adficio","patria","iste","cruentus","compono","corroboro","coniecto","stips","tepesco","comis","sollers","circumvenio","copia","dignissimos","talus","totus"]','2025-07-19 05:17:57.417 +00:00','2025-07-19 05:17:57.417 +00:00',NULL),(105,'9560191991','[]','health-bar','health-bar_energy','69421939382193957240267878','[{"userId":"75268388461378623860100275","workDone":"creator aufero"}]','placeat totus health-bar health-bar_energy','This is a test asset of type health-bar and format health-bar_energy.\nAggero temeritas testimonium soleo itaque cognomen atrocitas causa. Conicio triduana fugiat. Alienus tollo culpo tamquam cervus creber crebro in.','cc0-1.0',NULL,NULL,'f6668bcb13baf052bce1d5bdecc04f9cfc8861d3',307154,'["icon5.png","icon7.gif","icon2.jpg","icon6.jpg"]','private','[]','["tergo","defetiscor","argumentum","custodia","demens","talus","stips","aggredior","vestigium","astrum","auctus","totus","tabula","tametsi","iste","titulus","dignissimos","circumvenio","cruentus","dolores","consuasor","patria"]','2025-07-19 05:17:53.712 +00:00','2025-07-19 05:17:53.712 +00:00',NULL),(226,'8134305879','[]','saber','saber_wacker','75268388461378623860100275','[{"userId":"50858482726800324902532806","workDone":"debilito"}]','cervus thalassinus saber saber_wacker','This is a test asset of type saber and format saber_wacker.\nMolestiae curto timidus aut vesica umbra ullam corrupti carbo. Dolores curriculum decet aperiam cupiditas officia suscipit. Demoror appositus cornu curiositas cultura appositus.','cc0-1.0',NULL,NULL,'1cd21c9cdcaeab2eca1c58cf33ca13fb29be24c3',998460,'["icon3.gif","icon6.jpg","icon7.gif"]','pending','[]','["circumvenio","adficio","qui","dignissimos","comis","corrumpo","stips","compono","titulus","error","totus","patria","cruentus","aggredior","talus","consuasor","coniecto","corona","dolores","soleo","cetera","auctus","custodia","corona","copia"]','2025-07-19 05:17:54.537 +00:00','2025-07-19 05:17:54.537 +00:00',NULL),(347,NULL,'[]','sound','sound_mp3','22622413246920135196202590','[{"userId":"75268388461378623860100275","workDone":"auctus libero"}]','denuo bellum sound sound_mp3','This is a test asset of type sound and format sound_mp3.\nSolutio sed fugit. Vix toties cerno ut molestias conitor absque. Currus terror cibus defluo aliquid.','cc0-1.0',NULL,NULL,'186e067ffc614ff1aeb4d3f649416796ad12effd',692709,'["icon3.gif","icon8.webp","icon5.png","icon7.gif","icon4.webp"]','private','[]','["tergiversatio","soleo","totus","adficio","nesciunt","deinde"]','2025-07-19 05:17:55.292 +00:00','2025-07-19 05:17:55.292 +00:00',NULL),(468,NULL,'[]','platform','platform_plat','22622413246920135196202590','[{"userId":"50858482726800324902532806","workDone":"tardus voluptatem solitudo"}]','creator tergo platform platform_plat','This is a test asset of type platform and format platform_plat.\nTribuo cognatus comparo antea tyrannus vulticulus consectetur amet aveho cruentus. Temperantia porro cum sol capitulus tero. Verbera custodia coruscus velociter.','cc0-1.0',NULL,NULL,'eb6f83d2bb2efde2f2deaba65f2568d4bcd77ebb',609462,'["icon7.gif"]','approved','[]','["deinde","soleo","adficio","dolores","sufficio","cavus","auctus","sint","corona","custodia","nesciunt","circumvenio","copia","corona","utor","aggredior","demens","coniecto","cruentus","talus","comis","totus","argumentum","error","astrum","titulus","velit","compono","error","tabula","iste"]','2025-07-19 05:17:56.012 +00:00','2025-07-19 05:17:56.012 +00:00',NULL),(589,'5653620082','[]','chroma-environment','chroma-environment_json','58356087009134339486709013','[{"userId":"50858482726800324902532806","workDone":"dolorem comminor creptio"}]','sed video chroma-environment chroma-environment_json','This is a test asset of type chroma-environment and format chroma-environment_json.\nAnser fugit cresco adhaero voluptatum. Accusator votum vinco ago esse cupiditas studio sunt acidus praesentium. Eos usitas vetus.','cc0-1.0',NULL,NULL,'be8ed65dd1e7b580eae062b9a6bee04d5600cd8b',382107,'["icon3.gif","icon5.png","icon4.webp","icon2.jpg"]','private','[]','["velit","statim","corona","cetera","sollers","comis","error","consuasor","error","tametsi","cogito","custodia","argumentum"]','2025-07-19 05:17:56.743 +00:00','2025-07-19 05:17:56.743 +00:00',NULL),(116,NULL,'[]','platform','platform_plat','69421939382193957240267878','[{"userId":"50858482726800324902532806","workDone":"addo cruentus"}]','argumentum illum platform platform_plat','This is a test asset of type platform and format platform_plat.\nSustineo sortitus iste sursum cruciamentum amet aggero. Thymum earum vulgo subseco. Quia vel contego fugit tergeo tantillus capio summa error.','cc0-1.0',NULL,NULL,'2cab94089d0a879e5b03bc6deecfad74e7fee26e',544568,'["icon4.webp","icon8.webp"]','approved','[]','["adficio","stips","cruentus","sollers","argumentum","iste","sufficio","tergiversatio","soleo","cogito","utor","tametsi","circumvenio","custodia","titulus","maxime","comis","consuasor","velit","error","demens","compono","auctus","corrumpo","vulnus","cetera","nesciunt","error","dignissimos","corona","tepesco","coniecto","qui","corona","tabula","deinde","defetiscor","copia","cavus","totus","vestigium","astrum","aggredior"]','2025-07-19 05:17:53.782 +00:00','2025-07-19 05:17:53.782 +00:00',NULL),(237,'5697775631','[]','chroma-environment','chroma-environment_json','75268388461378623860100275','[{"userId":"22622413246920135196202590","workDone":"speculum fugit vesco"}]','victoria aequitas chroma-environment chroma-environment_json','This is a test asset of type chroma-environment and format chroma-environment_json.\nCupio aut laborum tredecim stillicidium. Usus sumo valeo decipio. Thorax tersus studio tabgo angelus avaritia defluo.','cc0-1.0',NULL,NULL,'26f8a486713633c220bce5e7a47041df0b7c9ae5',146308,'["icon8.webp","icon1.png","icon3.gif","icon5.png"]','rejected','[]','["circumvenio","error","tepesco","error","cogito","defetiscor","adficio","copia","tabula","dolores","deinde","custodia"]','2025-07-19 05:17:54.602 +00:00','2025-07-19 05:17:54.602 +00:00',NULL),(358,'9258500138','[]','note','note_cyoob','22622413246920135196202590','[{"userId":"69421939382193957240267878","workDone":"adhaero thesis"}]','defaeco utrum note note_cyoob','This is a test asset of type note and format note_cyoob.\nAmplus comedo adhuc. Sub appello calamitas complectus video sodalitas adiuvo umquam. Ascit in aedificium demonstro ambulo pauci vicinus bellicus dicta.','cc0-1.0',NULL,NULL,'b26ff9e9d911f6b4b1d0db0c2bcde84fd8ce4df5',506919,'["icon2.jpg","icon5.png","icon8.webp"]','pending','[]','["sollers","astrum","tabula","circumvenio","velit","defetiscor","corrumpo","stips","error","error","cavus","custodia","auctus","corona","tergo","patria","comis","adficio","cruentus","demens","totus","aggredior","corroboro","tergiversatio","vulnus","cetera","deinde","coniecto","tametsi","utor","sufficio","soleo","maxime","tepesco","argumentum","compono","titulus","qui"]','2025-07-19 05:17:55.351 +00:00','2025-07-19 05:17:55.351 +00:00',NULL),(479,NULL,'[]','counters-plus-config','counters-plus-config_json','22622413246920135196202590','[{"userId":"69421939382193957240267878","workDone":"earum error"}]','synagoga crux counters-plus-config counters-plus-config_json','This is a test asset of type counters-plus-config and format counters-plus-config_json.\nAlter defaeco thermae adnuo tunc arceo excepturi. Doloribus ait appositus appono demulceo arca vulpes. Repellendus depopulo armarium clibanus cometes desino distinctio demum reprehenderit.','cc0-1.0',NULL,NULL,'878b307ea1abef85ab7accf6b039dbfc3dbdcdf2',625283,'["icon5.png","icon3.gif","icon4.webp","icon6.jpg"]','approved','[]','["titulus","tepesco","coniecto","dolores","cogito","error","consuasor","sollers","tergo","circumvenio","nesciunt","corona","stips","auctus","iste","velit","statim","cetera","argumentum","custodia","copia","vestigium","astrum","qui"]','2025-07-19 05:17:56.077 +00:00','2025-07-19 05:17:56.077 +00:00',NULL),(600,NULL,'[]','wall','wall_box','58356087009134339486709013','[{"userId":"69421939382193957240267878","workDone":"bestia verecundia"}]','cubo somniculosus wall wall_box','This is a test asset of type wall and format wall_box.\nAiunt caste aspernatur tenax taceo infit alienus spiculum. Usitas depono ago talio ducimus. Vespillo calcar ratione surculus similique aureus.','cc0-1.0',NULL,NULL,'6cd11aedd0245eb39fa6fabd902e85edd8f63d0a',673617,'["icon7.gif","icon3.gif"]','private','[]','["corrumpo","defetiscor","utor","error","copia","maxime","stips","tabula","talus","tepesco","consuasor","sufficio","sollers","dignissimos","titulus","soleo","argumentum","corona","circumvenio","vulnus","deinde","error","statim","cavus","custodia","tergo","totus","cogito"]','2025-07-19 05:17:56.807 +00:00','2025-07-19 05:17:56.807 +00:00',NULL),(127,NULL,'[]','counters-plus-config','counters-plus-config_json','69421939382193957240267878','[{"userId":"19519326909700251631815791","workDone":"coadunatio vulgo"}]','esse comitatus counters-plus-config counters-plus-config_json','This is a test asset of type counters-plus-config and format counters-plus-config_json.\nCuria tribuo audacia depono crur curso vergo adipisci accommodo aranea. Repudiandae iure sulum vesco tabernus decor cuius. Ventito vaco acerbitas thymum peccatus abeo volaticus trepide non vomer.','cc0-1.0',NULL,NULL,'abc6e8a98d578b04cab69ef3fd000cc7c17a4091',1487,'["icon7.gif","icon2.jpg","icon1.png","icon5.png","icon3.gif"]','private','[]','["cogito","statim","stips","defetiscor","dignissimos","tepesco","tergiversatio","sint","soleo","demens","consuasor","cetera","nesciunt","custodia","tametsi","cruentus"]','2025-07-19 05:17:53.850 +00:00','2025-07-19 05:17:53.850 +00:00',NULL),(248,NULL,'[]','wall','wall_box','75268388461378623860100275','[{"userId":"69421939382193957240267878","workDone":"audeo clarus bellum"}]','aufero usitas wall wall_box','This is a test asset of type wall and format wall_box.\nVeniam mollitia sono cognomen ceno. Theca condico officia clam corroboro illum. Caveo volutabrum acceptus ascit sponte demum tibi temeritas abbas.','cc0-1.0',NULL,NULL,'0b099f5ad1265ddce5ad4bf20b2d3dea2ec8f55d',983179,'["icon7.gif","icon5.png","icon8.webp"]','pending','[]','["cruentus","demens","tergiversatio","argumentum","tametsi","cogito","sint","consuasor","tergo","tepesco","stips","tabula","corona","dolores","utor","sollers","statim","totus","soleo"]','2025-07-19 05:17:54.674 +00:00','2025-07-19 05:17:54.674 +00:00',NULL),(369,NULL,'[]','avatar','avatar_avatar','22622413246920135196202590','[{"userId":"58356087009134339486709013","workDone":"neque quam"}]','adeo demulceo avatar avatar_avatar','This is a test asset of type avatar and format avatar_avatar.\nVolup saepe ater. Tamisium aro studio. Demum utor defetiscor.','cc0-1.0',NULL,NULL,'adf57f30a483dbe93fba33fc4811aaf15ecfdbcb',400449,'["icon6.jpg"]','private','[]','["utor","astrum","consuasor","cavus","corrumpo","tergo","cetera","corona","soleo","tepesco","cogito","sufficio","corona","nesciunt","tergiversatio","custodia","tabula","dolores","compono","error","vestigium","dignissimos","maxime","circumvenio","corroboro","adficio","velit","demens","titulus","sollers","aggredior","iste","coniecto","comis","stips","cruentus"]','2025-07-19 05:17:55.412 +00:00','2025-07-19 05:17:55.412 +00:00',NULL),(490,'4705153324','[]','sound','sound_ogg','58356087009134339486709013','[{"userId":"75268388461378623860100275","workDone":"desolo alii"}]','cruciamentum concido sound sound_ogg','This is a test asset of type sound and format sound_ogg.\nError vomito creber quos taedium suspendo clementia thermae. Aeger clementia clarus similique iste comptus. Bestia bos repudiandae.','cc0-1.0',NULL,NULL,'2bf40f63c1fd75fc455c46e9307e3cb2c19acfd7',116167,'["icon4.webp","icon3.gif","icon2.jpg","icon8.webp"]','rejected','[]','["consuasor","tergo","deinde","argumentum","soleo","utor","dolores","velit","corroboro","titulus","tepesco","sufficio","auctus","cruentus","vestigium","corona","sint","cogito","adficio","custodia","error","tametsi","astrum","demens","sollers","dignissimos","circumvenio","nesciunt","patria","qui","cetera","tabula","totus","error","copia","corona","maxime","talus","cavus","aggredior"]','2025-07-19 05:17:56.181 +00:00','2025-07-19 05:17:56.181 +00:00',NULL),(138,'6120983298','[]','sound','sound_ogg','69421939382193957240267878','[{"userId":"75268388461378623860100275","workDone":"optio caecus spiritus"}]','voro thymbra sound sound_ogg','This is a test asset of type sound and format sound_ogg.\nCommunis tametsi supplanto auditor ocer suadeo repudiandae optio sperno. Dedico terra vehemens. Delectus velit carcer alter.','cc0-1.0',NULL,NULL,'b1c66072bc5b1f2e4fc30ded8bebbbc7d77cccaf',653465,'["icon3.gif"]','private','[]','["utor","astrum"]','2025-07-19 05:17:53.927 +00:00','2025-07-19 05:17:53.927 +00:00',NULL),(259,'1547199848','[]','saber','saber_saber','75268388461378623860100275','[{"userId":"58356087009134339486709013","workDone":"eligendi calcar arx"}]','super tonsor saber saber_saber','This is a test asset of type saber and format saber_saber.\nAestus carpo tot tamen articulus sordeo. Defleo tabula nulla. Denuncio solutio avaritia caput caritas.','cc0-1.0',NULL,NULL,'34b54df1f2deb2edbdfeb97572a71d8d8e09d088',66925,'["icon5.png","icon4.webp","icon2.jpg","icon7.gif","icon6.jpg"]','pending','[]','["totus","argumentum","sollers","vulnus","statim","tergo","compono","dolores","circumvenio","titulus","sint","astrum","cetera","copia","corona","deinde","cruentus","coniecto","iste","tametsi","vestigium","corroboro","utor","custodia","cavus","consuasor","adficio","cogito","error","defetiscor","stips","patria","error","soleo","comis","maxime","velit","nesciunt","auctus","corona","tepesco","tergiversatio","aggredior","tabula","qui","talus"]','2025-07-19 05:17:54.745 +00:00','2025-07-19 05:17:54.745 +00:00',NULL),(380,NULL,'[]','banner','banner_png','22622413246920135196202590','[{"userId":"69421939382193957240267878","workDone":"bibo amicitia amet"}]','summa odit banner banner_png','This is a test asset of type banner and format banner_png.\nMaiores occaecati uterque creber altus stabilis villa doloremque. Vehemens iusto subvenio deduco. Denique talio admiratio corroboro vindico ambulo.','cc0-1.0',NULL,NULL,'1d1eafe32981cd12f99a8e7e1af9bce5ecef3a1a',588126,'["icon6.jpg","icon8.webp"]','private','[]','["tabula","comis","error","iste","circumvenio","patria","corroboro","compono","qui"]','2025-07-19 05:17:55.474 +00:00','2025-07-19 05:17:55.474 +00:00',NULL),(149,NULL,'[]','note','note_bloq','69421939382193957240267878','[{"userId":"75268388461378623860100275","workDone":"ventus"}]','ars adulatio note note_bloq','This is a test asset of type note and format note_bloq.\nAutem curo sit deserunt alioqui velit turbo. Totus voluptatibus aestivus carcer. Communis surgo crux comitatus.','cc0-1.0',NULL,NULL,'c8db91c9f39f2f4aeec71db5dad87c6b4e9a00de',132438,'["icon8.webp"]','rejected','[]','["talus","error","corona","coniecto","adficio","circumvenio","tabula","sint","cogito","tergo","corroboro","maxime","sollers","demens","argumentum","tepesco","nesciunt","corona"]','2025-07-19 05:17:54.002 +00:00','2025-07-19 05:17:54.002 +00:00',NULL),(270,'8421241108','[]','camera2-config','camera2-config_json','75268388461378623860100275','[{"userId":"22622413246920135196202590","workDone":"certe"}]','atrocitas qui camera2-config camera2-config_json','This is a test asset of type camera2-config and format camera2-config_json.\nAscisco autus velociter. Absum crustulum colo victoria decipio civitas artificiose sui audacia. Utrimque virgo iusto civitas nam stips sopor conscendo.','cc0-1.0',NULL,NULL,'2c0a15a6deffddef58d11c64da9deaceeaee9eb3',945936,'["icon5.png","icon7.gif","icon4.webp","icon2.jpg","icon6.jpg"]','pending','[]','["iste","coniecto","stips","custodia","adficio","cavus"]','2025-07-19 05:17:54.815 +00:00','2025-07-19 05:17:54.815 +00:00',NULL),(160,NULL,'[]','hitscorevisualizer-config','hitscorevisualizer-config_json','69421939382193957240267878','[{"userId":"58356087009134339486709013","workDone":"amplus aurum"}]','uredo spargo hitscorevisualizer-config hitscorevisualizer-config_json','This is a test asset of type hitscorevisualizer-config and format hitscorevisualizer-config_json.\nAngustus vesica curso aperte cedo tum quo urbs. Saepe tui celer sto adipisci. Quia trepide tremo teres sortitus cogito trado.','cc0-1.0',NULL,NULL,'f17baf2309debdc4fef22952c8bdde715ff65995',305042,'["icon8.webp","icon3.gif","icon2.jpg","icon7.gif","icon5.png"]','private','[]','["deinde","corona","custodia","vulnus","soleo","titulus","stips","consuasor","argumentum","utor","cetera","error","cogito","dolores","demens","tabula","patria","coniecto","nesciunt","cruentus","velit","corrumpo","error","astrum","qui","tergo","sollers","auctus","iste","cavus","tepesco","talus","corona","tametsi","statim","copia","compono"]','2025-07-19 05:17:54.080 +00:00','2025-07-19 05:17:54.080 +00:00',NULL),(21,NULL,'[]','note','note_bloq','69421939382193957240267878','[{"userId":"58356087009134339486709013","workDone":"allatus adimpleo delego"}]','subseco volutabrum note note_bloq','This is a test asset of type note and format note_bloq.\nAssumenda commodo damnatio magni creator caries. Desidero videlicet vereor valde cuius umquam tergum tardus. Inventore thermae quos sed.','cc0-1.0',NULL,NULL,'1fff10d51fb68bc7ba3ade7261a0e6eaf68efee7',318692,'["icon4.webp","icon8.webp"]','pending','[]','["consuasor","tepesco","custodia","titulus","tametsi","corona","dignissimos","vestigium","qui","totus","velit","demens","sint","nesciunt","copia"]','2025-07-19 05:17:53.163 +00:00','2025-07-19 05:17:53.163 +00:00',NULL),(32,NULL,'[]','hitscorevisualizer-config','hitscorevisualizer-config_json','69421939382193957240267878','[{"userId":"22622413246920135196202590","workDone":"atrox"}]','vigilo umbra hitscorevisualizer-config hitscorevisualizer-config_json','This is a test asset of type hitscorevisualizer-config and format hitscorevisualizer-config_json.\nAltus cariosus cerno accendo eum sponte vesco sequi iure utique. Cohibeo celebrer antepono earum testimonium alter. Qui decor congregatio amoveo curvo casso bis accusantium audax.','cc0-1.0',NULL,NULL,'7734c795cecebdae0aa683d9e1de554ce2eefb56',422094,'["icon3.gif","icon2.jpg"]','rejected','[]','["patria","coniecto","argumentum","maxime","defetiscor","demens","compono","dignissimos","comis","corrumpo","sufficio","dolores","tergiversatio","qui","adficio","vestigium","astrum","corroboro","tabula","vulnus","utor","cogito","iste","tametsi","talus","auctus","sollers","error"]','2025-07-19 05:17:53.246 +00:00','2025-07-19 05:17:53.246 +00:00',NULL),(43,'4583082371','[]','sound','sound_mp3','69421939382193957240267878','[{"userId":"50858482726800324902532806","workDone":"vigor"}]','admitto subiungo sound sound_mp3','This is a test asset of type sound and format sound_mp3.\nAccusator turbo videlicet. Deleniti utilis maxime vesco usque. Vinum vespillo crudelis terror reiciendis caelum.','cc0-1.0',NULL,NULL,'1376ec78df75ed96b94091092a2e5b75bdc8ff88',984498,'["icon2.jpg","icon1.png","icon7.gif","icon5.png","icon4.webp"]','rejected','[]','["corona","compono","totus","defetiscor","velit","consuasor","vestigium","patria","comis","corrumpo","sint","titulus","corona","soleo","tergo"]','2025-07-19 05:17:53.317 +00:00','2025-07-19 05:17:53.317 +00:00',NULL),(54,NULL,'[]','note','note_cyoob','69421939382193957240267878','[{"userId":"75268388461378623860100275","workDone":"adeo"}]','cubicularis cariosus note note_cyoob','This is a test asset of type note and format note_cyoob.\nStabilis ustilo cattus comptus cauda sollicito teres bardus pecto vox. Animadverto dolorum consequuntur curto beatus umbra vesco utor amaritudo curriculum. Colligo iste calamitas tamisium cresco sordeo.','cc0-1.0',NULL,NULL,'afebb4de9efa2dd3c81a589a5a3b34ba7e94eabf',421504,'["icon3.gif","icon4.webp"]','rejected','[]','["sufficio","aggredior","tepesco","circumvenio","argumentum","comis","utor","error","cogito","cruentus","corona","sollers","qui","corroboro","adficio","deinde"]','2025-07-19 05:17:53.388 +00:00','2025-07-19 05:17:53.388 +00:00',NULL),(65,'3327031338','[]','avatar','avatar_avatar','69421939382193957240267878','[{"userId":"22622413246920135196202590","workDone":"officiis aeger"}]','ultio amet avatar avatar_avatar','This is a test asset of type avatar and format avatar_avatar.\nIn dolor perferendis agnosco capitulus viscus demergo alveus considero. Explicabo vitae cauda spero corrumpo vitae taceo corrumpo. Alveus acies terebro dedecor bene annus crapula amitto.','cc0-1.0',NULL,NULL,'9fbb38bdd68e7bcbee4ea49da438947dc6afeda4',714740,'["icon1.png"]','private','[]','["adficio","consuasor","vulnus","tabula","cruentus","tepesco","titulus","corona","soleo","compono","corona","defetiscor","dolores","demens","sufficio","velit","iste","error","totus","patria","statim","aggredior","error","sollers","cavus","tergo","circumvenio","comis","tergiversatio","sint","deinde","astrum","qui","tametsi","utor","nesciunt","coniecto","stips","corroboro","vestigium"]','2025-07-19 05:17:53.459 +00:00','2025-07-19 05:17:53.459 +00:00',NULL),(76,'6210956986','[]','banner','banner_png','69421939382193957240267878','[{"userId":"22622413246920135196202590","workDone":"arcus"}]','vestigium cotidie banner banner_png','This is a test asset of type banner and format banner_png.\nVestrum deinde ancilla triumphus copia cursim vomer. Talio aeneus eos attonbitus curo arca. Cui crudelis culpa conculco sodalitas cultura conduco surculus commodo.','cc0-1.0',NULL,NULL,'8aa49bc5657f7cc66dea603dc2a7afa8cd4695f7',468208,'["icon7.gif","icon3.gif","icon6.jpg","icon8.webp"]','rejected','[]','["auctus","dolores","iste","velit","error","cavus","corona","copia","argumentum","astrum","cogito","compono","tabula","maxime","corrumpo"]','2025-07-19 05:17:53.530 +00:00','2025-07-19 05:17:53.530 +00:00',NULL),(87,NULL,'[]','wall','wall_pixie','69421939382193957240267878','[{"userId":"22622413246920135196202590","workDone":"approbo acer"}]','congregatio ducimus wall wall_pixie','This is a test asset of type wall and format wall_pixie.\nTemperantia astrum decor solio. Cunctatio civis concedo. Communis vesco traho contigo vociferor vulpes.','cc0-1.0',NULL,NULL,'f1aaac010326acbdccafeb23fd650df4a0b8ad1f',78217,'["icon5.png","icon3.gif","icon2.jpg","icon8.webp","icon7.gif"]','pending','[]','["coniecto","cetera","nesciunt","tametsi","corroboro","talus","utor","copia","sufficio","tergo","cruentus","patria","sollers","custodia"]','2025-07-19 05:17:53.603 +00:00','2025-07-19 05:17:53.603 +00:00',NULL),(98,'7623170990','[]','saber','saber_wacker','69421939382193957240267878','[{"userId":"19519326909700251631815791","workDone":"aestus solum umbra"}]','canis cribro saber saber_wacker','This is a test asset of type saber and format saber_wacker.\nTrado cultellus trans arcesso tenetur tonsor temperantia. Neque adipisci denuncio cavus facere contabesco aranea velum turbo. Testimonium amoveo concido canonicus amoveo.','cc0-1.0',NULL,NULL,'c3dfc704ceacc441bccfab8c9b9b04d9ceddfcca',132189,'["icon2.jpg","icon6.jpg","icon5.png"]','pending','[]','["vestigium","compono","coniecto","tametsi","cruentus","sufficio","dolores","cogito","consuasor","astrum","cavus","error","nesciunt","corona","sint","totus","corona","patria","comis","deinde","vulnus","tabula","copia","tergiversatio","defetiscor","statim","velit","titulus","soleo"]','2025-07-19 05:17:53.670 +00:00','2025-07-19 05:17:53.670 +00:00',NULL),(931,'4407042701','[]','saber','saber_saber','19519326909700251631815791','[{"userId":"50858482726800324902532806","workDone":"cur"}]','odio aperte saber saber_saber','This is a test asset of type saber and format saber_saber.\nAmoveo asperiores decimus vereor consuasor absque inflammatio cunae crinis. Umquam absens tabernus carpo tero deduco aperte vitium tot caute. Talio celebrer quod aspicio assumenda assentator vado repudiandae cinis civitas.','cc0-1.0',NULL,NULL,'789f3cce11d9cdda9dde7da0dcd5fc5533a95e51',172582,'["icon6.jpg","icon8.webp","icon4.webp","icon2.jpg"]','private','[]','["soleo","cogito","qui","corrumpo","circumvenio","statim","tergo","vestigium","patria","nesciunt","sufficio","cavus","tabula","totus","dignissimos","defetiscor","aggredior","iste","maxime","corona","cetera","stips","deinde","cruentus","velit","demens","argumentum","vulnus","custodia","astrum","corona","copia","corroboro","tergiversatio","error","utor","comis","auctus","consuasor","coniecto","tametsi","titulus","adficio","talus","sint","sollers","compono","error"]','2025-07-19 05:17:58.780 +00:00','2025-07-19 05:17:58.780 +00:00',NULL),(821,NULL,'[]','note','note_bloq','19519326909700251631815791','[{"userId":"50858482726800324902532806","workDone":"universe aperte"}]','derelinquo somnus note note_bloq','This is a test asset of type note and format note_bloq.\nTimor vilicus adflicto alias considero. Officiis cometes sortitus amiculum neque. Contra ullam vulpes.','cc0-1.0',NULL,NULL,'ee7ef3501d17ccbefc2c0c9e398e405510fd6acb',274359,'["icon5.png","icon2.jpg","icon7.gif","icon1.png","icon3.gif"]','pending','[]','["patria","sufficio","adficio","custodia","error","cruentus","qui","copia","tergiversatio","totus","astrum","coniecto","argumentum","dignissimos","corroboro","soleo","stips","corrumpo","defetiscor","sollers"]','2025-07-19 05:17:58.151 +00:00','2025-07-19 05:17:58.151 +00:00',NULL),(942,'0119155033','[]','camera2-config','camera2-config_json','19519326909700251631815791','[{"userId":"22622413246920135196202590","workDone":"causa thesaurus delibero"}]','aveho dapifer camera2-config camera2-config_json','This is a test asset of type camera2-config and format camera2-config_json.\nUltio attonbitus volup curis adstringo vespillo congregatio distinctio capillus cubo. Perspiciatis amplexus calco canonicus laudantium somnus vis. Angulus aperio via molestias vilicus abscido cito defluo currus.','cc0-1.0',NULL,NULL,'3e8d6effeb6dc8b5fd979a4aced9630fed9d6bde',169450,'["icon1.png"]','pending','[]','["titulus","sufficio","soleo","iste","sint","tergo","nesciunt","coniecto","tabula","deinde","consuasor","custodia","adficio","copia","corrumpo","tergiversatio","statim","totus","sollers","vestigium","astrum","tepesco","corona","dolores","aggredior","argumentum","vulnus","utor","cogito","circumvenio","defetiscor","auctus","error","corroboro","qui","compono","tametsi","cetera","stips","velit","patria","cruentus","error","dignissimos","cavus","maxime","corona","demens","talus","comis"]','2025-07-19 05:17:58.891 +00:00','2025-07-19 05:17:58.891 +00:00',NULL),(832,NULL,'[]','hitscorevisualizer-config','hitscorevisualizer-config_json','19519326909700251631815791','[{"userId":"50858482726800324902532806","workDone":"timor"}]','dapifer autus hitscorevisualizer-config hitscorevisualizer-config_json','This is a test asset of type hitscorevisualizer-config and format hitscorevisualizer-config_json.\nSuppono somnus pel tui vobis triumphus subvenio. Traho ventus clibanus. Defero venustas molestias ullus valde subseco carcer.','cc0-1.0',NULL,NULL,'fbda0c2fe56b7cdc0eeaed5af824eaab04c412d9',180561,'["icon5.png","icon1.png"]','private','[]','["astrum","qui","error","cogito","utor","deinde","tepesco","aggredior","iste","cavus","circumvenio","corona","comis","tametsi","titulus","sufficio","adficio","cetera","error","stips","vulnus","statim","corrumpo","dolores","cruentus","tergiversatio","demens","argumentum","totus","tergo","custodia","maxime","consuasor","copia","nesciunt","corroboro","dignissimos","patria","auctus","talus","velit","coniecto","soleo","vestigium","corona","compono"]','2025-07-19 05:17:58.220 +00:00','2025-07-19 05:17:58.220 +00:00',NULL),(953,NULL,'[]','health-bar','health-bar_energy','19519326909700251631815791','[{"userId":"69421939382193957240267878","workDone":"ipsa ut"}]','adulatio cibo health-bar health-bar_energy','This is a test asset of type health-bar and format health-bar_energy.\nThalassinus carus unus traho clarus tui. Volubilis damnatio caries calcar defetiscor texo validus amitto tibi subseco. Subito comis vilitas aggero beneficium vis curto minima sodalitas arcesso.','cc0-1.0',NULL,NULL,'bba8d03126c2565937d6ab6afb52fec8bd55dce7',366655,'["icon6.jpg","icon1.png","icon4.webp"]','rejected','[]','["talus","totus","utor","tepesco","iste","defetiscor"]','2025-07-19 05:17:58.965 +00:00','2025-07-19 05:17:58.965 +00:00',NULL),(711,'6030305850','[]','wall','wall_pixie','50858482726800324902532806','[{"userId":"58356087009134339486709013","workDone":"auctus"}]','antiquus spero wall wall_pixie','This is a test asset of type wall and format wall_pixie.\nVestigium audacia tabesco perferendis suscipit acer. Peccatus odio solus argumentum vinitor molestias bene utilis confido rerum. Spargo vergo molestiae civitas absque.','cc0-1.0',NULL,NULL,'afc7f2ed7ac4f598cca835b0e2adabcb8dc0af7d',189682,'["icon5.png","icon7.gif","icon4.webp","icon8.webp","icon2.jpg"]','rejected','[]','["corona","cogito","maxime","cetera","vulnus","dolores","comis","argumentum","coniecto","tepesco","sint","utor","soleo","demens","corroboro","cavus","sufficio","velit","circumvenio","totus","stips","dignissimos","auctus","adficio"]','2025-07-19 05:17:57.487 +00:00','2025-07-19 05:17:57.487 +00:00',NULL),(843,'9653979375','[]','sound','sound_mp3','19519326909700251631815791','[{"userId":"75268388461378623860100275","workDone":"atrocitas adopto"}]','caste caelestis sound sound_mp3','This is a test asset of type sound and format sound_mp3.\nAequus dicta thalassinus. Dicta clamo usus supra. Barba vociferor aedificium curriculum bos tantillus denego deficio denuncio.','cc0-1.0',NULL,NULL,'eaadef46de3facd8bd24478a11bfecf6b423707a',836476,'["icon6.jpg"]','pending','[]','["astrum","velit","custodia","cavus","sint","vestigium","copia","qui","error","cogito","dignissimos","circumvenio","sollers","corona","aggredior"]','2025-07-19 05:17:58.286 +00:00','2025-07-19 05:17:58.286 +00:00',NULL),(601,NULL,'[]','health-bar','health-bar_energy','58356087009134339486709013','[{"userId":"75268388461378623860100275","workDone":"sui vespillo"}]','absorbeo solum health-bar health-bar_energy','This is a test asset of type health-bar and format health-bar_energy.\nCharisma abduco angustus pel torqueo cado facere repellendus. Deprecator capto quos. Tonsor adamo vinco degero umerus surgo.','cc0-1.0',NULL,NULL,'e7b2fc27eabe2b2782faa45eeb347dbce69a02fb',844924,'["icon4.webp","icon6.jpg"]','pending','[]','["cruentus","custodia","tabula"]','2025-07-19 05:17:56.813 +00:00','2025-07-19 05:17:56.813 +00:00',NULL),(722,NULL,'[]','saber','saber_wacker','50858482726800324902532806','[{"userId":"19519326909700251631815791","workDone":"tricesimus laboriosam caput"}]','coruscus calamitas saber saber_wacker','This is a test asset of type saber and format saber_wacker.\nAcsi acsi uterque angulus basium vacuus. Considero aeternus vociferor despecto cuppedia torrens soluta amor conservo. Demum subvenio ulterius aqua complectus.','cc0-1.0',NULL,NULL,'6fe0add5c9ad41eef887faf1becf20c9ce42bbf2',229142,'["icon7.gif","icon2.jpg","icon4.webp"]','private','[]','["patria","cogito","qui","auctus","utor"]','2025-07-19 05:17:57.550 +00:00','2025-07-19 05:17:57.550 +00:00',NULL),(854,NULL,'[]','note','note_cyoob','19519326909700251631815791','[{"userId":"58356087009134339486709013","workDone":"texo comburo"}]','amoveo adversus note note_cyoob','This is a test asset of type note and format note_cyoob.\nCreptio sed umquam colligo denuo caste thema beatae patrocinor. Strues cena ab denuncio strues cunctatio. Solum caste varius cupiditas adipisci sol sub quisquam textilis tergiversatio.','cc0-1.0',NULL,NULL,'29ee77dbedb89f275ffaaccbc2d1cdadc3f0de1e',779791,'["icon5.png","icon8.webp","icon4.webp","icon3.gif","icon1.png"]','private','[]','["vulnus","cruentus","qui","argumentum","demens","comis","corona","tametsi","sollers","auctus","adficio","copia","sint","iste","defetiscor","aggredior","patria","tergo","corrumpo","dolores","utor","corona","astrum","sufficio","error","soleo","deinde","corroboro","coniecto","maxime"]','2025-07-19 05:17:58.348 +00:00','2025-07-19 05:17:58.348 +00:00',NULL),(612,'4162418461','[]','platform','platform_plat','58356087009134339486709013','[{"userId":"69421939382193957240267878","workDone":"tricesimus catena adsidue"}]','tenetur bos platform platform_plat','This is a test asset of type platform and format platform_plat.\nCaelum tertius decerno voluptatibus canto benevolentia. Voveo conspergo stella inflammatio aureus. Deleniti tamdiu urbs conor adhuc earum advoco attonbitus thermae.','cc0-1.0',NULL,NULL,'979790caecb9d0b1e66c85d7f990dd32e0decaa9',227358,'["icon5.png"]','approved','[]','["defetiscor","cogito","cavus","soleo","vulnus","corona","corona","tabula","compono","iste","tergiversatio","velit","deinde","tergo","cetera","custodia","nesciunt","corrumpo","tametsi","copia","tepesco","totus","utor","sollers","consuasor","patria","stips","maxime","comis","dolores","cruentus","coniecto","statim","sufficio","aggredior","dignissimos","argumentum"]','2025-07-19 05:17:56.875 +00:00','2025-07-19 05:17:56.875 +00:00',NULL),(733,NULL,'[]','chroma-environment','chroma-environment_json','50858482726800324902532806','[{"userId":"75268388461378623860100275","workDone":"stipes arbitro"}]','angelus non chroma-environment chroma-environment_json','This is a test asset of type chroma-environment and format chroma-environment_json.\nCrapula viriliter attonbitus repudiandae decretum aveho uter videlicet atavus. Testimonium despecto adficio caveo colo canonicus. Debeo carcer amiculum quaerat admoveo tui umerus tamen beneficium versus.','cc0-1.0',NULL,NULL,'ead9015a5afea132eedb45fa70d3c6dfbe06789c',605372,'["icon7.gif","icon1.png","icon2.jpg","icon3.gif","icon4.webp"]','private','[]','["copia","consuasor","patria","error","titulus","sint","tabula","corona","utor","totus","argumentum","error","comis","corroboro","auctus","coniecto","sollers","tametsi","cruentus","cavus","vestigium","demens","deinde","tergiversatio","dolores","iste","talus","soleo","maxime","cetera","statim","adficio","tergo","velit"]','2025-07-19 05:17:57.617 +00:00','2025-07-19 05:17:57.617 +00:00',NULL),(865,'1521269507','[]','avatar','avatar_avatar','19519326909700251631815791','[{"userId":"50858482726800324902532806","workDone":"texo"}]','tero canto avatar avatar_avatar','This is a test asset of type avatar and format avatar_avatar.\nSuppono velociter omnis carbo vitiosus necessitatibus quo cumque. Angelus demulceo sunt ad comis clementia conatus terreo ipsa curto. Vir stella sodalitas coniecto ab strenuus tabernus thorax.','cc0-1.0',NULL,NULL,'bdaca8f41ee39d3bdbac1d8f3eefef12ff247e2e',728352,'["icon3.gif","icon7.gif","icon8.webp","icon2.jpg"]','approved','[]','["sufficio","vestigium","vulnus","aggredior","consuasor","demens","maxime","tepesco","cetera","custodia","totus","cavus","statim","auctus","iste","tametsi","sint","corrumpo","corroboro","tergo","circumvenio","copia","tabula","argumentum","tergiversatio","dolores","corona","sollers","qui","adficio","patria","defetiscor","deinde","talus","cruentus","error","dignissimos","nesciunt","utor","compono"]','2025-07-19 05:17:58.405 +00:00','2025-07-19 05:17:58.405 +00:00',NULL),(502,NULL,'[]','note','note_cyoob','58356087009134339486709013','[{"userId":"69421939382193957240267878","workDone":"venia adipisci"}]','nihil abduco note note_cyoob','This is a test asset of type note and format note_cyoob.\nTactus claustrum sequi atrox terminatio culpa ipsa. Victus appello utor maxime vomer. Suadeo depromo vester hic eveniet voro ademptio vereor tepesco.','cc0-1.0',NULL,NULL,'1cc1dd608bd05274bcd1ff9ecddc5b70e3b94ded',67374,'["icon5.png","icon8.webp","icon2.jpg","icon7.gif"]','approved','[]','["patria","talus","vestigium","cavus","qui","custodia","consuasor","copia","soleo","astrum","error","defetiscor","corona","aggredior","vulnus","corroboro","dolores","cogito","tergiversatio","cetera","auctus","velit","maxime","coniecto","nesciunt","tergo","sufficio","corona","circumvenio","totus"]','2025-07-19 05:17:56.254 +00:00','2025-07-19 05:17:56.254 +00:00',NULL),(623,'5480069501','[]','counters-plus-config','counters-plus-config_json','58356087009134339486709013','[{"userId":"22622413246920135196202590","workDone":"conforto accusamus"}]','copia temperantia counters-plus-config counters-plus-config_json','This is a test asset of type counters-plus-config and format counters-plus-config_json.\nImpedit quod succedo vicinus saepe una voluptatem canis defetiscor adfero. Ducimus temptatio amicitia corrupti accommodo vehemens natus. Utilis pecco denego bardus tardus comedo crebro adduco.','cc0-1.0',NULL,NULL,'ff812c1f71bdded91c33484abcabddd22bdce66f',807642,'["icon5.png"]','private','[]','["tergiversatio","custodia","error","corona","adficio","deinde","dignissimos","demens","titulus","soleo","circumvenio","auctus","sollers","defetiscor","consuasor","corroboro","cogito","maxime"]','2025-07-19 05:17:56.935 +00:00','2025-07-19 05:17:56.935 +00:00',NULL),(744,'2540707133','[]','wall','wall_box','50858482726800324902532806','[{"userId":"19519326909700251631815791","workDone":"volubilis porro pectus"}]','adulatio tergum wall wall_box','This is a test asset of type wall and format wall_box.\nCursim concido urbanus. Corpus subvenio vicissitudo clamo trans peior veritatis vacuus coadunatio. Thesis cetera vorax adeo somnus annus conculco cauda.','cc0-1.0',NULL,NULL,'5dcc57586ea3b5aa6fcdec68cfe0571effc4fe6a',752141,'["icon4.webp"]','pending','[]','["cavus","iste","titulus","sufficio","comis","tabula","sollers","talus","cetera","circumvenio","totus","cruentus","deinde","auctus","corrumpo","tergiversatio","qui","stips","soleo","error","copia","dolores","corona","corroboro","tametsi","compono","adficio","vestigium"]','2025-07-19 05:17:57.678 +00:00','2025-07-19 05:17:57.678 +00:00',NULL),(876,'7114931635','[]','banner','banner_png','19519326909700251631815791','[{"userId":"75268388461378623860100275","workDone":"utroque cunctatio traho"}]','vel quidem banner banner_png','This is a test asset of type banner and format banner_png.\nSubstantia alioqui tabula ager compello esse verumtamen tergiversatio sollers. Voro tero suffragium non adamo astrum armarium copia. Despecto considero valeo thesaurus.','cc0-1.0',NULL,NULL,'dec3682f0a0aee5bb8b49596e29a5b73df52cca2',12164,'["icon2.jpg","icon3.gif","icon6.jpg","icon8.webp","icon4.webp"]','approved','[]','["custodia","adficio","auctus","argumentum","tabula"]','2025-07-19 05:17:58.472 +00:00','2025-07-19 05:17:58.472 +00:00',NULL),(513,'7726295279','[]','avatar','avatar_avatar','58356087009134339486709013','[{"userId":"22622413246920135196202590","workDone":"suscipit sumo coma"}]','quaerat convoco avatar avatar_avatar','This is a test asset of type avatar and format avatar_avatar.\nCursim minima strues aqua. Carbo confugo delectus ambulo currus vix aegre vesco capto bestia. Ambulo talio conitor tristis varietas tendo somnus.','cc0-1.0',NULL,NULL,'a380274c64f94acd0865fb5f5d2b7331e99fad16',175631,'["icon1.png","icon5.png","icon3.gif"]','pending','[]','["stips","vestigium","astrum","custodia","copia","auctus","patria","cavus","corona","argumentum","circumvenio","sint","aggredior","demens","tergo","adficio","tepesco","velit","iste","statim","vulnus","sufficio","comis","corroboro","nesciunt","cruentus","tergiversatio","consuasor","corona","dignissimos","sollers","titulus","error","totus","error","maxime","utor","compono","talus"]','2025-07-19 05:17:56.315 +00:00','2025-07-19 05:17:56.315 +00:00',NULL),(634,NULL,'[]','sound','sound_ogg','58356087009134339486709013','[{"userId":"50858482726800324902532806","workDone":"vivo temeritas porro"}]','certe cattus sound sound_ogg','This is a test asset of type sound and format sound_ogg.\nAut colligo conspergo considero torqueo uredo aveho desparatus. Dolorem depromo cuppedia tepidus. Urbanus ceno confero porro curatio ulterius adflicto colo.','cc0-1.0',NULL,NULL,'ce8ab4afef8e0cef6813121d3c78bcbcf2aef9a5',926613,'["icon6.jpg","icon3.gif","icon7.gif","icon4.webp","icon8.webp"]','approved','[]','["tabula","comis","tepesco","auctus","argumentum","custodia","soleo","talus","velit","totus","consuasor","dignissimos","compono","vestigium","tergo","coniecto","sollers","error","statim","circumvenio","corona","dolores","utor","cogito","maxime","nesciunt","vulnus","tametsi","titulus","sint","astrum","error","corrumpo","patria","copia","cruentus","iste","stips","aggredior","deinde","defetiscor","tergiversatio","cetera","qui","sufficio","corroboro","cavus"]','2025-07-19 05:17:57.001 +00:00','2025-07-19 05:17:57.001 +00:00',NULL),(755,NULL,'[]','saber','saber_saber','50858482726800324902532806','[{"userId":"58356087009134339486709013","workDone":"toties tempore unus"}]','beatae cunae saber saber_saber','This is a test asset of type saber and format saber_saber.\nAmitto harum consectetur accusantium dolorem tui triumphus angulus illum vicissitudo. Casso corona talio tantum totidem. Conventus aetas venustas turbo artificiose compello illo.','cc0-1.0',NULL,NULL,'38989cfc2aa735db02cdfee3c9db635c1b40115b',719686,'["icon8.webp","icon7.gif","icon6.jpg","icon4.webp","icon2.jpg"]','rejected','[]','["cruentus","deinde","consuasor","copia","tametsi","patria","velit","corroboro"]','2025-07-19 05:17:57.739 +00:00','2025-07-19 05:17:57.739 +00:00',NULL),(887,NULL,'[]','wall','wall_pixie','19519326909700251631815791','[{"userId":"69421939382193957240267878","workDone":"bis curvo ad"}]','admoveo apparatus wall wall_pixie','This is a test asset of type wall and format wall_pixie.\nPecto conitor centum. Vulariter vulticulus depono thymbra cras maiores. Ulciscor absens succurro comptus tabernus.','cc0-1.0',NULL,NULL,'e70cdcfad0fd47cf5bce62c4a2eb47be8351099c',97339,'["icon5.png","icon2.jpg","icon1.png","icon4.webp"]','pending','[]','["corroboro","velit","corona","tametsi","aggredior","sufficio","dolores","corrumpo","statim","corona","sint","tergo","tepesco","coniecto","iste","stips","error","copia","vulnus","soleo","totus","cogito","argumentum","auctus","defetiscor","patria","talus","maxime","vestigium","nesciunt","consuasor","demens","tabula","comis","custodia","deinde","dignissimos","titulus","astrum","cavus","adficio","cetera","cruentus","utor","qui","sollers"]','2025-07-19 05:17:58.535 +00:00','2025-07-19 05:17:58.535 +00:00',NULL),(7,'8028402581','[]','wall','wall_pixie','69421939382193957240267878','[{"userId":"19519326909700251631815791","workDone":"comedo usitas cognomen"}]','cupio tristis wall wall_pixie','This is a test asset of type wall and format wall_pixie.\nCunabula casso ascit utrum celebrer bellum minima. Sui corpus dolorem civitas. Bene combibo decerno curiositas.','cc0-1.0',NULL,NULL,'edae74f8bebadff99ec3faad67a3c21bfcbc0b07',102374,'["icon8.webp","icon3.gif","icon1.png","icon7.gif","icon6.jpg"]','approved','[]','["velit","astrum","iste"]','2025-07-19 05:17:53.045 +00:00','2025-07-19 05:17:53.045 +00:00',NULL),(403,NULL,'[]','saber','saber_saber','22622413246920135196202590','[{"userId":"58356087009134339486709013","workDone":"tricesimus tergo suspendo"}]','adficio vehemens saber saber_saber','This is a test asset of type saber and format saber_saber.\nAdflicto argentum succurro ustilo. Careo vitiosus molestias. Acsi perspiciatis agnosco attero.','cc0-1.0',NULL,NULL,'b3a7bf1fbbbfd3e417ab780d54b3bbfbae0b8e9f',335280,'["icon5.png","icon3.gif","icon2.jpg","icon4.webp"]','rejected','[]','["copia","utor","sint","cruentus","maxime","talus","corrumpo","auctus","qui","tepesco","totus","sufficio","tergo","argumentum","iste","cetera","cogito","soleo","defetiscor","compono","custodia","astrum","coniecto","vulnus","dolores","demens","corona","tabula","velit","consuasor","tergiversatio","adficio","statim"]','2025-07-19 05:17:55.613 +00:00','2025-07-19 05:17:55.613 +00:00',NULL),(524,'0333389335','[]','banner','banner_png','58356087009134339486709013','[{"userId":"69421939382193957240267878","workDone":"caput ventosus cicuta"}]','vita viscus banner banner_png','This is a test asset of type banner and format banner_png.\nVelut aperte ipsum demoror curvo capio tum ager tristis amoveo. Amor impedit calamitas campana aperte conforto stultus solum. Solvo creator ulciscor.','cc0-1.0',NULL,NULL,'cdb4dfa71f5eddcd894e6b1efeb2dccde4f7cb62',625873,'["icon8.webp","icon5.png","icon2.jpg","icon4.webp","icon7.gif"]','approved','[]','["deinde","maxime","copia","tergo","vulnus","defetiscor","cruentus","error","patria","sufficio","custodia","vestigium","statim","corroboro","consuasor","astrum","sint","aggredior","tabula","comis","dolores","tametsi","stips","error","corona","cetera","auctus","circumvenio","iste","cogito","adficio","qui","talus","compono","dignissimos","nesciunt","corrumpo"]','2025-07-19 05:17:56.377 +00:00','2025-07-19 05:17:56.377 +00:00',NULL),(645,'8334920088','[]','note','note_bloq','50858482726800324902532806','[{"userId":"22622413246920135196202590","workDone":"absque deprecator pecus"}]','constans cetera note note_bloq','This is a test asset of type note and format note_bloq.\nAttollo absum vulariter adsuesco aliqua amicitia blandior coma adicio. Aperiam auctor antiquus vulgus auctor verbum asper deficio atque tener. Asperiores cinis vobis tredecim desolo sperno.','cc0-1.0',NULL,NULL,'cffd515df84b3b30cca6896fedf53dc2a3a054ea',64871,'["icon2.jpg","icon8.webp","icon5.png"]','approved','[]','["cogito","auctus","titulus","consuasor","cetera","corrumpo","defetiscor","argumentum","cruentus","soleo","sufficio","qui","compono","deinde","statim","comis","nesciunt","demens","error","coniecto","sollers","adficio","tepesco","corona","tametsi","astrum","utor","patria","tabula","corroboro","totus","dignissimos","custodia","aggredior","corona","velit","error","cavus","stips","talus","maxime","sint","dolores","tergo","iste","tergiversatio","copia","vestigium"]','2025-07-19 05:17:57.112 +00:00','2025-07-19 05:17:57.112 +00:00',NULL),(766,NULL,'[]','camera2-config','camera2-config_json','50858482726800324902532806','[{"userId":"75268388461378623860100275","workDone":"conventus caecus convoco"}]','quibusdam maxime camera2-config camera2-config_json','This is a test asset of type camera2-config and format camera2-config_json.\nVesco charisma curriculum depereo aegrotatio fugiat. Facere cognomen videlicet vulgus aestus sapiente accusamus ullam. Brevis cilicium sto stabilis adhaero.','cc0-1.0',NULL,NULL,'aa5ea2e9ff8c3abc4334927ad78cd0daf7c73eac',130062,'["icon8.webp"]','pending','[]','["sint","vestigium","astrum","nesciunt","maxime","corona","tabula","cetera","auctus","dolores","corona","velit","argumentum","vulnus","tepesco","sollers","totus","corrumpo","stips","comis","cavus","copia","corroboro","circumvenio","deinde","titulus","patria","dignissimos","utor"]','2025-07-19 05:17:57.799 +00:00','2025-07-19 05:17:57.799 +00:00',NULL),(898,'7588174633','[]','saber','saber_wacker','19519326909700251631815791','[{"userId":"22622413246920135196202590","workDone":"aureus"}]','depereo velum saber saber_wacker','This is a test asset of type saber and format saber_wacker.\nAdfero caste cervus cupiditas uter. Canis sperno aperte alveus tot bibo subnecto titulus. Aliqua vindico cultellus.','cc0-1.0',NULL,NULL,'eaca2f322bfc39df74d3ff3dacbfdd8ca8091e0d',596816,'["icon3.gif"]','private','[]','["velit","vulnus","talus","tergiversatio","coniecto","sint","compono","utor","adficio","error","circumvenio","vestigium","stips","corona","dolores","astrum","titulus","deinde","comis","sollers","cavus","tametsi","tergo","corroboro","defetiscor","auctus","tabula","nesciunt","tepesco","dignissimos","custodia","sufficio","copia","soleo","demens","corrumpo","argumentum","error","iste","qui","cogito","consuasor","corona","statim","aggredior","totus","cetera","patria","cruentus"]','2025-07-19 05:17:58.598 +00:00','2025-07-19 05:17:58.598 +00:00',NULL),(414,NULL,'[]','camera2-config','camera2-config_json','22622413246920135196202590','[{"userId":"58356087009134339486709013","workDone":"peior"}]','toties sponte camera2-config camera2-config_json','This is a test asset of type camera2-config and format camera2-config_json.\nSum careo spiculum quibusdam decretum corroboro tutis sublime. Absorbeo substantia solutio vere ceno suggero vere. Tribuo odio iste strenuus sublime tam sollers.','cc0-1.0',NULL,NULL,'7d799d8d5c1b63b61a7910e865fbf1b5dbf7bd4c',156978,'["icon5.png","icon4.webp"]','private','[]','["iste","consuasor","error","totus","corrumpo","titulus","talus","compono","tabula","deinde","corroboro","qui","astrum"]','2025-07-19 05:17:55.674 +00:00','2025-07-19 05:17:55.674 +00:00',NULL),(535,NULL,'[]','wall','wall_pixie','58356087009134339486709013','[{"userId":"50858482726800324902532806","workDone":"nostrum"}]','crux eum wall wall_pixie','This is a test asset of type wall and format wall_pixie.\nCursus cernuus tumultus demo vilicus pauci ulciscor voluptas. Balbus debitis cornu unde. Quos ambitus solus adstringo aperiam consectetur.','cc0-1.0',NULL,NULL,'ddabb0cc2bdcac6ff7ae5e6fa2c2d20d7aef69e8',71536,'["icon3.gif"]','approved','[]','["corroboro","argumentum","demens","tabula","maxime","nesciunt","compono","adficio","tergiversatio","totus","velit","soleo","deinde","sint","custodia","vulnus","cavus","corona","corrumpo","comis","circumvenio","copia","patria","statim","auctus","cetera","astrum","talus","cruentus","tametsi","coniecto","titulus","sollers","qui","error","tergo","stips","dolores","vestigium","sufficio","utor","consuasor","tepesco","defetiscor","error","corona"]','2025-07-19 05:17:56.436 +00:00','2025-07-19 05:17:56.436 +00:00',NULL),(656,'0387064449','[]','hitscorevisualizer-config','hitscorevisualizer-config_json','50858482726800324902532806','[{"userId":"75268388461378623860100275","workDone":"usque"}]','uberrime appello hitscorevisualizer-config hitscorevisualizer-config_json','This is a test asset of type hitscorevisualizer-config and format hitscorevisualizer-config_json.\nTermes ex denuo correptius appello cultellus inflammatio. Id sumo undique catena aspernatur volubilis. Cauda aliquam socius tenuis vacuus volo casso verto beatae.','cc0-1.0',NULL,NULL,'d23d51deebf53b5aeb5a68ea54e52c8c3272edec',246976,'["icon1.png"]','rejected','[]','["maxime","custodia","sint","statim","defetiscor"]','2025-07-19 05:17:57.175 +00:00','2025-07-19 05:17:57.175 +00:00',NULL),(777,'3099698063','[]','health-bar','health-bar_energy','50858482726800324902532806','[{"userId":"22622413246920135196202590","workDone":"amita delinquo volo"}]','sum brevis health-bar health-bar_energy','This is a test asset of type health-bar and format health-bar_energy.\nVilis tandem demitto stabilis arbustum tenuis. Acies utilis ipsam circumvenio aperiam aduro studio cresco bestia cavus. Sordeo apto arcus trucido voveo.','cc0-1.0',NULL,NULL,'c8fdcace590f0b36cdc48b83c2dcedb17ffaac5c',851121,'["icon4.webp","icon7.gif","icon6.jpg","icon3.gif","icon1.png"]','approved','[]','["defetiscor","utor","corona","patria","copia","sint","sollers","aggredior","argumentum","tergo","totus","nesciunt","tabula","astrum","statim","custodia","qui","tergiversatio","iste","compono","comis","cetera","corrumpo","maxime","vulnus","tepesco","dolores","talus","coniecto","consuasor"]','2025-07-19 05:17:57.864 +00:00','2025-07-19 05:17:57.864 +00:00',NULL),(304,'0173217332','[]','hitscorevisualizer-config','hitscorevisualizer-config_json','75268388461378623860100275','[{"userId":"50858482726800324902532806","workDone":"bibo vilitas odit"}]','maiores theologus hitscorevisualizer-config hitscorevisualizer-config_json','This is a test asset of type hitscorevisualizer-config and format hitscorevisualizer-config_json.\nAcceptus temeritas vetus tyrannus talis bellicus aut bis claro desidero. Conicio aedificium ventito defetiscor appono concedo minus ventus. Timidus cognatus comburo cogito aeneus.','cc0-1.0',NULL,NULL,'ab3dac934a6a21d7cbc5bac9506b94110a9b3dbe',549054,'["icon3.gif"]','pending','[]','["deinde","custodia","soleo","vulnus","corona","cogito","sollers","cavus","corroboro","compono","tergiversatio","error","tabula","nesciunt","patria","utor","aggredior","tametsi","talus","sint","sufficio","vestigium","defetiscor","argumentum","coniecto","tepesco","iste","consuasor"]','2025-07-19 05:17:55.008 +00:00','2025-07-19 05:17:55.008 +00:00',NULL),(425,'1643287444','[]','health-bar','health-bar_energy','22622413246920135196202590','[{"userId":"58356087009134339486709013","workDone":"argumentum"}]','itaque venia health-bar health-bar_energy','This is a test asset of type health-bar and format health-bar_energy.\nTamen ambitus venio depereo. Nobis demoror quisquam conturbo. Appositus praesentium pauci demens qui.','cc0-1.0',NULL,NULL,'0f87daba5b7be3ee8267ae57d48004ecab04fe0a',405763,'["icon1.png","icon5.png","icon3.gif"]','private','[]','["sufficio","talus","tametsi","comis","consuasor","titulus","corrumpo","defetiscor","dignissimos","utor","tergiversatio","totus","error","circumvenio","corona","sint","compono","aggredior","demens","maxime","error","qui","vulnus","statim","tepesco","stips","astrum","vestigium","patria","nesciunt","sollers","cogito","deinde","corroboro","adficio","corona","dolores","soleo","tabula","auctus","coniecto","cetera","cavus","velit","custodia","argumentum"]','2025-07-19 05:17:55.735 +00:00','2025-07-19 05:17:55.735 +00:00',NULL),(546,'5835297153','[]','saber','saber_wacker','58356087009134339486709013','[{"userId":"50858482726800324902532806","workDone":"subito tubineus"}]','decipio admoveo saber saber_wacker','This is a test asset of type saber and format saber_wacker.\nVidelicet volo ante. Stipes quam curtus quasi. Tametsi subseco careo neque ut trepide.','cc0-1.0',NULL,NULL,'7f23cafbfc4f3b1b2f05da6cdddfed5ca2385b79',535625,'["icon4.webp","icon7.gif"]','pending','[]','["utor","sint","nesciunt","vestigium","stips","sufficio","iste","maxime","custodia","sollers"]','2025-07-19 05:17:56.498 +00:00','2025-07-19 05:17:56.498 +00:00',NULL),(667,NULL,'[]','sound','sound_mp3','50858482726800324902532806','[{"userId":"19519326909700251631815791","workDone":"desparatus confugo abstergo"}]','amo quibusdam sound sound_mp3','This is a test asset of type sound and format sound_mp3.\nAmor quam sordeo truculenter cubo solum appositus tibi capitulus. Impedit vero contego beatus statua argumentum vulnero appono consequuntur tenus. Deludo aer audio utique.','cc0-1.0',NULL,NULL,'fc6a2e7fef47123dfe7dd2da9bdb7eabc391b96a',550119,'["icon6.jpg"]','rejected','[]','["consuasor","patria","iste","auctus","corona","argumentum","talus","utor","titulus","dignissimos","compono","nesciunt","statim","cruentus","demens","error","copia","stips","soleo","defetiscor","tepesco","totus","deinde","comis","tergo","dolores","error","sint","velit","aggredior","vulnus","cavus","vestigium","coniecto","corona","tergiversatio","tabula","sollers","custodia","cogito","corroboro","adficio","sufficio","corrumpo","maxime","tametsi","qui","circumvenio","cetera"]','2025-07-19 05:17:57.239 +00:00','2025-07-19 05:17:57.239 +00:00',NULL),(788,NULL,'[]','platform','platform_plat','50858482726800324902532806','[{"userId":"69421939382193957240267878","workDone":"cometes acceptus civitas"}]','uterque provident platform platform_plat','This is a test asset of type platform and format platform_plat.\nVoluptatem unde ventosus aiunt statua audax. Ipsum acies sponte doloremque curto denego credo chirographum. Patria coepi concedo ars desidero animus.','cc0-1.0',NULL,NULL,'d82ea05ddaf26d9feca1ef2b6d0214faff2fbfeb',318205,'["icon3.gif","icon6.jpg","icon1.png","icon8.webp"]','pending','[]','["circumvenio","compono","comis","nesciunt","corona","coniecto","aggredior"]','2025-07-19 05:17:57.925 +00:00','2025-07-19 05:17:57.925 +00:00',NULL),(315,NULL,'[]','sound','sound_mp3','75268388461378623860100275','[{"userId":"19519326909700251631815791","workDone":"abutor depereo claustrum"}]','illum ventus sound sound_mp3','This is a test asset of type sound and format sound_mp3.\nComminor consectetur degero tepesco articulus dolore temeritas ipsa apto. Vesper alienus vix tutis maxime odio fugit vulgo. Valens fugit cognatus atque antea.','cc0-1.0',NULL,NULL,'fcdee0a71d5cf9dd1a53f3ba27a9c40a2c75ff2a',982959,'["icon6.jpg","icon7.gif","icon3.gif","icon8.webp","icon1.png"]','pending','[]','["tametsi","astrum","soleo","deinde","cetera","corona","tabula","cogito"]','2025-07-19 05:17:55.070 +00:00','2025-07-19 05:17:55.070 +00:00',NULL),(436,NULL,'[]','platform','platform_plat','22622413246920135196202590','[{"userId":"19519326909700251631815791","workDone":"textor caterva"}]','adduco arcesso platform platform_plat','This is a test asset of type platform and format platform_plat.\nSummopere carcer pecus. Subiungo excepturi tamisium cado acsi assentator tubineus eveniet. Denuo stella distinctio conturbo atrox.','cc0-1.0',NULL,NULL,'16bf3c28e1aff4c6e85d9cc6d0dc7f7a080b67e6',991057,'["icon6.jpg","icon1.png","icon3.gif","icon2.jpg","icon5.png"]','rejected','[]','["deinde","comis","maxime","tergiversatio","sollers","vestigium","sint","qui","iste","compono","velit","copia","talus","circumvenio","cetera","dolores","cogito","error","auctus","defetiscor","stips","tabula","corroboro","tametsi","soleo","corrumpo","tepesco","cavus","patria","corona","adficio","argumentum","custodia"]','2025-07-19 05:17:55.818 +00:00','2025-07-19 05:17:55.818 +00:00',NULL),(557,'2296506720','[]','chroma-environment','chroma-environment_json','58356087009134339486709013','[{"userId":"50858482726800324902532806","workDone":"tendo cursus"}]','capto doloremque chroma-environment chroma-environment_json','This is a test asset of type chroma-environment and format chroma-environment_json.\nTersus administratio cornu adulescens adiuvo absorbeo delibero aptus inventore. Tondeo triduana cultellus vivo cunae sint vociferor amaritudo cetera et. Textus adflicto arx ea sordeo deorsum adinventitias arca.','cc0-1.0',NULL,NULL,'71e8173771d7aaa0a2431fbfca41432bc2d908be',147654,'["icon7.gif","icon3.gif","icon5.png","icon2.jpg","icon4.webp"]','approved','[]','["argumentum","totus","statim","titulus","tabula","circumvenio","auctus","corroboro","corona","vulnus","deinde","aggredior","consuasor","qui","talus","sufficio","sint","tergiversatio","nesciunt","copia","error","dolores","corrumpo","soleo","coniecto","tergo","maxime","tepesco","demens","cogito","vestigium","astrum","sollers","custodia"]','2025-07-19 05:17:56.562 +00:00','2025-07-19 05:17:56.562 +00:00',NULL),(678,'8394625615','[]','note','note_cyoob','50858482726800324902532806','[{"userId":"58356087009134339486709013","workDone":"abduco"}]','sollers vis note note_cyoob','This is a test asset of type note and format note_cyoob.\nVelut conspergo trans totidem soleo. Canis vestrum atqui. Basium quia vaco synagoga.','cc0-1.0',NULL,NULL,'1db49b3ae0eacf5ded5dacb311590a65bfccfeff',94385,'["icon4.webp","icon1.png","icon8.webp","icon6.jpg"]','rejected','[]','["corona","demens","aggredior","qui","compono","cavus","consuasor","error","comis","nesciunt","patria","talus","titulus","sufficio","error","tergiversatio","corona","cetera","cogito","copia","dolores","utor","vestigium","dignissimos","tametsi","sint","corroboro","stips","deinde","tergo","maxime","corrumpo","soleo","iste","adficio","defetiscor","astrum","sollers","tabula","circumvenio","coniecto","tepesco","custodia"]','2025-07-19 05:17:57.302 +00:00','2025-07-19 05:17:57.302 +00:00',NULL),(799,NULL,'[]','counters-plus-config','counters-plus-config_json','50858482726800324902532806','[{"userId":"19519326909700251631815791","workDone":"cupiditas"}]','capio audeo counters-plus-config counters-plus-config_json','This is a test asset of type counters-plus-config and format counters-plus-config_json.\nAbsum cicuta admitto suffoco aestas caritas autus ipsum. Versus benevolentia aestus est. Vallum vita subiungo cogo.','cc0-1.0',NULL,NULL,'62e2edfbb1bde0636bb44c6dfb4b84a2799ada88',962537,'["icon4.webp","icon2.jpg","icon3.gif","icon5.png"]','pending','[]','["patria","cavus","titulus","totus","deinde","demens","talus","sollers","comis","corona","cogito","corroboro","dolores","auctus","maxime","compono","nesciunt","copia","error","coniecto","cruentus","tepesco","vulnus","error","circumvenio","cetera","iste","tergo","stips","corona","tametsi","custodia","sufficio","qui","tergiversatio","corrumpo","astrum","statim","aggredior","velit","defetiscor","utor","tabula","soleo","vestigium","dignissimos","sint","adficio","consuasor","argumentum"]','2025-07-19 05:17:57.984 +00:00','2025-07-19 05:17:57.984 +00:00',NULL),(205,'5037275861','[]','chroma-environment','chroma-environment_json','75268388461378623860100275','[{"userId":"58356087009134339486709013","workDone":"quod asperiores consequatur"}]','trans acceptus chroma-environment chroma-environment_json','This is a test asset of type chroma-environment and format chroma-environment_json.\nDelego amo ceno colo labore animus alias volutabrum corona attero. Vehemens voluntarius vicissitudo sub. Cuius carbo clarus adipisci confido voro utrimque cogito.','cc0-1.0',NULL,NULL,'4c0c5ba44ffcb92e1cebb1f004f62b1ee3a5b460',184850,'["icon1.png","icon8.webp","icon6.jpg","icon3.gif"]','private','[]','["corroboro","corona","tergo","defetiscor","astrum","coniecto","error","adficio","patria","nesciunt","tametsi","vestigium","sufficio","soleo","sollers","circumvenio","error","maxime","consuasor","titulus","velit","custodia","argumentum","corrumpo","demens","deinde","vulnus","dignissimos","talus","cavus","tabula","aggredior","sint","stips","corona","compono","dolores","tergiversatio","totus","cetera","iste","statim","auctus","tepesco","copia"]','2025-07-19 05:17:54.409 +00:00','2025-07-19 05:17:54.409 +00:00',NULL),(326,'4401908753','[]','note','note_cyoob','22622413246920135196202590','[{"userId":"75268388461378623860100275","workDone":"arceo tendo"}]','tantum aperte note note_cyoob','This is a test asset of type note and format note_cyoob.\nConatus sapiente studio. Synagoga tabesco clibanus abstergo tondeo tego curatio sumo bibo. Perferendis conqueror tamdiu officiis triumphus amicitia vigor repellendus contabesco.','cc0-1.0',NULL,NULL,'ef88c79fac73e0b4c8dd7ea896ed8040e6bbaab9',864383,'["icon5.png","icon7.gif","icon4.webp","icon8.webp","icon3.gif"]','approved','[]','["adficio","auctus","utor","velit","cavus","corona","aggredior","nesciunt","cetera","dolores","coniecto","patria","compono","sint","vestigium","soleo","error","cogito","tabula","vulnus","cruentus","error","corona","stips","sufficio","maxime","qui","sollers","circumvenio","titulus","iste","defetiscor","argumentum","corrumpo","tergiversatio","corroboro","deinde","comis","tergo","totus","tametsi","demens","astrum","talus","consuasor","dignissimos","custodia","copia","statim","tepesco"]','2025-07-19 05:17:55.171 +00:00','2025-07-19 05:17:55.171 +00:00',NULL),(447,NULL,'[]','counters-plus-config','counters-plus-config_json','22622413246920135196202590','[{"userId":"19519326909700251631815791","workDone":"antiquus"}]','delego tyrannus counters-plus-config counters-plus-config_json','This is a test asset of type counters-plus-config and format counters-plus-config_json.\nCado truculenter depulso sit cogo tersus. Speculum alo defero trans ceno cohibeo alienus. Demonstro bellum ab strues.','cc0-1.0',NULL,NULL,'68eb33e1b17f7cc9db3c005d43eebf87703eea5c',90772,'["icon4.webp","icon1.png","icon7.gif","icon3.gif"]','approved','[]','["statim","qui","velit","titulus","tergiversatio","comis","copia","vulnus","corroboro","sufficio","aggredior","cogito","cruentus","deinde","sollers","stips","patria","compono","tepesco","tametsi","maxime","auctus","cavus","astrum","argumentum","corona","error","nesciunt","tabula","vestigium","soleo","utor","dignissimos","dolores","corona","consuasor","custodia"]','2025-07-19 05:17:55.888 +00:00','2025-07-19 05:17:55.888 +00:00',NULL),(568,NULL,'[]','wall','wall_box','58356087009134339486709013','[{"userId":"19519326909700251631815791","workDone":"vorax ter"}]','adimpleo caecus wall wall_box','This is a test asset of type wall and format wall_box.\nDistinctio xiphias demoror communis utique pecto. Adulatio tenax articulus ex textilis doloribus vociferor. Comitatus umbra statua thalassinus civis antepono comis surgo.','cc0-1.0',NULL,NULL,'dd6fce7defd481a5af9faa22ce231e39ab7a0fdd',966751,'["icon5.png","icon3.gif","icon7.gif","icon2.jpg"]','pending','[]','["statim","circumvenio","velit","vulnus","iste","titulus","error","argumentum","soleo","sint","tergo","patria","corona","qui","cetera","sollers","dignissimos","astrum","tametsi","auctus","talus","comis","corona","aggredior","stips","corroboro","cogito","totus","consuasor","tergiversatio","demens","cruentus","tabula","corrumpo","defetiscor","coniecto","adficio","sufficio","utor","deinde","dolores"]','2025-07-19 05:17:56.625 +00:00','2025-07-19 05:17:56.625 +00:00',NULL),(689,NULL,'[]','avatar','avatar_avatar','50858482726800324902532806','[{"userId":"58356087009134339486709013","workDone":"aggredior candidus urbs"}]','comis vespillo avatar avatar_avatar','This is a test asset of type avatar and format avatar_avatar.\nSperno aperte aperio itaque sunt. Tactus universe cariosus. Iure derelinquo curto civitas textus vesper tamen ad annus.','cc0-1.0',NULL,NULL,'e7afab9b40012dce3a2c8ab973469822debcfeec',331007,'["icon8.webp","icon6.jpg","icon3.gif","icon5.png"]','pending','[]','["consuasor","circumvenio","corona","soleo","talus","dignissimos","aggredior","tergo","cetera","coniecto","comis","tametsi","titulus","stips","iste"]','2025-07-19 05:17:57.362 +00:00','2025-07-19 05:17:57.362 +00:00',NULL),(216,NULL,'[]','wall','wall_box','75268388461378623860100275','[{"userId":"19519326909700251631815791","workDone":"tero ater cubitum"}]','tenax caute wall wall_box','This is a test asset of type wall and format wall_box.\nOmnis admitto curriculum turpis bos. Suppono concido ut conscendo voluptate. Adipisci sollicito cursus contigo cometes complectus tunc.','cc0-1.0',NULL,NULL,'8304cf95d4641a9f8c6ebb122c0aceec6d69d51c',559425,'["icon7.gif","icon8.webp"]','private','[]','["comis","talus","titulus","qui","soleo","aggredior","tergo","corrumpo","circumvenio","utor","tepesco","deinde","corona","tabula","cavus","adficio","defetiscor","velit","tergiversatio","cogito","error","custodia","argumentum","dolores","vulnus","sint","nesciunt","tametsi","auctus","sufficio","cetera","vestigium","iste","compono","astrum","corona","error","corroboro","demens","cruentus","statim","consuasor","coniecto","patria","maxime","stips","sollers","copia","dignissimos","totus"]','2025-07-19 05:17:54.474 +00:00','2025-07-19 05:17:54.474 +00:00',NULL),(337,NULL,'[]','avatar','avatar_avatar','22622413246920135196202590','[{"userId":"75268388461378623860100275","workDone":"umerus"}]','pariatur subvenio avatar avatar_avatar','This is a test asset of type avatar and format avatar_avatar.\nConiuratio suggero balbus. Amaritudo tui confugo uredo cur. Pecto nam cresco maiores.','cc0-1.0',NULL,NULL,'fe1dd5fa980ca4f8a732b2edfbe43c67b6dc7fed',494540,'["icon8.webp","icon1.png"]','approved','[]','["nesciunt","cetera","vulnus","compono","maxime","cavus","aggredior","talus","qui","tergo","statim","stips","dolores","patria","argumentum","sufficio","cruentus","corroboro","corona","coniecto","astrum","vestigium","circumvenio","consuasor","defetiscor","auctus","tepesco","sollers","tergiversatio","tabula","sint","deinde","error","error","velit","comis","titulus","adficio","custodia","copia","dignissimos","utor","demens","cogito","iste","soleo","corona","corrumpo","totus"]','2025-07-19 05:17:55.234 +00:00','2025-07-19 05:17:55.234 +00:00',NULL),(458,'8694136409','[]','sound','sound_ogg','22622413246920135196202590','[{"userId":"58356087009134339486709013","workDone":"territo"}]','villa voveo sound sound_ogg','This is a test asset of type sound and format sound_ogg.\nMolestiae volutabrum adsuesco constans curtus. Balbus averto labore ascisco depraedor accendo. Eum carcer odio acceptus utrum.','cc0-1.0',NULL,NULL,'ab3504e8fbce6bcf8bcea8fde2d64da7dfffac7e',511221,'["icon4.webp","icon7.gif"]','rejected','[]','["deinde","custodia","vulnus","consuasor","vestigium","nesciunt"]','2025-07-19 05:17:55.956 +00:00','2025-07-19 05:17:55.956 +00:00',NULL),(579,'5450129031','[]','saber','saber_saber','58356087009134339486709013','[{"userId":"75268388461378623860100275","workDone":"vereor collum cohaero"}]','sodalitas tubineus saber saber_saber','This is a test asset of type saber and format saber_saber.\nDepraedor nobis suppellex virga varietas doloribus colo sui. Pecto aperiam clibanus amoveo adsum. Omnis tamisium compello tolero bene abundans.','cc0-1.0',NULL,NULL,'ebee54bb877a6e7248afeda7f244ebdfbc164bbf',219093,'["icon6.jpg","icon7.gif","icon4.webp","icon8.webp"]','private','[]','["corroboro","argumentum","adficio","tametsi","deinde","cetera","tepesco","tergiversatio","comis","nesciunt","utor","totus","demens","sollers","tergo","defetiscor","coniecto","stips","corrumpo","astrum","corona","titulus","dolores","vulnus","vestigium","maxime","iste","auctus","tabula","dignissimos","sint","compono","velit","cruentus","soleo","patria","cogito","copia","error","corona"]','2025-07-19 05:17:56.687 +00:00','2025-07-19 05:17:56.687 +00:00',NULL),(700,NULL,'[]','banner','banner_png','50858482726800324902532806','[{"userId":"22622413246920135196202590","workDone":"aequitas suggero venio"}]','sed vinculum banner banner_png','This is a test asset of type banner and format banner_png.\nTabesco synagoga celo carus modi votum deinde. Tondeo officiis trepide atqui deporto. Unde coepi demulceo sursum uter omnis adnuo undique laborum.','cc0-1.0',NULL,NULL,'179cb79dbda715eac1fbce72cfcf993aae580a7c',374729,'["icon4.webp","icon5.png","icon7.gif","icon8.webp"]','private','[]','["corrumpo","corona","tergo","dignissimos","auctus","comis","demens","maxime","sint","cavus","cetera","error","custodia","stips","statim","tametsi","tabula","corona","coniecto","deinde","nesciunt","aggredior","tergiversatio","iste","compono","patria","argumentum","consuasor","qui","tepesco","vestigium","utor","sollers","corroboro","adficio","error","defetiscor","circumvenio","cogito","soleo","titulus","sufficio"]','2025-07-19 05:17:57.422 +00:00','2025-07-19 05:17:57.422 +00:00',NULL),(106,'8849168821','[]','sound','sound_ogg','69421939382193957240267878','[{"userId":"58356087009134339486709013","workDone":"occaecati venio attonbitus"}]','tenuis verumtamen sound sound_ogg','This is a test asset of type sound and format sound_ogg.\nVirgo uredo curvo arx voco conservo arto denuo conatus acies. Autem color unde suggero. Clamo autem stipes sint.','cc0-1.0',NULL,NULL,'12e71c7a0744d2f6dce42cac164e7f4c1e5cdc9d',839616,'["icon3.gif","icon4.webp","icon1.png","icon5.png","icon8.webp"]','rejected','[]','["soleo","totus","tergo","tametsi"]','2025-07-19 05:17:53.718 +00:00','2025-07-19 05:17:53.718 +00:00',NULL),(227,'4753531283','[]','saber','saber_saber','75268388461378623860100275','[{"userId":"69421939382193957240267878","workDone":"baiulus"}]','clibanus cogo saber saber_saber','This is a test asset of type saber and format saber_saber.\nArgentum tepidus quasi viscus beneficium. Copiose deorsum cultura pecus cornu volo incidunt. Calculus ater acceptus auxilium cattus atavus suasoria sordeo decretum.','cc0-1.0',NULL,NULL,'fca35e5de364fbc9500f5b1ecc1b8becd8d8c144',834286,'["icon5.png","icon4.webp","icon8.webp"]','rejected','[]','["stips","vestigium"]','2025-07-19 05:17:54.543 +00:00','2025-07-19 05:17:54.543 +00:00',NULL),(348,NULL,'[]','banner','banner_png','22622413246920135196202590','[{"userId":"69421939382193957240267878","workDone":"alioqui"}]','pax aperio banner banner_png','This is a test asset of type banner and format banner_png.\nTolero consequuntur adaugeo color dens eveniet. Sono vomica appello. Molestias cetera defluo aperiam damno conforto supplanto ciminatio.','cc0-1.0',NULL,NULL,'015f17af6960b83c5eae33babc78a52f1c860155',568476,'["icon4.webp","icon6.jpg","icon3.gif","icon8.webp"]','rejected','[]','["velit","compono","tepesco","copia","cetera","custodia","tabula","corrumpo","coniecto","corroboro","aggredior","dolores","corona","circumvenio","defetiscor","talus","sufficio"]','2025-07-19 05:17:55.297 +00:00','2025-07-19 05:17:55.297 +00:00',NULL),(469,NULL,'[]','note','note_bloq','22622413246920135196202590','[{"userId":"50858482726800324902532806","workDone":"mollitia"}]','debilito commodi note note_bloq','This is a test asset of type note and format note_bloq.\nAt deporto viriliter spiritus corona caries. Velociter adhaero arbor soluta capillus nesciunt conqueror adficio audentia. Appello contra demoror vito ultra stillicidium curiositas cauda thesaurus aliquam.','cc0-1.0',NULL,NULL,'eacc5ff6140a9410fdb344bdfbae5d1acb546bab',116681,'["icon1.png","icon6.jpg"]','pending','[]','["iste","titulus","tametsi","copia","defetiscor","custodia","corona","astrum","argumentum","corroboro","tergo","cruentus","tabula","sollers","cogito","stips","talus","maxime","deinde","error","patria","dolores","vestigium","consuasor","dignissimos","qui","sint","sufficio","nesciunt","totus","corona","coniecto","tepesco","auctus","tergiversatio","cetera","utor","cavus","soleo","comis","corrumpo","error","statim","vulnus","compono"]','2025-07-19 05:17:56.019 +00:00','2025-07-19 05:17:56.019 +00:00',NULL),(590,'1418868183','[]','camera2-config','camera2-config_json','58356087009134339486709013','[{"userId":"19519326909700251631815791","workDone":"tactus"}]','uter alias camera2-config camera2-config_json','This is a test asset of type camera2-config and format camera2-config_json.\nDemulceo trans statua terga cervus. Curvo ait bene. Cogito convoco solvo pecco officia capillus arto commemoro compello turbo.','cc0-1.0',NULL,NULL,'06fd6484fba57ffda87ea5cf2bc0830cd14db1fc',734027,'["icon1.png","icon7.gif","icon3.gif"]','rejected','[]','["qui","sollers","stips","compono","totus","comis","nesciunt","custodia","tametsi","talus","defetiscor","titulus","demens","corroboro","vestigium","corrumpo","circumvenio","corona"]','2025-07-19 05:17:56.750 +00:00','2025-07-19 05:17:56.750 +00:00',NULL),(117,NULL,'[]','note','note_bloq','69421939382193957240267878','[{"userId":"75268388461378623860100275","workDone":"appello decet brevis"}]','vere damno note note_bloq','This is a test asset of type note and format note_bloq.\nUtor cauda cribro cuppedia. Defungo suspendo utor repudiandae sonitus paens cena corrigo. Voluptatum tergum cubitum terebro quam adficio summopere.','cc0-1.0',NULL,NULL,'bb5e4ef4a1ce9d5547df6a94147dfce67c0068dd',551358,'["icon6.jpg","icon7.gif"]','private','[]','["patria","vulnus","deinde","dignissimos","qui"]','2025-07-19 05:17:53.788 +00:00','2025-07-19 05:17:53.788 +00:00',NULL),(238,'9720991353','[]','camera2-config','camera2-config_json','75268388461378623860100275','[{"userId":"22622413246920135196202590","workDone":"pecto tabgo comburo"}]','cenaculum terra camera2-config camera2-config_json','This is a test asset of type camera2-config and format camera2-config_json.\nReprehenderit aveho caritas. Solum cura tutamen curto ratione. Deporto suscipit utroque absens solvo tunc statim.','cc0-1.0',NULL,NULL,'7d92c8facda9aaa6834dbfb24be5bb2b96f783b3',556609,'["icon2.jpg","icon1.png","icon3.gif","icon4.webp"]','rejected','[]','["sint","corrumpo","compono","vulnus","demens","corona","velit"]','2025-07-19 05:17:54.610 +00:00','2025-07-19 05:17:54.610 +00:00',NULL),(359,'6112166853','[]','wall','wall_pixie','22622413246920135196202590','[{"userId":"75268388461378623860100275","workDone":"ea aeternus"}]','adiuvo ait wall wall_pixie','This is a test asset of type wall and format wall_pixie.\nAuditor theca suus. Suspendo ocer infit alius strenuus armarium defungo sustineo. Solitudo quos credo advenio vomica conculco voluntarius trepide.','cc0-1.0',NULL,NULL,'e86c7daa0d906e99ddee01ed4aa958eab88c5ec2',826023,'["icon1.png","icon4.webp","icon6.jpg","icon5.png","icon3.gif"]','pending','[]','["corroboro","totus","consuasor"]','2025-07-19 05:17:55.358 +00:00','2025-07-19 05:17:55.358 +00:00',NULL),(480,NULL,'[]','hitscorevisualizer-config','hitscorevisualizer-config_json','22622413246920135196202590','[{"userId":"58356087009134339486709013","workDone":"taedium voco temeritas"}]','cinis triduana hitscorevisualizer-config hitscorevisualizer-config_json','This is a test asset of type hitscorevisualizer-config and format hitscorevisualizer-config_json.\nDelicate urbanus terra. Antepono baiulus demoror. Angelus vox arguo tabella tabernus repudiandae defungo spero rerum.','cc0-1.0',NULL,NULL,'c6fb01c939bedaba486c79cf3b46c5d241186bae',147830,'["icon5.png","icon4.webp","icon8.webp","icon3.gif","icon1.png"]','pending','[]','["defetiscor","qui","dignissimos","error","cruentus"]','2025-07-19 05:17:56.083 +00:00','2025-07-19 05:17:56.083 +00:00',NULL),(128,NULL,'[]','hitscorevisualizer-config','hitscorevisualizer-config_json','69421939382193957240267878','[{"userId":"19519326909700251631815791","workDone":"suspendo claustrum"}]','absconditus aliquid hitscorevisualizer-config hitscorevisualizer-config_json','This is a test asset of type hitscorevisualizer-config and format hitscorevisualizer-config_json.\nValeo adfectus adficio sponte conitor antea sum defaeco tener amo. Comitatus bellum spero amita cruciamentum. Suppellex admoneo sublime toties quasi capto patria commodi.','cc0-1.0',NULL,NULL,'d937caa552ac406acb6bcba6eacafca3f1bdd6ee',936106,'["icon8.webp","icon2.jpg"]','private','[]','["patria","error","adficio","sufficio","stips","nesciunt","demens","defetiscor","circumvenio","vestigium","iste","sint","tergiversatio","cruentus","dignissimos","aggredior","cetera","tametsi","corrumpo","tabula","compono","dolores","maxime","custodia","argumentum","corroboro","corona","tergo","comis","cogito"]','2025-07-19 05:17:53.857 +00:00','2025-07-19 05:17:53.857 +00:00',NULL),(249,NULL,'[]','health-bar','health-bar_energy','75268388461378623860100275','[{"userId":"58356087009134339486709013","workDone":"arma quod acidus"}]','depereo substantia health-bar health-bar_energy','This is a test asset of type health-bar and format health-bar_energy.\nDenuncio ocer ulterius thesis curto statim. Anser cohaero vitiosus aveho vado adfectus amissio sperno. Bellum claro cattus sponte usus suppellex amaritudo stips architecto autem.','cc0-1.0',NULL,NULL,'cee55fc67bae6df3b85ef5ea8bbe0e53bb3fe0f3',307432,'["icon4.webp","icon8.webp","icon3.gif","icon6.jpg","icon5.png"]','approved','[]','["error","astrum","tergiversatio","circumvenio","vulnus","dignissimos","velit","adficio","copia","vestigium","corona"]','2025-07-19 05:17:54.680 +00:00','2025-07-19 05:17:54.680 +00:00',NULL),(370,NULL,'[]','saber','saber_wacker','22622413246920135196202590','[{"userId":"69421939382193957240267878","workDone":"thymum aggredior repudiandae"}]','cunabula curis saber saber_wacker','This is a test asset of type saber and format saber_wacker.\nAltus argentum sopor aestivus. Textus nam suppellex accedo iste audio demonstro curis exercitationem. Thymbra trucido reprehenderit adsuesco vitiosus accusator anser verecundia alias.','cc0-1.0',NULL,NULL,'cc32bc66c3f745f3d799abacea4ea3addceabcae',891593,'["icon8.webp","icon4.webp","icon3.gif"]','private','[]','["velit","stips","aggredior","comis","tergo","soleo","cetera","vestigium","cogito","adficio","demens","defetiscor","talus","tepesco","auctus","qui","custodia","sufficio","coniecto"]','2025-07-19 05:17:55.417 +00:00','2025-07-19 05:17:55.417 +00:00',NULL),(139,'7959992078','[]','sound','sound_mp3','69421939382193957240267878','[{"userId":"50858482726800324902532806","workDone":"thorax deduco"}]','calculus eum sound sound_mp3','This is a test asset of type sound and format sound_mp3.\nAtque talis advenio vesica sophismata tergeo. Viduo uterque cunabula praesentium suasoria crustulum timidus iste clam. Desolo suggero velum artificiose cunctatio adimpleo tum.','cc0-1.0',NULL,NULL,'1f0aab1162aabc2be30811176aedd8fd77fec5df',135381,'["icon3.gif","icon2.jpg"]','pending','[]','["vestigium","cruentus","talus","custodia","sint","utor","corona","iste"]','2025-07-19 05:17:53.935 +00:00','2025-07-19 05:17:53.935 +00:00',NULL),(260,'2927273344','[]','platform','platform_plat','75268388461378623860100275','[{"userId":"50858482726800324902532806","workDone":"nemo vergo"}]','ipsa conventus platform platform_plat','This is a test asset of type platform and format platform_plat.\nAssentator patior synagoga vindico absque trans thymbra. Angustus currus laborum. Nobis caelum abutor apostolus venustas aer amita tardus dolores absorbeo.','cc0-1.0',NULL,NULL,'a5db4abfdeadf8d6bbbd8cb27d979ea1c0a57988',191246,'["icon7.gif","icon6.jpg"]','approved','[]','["circumvenio","utor","totus","tergiversatio","corona","astrum","vestigium","sollers","tabula","corona","dignissimos","soleo","argumentum","stips","adficio","compono","error","comis","custodia","sint","error","velit","tepesco","corrumpo","aggredior","deinde","consuasor","qui","tergo","corroboro","statim","sufficio","talus","dolores"]','2025-07-19 05:17:54.752 +00:00','2025-07-19 05:17:54.752 +00:00',NULL),(150,NULL,'[]','note','note_cyoob','69421939382193957240267878','[{"userId":"75268388461378623860100275","workDone":"titulus certe"}]','patria callide note note_cyoob','This is a test asset of type note and format note_cyoob.\nDepono centum argumentum defaeco. Cotidie velociter hic taceo cubitum comptus aspernatur aptus. Valde succurro adduco acidus commodi triduana unde constans callide id.','cc0-1.0',NULL,NULL,'b9ccb3dd320fd17cccddd354349cda5cf340de97',830456,'["icon5.png","icon6.jpg","icon3.gif","icon2.jpg"]','rejected','[]','["sint","corrumpo","circumvenio","sufficio","nesciunt","comis","titulus","corona","consuasor","corroboro","tergiversatio","error","talus","cogito","custodia","dignissimos","corona","auctus","velit","tabula","adficio","totus","defetiscor","deinde","sollers","dolores","tergo","tametsi","soleo","error","compono","cavus","utor","coniecto","stips","aggredior","copia","tepesco","patria","cetera","demens","iste","argumentum","vulnus","astrum","vestigium","maxime"]','2025-07-19 05:17:54.009 +00:00','2025-07-19 05:17:54.009 +00:00',NULL),(11,'4389418501','[]','sound','sound_mp3','69421939382193957240267878','[{"userId":"58356087009134339486709013","workDone":"recusandae minus"}]','testimonium statua sound sound_mp3','This is a test asset of type sound and format sound_mp3.\nEius spectaculum credo decumbo villa. Tribuo ascit defetiscor dicta. Coniecto verumtamen decet adsum temeritas.','cc0-1.0',NULL,NULL,'f2b3fbf07e642cf6bb4e4ac417adb783ad23ffb9',764941,'["icon5.png","icon4.webp","icon2.jpg"]','rejected','[]','["sollers"]','2025-07-19 05:17:53.083 +00:00','2025-07-19 05:17:53.083 +00:00',NULL),(22,NULL,'[]','note','note_cyoob','69421939382193957240267878','[{"userId":"75268388461378623860100275","workDone":"solus vicissitudo est"}]','volva accusantium note note_cyoob','This is a test asset of type note and format note_cyoob.\nMaxime absconditus ex aetas necessitatibus aliquam atavus admoveo carpo. Tubineus thalassinus vespillo recusandae eius utroque. Veniam substantia delibero.','cc0-1.0',NULL,NULL,'f271995efbaec75cf390647dc0dfbab4bf2d8af4',523643,'["icon5.png","icon1.png","icon6.jpg"]','approved','[]','["vulnus","comis","tergiversatio","totus","sint","velit","utor","circumvenio","corona","consuasor","vestigium","iste"]','2025-07-19 05:17:53.172 +00:00','2025-07-19 05:17:53.172 +00:00',NULL),(33,'2554923732','[]','avatar','avatar_avatar','69421939382193957240267878','[{"userId":"22622413246920135196202590","workDone":"desidero decerno sit"}]','tribuo repudiandae avatar avatar_avatar','This is a test asset of type avatar and format avatar_avatar.\nBenigne congregatio dolorem tergeo iusto vero nam ater. Suppono arbor uredo somniculosus abbas patruus abeo. Depereo depereo censura alo cultellus ambitus quam.','cc0-1.0',NULL,NULL,'aa3b9cbdfcbdfb4597ead7f0ddc3d67abca9edac',347032,'["icon1.png","icon4.webp","icon3.gif"]','rejected','[]','["corona","titulus","soleo","aggredior","nesciunt","astrum","consuasor","cetera","utor","demens","tametsi","circumvenio","vestigium","error","cogito","tepesco","tabula","cavus","sint","sufficio","compono","qui","cruentus","corona","auctus","corroboro","vulnus","error","dignissimos","tergiversatio","adficio","velit","sollers","stips","maxime","statim","talus","deinde","tergo","iste"]','2025-07-19 05:17:53.253 +00:00','2025-07-19 05:17:53.253 +00:00',NULL),(44,'1069835627','[]','banner','banner_png','69421939382193957240267878','[{"userId":"75268388461378623860100275","workDone":"rem"}]','libero utique banner banner_png','This is a test asset of type banner and format banner_png.\nConsectetur architecto optio coadunatio viridis corrumpo correptius officiis. Vesper absorbeo excepturi deludo ventosus. Cibus vulticulus tredecim placeat vox vesica super.','cc0-1.0',NULL,NULL,'4feb114fdeb1ca899fadfde9c864c45887b0ef12',544911,'["icon2.jpg","icon1.png"]','rejected','[]','["demens","astrum","totus","argumentum","iste","cruentus","defetiscor","statim","auctus","corrumpo","coniecto","adficio","vestigium","qui","tergiversatio","cogito","tepesco","corona","titulus","nesciunt"]','2025-07-19 05:17:53.326 +00:00','2025-07-19 05:17:53.326 +00:00',NULL),(55,NULL,'[]','wall','wall_pixie','69421939382193957240267878','[{"userId":"22622413246920135196202590","workDone":"vado tergiversatio"}]','subseco tenuis wall wall_pixie','This is a test asset of type wall and format wall_pixie.\nAter demoror vere. Commemoro barba aequitas defleo. Barba cubicularis dolores cognatus.','cc0-1.0',NULL,NULL,'c5b9bfbdfee14cb32c9be3bff1cf0f9d9fc6b95e',279445,'["icon6.jpg","icon4.webp","icon3.gif"]','approved','[]','["demens","adficio","dignissimos","tergiversatio","titulus","cetera","corroboro","soleo","corrumpo","consuasor","totus","custodia","dolores","utor","statim","corona","maxime","error","vestigium","sollers","copia","qui","tabula","cogito","cruentus","patria","iste","nesciunt","velit","vulnus","defetiscor","tametsi","coniecto","circumvenio","argumentum","cavus"]','2025-07-19 05:17:53.394 +00:00','2025-07-19 05:17:53.394 +00:00',NULL),(66,'5540127141','[]','saber','saber_wacker','69421939382193957240267878','[{"userId":"50858482726800324902532806","workDone":"coniuratio"}]','crustulum crepusculum saber saber_wacker','This is a test asset of type saber and format saber_wacker.\nAdipisci velum adversus allatus victus neque dignissimos adipiscor stella vix. Casus numquam comptus vix. Verbera voluptate verbera ante thymum sublime corporis quo arto acceptus.','cc0-1.0',NULL,NULL,'04ce7a2d6786ff4cfee98e99bfba76efa5dbc4eb',623462,'["icon4.webp","icon1.png"]','approved','[]','["dignissimos","corona","titulus","tergo","custodia","coniecto","adficio","argumentum","consuasor","demens","circumvenio","comis","talus","tepesco","corona","patria","cruentus","aggredior","utor","tabula","corroboro","tametsi","compono","tergiversatio","soleo","copia","corrumpo","maxime","qui","cogito","sint","error","dolores","deinde","vulnus","cavus","cetera","iste","nesciunt","stips"]','2025-07-19 05:17:53.466 +00:00','2025-07-19 05:17:53.466 +00:00',NULL),(77,'4208052225','[]','chroma-environment','chroma-environment_json','69421939382193957240267878','[{"userId":"75268388461378623860100275","workDone":"amplus cavus candidus"}]','argumentum perferendis chroma-environment chroma-environment_json','This is a test asset of type chroma-environment and format chroma-environment_json.\nVoluptates vulnus beneficium officiis coma utilis clam doloribus expedita. Concedo tollo trado coadunatio accusamus. Sonitus vulticulus conventus laudantium maiores addo tenetur valde umquam.','cc0-1.0',NULL,NULL,'00cfeca1dbfdac2d9f200d2aacf9aae1ac5c2dde',743793,'["icon4.webp"]','rejected','[]','["corroboro","sint","vestigium","sufficio","circumvenio","aggredior","vulnus","demens","adficio","auctus","tergo","talus","copia","tametsi","coniecto","nesciunt","comis","iste","custodia","velit","maxime","utor","soleo","patria","cavus","error","totus","corrumpo","corona","cruentus","cetera","consuasor","qui","deinde","stips"]','2025-07-19 05:17:53.537 +00:00','2025-07-19 05:17:53.537 +00:00',NULL),(88,NULL,'[]','wall','wall_box','69421939382193957240267878','[{"userId":"19519326909700251631815791","workDone":"quos"}]','sopor subiungo wall wall_box','This is a test asset of type wall and format wall_box.\nCaritas venustas audacia vigor tunc venio cornu spes denuncio. Ventus tracto natus tempus articulus adimpleo vitium bardus cresco caelestis. Supplanto titulus cicuta suscipit arbustum acerbitas vigor solio necessitatibus.','cc0-1.0',NULL,NULL,'4ecc8e5fba73f6dcfabaa3aabad4cd3dd774b518',995566,'["icon1.png","icon7.gif","icon4.webp","icon2.jpg","icon8.webp"]','private','[]','["iste","statim","tepesco","circumvenio","sint","sufficio","aggredior","patria","totus","cruentus","soleo","custodia","tabula","qui","demens","coniecto","error","compono","stips","dolores","copia","argumentum","velit","cogito","tametsi","astrum","cavus","defetiscor","dignissimos","vestigium","utor","deinde","adficio","tergiversatio","cetera","auctus","maxime","talus","corroboro","corrumpo","vulnus","titulus","nesciunt","corona"]','2025-07-19 05:17:53.609 +00:00','2025-07-19 05:17:53.609 +00:00',NULL),(99,'9960680220','[]','saber','saber_saber','69421939382193957240267878','[{"userId":"75268388461378623860100275","workDone":"trucido absque"}]','tamen spero saber saber_saber','This is a test asset of type saber and format saber_saber.\nBestia coma absconditus deprimo. Currus vado perferendis canto voluptate cometes rem accommodo comparo speciosus. Deorsum ex desolo in conduco ducimus verbera tabella.','cc0-1.0',NULL,NULL,'56a5d57cb678f02f718daffa012c0afdf2aae154',894998,'["icon8.webp","icon3.gif"]','pending','[]','["tabula","astrum","sint","stips","vestigium","cavus","dignissimos","maxime","velit","demens","dolores","cogito","tergiversatio","corroboro"]','2025-07-19 05:17:53.676 +00:00','2025-07-19 05:17:53.676 +00:00',NULL),(921,NULL,'[]','health-bar','health-bar_energy','19519326909700251631815791','[{"userId":"58356087009134339486709013","workDone":"tristis"}]','antea ademptio health-bar health-bar_energy','This is a test asset of type health-bar and format health-bar_energy.\nAdipisci molestias stabilis. Ratione aliquid tum virtus pectus articulus conservo sit. Censura amplus patruus una antiquus turba reiciendis aetas varius umbra.','cc0-1.0',NULL,NULL,'bb7b809e5ebfb20b508bddcdfb942dc83ddb5a0c',166893,'["icon4.webp","icon1.png","icon3.gif","icon8.webp"]','private','[]','["utor","cavus","stips","sollers","corona","tergo","tepesco","adficio","sint","circumvenio","tergiversatio","dignissimos","iste","statim","qui","talus","comis","cogito","custodia","error","compono","titulus","deinde","corroboro","velit","corona","tametsi","aggredior","dolores","cruentus","soleo","defetiscor","auctus","patria"]','2025-07-19 05:17:58.724 +00:00','2025-07-19 05:17:58.724 +00:00',NULL),(811,'2431226525','[]','sound','sound_mp3','19519326909700251631815791','[{"userId":"58356087009134339486709013","workDone":"delego tres atqui"}]','ciminatio nam sound sound_mp3','This is a test asset of type sound and format sound_mp3.\nDemum volup cumque caput cur magni cur absorbeo. Ventus utique demum tubineus avarus pax. Comprehendo avaritia adnuo cuius blanditiis aequitas cometes creator urbanus.','cc0-1.0',NULL,NULL,'ad75258085a4eacfbc7eccf0ecbebe576254fcf1',305999,'["icon3.gif","icon7.gif"]','pending','[]','["circumvenio","iste","sufficio","cavus","maxime","copia","dignissimos","sint","custodia","comis","nesciunt","tergiversatio","corrumpo","velit","tabula","cetera","corroboro","qui","corona","patria","titulus","defetiscor","sollers","error","demens","cogito","deinde","tepesco","statim","corona","compono","tametsi","utor","error","totus","stips","coniecto","astrum","auctus","argumentum","adficio","vulnus"]','2025-07-19 05:17:58.085 +00:00','2025-07-19 05:17:58.085 +00:00',NULL),(932,'4804107321','[]','platform','platform_plat','19519326909700251631815791','[{"userId":"75268388461378623860100275","workDone":"ventosus vesper decerno"}]','amiculum amplus platform platform_plat','This is a test asset of type platform and format platform_plat.\nNisi depopulo pecus commodo ulterius. Doloribus cunctatio adversus cunctatio. Adflicto deserunt adulatio tabernus contabesco.','cc0-1.0',NULL,NULL,'582da8a6b16eefef66f4a26da3e74a7a0cf37e46',434453,'["icon4.webp","icon6.jpg","icon5.png"]','pending','[]','["cavus","tametsi","adficio","iste","nesciunt","velit","custodia","cogito","coniecto","defetiscor","corona","cetera","auctus","error","patria","circumvenio"]','2025-07-19 05:17:58.785 +00:00','2025-07-19 05:17:58.785 +00:00',NULL),(822,NULL,'[]','note','note_cyoob','19519326909700251631815791','[{"userId":"22622413246920135196202590","workDone":"cometes crastinus attonbitus"}]','triumphus laudantium note note_cyoob','This is a test asset of type note and format note_cyoob.\nThymum ubi vesco tabella occaecati odio paens ait adnuo admitto. Crinis summa bibo in. Angulus termes cupressus.','cc0-1.0',NULL,NULL,'ec50dc132eeacfec43b9a9cb96aaa87db6b8d4dc',630192,'["icon2.jpg","icon8.webp","icon6.jpg","icon4.webp"]','private','[]','["corrumpo","adficio","stips","sint","demens","iste"]','2025-07-19 05:17:58.157 +00:00','2025-07-19 05:17:58.157 +00:00',NULL),(943,'2467064152','[]','counters-plus-config','counters-plus-config_json','19519326909700251631815791','[{"userId":"75268388461378623860100275","workDone":"despecto"}]','demitto certus counters-plus-config counters-plus-config_json','This is a test asset of type counters-plus-config and format counters-plus-config_json.\nAdfectus consectetur solio caelum aliqua similique adimpleo ipsum veritatis. Velociter blandior acer teres cogito ulterius terreo. Chirographum utroque decet vox stips iusto aufero abundans contabesco.','cc0-1.0',NULL,NULL,'18d9dbbb0b5019d0234f6b041f16cbb108cbbfae',199102,'["icon8.webp","icon4.webp","icon7.gif","icon6.jpg","icon5.png"]','approved','[]','["iste","demens","dolores","patria","coniecto","statim","cavus","circumvenio"]','2025-07-19 05:17:58.897 +00:00','2025-07-19 05:17:58.897 +00:00',NULL),(701,NULL,'[]','chroma-environment','chroma-environment_json','50858482726800324902532806','[{"userId":"58356087009134339486709013","workDone":"cubo suspendo atqui"}]','utroque cognatus chroma-environment chroma-environment_json','This is a test asset of type chroma-environment and format chroma-environment_json.\nAccusantium cribro vapulus canto caute. Avarus alienus cornu valetudo sordeo ab statua sollers callide. Amaritudo ademptio doloribus laudantium.','cc0-1.0',NULL,NULL,'3cdbbba91b6cdd152d76dbf0c8e0ac55c0df1bef',855691,'["icon5.png","icon7.gif","icon2.jpg","icon4.webp"]','rejected','[]','["utor","vulnus","totus","vestigium","corroboro","demens","cetera","dolores","circumvenio","aggredior","iste","adficio","corona","auctus","dignissimos","tepesco","nesciunt","tergo","astrum","statim","soleo","error","sint","cogito","cavus","velit","custodia","titulus","stips","argumentum","copia","sufficio","qui","error","tabula","patria","tametsi","corrumpo","maxime","cruentus","sollers","tergiversatio","corona","comis","compono","defetiscor","talus","coniecto"]','2025-07-19 05:17:57.427 +00:00','2025-07-19 05:17:57.427 +00:00',NULL),(833,'8366177442','[]','avatar','avatar_avatar','19519326909700251631815791','[{"userId":"22622413246920135196202590","workDone":"vulgivagus vorax civis"}]','brevis tantillus avatar avatar_avatar','This is a test asset of type avatar and format avatar_avatar.\nTandem triumphus volutabrum admoveo rerum veniam. Utpote aeneus taedium aiunt. Tres magni desolo sodalitas talio.','cc0-1.0',NULL,NULL,'10f39261dfe5ea56ef0dcbb12cf9cdefe5dce9f3',292919,'["icon3.gif","icon4.webp","icon2.jpg","icon5.png","icon6.jpg"]','private','[]','["statim","cavus","astrum","soleo","tametsi","tergo","dolores","totus","deinde","argumentum","coniecto","vestigium","dignissimos","nesciunt","corroboro","custodia","stips","consuasor","comis","sint","cetera","adficio","cogito","patria","copia","corona","qui","talus","tepesco","sollers","corona","iste","compono","error","error","demens","velit","tergiversatio","cruentus","tabula","vulnus","maxime","corrumpo"]','2025-07-19 05:17:58.226 +00:00','2025-07-19 05:17:58.226 +00:00',NULL),(954,NULL,'[]','sound','sound_ogg','19519326909700251631815791','[{"userId":"50858482726800324902532806","workDone":"adulescens calcar spiculum"}]','vero demoror sound sound_ogg','This is a test asset of type sound and format sound_ogg.\nSordeo caterva urbs confido tabula curatio volubilis amita. Cubo arma doloribus tenus arma cunctatio tutamen damnatio triumphus confugo. Dedecor valens somniculosus curriculum conculco cena calcar stillicidium.','cc0-1.0',NULL,NULL,'ac3ce3a9d2efaad98df81db22e6a5b07d9351ef8',827329,'["icon8.webp","icon5.png","icon1.png","icon3.gif"]','pending','[]','["utor","dolores","auctus","nesciunt","coniecto","maxime","consuasor","tergo","totus","corona","cogito","custodia","cetera","iste","corrumpo","error"]','2025-07-19 05:17:58.969 +00:00','2025-07-19 05:17:58.969 +00:00',NULL),(712,'2616817555','[]','wall','wall_box','50858482726800324902532806','[{"userId":"58356087009134339486709013","workDone":"quisquam surculus vergo"}]','tego repudiandae wall wall_box','This is a test asset of type wall and format wall_box.\nCavus arca virtus decens ascisco terreo adipisci. Demoror velut culpa aggredior. Verto eos varius demo demoror voluptate adiuvo exercitationem bibo.','cc0-1.0',NULL,NULL,'9cc03d23f8c2e4e88a54a94b49644adc74cb4cf8',559630,'["icon5.png","icon7.gif","icon8.webp","icon6.jpg","icon4.webp"]','rejected','[]','["corona","talus","sollers","auctus","copia","velit","cogito","custodia","cruentus","dolores","tepesco","vulnus","coniecto","corona","demens","deinde","qui","cavus","tabula","titulus","corroboro","tergiversatio","corrumpo","maxime","astrum","totus","compono","tametsi","argumentum","consuasor","statim","comis","adficio","defetiscor"]','2025-07-19 05:17:57.493 +00:00','2025-07-19 05:17:57.493 +00:00',NULL),(844,'2559530692','[]','banner','banner_png','19519326909700251631815791','[{"userId":"50858482726800324902532806","workDone":"suppono tergiversatio aeneus"}]','deorsum conscendo banner banner_png','This is a test asset of type banner and format banner_png.\nCareo sto confido facere caries suggero territo cado. Comitatus utrum angulus recusandae tam sum arcus aer. Denuncio necessitatibus nostrum compello ara annus utor demergo tamisium accusantium.','cc0-1.0',NULL,NULL,'a5c8b988e16a291573b4d4ceedb2797c0af767ee',542198,'["icon6.jpg","icon8.webp"]','rejected','[]','["defetiscor","custodia","corona","demens","coniecto","cogito","adficio","tergiversatio","dignissimos","comis","totus","dolores","vulnus","copia","argumentum","astrum"]','2025-07-19 05:17:58.292 +00:00','2025-07-19 05:17:58.292 +00:00',NULL),(602,NULL,'[]','sound','sound_ogg','58356087009134339486709013','[{"userId":"75268388461378623860100275","workDone":"subiungo quisquam"}]','decipio defaeco sound sound_ogg','This is a test asset of type sound and format sound_ogg.\nVomito earum decretum cruciamentum demergo vomer. Civis fuga demoror. Auctus statim utrimque valetudo delinquo vis terreo conservo.','cc0-1.0',NULL,NULL,'c258da9db2af0040cb180b49f64935ff3eefdef4',303343,'["icon7.gif"]','approved','[]','["soleo","utor","cetera","custodia","talus","comis","demens","nesciunt","cavus","corona","vestigium","cogito","totus","maxime","dolores","iste","tabula","deinde","tepesco","patria","velit","aggredior","titulus","adficio","consuasor","error","statim","vulnus","corroboro","auctus","dignissimos","copia","argumentum","corona","tergo","coniecto","circumvenio","cruentus","astrum","tergiversatio","compono","defetiscor","stips","sollers"]','2025-07-19 05:17:56.818 +00:00','2025-07-19 05:17:56.818 +00:00',NULL),(723,NULL,'[]','saber','saber_saber','50858482726800324902532806','[{"userId":"19519326909700251631815791","workDone":"conspergo"}]','degusto sodalitas saber saber_saber','This is a test asset of type saber and format saber_saber.\nSollers desolo arbitro fugiat adstringo cum color deduco defungo ascisco. Defluo adficio tabgo velociter venia. Benigne theatrum aro cumque tripudio aveho truculenter tergiversatio.','cc0-1.0',NULL,NULL,'8d9a7a2cbaac516b4ae66f4babc7ebacc464bbcb',8348,'["icon1.png","icon6.jpg","icon2.jpg","icon4.webp"]','pending','[]','["soleo","sint","custodia","sufficio","comis","copia","circumvenio","titulus","tametsi","nesciunt","aggredior","talus","sollers","astrum","iste","tepesco","patria","deinde","corona","corona","maxime","vestigium","argumentum","cruentus","dolores","cogito","compono","velit","cavus","corrumpo","error","corroboro","demens","error","qui","dignissimos","consuasor","totus","tabula","statim","tergo","utor","stips","defetiscor","tergiversatio","coniecto"]','2025-07-19 05:17:57.556 +00:00','2025-07-19 05:17:57.556 +00:00',NULL),(855,NULL,'[]','wall','wall_pixie','19519326909700251631815791','[{"userId":"22622413246920135196202590","workDone":"iste vox"}]','torqueo aiunt wall wall_pixie','This is a test asset of type wall and format wall_pixie.\nVis victoria cogo comprehendo cohaero ustulo spiritus aperiam. Cruentus denego arma dens conicio sequi aqua. Deprecator ullam neque tamen vilicus quibusdam curatio urbanus terror tabella.','cc0-1.0',NULL,NULL,'4a3b14fbf06caa971a9feab1f7500a78225a22f8',816426,'["icon5.png"]','private','[]','["vestigium","deinde","iste","statim"]','2025-07-19 05:17:58.352 +00:00','2025-07-19 05:17:58.352 +00:00',NULL),(613,'7665714836','[]','note','note_bloq','58356087009134339486709013','[{"userId":"19519326909700251631815791","workDone":"victoria nisi"}]','crepusculum creo note note_bloq','This is a test asset of type note and format note_bloq.\nVulnero ater trucido aperio sequi. Arto calculus amaritudo vinum doloremque voluptatibus triumphus colo. Correptius creber decimus adfero atrocitas vel thalassinus copiose vespillo cattus.','cc0-1.0',NULL,NULL,'5d5426afd0fc4ebb4bb3f5e6d64ddd6ce6458129',120609,'["icon2.jpg","icon8.webp","icon5.png","icon1.png"]','rejected','[]','["comis"]','2025-07-19 05:17:56.880 +00:00','2025-07-19 05:17:56.880 +00:00',NULL),(734,NULL,'[]','camera2-config','camera2-config_json','50858482726800324902532806','[{"userId":"58356087009134339486709013","workDone":"laboriosam charisma"}]','videlicet asporto camera2-config camera2-config_json','This is a test asset of type camera2-config and format camera2-config_json.\nAit templum advoco confero voluptatum conculco. Vestigium adhaero adfectus verecundia agnitio. Bellum timor curriculum cervus cognatus sub ultio terreo.','cc0-1.0',NULL,NULL,'7fdd82bbeb6a9ea0022af8ed141cfbe52e7e8c59',656518,'["icon4.webp","icon3.gif","icon2.jpg"]','approved','[]','["qui","velit","deinde","cogito","tergo","adficio","corroboro","sint","tametsi","sollers","auctus","statim","talus","soleo","vestigium","sufficio","utor","compono","tabula","astrum","dignissimos","error","tepesco","nesciunt","cruentus","tergiversatio","titulus","coniecto","vulnus","argumentum","corrumpo","stips","cavus"]','2025-07-19 05:17:57.622 +00:00','2025-07-19 05:17:57.622 +00:00',NULL),(866,'6285978953','[]','saber','saber_wacker','19519326909700251631815791','[{"userId":"75268388461378623860100275","workDone":"totidem suggero suppellex"}]','voluntarius aut saber saber_wacker','This is a test asset of type saber and format saber_wacker.\nCupiditate ambulo annus timidus. Carmen thema creta libero urbanus officia aestivus. Adimpleo damno caelum.','cc0-1.0',NULL,NULL,'1fa93ff581db66e608b7da6e9cebbcf16d3fd7e0',656816,'["icon7.gif"]','pending','[]','["tergiversatio","vestigium","stips","tabula","tametsi","vulnus","soleo","deinde","talus","tergo","titulus","auctus","defetiscor","statim","velit","nesciunt","aggredior","astrum","corona","cetera","corrumpo","custodia","adficio","tepesco","consuasor","copia"]','2025-07-19 05:17:58.410 +00:00','2025-07-19 05:17:58.410 +00:00',NULL),(503,NULL,'[]','wall','wall_pixie','58356087009134339486709013','[{"userId":"22622413246920135196202590","workDone":"nam coaegresco laborum"}]','quia voluptas wall wall_pixie','This is a test asset of type wall and format wall_pixie.\nSortitus asporto centum amet sursum demergo curto tabella tepesco vulnero. Tui paulatim aggero reprehenderit bellicus molestiae adiuvo. Cavus arma iusto apostolus adinventitias amo admoneo ascit.','cc0-1.0',NULL,NULL,'aefe44fdb7afcbe1add2737eedce1430ae9ed33e',336353,'["icon1.png"]','private','[]','["defetiscor","nesciunt","astrum","demens","error","auctus","velit","statim","cavus","tabula","totus","cogito","tepesco","cetera","talus","error","patria","coniecto","deinde","aggredior","sollers","dignissimos","sint","corroboro","iste","cruentus","adficio","circumvenio","qui","corona","custodia","consuasor","dolores","comis","maxime","argumentum","utor","vestigium","tergo","copia","vulnus","corrumpo","titulus","tergiversatio","sufficio","compono","stips","corona","soleo"]','2025-07-19 05:17:56.259 +00:00','2025-07-19 05:17:56.259 +00:00',NULL),(624,'2249855992','[]','hitscorevisualizer-config','hitscorevisualizer-config_json','58356087009134339486709013','[{"userId":"19519326909700251631815791","workDone":"accommodo crebro"}]','aliqua sordeo hitscorevisualizer-config hitscorevisualizer-config_json','This is a test asset of type hitscorevisualizer-config and format hitscorevisualizer-config_json.\nQuia asporto bene curiositas. Suus terror aegrus aliquam somnus ultio vomica. Termes verecundia amicitia comburo titulus turbo beneficium.','cc0-1.0',NULL,NULL,'aaec1e14b6cef53de67fabb67c136ed5bd9ccfab',704777,'["icon7.gif","icon6.jpg","icon2.jpg","icon8.webp"]','private','[]','["vulnus","corona","auctus","deinde","comis","argumentum","utor","circumvenio","corona","velit","cavus","iste","dolores","corrumpo","compono","vestigium"]','2025-07-19 05:17:56.941 +00:00','2025-07-19 05:17:56.941 +00:00',NULL),(745,'6112382991','[]','health-bar','health-bar_energy','50858482726800324902532806','[{"userId":"75268388461378623860100275","workDone":"adversus comis"}]','comminor vaco health-bar health-bar_energy','This is a test asset of type health-bar and format health-bar_energy.\nEarum tristis adulatio aiunt aspicio vespillo mollitia delicate ex alius. Velociter capio vigor admiratio ad. Cibus ars auditor corrupti audacia.','cc0-1.0',NULL,NULL,'40e5cec74b7d577438d30b8aca5a7ea7c5ef6fcb',176646,'["icon2.jpg","icon3.gif","icon4.webp","icon8.webp"]','private','[]','["cruentus","defetiscor","cavus","nesciunt","vulnus","deinde","utor","circumvenio","sollers","statim","aggredior","astrum","error","tergiversatio","tergo","talus","iste","comis","corona","demens","copia","cogito","custodia","tabula","compono","cetera","stips","corroboro","totus","velit","consuasor","sint"]','2025-07-19 05:17:57.683 +00:00','2025-07-19 05:17:57.683 +00:00',NULL),(877,'4759104877','[]','chroma-environment','chroma-environment_json','19519326909700251631815791','[{"userId":"22622413246920135196202590","workDone":"trans stella"}]','odio vetus chroma-environment chroma-environment_json','This is a test asset of type chroma-environment and format chroma-environment_json.\nUsitas tibi adduco rerum atavus infit pel vehemens quidem. Repellat tenax trado cogito uxor eos accommodo calamitas. Caritas alioqui paens advenio solium uxor minima averto cognatus.','cc0-1.0',NULL,NULL,'dc7b7b8b59fba60daca34adfbc2b4a2b01211c4e',381060,'["icon3.gif","icon5.png"]','pending','[]','["error","cetera","corroboro","coniecto","maxime","nesciunt","error","titulus","tabula","demens","sollers","sint","copia","tepesco","stips","statim","dolores","tametsi","aggredior","vestigium","astrum","corrumpo","defetiscor","soleo","cruentus","qui","corona"]','2025-07-19 05:17:58.477 +00:00','2025-07-19 05:17:58.477 +00:00',NULL),(514,'4679901546','[]','saber','saber_wacker','58356087009134339486709013','[{"userId":"50858482726800324902532806","workDone":"angelus"}]','at capillus saber saber_wacker','This is a test asset of type saber and format saber_wacker.\nAuctus stultus assumenda amor certus amicitia. Conculco contego collum vomer tamen aperte abutor ascisco arcesso. Texo carpo utrum tergo.','cc0-1.0',NULL,NULL,'1effd27b11ccc5bdfbd981d3d3a0b71bd45fccc3',181071,'["icon7.gif","icon3.gif","icon6.jpg","icon5.png"]','private','[]','["deinde","cetera","tabula","vestigium","vulnus","coniecto","stips","soleo","corroboro","circumvenio","titulus","adficio","tergiversatio","maxime","error","custodia","copia","demens","patria","iste","talus","totus","dolores","sufficio"]','2025-07-19 05:17:56.321 +00:00','2025-07-19 05:17:56.321 +00:00',NULL),(635,NULL,'[]','sound','sound_mp3','58356087009134339486709013','[{"userId":"75268388461378623860100275","workDone":"tenetur dolorum degenero"}]','amor attollo sound sound_mp3','This is a test asset of type sound and format sound_mp3.\nCornu occaecati deripio cultura. Aureus sodalitas tantillus audax amor stella testimonium. Curriculum alo teneo clibanus.','cc0-1.0',NULL,NULL,'e1c5fdfdf12d749c5cfd7dcdddef91ecbeeffed7',14642,'["icon2.jpg","icon8.webp","icon3.gif","icon4.webp","icon1.png"]','approved','[]','["nesciunt","coniecto","argumentum","defetiscor","titulus","qui","corrumpo","patria","auctus","sint","astrum","tergiversatio","vestigium","corona","corona","sufficio","vulnus","adficio","tepesco","corroboro","cetera","error","talus","tabula","stips","consuasor","cavus","iste","comis","tergo","soleo","maxime","dignissimos","custodia","totus","compono","sollers","cogito"]','2025-07-19 05:17:57.006 +00:00','2025-07-19 05:17:57.006 +00:00',NULL),(756,NULL,'[]','platform','platform_plat','50858482726800324902532806','[{"userId":"58356087009134339486709013","workDone":"adinventitias eum"}]','officia cui platform platform_plat','This is a test asset of type platform and format platform_plat.\nAmet tot umquam odit. Spes inflammatio cubicularis viduo depopulo damno ventito. Solium demum optio ocer tollo averto numquam antea omnis.','cc0-1.0',NULL,NULL,'ba0cbd1dc3eadfbddd43cec282b9cb6d8e6a05e4',161828,'["icon3.gif","icon5.png"]','approved','[]','["tepesco","dolores","sint","totus","defetiscor","talus","corona","auctus","comis","tabula","deinde","qui","astrum","titulus","copia","tergo","cetera","corona","iste","coniecto","corroboro","vestigium","patria","vulnus","statim","argumentum","error","circumvenio","error","demens","velit","soleo","corrumpo","dignissimos","compono"]','2025-07-19 05:17:57.744 +00:00','2025-07-19 05:17:57.744 +00:00',NULL),(888,NULL,'[]','wall','wall_box','19519326909700251631815791','[{"userId":"22622413246920135196202590","workDone":"vomica"}]','cubitum aureus wall wall_box','This is a test asset of type wall and format wall_box.\nSpiculum pax non cohibeo absque utrum. Venia depraedor dolorum uxor annus tandem cariosus suppellex vel utpote. Libero conventus error cruciamentum vinum rerum callide.','cc0-1.0',NULL,NULL,'0dd3e46b47cf31fa1773e77ac4b92ec0dd846169',146476,'["icon3.gif","icon7.gif","icon5.png"]','approved','[]','["sollers","demens","error","corona","dolores","cruentus","comis","velit","astrum","compono","consuasor","vulnus","iste","error"]','2025-07-19 05:17:58.542 +00:00','2025-07-19 05:17:58.542 +00:00',NULL),(8,'1624181658','[]','wall','wall_box','69421939382193957240267878','[{"userId":"50858482726800324902532806","workDone":"defero fugit victus"}]','cilicium degusto wall wall_box','This is a test asset of type wall and format wall_box.\nNatus ago video ultio vester aperio sollers verbera. Terreo coadunatio tabesco explicabo defessus quisquam optio aeneus. Desidero atrocitas tam cupiditas suppono valde.','cc0-1.0',NULL,NULL,'eebed06c20cf5af6b1e1ad319cdea7ea4eea8306',929273,'["icon8.webp","icon3.gif"]','rejected','[]','["dignissimos","titulus","cavus","aggredior","demens","velit","tergiversatio","vulnus","deinde"]','2025-07-19 05:17:53.057 +00:00','2025-07-19 05:17:53.057 +00:00',NULL),(404,NULL,'[]','platform','platform_plat','22622413246920135196202590','[{"userId":"58356087009134339486709013","workDone":"suasoria curriculum paens"}]','patria expedita platform platform_plat','This is a test asset of type platform and format platform_plat.\nVomica accendo clamo voco paulatim bos auctor amet arguo. Voluptatum voluptatum truculenter super tyrannus vis teres. Aequus demens crudelis tepesco deorsum.','cc0-1.0',NULL,NULL,'bedbbfadeb6bf5d9387fefa0f68ac90b2d9af736',67513,'["icon2.jpg","icon1.png","icon5.png","icon7.gif","icon3.gif"]','pending','[]','["soleo","corona","patria","vulnus","error","cetera","adficio","titulus","sollers","stips","tametsi","dolores","custodia","corrumpo","circumvenio","sint","dignissimos","utor"]','2025-07-19 05:17:55.619 +00:00','2025-07-19 05:17:55.619 +00:00',NULL),(525,'7325038380','[]','chroma-environment','chroma-environment_json','58356087009134339486709013','[{"userId":"22622413246920135196202590","workDone":"arguo voluptatem sperno"}]','carpo quae chroma-environment chroma-environment_json','This is a test asset of type chroma-environment and format chroma-environment_json.\nCorpus coruscus arca pecco eos suppellex. Soluta absum degenero audax utpote assumenda arcesso alii sordeo. At comedo tutis sodalitas amissio.','cc0-1.0',NULL,NULL,'6025caac80fcbbc4dceadecf4cf9aa452883ec5b',567204,'["icon7.gif","icon5.png","icon2.jpg"]','rejected','[]','["defetiscor","corrumpo","corroboro","tametsi","consuasor","tergiversatio","nesciunt","error","adficio","tepesco","tabula","coniecto","iste","cogito","cetera","statim"]','2025-07-19 05:17:56.382 +00:00','2025-07-19 05:17:56.382 +00:00',NULL),(646,'1429940211','[]','note','note_cyoob','50858482726800324902532806','[{"userId":"69421939382193957240267878","workDone":"adaugeo"}]','amet utpote note note_cyoob','This is a test asset of type note and format note_cyoob.\nStatim illo virtus. Somnus cum sub at eius culpo absque. Tenetur acquiro decipio velum tres synagoga casus ascit vulgivagus non.','cc0-1.0',NULL,NULL,'d3b9d0379ab9d0418f7ab42a9eac11a34a9de60e',513790,'["icon2.jpg","icon6.jpg"]','pending','[]','["tergo","titulus","nesciunt","vulnus","tametsi","statim","cogito","totus","soleo","tabula","argumentum","cavus","corrumpo","dignissimos","talus","tergiversatio","compono","cetera","sint","corroboro","cruentus","coniecto","auctus","copia","error","velit","patria","corona","consuasor","vestigium","aggredior","sollers","stips","dolores","tepesco","utor","iste","astrum","circumvenio","error"]','2025-07-19 05:17:57.118 +00:00','2025-07-19 05:17:57.118 +00:00',NULL),(767,NULL,'[]','counters-plus-config','counters-plus-config_json','50858482726800324902532806','[{"userId":"58356087009134339486709013","workDone":"centum patria verus"}]','claustrum optio counters-plus-config counters-plus-config_json','This is a test asset of type counters-plus-config and format counters-plus-config_json.\nAdeo arx corroboro. Sequi unde terra stabilis. Uxor agnitio viscus contigo curatio in adhuc trepide vetus campana.','cc0-1.0',NULL,NULL,'968adb454ab931cbbf9bbd7239c7fdfaaff3e014',691331,'["icon6.jpg","icon3.gif"]','rejected','[]','["compono","comis","coniecto","dignissimos","aggredior","maxime","corona","tametsi","sint","sufficio","argumentum","velit","tergo","auctus","statim","patria","circumvenio","defetiscor","iste","deinde","adficio","corrumpo","copia","cetera","cogito","cavus","titulus","utor","qui","totus","error","corona","sollers","stips","tepesco","consuasor","custodia","tabula","cruentus","nesciunt"]','2025-07-19 05:17:57.806 +00:00','2025-07-19 05:17:57.806 +00:00',NULL),(899,'4110850330','[]','saber','saber_saber','19519326909700251631815791','[{"userId":"75268388461378623860100275","workDone":"beneficium tutis verbum"}]','despecto tollo saber saber_saber','This is a test asset of type saber and format saber_saber.\nSpeciosus audentia abbas calculus caterva. Aeternus vero ustulo tamdiu thema amplexus. Aliquid deprecator aestus.','cc0-1.0',NULL,NULL,'1bbd5a5aa4cab38f6cceae80e578fcac5e6bd2e7',230328,'["icon8.webp"]','approved','[]','["deinde","vestigium","totus","error","corona","corroboro","utor","sint","copia","dignissimos","custodia","consuasor","tepesco","corona","tametsi","circumvenio","maxime","sollers","cetera","sufficio","soleo","argumentum","dolores","aggredior","iste"]','2025-07-19 05:17:58.604 +00:00','2025-07-19 05:17:58.604 +00:00',NULL),(415,NULL,'[]','counters-plus-config','counters-plus-config_json','22622413246920135196202590','[{"userId":"50858482726800324902532806","workDone":"confero succurro"}]','aperte rem counters-plus-config counters-plus-config_json','This is a test asset of type counters-plus-config and format counters-plus-config_json.\nAdficio cohibeo somniculosus. Speciosus tondeo ascit harum virtus odit volup antea aut votum. Adinventitias tabernus vallum nihil vulgaris admiratio sursum confero peior decerno.','cc0-1.0',NULL,NULL,'f1bb127fb57ec1bdead6fcc895fb494fbd417aff',953611,'["icon8.webp","icon2.jpg","icon5.png","icon6.jpg"]','approved','[]','["utor","vestigium","tabula","cavus","vulnus","tepesco","statim","consuasor","custodia","dignissimos","coniecto","defetiscor","iste","deinde","copia","soleo","corrumpo","corona","circumvenio","qui","error","error","dolores","talus","cruentus","cogito","sollers","adficio","compono","velit","tergo","auctus"]','2025-07-19 05:17:55.682 +00:00','2025-07-19 05:17:55.682 +00:00',NULL),(536,NULL,'[]','wall','wall_box','58356087009134339486709013','[{"userId":"69421939382193957240267878","workDone":"clarus comptus charisma"}]','calco curatio wall wall_box','This is a test asset of type wall and format wall_box.\nCuro conitor minus aqua amitto cicuta. Conatus cotidie antea velociter. Uberrime uxor cibus.','cc0-1.0',NULL,NULL,'ceba440c0d7acebfc92cf3a41abd8d6f0a44ee4f',119638,'["icon4.webp","icon3.gif","icon1.png","icon5.png","icon8.webp"]','rejected','[]','["tabula","utor","iste","dolores","consuasor","patria","astrum","tametsi","soleo","comis","error","vestigium","velit","corroboro","titulus","nesciunt","totus","compono","custodia","sint","sollers","defetiscor","cetera","argumentum","corrumpo","tepesco","sufficio","vulnus","corona","corona","adficio","qui","demens","error","statim","cruentus","tergo","auctus","copia"]','2025-07-19 05:17:56.441 +00:00','2025-07-19 05:17:56.441 +00:00',NULL),(657,NULL,'[]','avatar','avatar_avatar','50858482726800324902532806','[{"userId":"58356087009134339486709013","workDone":"adicio corroboro"}]','blanditiis adduco avatar avatar_avatar','This is a test asset of type avatar and format avatar_avatar.\nCapto usitas dolor aspicio compono contra comis. Unus vigilo cimentarius aetas. Claustrum audeo iusto complectus cunctatio ago.','cc0-1.0',NULL,NULL,'8dda487fa1c6eec5eb40fa4afabff28f8cbcf9f7',344269,'["icon4.webp","icon5.png","icon2.jpg","icon8.webp"]','approved','[]','["circumvenio","nesciunt","tametsi","adficio","corroboro","cavus","aggredior","copia","corrumpo","sollers","compono","auctus","deinde","totus","patria","sint","tergiversatio","error","cruentus","tepesco","iste","argumentum","comis","corona","corona","vulnus","astrum","demens","coniecto","velit","custodia","tergo","defetiscor","vestigium","qui","soleo","cogito","utor"]','2025-07-19 05:17:57.180 +00:00','2025-07-19 05:17:57.180 +00:00',NULL),(778,'6318335501','[]','sound','sound_ogg','50858482726800324902532806','[{"userId":"58356087009134339486709013","workDone":"provident"}]','odio volo sound sound_ogg','This is a test asset of type sound and format sound_ogg.\nComedo ipsa tollo cruentus amplitudo quo. Vere apparatus vorax deinde impedit charisma alienus claudeo solium triduana. Sulum despecto vinco vicinus tabernus quibusdam amicitia arbor benigne vel.','cc0-1.0',NULL,NULL,'3de1908ecbdecd5e311f6adc8cdfa3debfb5aa18',12051,'["icon1.png","icon3.gif"]','approved','[]','["consuasor","nesciunt","cruentus","dignissimos","comis","coniecto","cavus","tergiversatio","auctus","corrumpo","sufficio","maxime","sollers","tergo","utor","soleo","vestigium","cetera","totus","astrum","titulus","iste","tametsi","tepesco","argumentum","sint","deinde","stips","qui","velit","corona","cogito","dolores","defetiscor","statim","error","corroboro","tabula","demens","patria","circumvenio","error","compono","copia","vulnus","corona","adficio","talus"]','2025-07-19 05:17:57.869 +00:00','2025-07-19 05:17:57.869 +00:00',NULL),(305,NULL,'[]','avatar','avatar_avatar','75268388461378623860100275','[{"userId":"69421939382193957240267878","workDone":"veritatis suscipit"}]','tabula usque avatar avatar_avatar','This is a test asset of type avatar and format avatar_avatar.\nBibo contigo vinco depraedor adiuvo congregatio tam vado caelestis claro. Dolores conduco caries. Undique usque vitium aeneus.','cc0-1.0',NULL,NULL,'35e22139047b8f514e89a08bcd2dc7bbb3f02061',458018,'["icon8.webp","icon3.gif"]','approved','[]','["tergo","stips","soleo","dignissimos","deinde","compono","utor","statim","dolores","error","sollers","comis","circumvenio","totus","corona","vestigium","corrumpo","auctus","cavus","maxime","tepesco","tergiversatio","aggredior","argumentum","copia","consuasor","iste","astrum","titulus","demens","custodia","velit","tabula","defetiscor","sint","corona","nesciunt","corroboro","error","adficio","talus","cetera","cogito","vulnus","patria","tametsi","sufficio","coniecto"]','2025-07-19 05:17:55.013 +00:00','2025-07-19 05:17:55.013 +00:00',NULL),(426,'7523543921','[]','sound','sound_ogg','22622413246920135196202590','[{"userId":"50858482726800324902532806","workDone":"theca aut"}]','aliquam terminatio sound sound_ogg','This is a test asset of type sound and format sound_ogg.\nTerminatio aperio tersus cruentus cribro decet ars sumptus. Patior comparo summa uterque crastinus commodi administratio abutor ea. Armarium comminor patria claro.','cc0-1.0',NULL,NULL,'36b180eee776fa4b41f0b86d47b9b77fbcff7ddd',464989,'["icon5.png","icon1.png","icon2.jpg"]','private','[]','["adficio","cogito","patria","sint","totus","corrumpo","deinde","consuasor","auctus","dignissimos","cetera","titulus","sufficio","talus","stips"]','2025-07-19 05:17:55.743 +00:00','2025-07-19 05:17:55.743 +00:00',NULL),(547,'5558253450','[]','saber','saber_saber','58356087009134339486709013','[{"userId":"50858482726800324902532806","workDone":"auxilium velit"}]','synagoga articulus saber saber_saber','This is a test asset of type saber and format saber_saber.\nAlius volutabrum contra clarus fugiat comitatus necessitatibus accendo cito. Depono tantillus damno cognatus audentia. Sperno villa catena cariosus taedium.','cc0-1.0',NULL,NULL,'660fdeb5b38e5c2d4b5adbf774bc56dace09392f',583854,'["icon5.png","icon4.webp"]','private','[]','["demens","circumvenio"]','2025-07-19 05:17:56.504 +00:00','2025-07-19 05:17:56.504 +00:00',NULL),(668,NULL,'[]','banner','banner_png','50858482726800324902532806','[{"userId":"19519326909700251631815791","workDone":"caritas omnis creber"}]','asperiores confugo banner banner_png','This is a test asset of type banner and format banner_png.\nDeleniti vulgivagus denuncio tertius perspiciatis. Bene vaco cernuus civis. Caterva adduco clibanus.','cc0-1.0',NULL,NULL,'cb6ce2db2a2b1b04d79e9a650f444a2fd86e9e3c',569766,'["icon3.gif","icon1.png","icon2.jpg"]','rejected','[]','["corroboro","soleo","argumentum","cetera","copia","patria","custodia","dignissimos","deinde","defetiscor","dolores","astrum","sufficio","tametsi","stips","corrumpo","adficio","corona","tepesco","sollers","comis","vulnus","error","compono","aggredior","vestigium","sint","tergiversatio","demens","titulus","velit","talus","corona","statim","cruentus","maxime","cogito","qui","consuasor","iste","auctus","error","tergo","circumvenio","nesciunt","totus","tabula","utor","coniecto"]','2025-07-19 05:17:57.245 +00:00','2025-07-19 05:17:57.245 +00:00',NULL),(789,NULL,'[]','note','note_bloq','50858482726800324902532806','[{"userId":"58356087009134339486709013","workDone":"comitatus"}]','depono statim note note_bloq','This is a test asset of type note and format note_bloq.\nSto caput termes comedo canonicus repudiandae. Sono animadverto delibero testimonium auctor vulgivagus turpis theologus ulciscor. Atqui correptius abutor vitiosus substantia statua crur vespillo confugo.','cc0-1.0',NULL,NULL,'d0506468e9bb1aff9dbaa1ff320dada8deb2d54d',337049,'["icon6.jpg","icon7.gif"]','rejected','[]','["demens","tametsi","adficio","titulus","stips","cruentus","custodia","compono","auctus","deinde","cetera","tergiversatio","dignissimos","iste","utor","corrumpo","tabula","copia","circumvenio","totus","nesciunt","talus","sollers","corroboro","corona","cavus","tepesco","statim","aggredior","comis","soleo","astrum","defetiscor","vulnus","tergo","consuasor","patria","coniecto"]','2025-07-19 05:17:57.930 +00:00','2025-07-19 05:17:57.930 +00:00',NULL),(316,NULL,'[]','banner','banner_png','75268388461378623860100275','[{"userId":"19519326909700251631815791","workDone":"veniam vir cur"}]','alo approbo banner banner_png','This is a test asset of type banner and format banner_png.\nConscendo antiquus sufficio valde spero vindico cubo ex attero thesis. Voluptate consequuntur sui cicuta. Alioqui credo aranea curriculum.','cc0-1.0',NULL,NULL,'fdaf4cf2a5fea855cc467df240dcfdcda681001f',239077,'["icon1.png","icon8.webp","icon4.webp","icon3.gif","icon2.jpg"]','pending','[]','["velit","custodia","corrumpo","demens","copia","corona","maxime","stips","cruentus","talus","adficio","totus","cavus","dolores","vestigium","vulnus","dignissimos","circumvenio","error","tergiversatio","auctus","coniecto","utor","tametsi","cogito","error","sint","tepesco","sufficio","tabula","comis","sollers","titulus","astrum","aggredior","tergo","cetera"]','2025-07-19 05:17:55.076 +00:00','2025-07-19 05:17:55.076 +00:00',NULL),(437,NULL,'[]','note','note_bloq','22622413246920135196202590','[{"userId":"50858482726800324902532806","workDone":"commodo"}]','amet aliquid note note_bloq','This is a test asset of type note and format note_bloq.\nSuper ratione aqua atavus consequuntur demitto defungo. Texo vobis subvenio excepturi toties tepesco alioqui custodia compello. Trans clarus verto delicate supra expedita attonbitus crur.','cc0-1.0',NULL,NULL,'6d2d5a0cfd6c4616c76ddc3bbd6609ba6e9c1030',848868,'["icon7.gif"]','pending','[]','["tergo","corroboro","consuasor","vestigium","iste","cavus","titulus","auctus","soleo","aggredior","nesciunt","patria"]','2025-07-19 05:17:55.826 +00:00','2025-07-19 05:17:55.826 +00:00',NULL),(558,'6214473026','[]','camera2-config','camera2-config_json','58356087009134339486709013','[{"userId":"50858482726800324902532806","workDone":"capto"}]','similique impedit camera2-config camera2-config_json','This is a test asset of type camera2-config and format camera2-config_json.\nVolaticus adaugeo arbor callide stabilis caveo. Somniculosus solutio arguo auditor fuga curatio animus absconditus velut iste. Decor bis vesper terreo amicitia occaecati cibo cimentarius ager.','cc0-1.0',NULL,NULL,'e3a005e8ce60f0c88d0e61ceec8ed7b36409c475',458650,'["icon2.jpg","icon4.webp","icon7.gif"]','approved','[]','["tergo","defetiscor","argumentum","iste","tepesco","aggredior","vulnus","titulus","totus","auctus","adficio","cavus","sollers","maxime","astrum","cetera","patria","coniecto","nesciunt","qui","corrumpo","demens","tergiversatio","velit","circumvenio","corroboro","dolores","cruentus","corona","soleo","stips","cogito","sint","talus","tabula","utor","custodia","error","tametsi","sufficio","consuasor","corona","deinde","copia","error","vestigium","comis","compono","dignissimos","statim"]','2025-07-19 05:17:56.568 +00:00','2025-07-19 05:17:56.568 +00:00',NULL),(679,'6051389484','[]','wall','wall_pixie','50858482726800324902532806','[{"userId":"69421939382193957240267878","workDone":"accusamus suffragium succedo"}]','paulatim charisma wall wall_pixie','This is a test asset of type wall and format wall_pixie.\nMinima ante adipiscor carbo velociter candidus. Alienus deputo campana. Sursum centum verus nisi quaerat adulatio aeneus concedo.','cc0-1.0',NULL,NULL,'3376f4b90e679e74fc15db548a6e67da877e4a0d',270737,'["icon3.gif","icon1.png","icon4.webp","icon6.jpg"]','private','[]','["tabula","copia","stips","aggredior","circumvenio","patria","dignissimos","statim","coniecto","sint","adficio","auctus","corrumpo","tametsi","nesciunt","corroboro","cogito","defetiscor","totus","qui","astrum","vestigium","cruentus","demens","tepesco","error","corona","corona","tergo","maxime","dolores","deinde","argumentum","sufficio","talus","compono","vulnus","sollers"]','2025-07-19 05:17:57.307 +00:00','2025-07-19 05:17:57.307 +00:00',NULL),(800,NULL,'[]','hitscorevisualizer-config','hitscorevisualizer-config_json','50858482726800324902532806','[{"userId":"69421939382193957240267878","workDone":"certe"}]','contego tenuis hitscorevisualizer-config hitscorevisualizer-config_json','This is a test asset of type hitscorevisualizer-config and format hitscorevisualizer-config_json.\nUrbs studio depraedor copia adiuvo aequus aliqua animi supra. Theca conscendo voluptatum. Reprehenderit demens adduco ago condico canonicus usus comedo.','cc0-1.0',NULL,NULL,'c19cb9a7b4fe8ffd0983be67bb19b25b840aadfa',642510,'["icon5.png"]','rejected','[]','["soleo","error","astrum","velit"]','2025-07-19 05:17:57.989 +00:00','2025-07-19 05:17:57.989 +00:00',NULL),(206,'5695993469','[]','camera2-config','camera2-config_json','75268388461378623860100275','[{"userId":"19519326909700251631815791","workDone":"vitiosus"}]','ustilo tener camera2-config camera2-config_json','This is a test asset of type camera2-config and format camera2-config_json.\nVirtus cresco demergo succedo somnus advoco suppellex tamquam. Desino cattus beatus cubicularis. Succurro votum delectatio aliqua attonbitus animus possimus eligendi.','cc0-1.0',NULL,NULL,'508efb7db5b7bfccdce60e014169eb35b5d7be6c',699642,'["icon3.gif","icon4.webp","icon6.jpg"]','pending','[]','["velit","auctus","talus","corona","deinde","demens","aggredior"]','2025-07-19 05:17:54.414 +00:00','2025-07-19 05:17:54.414 +00:00',NULL),(327,'1574060633','[]','wall','wall_pixie','22622413246920135196202590','[{"userId":"50858482726800324902532806","workDone":"molestiae assentator"}]','valde viridis wall wall_pixie','This is a test asset of type wall and format wall_pixie.\nThymbra dolore thorax sulum corrigo. Tum corona volup culpa deludo aetas illo assumenda conservo cura. Urbs labore asporto aequus abutor aspicio.','cc0-1.0',NULL,NULL,'fab2ef4ceeba58feec5eac6f1dffdc9d61eccbcb',913596,'["icon8.webp","icon1.png","icon6.jpg","icon5.png"]','pending','[]','["cogito","demens","totus","consuasor","tergiversatio","astrum","nesciunt","adficio","qui","comis","coniecto","dignissimos","corona","tabula","error","patria","error","copia","velit","defetiscor","tametsi","sollers","tepesco","sufficio","maxime","corrumpo","statim","iste","soleo","cetera","cavus","talus","utor","auctus","circumvenio","custodia","compono","vulnus","dolores","stips","argumentum"]','2025-07-19 05:17:55.177 +00:00','2025-07-19 05:17:55.177 +00:00',NULL),(448,NULL,'[]','hitscorevisualizer-config','hitscorevisualizer-config_json','22622413246920135196202590','[{"userId":"19519326909700251631815791","workDone":"verbum"}]','vulgaris aequus hitscorevisualizer-config hitscorevisualizer-config_json','This is a test asset of type hitscorevisualizer-config and format hitscorevisualizer-config_json.\nAlter conqueror degusto tener vinum consequuntur adeo triumphus adficio. Adulescens cernuus accedo capitulus. Crinis laboriosam cariosus derelinquo.','cc0-1.0',NULL,NULL,'df4cc87ded96aa4c0a930fced8cc0dfe0ec2c100',731732,'["icon2.jpg","icon7.gif","icon8.webp"]','private','[]','["totus","dolores","corona","cruentus","nesciunt"]','2025-07-19 05:17:55.897 +00:00','2025-07-19 05:17:55.897 +00:00',NULL),(569,NULL,'[]','health-bar','health-bar_energy','58356087009134339486709013','[{"userId":"75268388461378623860100275","workDone":"cerno cubicularis super"}]','angelus aeger health-bar health-bar_energy','This is a test asset of type health-bar and format health-bar_energy.\nSuscipit antea quidem casso. Tracto tergo adulescens conservo appositus capitulus cognomen calamitas earum tot. Adfero tempore baiulus carcer confero.','cc0-1.0',NULL,NULL,'3acbfe2c83cfdcb1fd7c44e02e869f3355a7f597',792048,'["icon3.gif","icon7.gif","icon6.jpg"]','pending','[]','["defetiscor","aggredior","totus","coniecto","cavus","astrum","copia","cetera"]','2025-07-19 05:17:56.632 +00:00','2025-07-19 05:17:56.632 +00:00',NULL),(690,NULL,'[]','saber','saber_wacker','50858482726800324902532806','[{"userId":"19519326909700251631815791","workDone":"hic debeo caput"}]','apud tantum saber saber_wacker','This is a test asset of type saber and format saber_wacker.\nAccedo acerbitas placeat quo architecto harum contabesco apud pecto administratio. Defetiscor optio arbor conturbo traho. Blanditiis supplanto tutamen reprehenderit.','cc0-1.0',NULL,NULL,'cbfc62bc6f17c24d5a34188aad3efe5ab4a97de4',316366,'["icon8.webp","icon4.webp","icon1.png","icon2.jpg","icon6.jpg"]','pending','[]','["astrum","tergo","qui","nesciunt","cetera","cavus","dolores","cogito","circumvenio","cruentus","adficio","vulnus","titulus","vestigium","statim","tepesco","talus","error","corrumpo","consuasor","compono","copia","deinde","aggredior","dignissimos","velit","auctus","stips","coniecto","tabula","sollers","corona","maxime","corroboro","demens","comis","totus","iste","soleo","tametsi","utor","argumentum","sufficio","tergiversatio"]','2025-07-19 05:17:57.369 +00:00','2025-07-19 05:17:57.369 +00:00',NULL),(217,NULL,'[]','health-bar','health-bar_energy','75268388461378623860100275','[{"userId":"50858482726800324902532806","workDone":"sublime aer utrum"}]','depulso dicta health-bar health-bar_energy','This is a test asset of type health-bar and format health-bar_energy.\nAbbas vero audio patruus. Barba adicio clibanus deleo certe eos substantia. Vulgo nihil decens copia statua comes verecundia triumphus curis.','cc0-1.0',NULL,NULL,'74aebfc9bc449e87d03bd05772cb36b20350b7b1',667077,'["icon6.jpg","icon7.gif","icon5.png"]','rejected','[]','["compono","nesciunt","iste","stips","cavus","deinde","comis","corroboro","corona","titulus","copia","circumvenio","sollers","cruentus","astrum","tabula","argumentum","utor","auctus","qui","dolores","cetera","defetiscor","tametsi","statim","vulnus","totus","talus","adficio","consuasor","error","aggredior","sufficio","error","corrumpo","corona","tergo","demens","velit"]','2025-07-19 05:17:54.482 +00:00','2025-07-19 05:17:54.482 +00:00',NULL),(338,NULL,'[]','saber','saber_wacker','22622413246920135196202590','[{"userId":"75268388461378623860100275","workDone":"vero"}]','inflammatio canto saber saber_wacker','This is a test asset of type saber and format saber_wacker.\nPax non arma umerus. Annus cognomen una sophismata solium. Coniecto sollicito quam cur ustulo pel cimentarius perspiciatis denego.','cc0-1.0',NULL,NULL,'b0d6fa2ce667e81daa3a91af8c937f6816c0fe2d',805523,'["icon1.png","icon7.gif","icon8.webp"]','pending','[]','["dolores","velit","titulus","deinde","sufficio","sollers","dignissimos","stips","error","utor","corroboro","error","sint","tergiversatio","cetera","coniecto","vulnus","circumvenio","comis","auctus","cavus","custodia","tergo","defetiscor","astrum","vestigium","adficio","tepesco","compono","copia","tametsi","cruentus","consuasor","aggredior"]','2025-07-19 05:17:55.241 +00:00','2025-07-19 05:17:55.241 +00:00',NULL),(459,'6006614497','[]','sound','sound_mp3','22622413246920135196202590','[{"userId":"69421939382193957240267878","workDone":"cura spectaculum"}]','quas tribuo sound sound_mp3','This is a test asset of type sound and format sound_mp3.\nTantum adiuvo rem socius aegrotatio calculus terra valde valens. Tamen amplitudo voluptates color modi vir verbum subnecto curiositas labore. Decimus adimpleo sublime tenus articulus usus.','cc0-1.0',NULL,NULL,'326d313cf7f1e7aaacbadb9f3b2893deea9e2003',71249,'["icon4.webp","icon7.gif"]','rejected','[]','["custodia","auctus","tabula"]','2025-07-19 05:17:55.962 +00:00','2025-07-19 05:17:55.962 +00:00',NULL),(580,'8188478895','[]','platform','platform_plat','58356087009134339486709013','[{"userId":"19519326909700251631815791","workDone":"demum voluptatem velit"}]','subvenio teres platform platform_plat','This is a test asset of type platform and format platform_plat.\nArguo bardus aqua caritas tempus arbustum cado causa. Usus quod cerno degusto vivo. Adicio copiose solitudo alienus.','cc0-1.0',NULL,NULL,'55ac285c7a5e4ab9b24d09b9fd8be39fadeba4aa',658495,'["icon5.png","icon6.jpg","icon7.gif","icon8.webp","icon2.jpg"]','pending','[]','["vestigium","corrumpo","tabula","tepesco","patria","statim","comis","demens"]','2025-07-19 05:17:56.692 +00:00','2025-07-19 05:17:56.692 +00:00',NULL),(107,'2047889886','[]','sound','sound_mp3','69421939382193957240267878','[{"userId":"19519326909700251631815791","workDone":"facere"}]','alo tolero sound sound_mp3','This is a test asset of type sound and format sound_mp3.\nTristis theca civis vesper sophismata caelestis ancilla distinctio cohors ager. Spectaculum usque tepidus benigne atque. Sopor apostolus aiunt vehemens thalassinus tamdiu sursum circumvenio chirographum.','cc0-1.0',NULL,NULL,'af5afd6c17c706ade186d2fcbe0614ef73ae98a6',624889,'["icon2.jpg"]','approved','[]','["soleo","dolores","iste","consuasor","comis","vulnus","cetera","sint","tepesco","qui","error","vestigium","cogito","aggredior","dignissimos","tabula"]','2025-07-19 05:17:53.725 +00:00','2025-07-19 05:17:53.725 +00:00',NULL),(228,'9366376654','[]','platform','platform_plat','75268388461378623860100275','[{"userId":"69421939382193957240267878","workDone":"desidero admitto"}]','conforto vilis platform platform_plat','This is a test asset of type platform and format platform_plat.\nCenaculum defetiscor solus bos officiis conforto ipsum. Aperio tabula occaecati commemoro cimentarius alveus armarium abundans fugit. Aeneus stips aureus ex.','cc0-1.0',NULL,NULL,'b42680d630f2df5ee407f17a6532f31aebade64c',832151,'["icon6.jpg"]','private','[]','["adficio","tergo","patria","tepesco","vulnus","demens","sollers","tametsi","vestigium","auctus","totus","corrumpo","cavus","corona","dolores","maxime","iste","velit","coniecto","circumvenio","stips","error","statim","error","dignissimos","sufficio","cruentus","argumentum","cogito","defetiscor","titulus","qui","nesciunt","consuasor","sint","astrum","deinde","talus","tabula","cetera","compono","comis","corona"]','2025-07-19 05:17:54.548 +00:00','2025-07-19 05:17:54.548 +00:00',NULL),(349,NULL,'[]','chroma-environment','chroma-environment_json','22622413246920135196202590','[{"userId":"75268388461378623860100275","workDone":"depereo fugiat"}]','crastinus voluptas chroma-environment chroma-environment_json','This is a test asset of type chroma-environment and format chroma-environment_json.\nCras cribro adhaero stipes. Dedecor deficio contego temptatio vicissitudo officia. Arbustum amaritudo atqui molestiae earum censura alii creptio tui.','cc0-1.0',NULL,NULL,'fd91fcf8e7b2d43fce67af7bfe28ca884decda7f',831346,'["icon8.webp"]','rejected','[]','["copia","statim","adficio","nesciunt","sufficio","corrumpo","sint","vulnus","utor","corona","corroboro","compono","qui","astrum","iste","patria","error","talus","circumvenio","tergo","argumentum","tametsi","error","titulus","stips","tabula","coniecto","corona","dignissimos","cruentus","deinde","maxime","aggredior","auctus","comis","consuasor","cavus"]','2025-07-19 05:17:55.302 +00:00','2025-07-19 05:17:55.302 +00:00',NULL),(470,NULL,'[]','note','note_cyoob','22622413246920135196202590','[{"userId":"75268388461378623860100275","workDone":"corona"}]','verbum conqueror note note_cyoob','This is a test asset of type note and format note_cyoob.\nAdvoco vespillo adfectus tyrannus. Speciosus ante corporis sunt culpo casus cupio quos unus. Ait arto tandem certus aliquid aureus speculum vacuus caritas.','cc0-1.0',NULL,NULL,'687d92acb75eda925ea98560c98dc2fdceabf23e',433350,'["icon7.gif","icon2.jpg","icon8.webp"]','private','[]','["dolores","comis","dignissimos","corroboro","auctus","corrumpo","adficio","error","astrum","corona","corona","maxime","aggredior","cavus","sollers","utor","soleo","copia","coniecto","custodia","tergiversatio","consuasor","cogito","iste","circumvenio","nesciunt","patria","qui","deinde","cetera","totus"]','2025-07-19 05:17:56.024 +00:00','2025-07-19 05:17:56.024 +00:00',NULL),(118,NULL,'[]','note','note_cyoob','69421939382193957240267878','[{"userId":"50858482726800324902532806","workDone":"itaque"}]','studio suasoria note note_cyoob','This is a test asset of type note and format note_cyoob.\nQui capitulus pauci clamo aer aegrotatio aqua aro corporis. Repudiandae porro suppellex bonus praesentium architecto. Aetas id pel alo aspicio virga praesentium ab tego.','cc0-1.0',NULL,NULL,'ea788c6bec200ad1ed3c57e9c4bd4194a5ec8c85',440429,'["icon7.gif","icon8.webp","icon2.jpg"]','rejected','[]','["coniecto","cogito","vestigium","nesciunt","sufficio","argumentum","circumvenio","vulnus","sollers","astrum","dolores","utor","tergo","tabula","cetera","defetiscor","totus","tametsi","titulus","cruentus","tergiversatio","auctus","statim","error","iste","consuasor","demens","stips","cavus"]','2025-07-19 05:17:53.794 +00:00','2025-07-19 05:17:53.794 +00:00',NULL),(239,'9863065229','[]','counters-plus-config','counters-plus-config_json','75268388461378623860100275','[{"userId":"50858482726800324902532806","workDone":"stillicidium theatrum"}]','absque ducimus counters-plus-config counters-plus-config_json','This is a test asset of type counters-plus-config and format counters-plus-config_json.\nAptus adamo ea ara comes defero. Vicinus abbas caput. Bis conicio delectus chirographum tergiversatio utor cresco annus teres.','cc0-1.0',NULL,NULL,'1fc5c1ade6ee4ce53b26fff4acfc6bc7f8b98e0f',183090,'["icon5.png","icon4.webp","icon2.jpg"]','pending','[]','["consuasor","circumvenio","statim","stips","dignissimos","adficio","sint","totus","iste","patria","coniecto","soleo","cruentus","velit"]','2025-07-19 05:17:54.617 +00:00','2025-07-19 05:17:54.617 +00:00',NULL),(360,'7938926853','[]','wall','wall_box','22622413246920135196202590','[{"userId":"19519326909700251631815791","workDone":"vociferor"}]','amita solium wall wall_box','This is a test asset of type wall and format wall_box.\nAter atavus claudeo arca. Facilis comminor supra cunabula adinventitias triduana. Cultellus officiis natus caste tabesco.','cc0-1.0',NULL,NULL,'8fdbc32ad61bcfedc6bfaf2418a5d9ea8ab591ab',950015,'["icon5.png","icon2.jpg","icon8.webp"]','private','[]','["defetiscor","patria","cogito","tergo","consuasor","qui","cruentus","talus","argumentum","demens","auctus","error","velit","titulus","nesciunt","deinde","custodia","sollers","circumvenio","maxime","tepesco","sufficio","dignissimos","aggredior","soleo","corona","tergiversatio","coniecto","vulnus","vestigium","cavus"]','2025-07-19 05:17:55.364 +00:00','2025-07-19 05:17:55.364 +00:00',NULL),(129,'0744974022','[]','avatar','avatar_avatar','69421939382193957240267878','[{"userId":"50858482726800324902532806","workDone":"astrum atque adipiscor"}]','odit atrocitas avatar avatar_avatar','This is a test asset of type avatar and format avatar_avatar.\nDemonstro doloremque centum communis amissio adeptio depromo xiphias at. Sulum natus advoco ultio celebrer turbo trepide communis callide. Creta nihil circumvenio.','cc0-1.0',NULL,NULL,'ff45da63c763b5d4da90b8b21221bad5fa4ddeda',587499,'["icon2.jpg"]','private','[]','["tergo","iste","maxime","titulus","statim"]','2025-07-19 05:17:53.866 +00:00','2025-07-19 05:17:53.866 +00:00',NULL),(250,NULL,'[]','sound','sound_ogg','75268388461378623860100275','[{"userId":"69421939382193957240267878","workDone":"virtus decretum"}]','voluntarius quisquam sound sound_ogg','This is a test asset of type sound and format sound_ogg.\nIusto nihil delibero. Canto vomito cometes theatrum summisse cometes sopor. Sollers unde uredo maiores conqueror verecundia textilis apto ventosus.','cc0-1.0',NULL,NULL,'daa3bfc20e4769dd15faee987fddacd8fd02b3bc',506286,'["icon8.webp"]','private','[]','["sollers","stips","auctus","cogito","vestigium","demens","custodia","tametsi","dolores","cavus","circumvenio","corroboro"]','2025-07-19 05:17:54.686 +00:00','2025-07-19 05:17:54.686 +00:00',NULL),(140,'4502407801','[]','banner','banner_png','69421939382193957240267878','[{"userId":"75268388461378623860100275","workDone":"tabella ipsam"}]','terebro usitas banner banner_png','This is a test asset of type banner and format banner_png.\nVigor deorsum clamo bellum harum delectatio defluo adfectus commodo. Appello compono iste rem terror audentia terror bos causa perspiciatis. Solum inventore abbas candidus bene traho cunae audacia.','cc0-1.0',NULL,NULL,'4e0ad6ceee9ec9b05fd7cc74b5cb1f483f08bcfc',580882,'["icon5.png","icon2.jpg","icon3.gif"]','rejected','[]','["consuasor","corrumpo","adficio","iste","error","qui","statim","cogito","vestigium","utor"]','2025-07-19 05:17:53.940 +00:00','2025-07-19 05:17:53.940 +00:00',NULL),(12,'2318772732','[]','banner','banner_png','69421939382193957240267878','[{"userId":"50858482726800324902532806","workDone":"patrocinor tunc"}]','aveho verto banner banner_png','This is a test asset of type banner and format banner_png.\nTersus utrimque toties votum caveo amet. Subseco verus veritas texo caelestis adversus antiquus volutabrum. Careo ars uxor vociferor.','cc0-1.0',NULL,NULL,'c7dfdbae898da3d291afddfaebed4adcda3134ad',518022,'["icon5.png","icon8.webp","icon1.png"]','approved','[]','["titulus","deinde","corroboro","totus","copia","corrumpo","circumvenio","tepesco","custodia","talus","statim","sufficio","tabula","utor","demens","error","iste","nesciunt","dolores","cruentus","tametsi"]','2025-07-19 05:17:53.090 +00:00','2025-07-19 05:17:53.090 +00:00',NULL),(23,NULL,'[]','wall','wall_pixie','69421939382193957240267878','[{"userId":"19519326909700251631815791","workDone":"vetus"}]','admitto adeo wall wall_pixie','This is a test asset of type wall and format wall_pixie.\nTandem caritas capitulus. Stips amitto aperte demulceo quasi maiores. Demergo cur uterque calculus depraedor.','cc0-1.0',NULL,NULL,'b08da161bf549b0bc1fcbdb24ccc0a00d859162b',395208,'["icon3.gif","icon8.webp","icon1.png","icon2.jpg"]','rejected','[]','["consuasor","custodia","corona","circumvenio","qui","dignissimos","error","soleo","error","astrum","totus","tabula","tepesco","corroboro","argumentum","defetiscor","stips"]','2025-07-19 05:17:53.181 +00:00','2025-07-19 05:17:53.181 +00:00',NULL),(34,'0879645012','[]','saber','saber_wacker','69421939382193957240267878','[{"userId":"19519326909700251631815791","workDone":"voluptate"}]','cogo supellex saber saber_wacker','This is a test asset of type saber and format saber_wacker.\nAlias vestrum surgo vulgivagus solvo recusandae qui uxor subito. Degero necessitatibus angelus utrum vigor apto minus. Cras curiositas aureus carus depopulo vaco.','cc0-1.0',NULL,NULL,'aee76cde41dc25afdfcae89061feed516186fcca',463805,'["icon5.png"]','pending','[]','["corroboro","custodia","corona","talus","circumvenio","sufficio","dolores","coniecto","tabula","aggredior","tepesco","defetiscor","auctus","demens","stips","sint","maxime","velit","dignissimos","patria","vulnus","statim","error","nesciunt","iste","comis","qui","sollers","titulus","cruentus","corona","vestigium","adficio","tergo","soleo","deinde","corrumpo","astrum","copia","cogito","error","tergiversatio","compono","totus","utor","argumentum","cetera","consuasor"]','2025-07-19 05:17:53.259 +00:00','2025-07-19 05:17:53.259 +00:00',NULL),(45,'2975634137','[]','chroma-environment','chroma-environment_json','69421939382193957240267878','[{"userId":"22622413246920135196202590","workDone":"dapifer thema circumvenio"}]','undique acervus chroma-environment chroma-environment_json','This is a test asset of type chroma-environment and format chroma-environment_json.\nIllo conscendo solvo. Laboriosam neque quae pectus. Quas sursum ab volva villa turbo animus uterque.','cc0-1.0',NULL,NULL,'baaf94fb2ed87ef1b1af7b3c78a2bb84664f1cae',593797,'["icon4.webp","icon6.jpg","icon3.gif","icon7.gif","icon8.webp"]','approved','[]','["corona","sufficio","coniecto","corrumpo","compono","sollers","cetera","argumentum","demens","tergiversatio","nesciunt","cogito","vestigium","sint","custodia","deinde"]','2025-07-19 05:17:53.332 +00:00','2025-07-19 05:17:53.332 +00:00',NULL),(56,NULL,'[]','wall','wall_box','69421939382193957240267878','[{"userId":"22622413246920135196202590","workDone":"adsuesco"}]','corroboro adopto wall wall_box','This is a test asset of type wall and format wall_box.\nQuis vos subnecto. Urbs succurro xiphias summisse vilis bellicus. Stillicidium utrum quidem caelum vicissitudo tamdiu accendo demum.','cc0-1.0',NULL,NULL,'66cfe8aefcbbeae8ef4da11aaadbe7aabda8cddc',175325,'["icon8.webp","icon3.gif"]','approved','[]','["vulnus","auctus","statim","error","corroboro","velit","circumvenio","corona","nesciunt","soleo","patria","talus","compono","corona","coniecto","dignissimos","tametsi","qui","iste","stips","utor","sufficio","dolores","tergo","comis","tergiversatio","consuasor","corrumpo","totus"]','2025-07-19 05:17:53.400 +00:00','2025-07-19 05:17:53.400 +00:00',NULL),(67,'5181956869','[]','saber','saber_saber','69421939382193957240267878','[{"userId":"50858482726800324902532806","workDone":"enim autus paens"}]','damno est saber saber_saber','This is a test asset of type saber and format saber_saber.\nMaxime nemo sublime iusto vox cernuus. Inventore cupressus nemo capillus. Vicinus vespillo depereo tutis decerno colo audio crepusculum laboriosam cattus.','cc0-1.0',NULL,NULL,'d027cfb3e5bde513a53d3bff0de13732dcfc1ce8',951990,'["icon8.webp"]','private','[]','["patria","corrumpo","sufficio","sint","consuasor","aggredior","totus","cruentus","soleo","statim","copia","dignissimos","velit","deinde","error","error","defetiscor","auctus","comis","compono","tergo","nesciunt","cetera","vestigium","iste","corona","demens","utor","corroboro","dolores","tabula","astrum","tepesco","cavus","custodia","qui"]','2025-07-19 05:17:53.472 +00:00','2025-07-19 05:17:53.472 +00:00',NULL),(78,'3032922059','[]','camera2-config','camera2-config_json','69421939382193957240267878','[{"userId":"19519326909700251631815791","workDone":"dolorem nulla perspiciatis"}]','studio temperantia camera2-config camera2-config_json','This is a test asset of type camera2-config and format camera2-config_json.\nViriliter verecundia aegrotatio summopere coadunatio. Administratio surgo turbo. Adeptio contra tracto comptus amplus valetudo celebrer tempus suscipio.','cc0-1.0',NULL,NULL,'405c82bc3ee7efac197acbd38e94acf8af346341',328912,'["icon8.webp","icon1.png","icon5.png","icon7.gif"]','rejected','[]','["cetera","tergo","nesciunt","adficio","qui","totus","velit","vestigium","defetiscor","error","auctus","tepesco","corona","copia","circumvenio","error","aggredior","titulus","argumentum","cavus","corona","sollers","talus","corroboro","utor","cruentus","sint","astrum","iste","statim","vulnus","dignissimos","custodia"]','2025-07-19 05:17:53.543 +00:00','2025-07-19 05:17:53.543 +00:00',NULL),(89,NULL,'[]','health-bar','health-bar_energy','69421939382193957240267878','[{"userId":"19519326909700251631815791","workDone":"consuasor"}]','corrigo antea health-bar health-bar_energy','This is a test asset of type health-bar and format health-bar_energy.\nVallum acceptus sodalitas quibusdam tergiversatio caveo approbo thymbra. Victoria annus atrox eum vilicus pecto vaco venia. Adnuo acies degero somnus thymum beatus cerno.','cc0-1.0',NULL,NULL,'d8d2df877e1dc6c72efb7abb7688b77c37acffbe',970242,'["icon8.webp","icon3.gif","icon6.jpg","icon7.gif","icon4.webp"]','private','[]','["tametsi","comis","coniecto","tabula","cogito","iste","copia","demens","compono","corrumpo","sufficio","sollers","sint","aggredior","tepesco","corroboro","vestigium","consuasor","deinde","defetiscor","corona","cruentus","error","velit","titulus","vulnus","error","talus","totus","dolores","custodia","dignissimos","maxime","tergiversatio","tergo","auctus","utor","circumvenio","statim","stips","adficio","nesciunt"]','2025-07-19 05:17:53.615 +00:00','2025-07-19 05:17:53.615 +00:00',NULL),(911,'5110771036','[]','counters-plus-config','counters-plus-config_json','19519326909700251631815791','[{"userId":"50858482726800324902532806","workDone":"triduana"}]','annus desparatus counters-plus-config counters-plus-config_json','This is a test asset of type counters-plus-config and format counters-plus-config_json.\nRepellat vulticulus cauda civis aliquid. Ascit similique dicta vindico sophismata sumptus aspicio. Natus tam aggero accommodo.','cc0-1.0',NULL,NULL,'f7b2ddac1bd2cb9f53f6fbb55dbeac66c637621c',324800,'["icon7.gif","icon1.png","icon5.png","icon8.webp"]','pending','[]','["comis","tergo","sollers","patria","demens","error","circumvenio","tepesco","adficio","statim","defetiscor","cruentus","dignissimos","corroboro","sint","auctus","consuasor","tergiversatio","coniecto","utor","argumentum","compono","deinde","error","totus","maxime","cavus","sufficio","cetera","tametsi","stips","dolores","tabula"]','2025-07-19 05:17:58.670 +00:00','2025-07-19 05:17:58.670 +00:00',NULL),(100,'1294600521','[]','platform','platform_plat','69421939382193957240267878','[{"userId":"58356087009134339486709013","workDone":"arbitro nobis"}]','aeger conculco platform platform_plat','This is a test asset of type platform and format platform_plat.\nDesparatus alo usque terminatio culpa conservo campana assentator ut vicissitudo. Utroque ipsam consequuntur bestia certus aggero accusamus aranea. Decens nihil cursim inflammatio ex tenetur nulla canto.','cc0-1.0',NULL,NULL,'f0b4daa61c21c5bbf1c0de28e8b946cba5aea0d6',444792,'["icon6.jpg","icon3.gif","icon7.gif"]','approved','[]','["error","totus","qui","consuasor","tabula","demens","corrumpo","utor","corroboro","sufficio","corona","cavus","comis","vulnus","copia","stips","cogito","aggredior","nesciunt","velit","cetera","auctus"]','2025-07-19 05:17:53.684 +00:00','2025-07-19 05:17:53.684 +00:00',NULL),(801,'3798957899','[]','avatar','avatar_avatar','19519326909700251631815791','[{"userId":"69421939382193957240267878","workDone":"tabella aggredior alioqui"}]','ad defessus avatar avatar_avatar','This is a test asset of type avatar and format avatar_avatar.\nComa stips abduco itaque suppellex vulgaris vox altus adipiscor. Autus vulpes adsidue impedit auctor utrimque adfero. Eveniet deludo asper blanditiis stillicidium demo.','cc0-1.0',NULL,NULL,'362fe71a2b941df968f3f43a77faaa63a3f3ef90',686576,'["icon4.webp","icon2.jpg","icon1.png","icon3.gif"]','rejected','[]','["tergiversatio","sufficio","defetiscor","argumentum","corroboro","error","totus","iste","copia","circumvenio","corrumpo","soleo","sollers","cavus","qui","corona","tepesco","maxime","nesciunt","cogito","statim","stips","error","vestigium","dolores","dignissimos","tabula","sint","aggredior","tametsi","deinde","comis","cetera","patria","compono"]','2025-07-19 05:17:58.026 +00:00','2025-07-19 05:17:58.026 +00:00',NULL),(922,NULL,'[]','sound','sound_ogg','19519326909700251631815791','[{"userId":"58356087009134339486709013","workDone":"adduco cras"}]','timor curis sound sound_ogg','This is a test asset of type sound and format sound_ogg.\nSequi vallum delego magnam coadunatio decretum adulescens alienus cribro ipsa. Communis illum aetas. Cruentus subito tersus vereor ara thesaurus surgo.','cc0-1.0',NULL,NULL,'f487f553eb265ff8aaf4df858cdc16ad9cfed7da',566555,'["icon8.webp"]','pending','[]','["cogito","statim","dolores","auctus","tergiversatio","comis","nesciunt","corona","sint","talus"]','2025-07-19 05:17:58.729 +00:00','2025-07-19 05:17:58.729 +00:00',NULL),(812,'4271778466','[]','banner','banner_png','19519326909700251631815791','[{"userId":"50858482726800324902532806","workDone":"testimonium"}]','confugo adiuvo banner banner_png','This is a test asset of type banner and format banner_png.\nSequi adaugeo debilito acsi demergo titulus demergo celo officia allatus. Crastinus tantum congregatio laboriosam caelestis audacia minima termes quis. Commodo caute verus vesica denuncio cras.','cc0-1.0',NULL,NULL,'2744b3f3fad2fa7bab80dd67c5f446c18fed7a48',864559,'["icon1.png","icon7.gif","icon6.jpg","icon2.jpg","icon5.png"]','approved','[]','["tergiversatio","tergo","aggredior","titulus","sollers","deinde","velit","corona","tabula","iste","circumvenio","patria","cavus","vestigium","auctus","copia","sufficio","talus","compono","defetiscor","corona","adficio","cetera","vulnus","comis","cogito","statim","corrumpo","argumentum","cruentus"]','2025-07-19 05:17:58.091 +00:00','2025-07-19 05:17:58.091 +00:00',NULL),(933,'6589521970','[]','note','note_bloq','19519326909700251631815791','[{"userId":"69421939382193957240267878","workDone":"contego id sub"}]','tolero vigor note note_bloq','This is a test asset of type note and format note_bloq.\nVallum teres aro trado inventore tamisium teneo spes tepidus adversus. Maiores magni timidus bellicus nesciunt utrum vulnero amplexus. Succedo magni beneficium amoveo.','cc0-1.0',NULL,NULL,'a0ede8bc157ba5e2fa41af0bbf602eeaabfcad6e',664333,'["icon6.jpg"]','rejected','[]','["compono","copia","dolores","qui","deinde","dignissimos","vestigium","talus","statim","utor","coniecto","circumvenio","tergo","corona","tabula","cogito","vulnus","auctus","sufficio","velit","demens","stips","argumentum","cavus","totus","error","sint","adficio","iste","tergiversatio"]','2025-07-19 05:17:58.790 +00:00','2025-07-19 05:17:58.790 +00:00',NULL),(823,NULL,'[]','wall','wall_pixie','19519326909700251631815791','[{"userId":"22622413246920135196202590","workDone":"coma"}]','curo cunae wall wall_pixie','This is a test asset of type wall and format wall_pixie.\nNobis abundans defetiscor. Dicta soluta aeneus summopere corrumpo carus vomer depraedor. Ante templum claro.','cc0-1.0',NULL,NULL,'74e3a07acf5bdfd175fd3cb3bac21cb6cdaf84e2',349536,'["icon3.gif","icon1.png","icon7.gif"]','pending','[]','["cavus","tabula","adficio","auctus","corona","error","corona","sollers","demens","corrumpo","qui","tametsi","consuasor","tergo","cetera","titulus","totus","compono","talus","patria","sint","velit","sufficio","soleo","coniecto","deinde","cruentus","dignissimos","stips","tepesco","nesciunt","maxime","statim","iste"]','2025-07-19 05:17:58.163 +00:00','2025-07-19 05:17:58.163 +00:00',NULL),(944,'2955424727','[]','hitscorevisualizer-config','hitscorevisualizer-config_json','19519326909700251631815791','[{"userId":"75268388461378623860100275","workDone":"caelum blandior bis"}]','subvenio tunc hitscorevisualizer-config hitscorevisualizer-config_json','This is a test asset of type hitscorevisualizer-config and format hitscorevisualizer-config_json.\nViduo spectaculum ver cunae at aedificium celo natus. Campana nisi comminor doloribus odio paens nam sopor sono. Aegre coniuratio provident subnecto corroboro qui vesica corrigo tunc.','cc0-1.0',NULL,NULL,'acdc6aaed1ecca824efbe4ff8cacfb1bccb90e5a',81989,'["icon8.webp","icon7.gif","icon2.jpg","icon6.jpg","icon1.png"]','rejected','[]','["tepesco","astrum","stips","corona","auctus","tergo","compono","tabula","iste","titulus","comis","cetera","aggredior","adficio","corrumpo","vulnus","circumvenio","vestigium","velit","patria","talus","soleo","copia","nesciunt","utor","maxime","corroboro","tametsi","qui","dignissimos","statim","cogito","error","sufficio","demens","dolores","corona","sollers","error","consuasor","cavus","totus","argumentum","custodia","coniecto","tergiversatio","sint","defetiscor"]','2025-07-19 05:17:58.905 +00:00','2025-07-19 05:17:58.905 +00:00',NULL),(702,NULL,'[]','camera2-config','camera2-config_json','50858482726800324902532806','[{"userId":"19519326909700251631815791","workDone":"qui"}]','adicio coruscus camera2-config camera2-config_json','This is a test asset of type camera2-config and format camera2-config_json.\nVenustas at vis tenetur tricesimus deserunt titulus. Absque temptatio vomer cernuus clarus videlicet quam callide saepe. Decipio ars coniuratio sursum volaticus cauda magni aspernatur tenax speciosus.','cc0-1.0',NULL,NULL,'ebeffefcb16a45b001c3cfb3beabda40a66bdfb4',583005,'["icon4.webp"]','private','[]','["tabula","sufficio","deinde","maxime","patria","stips","argumentum","dolores","corroboro","tametsi","coniecto","vestigium","aggredior","cruentus","dignissimos","iste","titulus","demens","defetiscor","compono","statim","custodia","error","comis","velit","circumvenio","talus","auctus","nesciunt","cetera","corona","totus","qui","copia","vulnus","tepesco","sollers","adficio"]','2025-07-19 05:17:57.432 +00:00','2025-07-19 05:17:57.432 +00:00',NULL),(834,'3965186994','[]','saber','saber_wacker','19519326909700251631815791','[{"userId":"69421939382193957240267878","workDone":"adstringo ultio beatus"}]','civitas laudantium saber saber_wacker','This is a test asset of type saber and format saber_wacker.\nCentum absque coniecto argumentum vulgo supra culpa. Vorago enim auctus molestias degero. Caecus magni adversus creo suus adstringo nihil maxime sursum corona.','cc0-1.0',NULL,NULL,'c957bd8ac8ca42516ccadef7d8b9afdbff8ffa9c',39093,'["icon3.gif","icon1.png","icon4.webp"]','pending','[]','["vulnus","talus"]','2025-07-19 05:17:58.232 +00:00','2025-07-19 05:17:58.232 +00:00',NULL),(955,NULL,'[]','sound','sound_mp3','19519326909700251631815791','[{"userId":"69421939382193957240267878","workDone":"antiquus"}]','valetudo tempore sound sound_mp3','This is a test asset of type sound and format sound_mp3.\nSequi crastinus nesciunt decerno advoco stillicidium via patruus. Accusator itaque adipisci asporto tabgo thymum audentia. Solitudo sollers fugit facilis sumo condico acerbitas decretum adsidue asporto.','cc0-1.0',NULL,NULL,'e7ebdeb0dad79e8bcc0fbfee709e8ce549a5bdde',469379,'["icon5.png","icon4.webp"]','rejected','[]','["titulus","consuasor","error","demens","corona","coniecto","tametsi","vestigium","sufficio","qui","cavus","copia","aggredior","compono","stips","statim"]','2025-07-19 05:17:58.978 +00:00','2025-07-19 05:17:58.978 +00:00',NULL),(713,'4638057244','[]','health-bar','health-bar_energy','50858482726800324902532806','[{"userId":"69421939382193957240267878","workDone":"auxilium"}]','decumbo cotidie health-bar health-bar_energy','This is a test asset of type health-bar and format health-bar_energy.\nTamen adinventitias thymum autem comminor. Tunc vulgus thesis tamen contra decor annus. Uterque deorsum virga bene adflicto auditor.','cc0-1.0',NULL,NULL,'f49dde7bebf1cefafa2fcdc1d940c1ebbf7ab558',83974,'["icon3.gif","icon4.webp","icon8.webp","icon2.jpg","icon1.png"]','pending','[]','["aggredior","error","qui","compono","tepesco","statim","auctus","iste","consuasor","defetiscor","corroboro","corona","error","corrumpo","tergiversatio","nesciunt","titulus","demens","coniecto","comis","dignissimos","tergo","circumvenio","soleo","cogito","patria","deinde","tabula","adficio","stips","cruentus"]','2025-07-19 05:17:57.499 +00:00','2025-07-19 05:17:57.499 +00:00',NULL),(845,'1010326543','[]','chroma-environment','chroma-environment_json','19519326909700251631815791','[{"userId":"50858482726800324902532806","workDone":"sum possimus"}]','peior varius chroma-environment chroma-environment_json','This is a test asset of type chroma-environment and format chroma-environment_json.\nDeprimo canonicus speculum admoveo cibus adversus denuncio tempore molestiae. Amor praesentium conservo. Benevolentia vitium cohors ut caveo stella acquiro varietas curatio.','cc0-1.0',NULL,NULL,'a3be80f3f6dc7b085c04d803cbbcfcc7eabec4db',379518,'["icon7.gif","icon5.png"]','rejected','[]','["utor","cruentus","sint","sollers","velit","consuasor","auctus","statim","nesciunt","coniecto","error","maxime","vestigium","tabula","titulus","cetera","error","patria","defetiscor","tergiversatio","dolores","iste","tametsi","corona","corrumpo","circumvenio","copia","compono","talus","cavus","custodia","aggredior","astrum","corona"]','2025-07-19 05:17:58.296 +00:00','2025-07-19 05:17:58.296 +00:00',NULL),(603,NULL,'[]','sound','sound_mp3','58356087009134339486709013','[{"userId":"75268388461378623860100275","workDone":"eaque deprecator"}]','demitto sub sound sound_mp3','This is a test asset of type sound and format sound_mp3.\nBlandior speciosus vomito. Adsidue vulticulus tui. Ab surculus cado vinitor.','cc0-1.0',NULL,NULL,'a7b4abe4ad77fa48c8d4aa6d73e4dfdf92cac2b1',309829,'["icon1.png","icon4.webp"]','approved','[]','["titulus","auctus","consuasor","nesciunt","demens","corona","dignissimos","compono","totus","custodia","sollers","sint","statim","circumvenio","qui","tergiversatio","tepesco","coniecto","defetiscor","patria","cruentus","talus","argumentum","corona","error","vulnus","tergo","cavus","maxime","sufficio","soleo","copia","vestigium","velit"]','2025-07-19 05:17:56.822 +00:00','2025-07-19 05:17:56.822 +00:00',NULL),(724,NULL,'[]','platform','platform_plat','50858482726800324902532806','[{"userId":"75268388461378623860100275","workDone":"utpote"}]','audentia minima platform platform_plat','This is a test asset of type platform and format platform_plat.\nDeorsum voluptatum tam texo desolo tego adfectus. Cupiditate censura aggero. Acceptus cubitum tyrannus nihil clementia valens numquam supellex.','cc0-1.0',NULL,NULL,'c8db447badcc84da0beaccb623f30bdf2dd9fef6',477975,'["icon6.jpg"]','rejected','[]','["sint","comis","defetiscor","corona","tametsi","coniecto","error","auctus","demens","cogito","corroboro","custodia","argumentum","circumvenio","adficio","stips","sufficio","deinde","totus","patria","vulnus","nesciunt","compono","maxime","tergo","statim","cruentus","corona","talus","iste","aggredior","dolores","corrumpo"]','2025-07-19 05:17:57.561 +00:00','2025-07-19 05:17:57.561 +00:00',NULL),(856,NULL,'[]','wall','wall_box','19519326909700251631815791','[{"userId":"22622413246920135196202590","workDone":"tui"}]','conitor vinculum wall wall_box','This is a test asset of type wall and format wall_box.\nAnimus denuo tutamen allatus adstringo decet communis civis talio. Tribuo curia terror sed. Caelestis cedo ipsam damno ait quasi.','cc0-1.0',NULL,NULL,'5ef8ec785ccffc89b2ae725122fa6ecc2ccfb8d1',580579,'["icon8.webp","icon6.jpg","icon1.png","icon5.png","icon4.webp"]','rejected','[]','["patria","compono","cavus","consuasor","sufficio","astrum","custodia","velit","cogito","corona","dignissimos","tergo","coniecto","soleo","vestigium","adficio","tabula","corroboro","corona"]','2025-07-19 05:17:58.358 +00:00','2025-07-19 05:17:58.358 +00:00',NULL),(614,'5968399632','[]','note','note_cyoob','58356087009134339486709013','[{"userId":"69421939382193957240267878","workDone":"enim vita"}]','vulnero thorax note note_cyoob','This is a test asset of type note and format note_cyoob.\nCaecus tui defaeco decens adflicto thesis. Amitto quibusdam illum conor. Vita capitulus magni solutio decumbo.','cc0-1.0',NULL,NULL,'54f4ca32ce1f5250ae4b1a70f2fc17b12cf6ace1',727636,'["icon7.gif","icon5.png","icon1.png"]','private','[]','["sint","dolores","maxime","argumentum","adficio","tergo","statim","tergiversatio","consuasor","cetera","vulnus","titulus","dignissimos","nesciunt","demens","aggredior","defetiscor","vestigium","copia","auctus","stips","sollers","cruentus","totus","custodia","tepesco","corona","iste"]','2025-07-19 05:17:56.885 +00:00','2025-07-19 05:17:56.885 +00:00',NULL),(735,NULL,'[]','counters-plus-config','counters-plus-config_json','50858482726800324902532806','[{"userId":"58356087009134339486709013","workDone":"damnatio"}]','solio colligo counters-plus-config counters-plus-config_json','This is a test asset of type counters-plus-config and format counters-plus-config_json.\nCeler vindico talus deficio auctor esse tantillus. Suscipit vilicus alo texo amicitia vomer sub angulus. Curto cetera vesper aperiam absens demonstro.','cc0-1.0',NULL,NULL,'5008f5b55f0201bcbf1d4af022f33b22ba62ceef',518078,'["icon4.webp","icon8.webp"]','approved','[]','["utor","sint","tergo","demens","qui","vestigium","comis","maxime","adficio","aggredior","cetera","soleo","coniecto","deinde","velit","corona","sufficio","auctus","titulus","copia","dolores","consuasor","cavus","vulnus","corrumpo","statim","error","error","dignissimos","corona","circumvenio","sollers","iste","compono","corroboro","tepesco","totus","stips","cruentus","tabula","cogito","talus","tametsi","defetiscor","nesciunt","tergiversatio","patria","astrum","argumentum","custodia"]','2025-07-19 05:17:57.628 +00:00','2025-07-19 05:17:57.628 +00:00',NULL),(867,'1530488014','[]','saber','saber_saber','19519326909700251631815791','[{"userId":"50858482726800324902532806","workDone":"cursus"}]','subiungo volo saber saber_saber','This is a test asset of type saber and format saber_saber.\nCrinis debeo copiose bestia facere vereor. Demum cruentus deprecator tenetur denuncio voluptatem vivo volubilis distinctio ciminatio. Sono dens absum tres bestia.','cc0-1.0',NULL,NULL,'ebd2a4b3de0e93f7ccdf5432fa14f5dd0ef94b7c',2967,'["icon3.gif"]','rejected','[]','["titulus","comis","utor","qui","auctus","consuasor","astrum","tabula","copia","patria","dolores","corroboro","aggredior","compono","corona","tergo","statim","coniecto","iste","deinde","defetiscor","soleo","maxime","tepesco","nesciunt","vestigium","tametsi"]','2025-07-19 05:17:58.416 +00:00','2025-07-19 05:17:58.416 +00:00',NULL),(504,NULL,'[]','wall','wall_box','58356087009134339486709013','[{"userId":"69421939382193957240267878","workDone":"celo maiores vae"}]','volo deorsum wall wall_box','This is a test asset of type wall and format wall_box.\nAngustus ter summa adulescens condico deripio valde civitas. Ipsa centum canis benigne vae bonus spiritus sapiente sufficio torrens. Curtus vinum vitium celo conduco thorax sui depulso.','cc0-1.0',NULL,NULL,'a213e367a89d2cbf5c681a16e0daaaabab7b4cbe',190699,'["icon7.gif"]','rejected','[]','["tergiversatio","tepesco","circumvenio","corrumpo","vulnus","aggredior","talus","stips","cavus","comis","deinde","maxime","corona","soleo","utor","defetiscor","cogito","error","coniecto","tametsi","nesciunt","corroboro","vestigium","copia"]','2025-07-19 05:17:56.264 +00:00','2025-07-19 05:17:56.264 +00:00',NULL),(625,NULL,'[]','avatar','avatar_avatar','58356087009134339486709013','[{"userId":"75268388461378623860100275","workDone":"ipsam cuppedia"}]','adeo video avatar avatar_avatar','This is a test asset of type avatar and format avatar_avatar.\nVinculum venustas adflicto curvo tutis canis cinis repellat. Communis cetera accendo tepidus conforto aggero. Versus desolo abbas appello surculus celer cursim.','cc0-1.0',NULL,NULL,'5c5a587ebcf54bfe490baf9f7ac825d5efdf20b4',651974,'["icon2.jpg","icon4.webp"]','pending','[]','["sufficio","vestigium","auctus","soleo","error","talus","titulus","maxime","astrum","sollers","tametsi","vulnus","dolores","velit","compono","custodia","corrumpo"]','2025-07-19 05:17:56.947 +00:00','2025-07-19 05:17:56.947 +00:00',NULL),(746,'9184231868','[]','sound','sound_ogg','50858482726800324902532806','[{"userId":"19519326909700251631815791","workDone":"sumo chirographum"}]','auxilium creator sound sound_ogg','This is a test asset of type sound and format sound_ogg.\nPlaceat depono ambulo desino textor aduro. Anser culpo usitas vaco dolorum cetera. Vinculum terga attollo cupressus vito aer tibi comedo templum demitto.','cc0-1.0',NULL,NULL,'e1df920d9cabcdd6efe156afae6abaf1cbb9564b',516173,'["icon3.gif","icon5.png"]','approved','[]','["stips","vulnus","corrumpo","demens","copia","iste","vestigium","sint","compono","error","defetiscor","aggredior","dignissimos","titulus","tabula","custodia","patria","utor","cavus","tepesco","cetera","sollers","talus","deinde","astrum","tergo","corona","statim","consuasor","dolores"]','2025-07-19 05:17:57.690 +00:00','2025-07-19 05:17:57.690 +00:00',NULL),(878,'9941455351','[]','camera2-config','camera2-config_json','19519326909700251631815791','[{"userId":"75268388461378623860100275","workDone":"soleo ara deduco"}]','benevolentia tonsor camera2-config camera2-config_json','This is a test asset of type camera2-config and format camera2-config_json.\nSolus ceno decretum patior campana templum cometes. Vorago cavus circumvenio numquam carpo peccatus. Derelinquo ars vulticulus.','cc0-1.0',NULL,NULL,'bbd46f0edcd84c0c14becab5e50ccb242fe4de63',409491,'["icon6.jpg","icon3.gif"]','approved','[]','["cetera","adficio","dolores","iste","sufficio","corona","cogito","aggredior","error","comis","talus","stips","deinde","custodia","sint","maxime","totus","coniecto","utor","cavus","statim","corroboro","patria","tergiversatio","demens","circumvenio","titulus","compono","tergo"]','2025-07-19 05:17:58.483 +00:00','2025-07-19 05:17:58.483 +00:00',NULL),(515,'7993924082','[]','saber','saber_saber','58356087009134339486709013','[{"userId":"50858482726800324902532806","workDone":"absum"}]','una tergeo saber saber_saber','This is a test asset of type saber and format saber_saber.\nStudio caries cervus timor cubitum pauci creber thermae capto. Censura modi derideo theatrum sollicito enim. Suscipit acidus valeo quas suffoco vicissitudo video comes sol.','cc0-1.0',NULL,NULL,'9b8e7cbedbd1f9534b921edd7ebccfd1c13febc5',713699,'["icon2.jpg","icon6.jpg","icon3.gif","icon1.png","icon4.webp"]','approved','[]','["cetera","titulus","velit","soleo","cavus","argumentum","cogito","error","maxime","aggredior","iste","tergo","compono","corrumpo","corroboro","statim","vulnus","circumvenio","tametsi","astrum","vestigium","talus","dolores","stips","demens","corona","utor","tepesco","totus","sollers"]','2025-07-19 05:17:56.327 +00:00','2025-07-19 05:17:56.327 +00:00',NULL),(636,NULL,'[]','banner','banner_png','58356087009134339486709013','[{"userId":"75268388461378623860100275","workDone":"addo admiratio"}]','nesciunt optio banner banner_png','This is a test asset of type banner and format banner_png.\nArbitro suus congregatio vergo amoveo cultellus tumultus atrocitas ultio. Taedium tabella bonus theologus. Tertius cupiditate somniculosus carmen varietas commodo consequuntur sunt.','cc0-1.0',NULL,NULL,'3ce8ddbf09ea58f4444a5f330efab63bc4037abd',692172,'["icon8.webp","icon5.png","icon7.gif","icon4.webp"]','approved','[]','["argumentum","sufficio","auctus","deinde","circumvenio","compono","totus","sollers","tepesco","error","sint","corona","dignissimos","soleo","tergo","talus","aggredior","error","vestigium","patria","tabula"]','2025-07-19 05:17:57.012 +00:00','2025-07-19 05:17:57.012 +00:00',NULL),(757,NULL,'[]','note','note_bloq','50858482726800324902532806','[{"userId":"19519326909700251631815791","workDone":"capitulus"}]','desparatus animus note note_bloq','This is a test asset of type note and format note_bloq.\nAdversus decretum dolorum valetudo cursus uterque vapulus. Cuppedia minima occaecati nihil adulescens pectus abutor considero. Cresco sufficio ait validus virtus comburo blanditiis delicate vigor delicate.','cc0-1.0',NULL,NULL,'83e543bbef1aac8acdcf5ac2297c270cda80f05a',903112,'["icon7.gif","icon4.webp","icon3.gif","icon8.webp","icon1.png"]','pending','[]','["argumentum","auctus"]','2025-07-19 05:17:57.749 +00:00','2025-07-19 05:17:57.749 +00:00',NULL),(889,NULL,'[]','health-bar','health-bar_energy','19519326909700251631815791','[{"userId":"75268388461378623860100275","workDone":"iusto"}]','est thymbra health-bar health-bar_energy','This is a test asset of type health-bar and format health-bar_energy.\nDoloribus contigo cognatus stabilis supra convoco denuo. Officia territo basium crapula tergeo valeo. Solvo cribro sumptus comedo officia alii speciosus vorago certus denuo.','cc0-1.0',NULL,NULL,'ebaa91faa3cc177cdcc485aafcefb1cfb5b5a2d5',714059,'["icon2.jpg","icon5.png","icon3.gif","icon4.webp","icon8.webp"]','rejected','[]','["qui","coniecto","argumentum","soleo","copia","utor","tergiversatio","tametsi","iste","aggredior","sollers","titulus","auctus","tepesco","adficio","patria"]','2025-07-19 05:17:58.548 +00:00','2025-07-19 05:17:58.548 +00:00',NULL),(9,'3368025938','[]','health-bar','health-bar_energy','69421939382193957240267878','[{"userId":"50858482726800324902532806","workDone":"celo patrocinor"}]','adfero soleo health-bar health-bar_energy','This is a test asset of type health-bar and format health-bar_energy.\nCoruscus ducimus vergo varietas truculenter quo. Cohors amo canis magni conscendo acceptus. Corpus veritas approbo constans.','cc0-1.0',NULL,NULL,'ccfeacf3e6cdd741eb95f36bdca2bd5bb392dca2',757301,'["icon3.gif"]','approved','[]','["talus","corona","compono","tametsi","velit","sint","statim","vulnus","copia","cogito","cruentus","tergiversatio","dignissimos","circumvenio","comis","maxime","cavus","sollers","titulus","error","error","corroboro","dolores","tabula","sufficio","corrumpo","qui","tergo","iste","vestigium","nesciunt","utor","auctus","custodia","cetera","aggredior","corona","adficio","coniecto","defetiscor","totus","demens","astrum","consuasor","stips","tepesco"]','2025-07-19 05:17:53.068 +00:00','2025-07-19 05:17:53.068 +00:00',NULL),(405,NULL,'[]','note','note_bloq','22622413246920135196202590','[{"userId":"75268388461378623860100275","workDone":"bene"}]','desparatus aegrotatio note note_bloq','This is a test asset of type note and format note_bloq.\nUsitas summopere abduco. Spoliatio deduco verecundia sponte. Arx temperantia thesis virtus.','cc0-1.0',NULL,NULL,'6ade40054c7dc5fe61a1fddcbcdde18e81e0bafe',171190,'["icon3.gif","icon4.webp","icon8.webp","icon5.png"]','rejected','[]','["corrumpo","talus","demens","velit","auctus","coniecto","corona","cavus","tabula","compono","nesciunt","dolores","tametsi","totus","iste","error","maxime","copia","titulus","error","adficio","tepesco","tergiversatio","aggredior","comis","sufficio","statim","astrum","corona","corroboro","soleo","stips","utor","cetera","patria","vestigium","consuasor","tergo","sint","dignissimos","vulnus","defetiscor","sollers","deinde","cogito","qui","argumentum","custodia","circumvenio","cruentus"]','2025-07-19 05:17:55.625 +00:00','2025-07-19 05:17:55.625 +00:00',NULL),(526,'4093267099','[]','camera2-config','camera2-config_json','58356087009134339486709013','[{"userId":"19519326909700251631815791","workDone":"creator somnus natus"}]','delectatio alii camera2-config camera2-config_json','This is a test asset of type camera2-config and format camera2-config_json.\nValeo sponte ascit aestas inventore credo. Adversus commodo capillus compono. Varietas colligo substantia considero.','cc0-1.0',NULL,NULL,'a1ee904dcfed8fd7d3c4f96c24feb5daeadfaab6',254875,'["icon1.png","icon6.jpg","icon2.jpg","icon8.webp","icon7.gif"]','pending','[]','["custodia","stips"]','2025-07-19 05:17:56.387 +00:00','2025-07-19 05:17:56.387 +00:00',NULL),(647,'6046571633','[]','wall','wall_pixie','50858482726800324902532806','[{"userId":"69421939382193957240267878","workDone":"dedico tandem et"}]','perspiciatis viridis wall wall_pixie','This is a test asset of type wall and format wall_pixie.\nSubstantia attero super antepono. Beatae tolero tolero ver. Aurum autem volup.','cc0-1.0',NULL,NULL,'cc5fca05bf4e537ddaae85dbcdff569dda067687',902843,'["icon1.png","icon5.png"]','private','[]','["titulus","dignissimos","deinde","aggredior","velit","demens","qui","vulnus","sint","adficio","nesciunt","tametsi","soleo","tepesco","cetera","tabula","totus","tergo","utor","cavus","corrumpo","comis","astrum","cruentus","cogito","error","consuasor","patria","talus","tergiversatio","auctus","compono","corroboro"]','2025-07-19 05:17:57.123 +00:00','2025-07-19 05:17:57.123 +00:00',NULL),(768,NULL,'[]','hitscorevisualizer-config','hitscorevisualizer-config_json','50858482726800324902532806','[{"userId":"69421939382193957240267878","workDone":"contego"}]','cultura sumptus hitscorevisualizer-config hitscorevisualizer-config_json','This is a test asset of type hitscorevisualizer-config and format hitscorevisualizer-config_json.\nConiuratio nisi utilis iusto varietas dens impedit nam praesentium. Curto colligo succedo creator. Ademptio cornu arcesso timor alveus color.','cc0-1.0',NULL,NULL,'98bedeebddcdccefabb30acabd9cfad62c0be029',11873,'["icon6.jpg","icon1.png","icon7.gif"]','pending','[]','["defetiscor","corrumpo","titulus","deinde","totus","consuasor","dignissimos","iste","corona","error","velit","vestigium","comis","tergiversatio","argumentum","compono","tepesco","corona","vulnus","coniecto","tergo","adficio"]','2025-07-19 05:17:57.812 +00:00','2025-07-19 05:17:57.812 +00:00',NULL),(900,'3580777919','[]','platform','platform_plat','19519326909700251631815791','[{"userId":"22622413246920135196202590","workDone":"convoco vetus"}]','caterva solus platform platform_plat','This is a test asset of type platform and format platform_plat.\nTergiversatio degusto venustas aestus cubicularis sol ventosus eius thymbra absque. Venustas amita pectus suasoria claudeo crepusculum. Depulso tubineus ratione dolorum auctor aut vulnus.','cc0-1.0',NULL,NULL,'ee87af88fb14f4260f4e559de7cbce14ae57c4ce',219524,'["icon3.gif","icon1.png","icon8.webp","icon2.jpg","icon4.webp"]','approved','[]','["custodia","dignissimos"]','2025-07-19 05:17:58.609 +00:00','2025-07-19 05:17:58.609 +00:00',NULL),(416,NULL,'[]','hitscorevisualizer-config','hitscorevisualizer-config_json','22622413246920135196202590','[{"userId":"75268388461378623860100275","workDone":"tero amicitia vis"}]','textus stipes hitscorevisualizer-config hitscorevisualizer-config_json','This is a test asset of type hitscorevisualizer-config and format hitscorevisualizer-config_json.\nTibi conor deserunt spes cetera sumo. Quas confugo clamo. Allatus argentum caput despecto theca spectaculum a cupiditas.','cc0-1.0',NULL,NULL,'bbef1be8dbaa85fcad51cb17c337270594fc5cbf',378267,'["icon7.gif","icon5.png","icon8.webp","icon6.jpg","icon4.webp"]','approved','[]','["tergiversatio","corroboro","tergo","talus","corrumpo","error","coniecto","custodia","nesciunt","adficio","circumvenio","corona","demens","comis","tabula","vulnus","qui","defetiscor","aggredior","argumentum","corona","soleo","iste","velit","sint","copia","maxime","stips","cogito","titulus","deinde","cavus","auctus","statim","compono","tepesco","astrum","patria","dignissimos"]','2025-07-19 05:17:55.688 +00:00','2025-07-19 05:17:55.688 +00:00',NULL),(537,NULL,'[]','health-bar','health-bar_energy','58356087009134339486709013','[{"userId":"69421939382193957240267878","workDone":"ascit sapiente defero"}]','caries ipsum health-bar health-bar_energy','This is a test asset of type health-bar and format health-bar_energy.\nAggero tum vinum suadeo tonsor expedita. Capio brevis armarium absum cerno baiulus venustas. Vos cruciamentum vinco soluta venio praesentium crustulum soleo damno audentia.','cc0-1.0',NULL,NULL,'b59b09bd3a3e2f4a7da70e00a4fb980a5f33fc59',51599,'["icon7.gif","icon4.webp"]','private','[]','["sint","defetiscor","soleo","cruentus","dolores","comis","vestigium","sollers","astrum","circumvenio","stips","tabula","cavus","compono","velit","cogito","corrumpo","titulus","deinde"]','2025-07-19 05:17:56.447 +00:00','2025-07-19 05:17:56.447 +00:00',NULL),(658,NULL,'[]','saber','saber_wacker','50858482726800324902532806','[{"userId":"22622413246920135196202590","workDone":"tamisium"}]','tui alias saber saber_wacker','This is a test asset of type saber and format saber_wacker.\nAnser error tabesco deleniti. Civitas aspicio verbum libero eos esse. Tertius ocer debitis stips tutis statua laudantium cetera culpo.','cc0-1.0',NULL,NULL,'dd3c6ad4a777880fdeab147bacfeb5b1f64c67c7',650650,'["icon4.webp"]','private','[]','["sufficio","error","tabula","coniecto","vestigium","dolores","tergiversatio","corrumpo","utor","corona","cruentus","totus","compono","error","maxime","tepesco","cetera","deinde","cogito","corona","copia","custodia","sint","corroboro","velit","adficio","demens","sollers","statim","soleo","iste","titulus","circumvenio","vulnus","dignissimos","talus","argumentum","cavus","defetiscor","auctus","consuasor","tergo","astrum","nesciunt","aggredior"]','2025-07-19 05:17:57.186 +00:00','2025-07-19 05:17:57.186 +00:00',NULL),(779,'3259562205','[]','sound','sound_mp3','50858482726800324902532806','[{"userId":"75268388461378623860100275","workDone":"illum molestiae arto"}]','infit eligendi sound sound_mp3','This is a test asset of type sound and format sound_mp3.\nTheca confero molestias socius corrupti aequus demergo via ex. Cursus quia accusator contego eligendi doloremque audax amo. Adflicto minus amoveo vociferor vacuus.','cc0-1.0',NULL,NULL,'2dce7cdba6aad9ebf27845c0bade18ef70ba2112',196809,'["icon3.gif"]','rejected','[]','["consuasor","error","copia","compono","tergiversatio","comis","cavus","custodia","corrumpo","statim","corroboro","utor","demens","patria","tergo","cruentus","adficio","sint","argumentum","tabula","tametsi","auctus","stips","velit","cetera","tepesco","astrum","soleo","qui","maxime","dolores","coniecto"]','2025-07-19 05:17:57.875 +00:00','2025-07-19 05:17:57.875 +00:00',NULL),(306,NULL,'[]','saber','saber_wacker','75268388461378623860100275','[{"userId":"50858482726800324902532806","workDone":"audax tunc"}]','modi sulum saber saber_wacker','This is a test asset of type saber and format saber_wacker.\nTergo calcar vesco. Adulatio cauda conservo aestivus curo derelinquo arma sustineo. Paulatim tutamen illo sequi accusator vix ars enim vulgus autem.','cc0-1.0',NULL,NULL,'90406cdd2daee6a66a44cc538d151e5fabf7aa7b',172331,'["icon6.jpg","icon2.jpg"]','rejected','[]','["dignissimos","utor","sint","qui","adficio","error","argumentum","auctus","corrumpo","maxime","totus","titulus"]','2025-07-19 05:17:55.017 +00:00','2025-07-19 05:17:55.017 +00:00',NULL),(427,'8386583558','[]','sound','sound_mp3','22622413246920135196202590','[{"userId":"19519326909700251631815791","workDone":"utique veritatis"}]','constans vigilo sound sound_mp3','This is a test asset of type sound and format sound_mp3.\nDepraedor validus demergo utrimque sublime baiulus aequus. Antea cervus cicuta sophismata modi votum. Aliquid ater vicinus caste veniam placeat vito.','cc0-1.0',NULL,NULL,'2cc8185abf874fca3bd3eb23b0b1220d7d287d1b',728838,'["icon1.png"]','approved','[]','["custodia","aggredior","dolores","cetera","copia","vestigium","error","utor","tepesco","nesciunt","corroboro","stips","deinde","tergo","titulus","argumentum","dignissimos","iste","corona","qui","error","auctus","corona","totus","patria","circumvenio","coniecto","astrum","consuasor","demens","vulnus","maxime","sollers","sufficio","adficio","velit","defetiscor"]','2025-07-19 05:17:55.758 +00:00','2025-07-19 05:17:55.758 +00:00',NULL),(548,'0322071350','[]','platform','platform_plat','58356087009134339486709013','[{"userId":"19519326909700251631815791","workDone":"ademptio ademptio vesco"}]','concedo advenio platform platform_plat','This is a test asset of type platform and format platform_plat.\nVulticulus collum stipes civitas tenuis casso. Adsum abstergo censura. Cura arbor tepidus dolore vergo.','cc0-1.0',NULL,NULL,'26fbaff12d5c6df26eef1bb6dfea5dd9d0fa1fea',660449,'["icon5.png","icon8.webp","icon2.jpg","icon1.png","icon4.webp"]','pending','[]','["coniecto","deinde","corona"]','2025-07-19 05:17:56.511 +00:00','2025-07-19 05:17:56.511 +00:00',NULL),(669,NULL,'[]','chroma-environment','chroma-environment_json','50858482726800324902532806','[{"userId":"69421939382193957240267878","workDone":"paulatim"}]','nihil voluptas chroma-environment chroma-environment_json','This is a test asset of type chroma-environment and format chroma-environment_json.\nCrux auctus abeo vorax autus absens volo possimus alter. Sum audacia arma verbera collum dolorum. Demo terror error decipio agnitio subvenio.','cc0-1.0',NULL,NULL,'fee44c1f8f3beda6d6acf6f0eae300d2e0c78ddb',427975,'["icon6.jpg","icon2.jpg","icon4.webp"]','private','[]','["tametsi","adficio","patria","corona","tabula","dignissimos","circumvenio","vestigium","custodia","iste","qui","coniecto","comis","deinde","tepesco","defetiscor","titulus","cavus","error","utor","sollers","corona","astrum","copia"]','2025-07-19 05:17:57.252 +00:00','2025-07-19 05:17:57.252 +00:00',NULL),(790,NULL,'[]','note','note_cyoob','50858482726800324902532806','[{"userId":"19519326909700251631815791","workDone":"abundans vulnus"}]','volo dedecor note note_cyoob','This is a test asset of type note and format note_cyoob.\nUtroque degenero victus paens. Magni perferendis argumentum caveo alias adsidue dapifer commodi. Rerum minima cetera desidero ambitus summisse canonicus aestivus.','cc0-1.0',NULL,NULL,'fda3cd8544dc9bbd2a7fbe6b8127f2f682ec6951',617934,'["icon6.jpg","icon5.png","icon4.webp"]','approved','[]','["argumentum","stips"]','2025-07-19 05:17:57.936 +00:00','2025-07-19 05:17:57.936 +00:00',NULL),(317,NULL,'[]','chroma-environment','chroma-environment_json','75268388461378623860100275','[{"userId":"69421939382193957240267878","workDone":"tego"}]','contigo desino chroma-environment chroma-environment_json','This is a test asset of type chroma-environment and format chroma-environment_json.\nVulariter universe adulescens studio velociter theologus cenaculum aveho amet torqueo. Dedecor suasoria sapiente degenero placeat strenuus adhuc timor cotidie. Synagoga quas vallum tandem sum accommodo abduco ceno.','cc0-1.0',NULL,NULL,'9e3a1ecb16b8edce7822cfcc4fddac9c1cb1c4d0',613594,'["icon2.jpg"]','approved','[]','["totus","soleo","tabula","velit","statim","argumentum","aggredior","corona","corona","sufficio","compono","circumvenio","dignissimos","iste","sollers","coniecto","tergo","nesciunt","patria","deinde","astrum","cetera","error","cruentus","qui","defetiscor","sint","consuasor","talus","corrumpo","custodia","cavus","utor","cogito","demens","dolores","error","comis","corroboro","titulus","tergiversatio","stips","vulnus"]','2025-07-19 05:17:55.081 +00:00','2025-07-19 05:17:55.081 +00:00',NULL),(438,NULL,'[]','note','note_cyoob','22622413246920135196202590','[{"userId":"58356087009134339486709013","workDone":"necessitatibus"}]','stella argumentum note note_cyoob','This is a test asset of type note and format note_cyoob.\nAttollo ademptio campana crur statua amicitia deleo. Rerum tremo deorsum deinde vulnero demum defetiscor. Sufficio nam tui.','cc0-1.0',NULL,NULL,'cb9067fe899d22c3a69a07b1dcef697fb9a0c2c9',802939,'["icon1.png","icon2.jpg","icon6.jpg"]','approved','[]','["corroboro","iste","patria","cetera","defetiscor","dignissimos","nesciunt","sollers","qui","cruentus","consuasor","totus","coniecto","tepesco","adficio","error","demens","tametsi","deinde","talus","statim","vestigium","tergiversatio","argumentum","compono"]','2025-07-19 05:17:55.832 +00:00','2025-07-19 05:17:55.832 +00:00',NULL),(559,'9845416086','[]','counters-plus-config','counters-plus-config_json','58356087009134339486709013','[{"userId":"69421939382193957240267878","workDone":"adamo"}]','denego nihil counters-plus-config counters-plus-config_json','This is a test asset of type counters-plus-config and format counters-plus-config_json.\nExercitationem aduro vitae. Vetus suadeo verumtamen maiores aestas. Ciminatio absorbeo vulariter tempore copia tristis recusandae coniuratio acer balbus.','cc0-1.0',NULL,NULL,'03439c4dfb2cd6e9eda31aa2c7b442426ea36a7c',807727,'["icon4.webp"]','rejected','[]','["error","utor","dignissimos","vestigium","coniecto","soleo","corrumpo","corona","cruentus","stips","qui","maxime","auctus","statim","comis","iste","sollers","circumvenio","sint","demens","compono","tepesco","custodia","aggredior","vulnus","sufficio","tabula","patria","dolores","deinde","argumentum","velit","defetiscor","corona","tergo","titulus","astrum","tametsi","cogito"]','2025-07-19 05:17:56.573 +00:00','2025-07-19 05:17:56.573 +00:00',NULL),(680,'2532247320','[]','wall','wall_box','50858482726800324902532806','[{"userId":"69421939382193957240267878","workDone":"cribro cupio turbo"}]','acerbitas autus wall wall_box','This is a test asset of type wall and format wall_box.\nSodalitas degero timidus demo modi admiratio substantia tondeo arto. Uredo commemoro adfero. Adinventitias utrimque capitulus soluta sperno.','cc0-1.0',NULL,NULL,'ef5bfaba03c4df2b2bcdddadf0ffb78ac36caf68',483935,'["icon7.gif","icon4.webp"]','private','[]','["cogito","adficio","soleo","nesciunt","demens","astrum","compono","statim","maxime","iste","dolores","sufficio","qui","consuasor","vestigium","sollers","talus","copia","tergiversatio","aggredior","corrumpo","cruentus","corona","velit","coniecto","titulus","tepesco","utor","tabula","error","deinde","auctus","circumvenio","patria","comis","defetiscor","vulnus","totus","dignissimos","sint","tergo","argumentum","custodia","tametsi","error","cavus"]','2025-07-19 05:17:57.313 +00:00','2025-07-19 05:17:57.313 +00:00',NULL),(207,'3993938446','[]','counters-plus-config','counters-plus-config_json','75268388461378623860100275','[{"userId":"19519326909700251631815791","workDone":"cuppedia spoliatio sonitus"}]','tego nulla counters-plus-config counters-plus-config_json','This is a test asset of type counters-plus-config and format counters-plus-config_json.\nUlciscor illo uxor esse barba iusto. Cui benevolentia amicitia atqui. Compello umerus tactus crustulum coadunatio.','cc0-1.0',NULL,NULL,'66faa8dbacf6d2cab9cab95eacde49ad967cca2c',906995,'["icon6.jpg"]','pending','[]','["demens","corroboro","patria","sufficio","custodia","adficio","vestigium","vulnus","argumentum","astrum","statim","tabula","titulus","qui","corona","consuasor","compono","tergo","auctus","sollers","maxime","iste","sint","deinde","utor","corrumpo","cogito","defetiscor","cetera","talus","tepesco","comis","error","nesciunt","stips","error","cruentus","dolores","aggredior","velit","copia","cavus","dignissimos"]','2025-07-19 05:17:54.420 +00:00','2025-07-19 05:17:54.420 +00:00',NULL),(328,'9622734007','[]','wall','wall_box','22622413246920135196202590','[{"userId":"75268388461378623860100275","workDone":"uterque"}]','inflammatio summopere wall wall_box','This is a test asset of type wall and format wall_box.\nInventore aperiam arguo versus comitatus. Venustas spargo socius laborum ut vergo adflicto studio copia theologus. Tergum animadverto curto.','cc0-1.0',NULL,NULL,'e27bbd8cc8ed023d44a3cd9c19372aebad1f98ba',828490,'["icon1.png"]','private','[]','["auctus","nesciunt","cogito","sint","corona","talus","adficio","sufficio","cavus","tergiversatio","deinde","error","velit","vestigium","patria","compono","dolores"]','2025-07-19 05:17:55.182 +00:00','2025-07-19 05:17:55.182 +00:00',NULL),(449,'7182777397','[]','avatar','avatar_avatar','22622413246920135196202590','[{"userId":"69421939382193957240267878","workDone":"sapiente"}]','adsuesco beneficium avatar avatar_avatar','This is a test asset of type avatar and format avatar_avatar.\nIusto textus defungo statim. Animi amitto studio. Facilis abeo audax cedo sumo amplus.','cc0-1.0',NULL,NULL,'ec07eae4f2d3b0be9db9fdda05f4c99b8cbcce5b',64198,'["icon8.webp","icon7.gif","icon6.jpg"]','pending','[]','["soleo","vulnus","totus","patria","titulus","error","cetera","adficio","compono","error","maxime","utor","deinde","tametsi","cavus","defetiscor","nesciunt","dolores","iste","astrum","stips","vestigium","tabula","auctus","sufficio","copia","tepesco","circumvenio","velit","corrumpo","demens","sint","aggredior","talus","corroboro","qui","cogito","sollers","custodia","corona","coniecto"]','2025-07-19 05:17:55.903 +00:00','2025-07-19 05:17:55.903 +00:00',NULL),(570,NULL,'[]','sound','sound_ogg','58356087009134339486709013','[{"userId":"75268388461378623860100275","workDone":"statim"}]','paulatim autem sound sound_ogg','This is a test asset of type sound and format sound_ogg.\nCuro ullam copia absum ut collum constans. Circumvenio ambulo somnus. Veritas harum carbo thema asporto arto.','cc0-1.0',NULL,NULL,'9db1988cfd24d64e67dcdff8d2d29f498f58b9ed',962055,'["icon6.jpg","icon7.gif"]','pending','[]','["tergiversatio","tametsi"]','2025-07-19 05:17:56.638 +00:00','2025-07-19 05:17:56.638 +00:00',NULL),(218,NULL,'[]','sound','sound_ogg','75268388461378623860100275','[{"userId":"19519326909700251631815791","workDone":"creator"}]','utilis assumenda sound sound_ogg','This is a test asset of type sound and format sound_ogg.\nUter tot denuncio arx thesaurus baiulus censura. Cribro vorago depraedor creptio. Aqua conscendo videlicet vos tres eum articulus clamo.','cc0-1.0',NULL,NULL,'ff99adce11cf4eaa5fdcdc545f402fbccb3eb55c',2832,'["icon3.gif"]','approved','[]','["vulnus","vestigium","totus","patria","qui","astrum","cetera","tepesco","demens","argumentum","adficio","cogito","utor","error","deinde","corroboro","compono","defetiscor","corrumpo","talus","cruentus","sufficio"]','2025-07-19 05:17:54.488 +00:00','2025-07-19 05:17:54.488 +00:00',NULL),(339,NULL,'[]','saber','saber_saber','22622413246920135196202590','[{"userId":"69421939382193957240267878","workDone":"occaecati veritatis"}]','tener adimpleo saber saber_saber','This is a test asset of type saber and format saber_saber.\nTredecim copia balbus demoror comburo enim utrimque aliquam curriculum. Arceo quo comminor benigne deserunt absconditus. Subito defessus suppono caveo vesica adficio eligendi.','cc0-1.0',NULL,NULL,'bdada30c2aa87afa0fd6c5cabf8a58430e89b1ce',484523,'["icon7.gif","icon5.png","icon3.gif","icon8.webp","icon2.jpg"]','pending','[]','["cavus","tametsi","corona","tepesco","dignissimos","dolores","circumvenio","error","patria","vulnus","titulus","tergo","totus","comis","tergiversatio"]','2025-07-19 05:17:55.247 +00:00','2025-07-19 05:17:55.247 +00:00',NULL),(460,'2210708462','[]','banner','banner_png','22622413246920135196202590','[{"userId":"69421939382193957240267878","workDone":"terror aspernatur crur"}]','vix confugo banner banner_png','This is a test asset of type banner and format banner_png.\nUsitas theatrum dedecor. Conicio taedium aliquid textilis sonitus tantum cultura caveo tamquam sed. Eveniet arceo animus strues arbor custodia totidem.','cc0-1.0',NULL,NULL,'994a0d174aa868bb73a00df5abfcdcdd2b2bef62',112503,'["icon6.jpg","icon3.gif","icon7.gif","icon1.png"]','rejected','[]','["talus","tametsi","nesciunt","velit","utor","sollers","iste","argumentum","statim","circumvenio","maxime","corona","tabula","tergo","error","dolores","stips","demens","titulus","consuasor","tergiversatio","totus","soleo","qui","auctus","corroboro","cruentus","error","adficio","cavus","dignissimos","vulnus","tepesco","defetiscor","copia","cetera","vestigium","astrum","coniecto","comis","corona","corrumpo","custodia","compono","sint","patria","sufficio","cogito","deinde"]','2025-07-19 05:17:55.967 +00:00','2025-07-19 05:17:55.967 +00:00',NULL),(108,'9803556942','[]','banner','banner_png','69421939382193957240267878','[{"userId":"22622413246920135196202590","workDone":"apostolus carmen"}]','nisi capto banner banner_png','This is a test asset of type banner and format banner_png.\nConscendo solutio pauci. Perspiciatis adopto vos cotidie. Veritas inflammatio custodia bellum solutio cuius deporto voluptatum.','cc0-1.0',NULL,NULL,'9ac63fee148ecb14e1bb0869aa19909eb564e83a',997348,'["icon7.gif","icon6.jpg","icon8.webp","icon4.webp","icon5.png"]','private','[]','["qui","corroboro","comis","velit","totus","iste","astrum","maxime","tabula","auctus","custodia","cetera","error","tametsi","tepesco","cavus","corona","argumentum","cogito","circumvenio","talus","error","consuasor","statim","vulnus","aggredior","nesciunt","compono","defetiscor","vestigium","cruentus","corrumpo","sollers","adficio","corona"]','2025-07-19 05:17:53.732 +00:00','2025-07-19 05:17:53.732 +00:00',NULL),(229,'0958671861','[]','note','note_bloq','75268388461378623860100275','[{"userId":"58356087009134339486709013","workDone":"cenaculum caute vereor"}]','subito bellicus note note_bloq','This is a test asset of type note and format note_bloq.\nVaco expedita calcar molestiae crustulum vacuus. Crur cunabula villa corrupti ipsa. Deleo degusto eaque atqui numquam tabernus inflammatio argumentum doloremque.','cc0-1.0',NULL,NULL,'eefabfed6cf9c4a122aaa7ede1ea34705e88eccf',412609,'["icon7.gif","icon5.png","icon6.jpg"]','pending','[]','["consuasor","qui","sollers","tergiversatio","corona","cogito","circumvenio","dolores","comis","coniecto"]','2025-07-19 05:17:54.554 +00:00','2025-07-19 05:17:54.554 +00:00',NULL),(350,NULL,'[]','camera2-config','camera2-config_json','22622413246920135196202590','[{"userId":"58356087009134339486709013","workDone":"carus"}]','subito tergiversatio camera2-config camera2-config_json','This is a test asset of type camera2-config and format camera2-config_json.\nUsque vinitor censura vere demo. Distinctio carmen viduo ait aduro stella commemoro conduco. Alias virga sonitus abbas arcesso cubicularis consequuntur iure avarus adfectus.','cc0-1.0',NULL,NULL,'caeaf211aff031cb7def35439bda74aefd4fb9fa',20965,'["icon6.jpg"]','private','[]','["utor","iste","tepesco","consuasor","qui","patria","tergiversatio","corona","vestigium","nesciunt","corona","coniecto"]','2025-07-19 05:17:55.307 +00:00','2025-07-19 05:17:55.307 +00:00',NULL),(119,NULL,'[]','wall','wall_pixie','69421939382193957240267878','[{"userId":"50858482726800324902532806","workDone":"angulus coadunatio aetas"}]','vito callide wall wall_pixie','This is a test asset of type wall and format wall_pixie.\nSpeciosus acsi carus cognomen degero alienus adfero. Tenuis conqueror tredecim careo usitas studio atrocitas defendo assumenda nesciunt. Sulum chirographum defaeco adsidue cultellus comis.','cc0-1.0',NULL,NULL,'bc4ccc242b87695fe7d6cb92af0ee0de234ad6ae',655209,'["icon4.webp","icon3.gif","icon5.png","icon8.webp","icon6.jpg"]','approved','[]','["iste","maxime","nesciunt","auctus","error","argumentum","vulnus","error","aggredior","cogito","deinde","statim","copia","defetiscor","corrumpo","corona","demens","cavus","qui","sollers","tametsi","talus","comis","sufficio","custodia","tepesco","consuasor","dignissimos","cruentus","tergo","compono","soleo"]','2025-07-19 05:17:53.800 +00:00','2025-07-19 05:17:53.800 +00:00',NULL),(240,'4314216088','[]','hitscorevisualizer-config','hitscorevisualizer-config_json','75268388461378623860100275','[{"userId":"69421939382193957240267878","workDone":"caelum"}]','annus adsum hitscorevisualizer-config hitscorevisualizer-config_json','This is a test asset of type hitscorevisualizer-config and format hitscorevisualizer-config_json.\nComparo veniam thorax. Utor solitudo advoco tenetur. Quibusdam porro suffragium cetera uterque ex admiratio caritas aperte.','cc0-1.0',NULL,NULL,'049b64a22aecad76b3d2ef94bbabae1c4a7bbfff',65304,'["icon4.webp","icon7.gif","icon5.png","icon3.gif"]','rejected','[]','["utor","dolores","totus","auctus","coniecto","custodia","error","corroboro","compono","comis","tabula","error","cogito","corrumpo"]','2025-07-19 05:17:54.624 +00:00','2025-07-19 05:17:54.624 +00:00',NULL),(130,'3863978083','[]','saber','saber_wacker','69421939382193957240267878','[{"userId":"75268388461378623860100275","workDone":"voco"}]','vapulus charisma saber saber_wacker','This is a test asset of type saber and format saber_wacker.\nSufficio vulnus demulceo vapulus trado. Copia spectaculum delibero valde crux teres voluptas spiculum. Tabernus pecto solio claustrum culpo desparatus distinctio circumvenio.','cc0-1.0',NULL,NULL,'d47f673da95f6abfcead7644fe67dbedcc7be48e',942284,'["icon5.png","icon4.webp"]','rejected','[]','["custodia","tepesco","soleo","stips","cogito"]','2025-07-19 05:17:53.873 +00:00','2025-07-19 05:17:53.873 +00:00',NULL),(13,'9796857772','[]','chroma-environment','chroma-environment_json','69421939382193957240267878','[{"userId":"22622413246920135196202590","workDone":"vociferor"}]','capillus tergum chroma-environment chroma-environment_json','This is a test asset of type chroma-environment and format chroma-environment_json.\nAgnitio tempore caelum textilis ex sumptus commodo placeat terror. Venustas suffoco tempus tui adhaero. Asporto sollicito adeo ante quasi vicinus amoveo titulus creo.','cc0-1.0',NULL,NULL,'bcbadfee18d25dccbe9d30e477decae1a4ce817c',224643,'["icon3.gif","icon6.jpg","icon1.png"]','rejected','[]','["soleo","corona","tabula","error","comis","demens","deinde","circumvenio","corrumpo","patria","argumentum","iste","talus","cetera","velit","maxime","corona","auctus","vulnus","sufficio","custodia","utor","copia","stips","sollers","tametsi","adficio","nesciunt","tergiversatio","coniecto","tergo","vestigium"]','2025-07-19 05:17:53.097 +00:00','2025-07-19 05:17:53.097 +00:00',NULL),(24,NULL,'[]','wall','wall_box','69421939382193957240267878','[{"userId":"50858482726800324902532806","workDone":"decet delectus"}]','adfero vinculum wall wall_box','This is a test asset of type wall and format wall_box.\nTamquam velociter alius arceo vulariter deludo modi numquam una. Terror nemo omnis venia vorax. Timor bos minima.','cc0-1.0',NULL,NULL,'bb3ca7088556aa7bd84cedafcc2af23ad4eb962e',768356,'["icon3.gif"]','approved','[]','["cavus","totus","error","consuasor","cogito","compono","cetera","adficio","vestigium","maxime","tergiversatio","soleo","talus","demens","corrumpo","velit","aggredior"]','2025-07-19 05:17:53.188 +00:00','2025-07-19 05:17:53.188 +00:00',NULL),(35,'7514438115','[]','saber','saber_saber','69421939382193957240267878','[{"userId":"50858482726800324902532806","workDone":"apto crastinus vestrum"}]','acidus vorax saber saber_saber','This is a test asset of type saber and format saber_saber.\nAliquam texo tergo sperno pariatur approbo. Praesentium eveniet vesper antepono ater maxime denego. Neque atrocitas color collum tremo.','cc0-1.0',NULL,NULL,'ea8af27d3637cb5f9daec5f0a3891f10441da92c',550608,'["icon7.gif","icon8.webp"]','rejected','[]','["patria","stips","tergiversatio","tametsi","error","qui","titulus","cetera","sufficio","corona","utor","custodia","vestigium","cogito","vulnus","astrum","defetiscor","coniecto","tergo","dignissimos","copia","consuasor","nesciunt","talus","compono","deinde","soleo","aggredior","auctus","totus","velit","cruentus","tabula","corona","iste","adficio","demens","dolores","error","tepesco","sint","maxime","comis","argumentum","cavus","statim","circumvenio"]','2025-07-19 05:17:53.265 +00:00','2025-07-19 05:17:53.265 +00:00',NULL),(46,'1275815765','[]','camera2-config','camera2-config_json','69421939382193957240267878','[{"userId":"50858482726800324902532806","workDone":"turpis"}]','nihil somniculosus camera2-config camera2-config_json','This is a test asset of type camera2-config and format camera2-config_json.\nSoluta animus condico vesco suffoco substantia campana. Atrox vae conculco deripio venio fugit qui conicio. Volo subito traho neque odio enim conatus.','cc0-1.0',NULL,NULL,'8cb65fbe4523a7eadef480e018d9f3acc7ddf43f',64386,'["icon5.png","icon2.jpg","icon4.webp","icon6.jpg"]','rejected','[]','["vulnus","totus","stips","cavus","qui","vestigium","demens","custodia","auctus","consuasor","dolores","maxime","soleo","corona","velit","comis","patria","tergiversatio","corroboro","cogito","cetera","cruentus","dignissimos"]','2025-07-19 05:17:53.338 +00:00','2025-07-19 05:17:53.338 +00:00',NULL),(57,NULL,'[]','health-bar','health-bar_energy','69421939382193957240267878','[{"userId":"22622413246920135196202590","workDone":"auditor tener pauper"}]','laudantium catena health-bar health-bar_energy','This is a test asset of type health-bar and format health-bar_energy.\nDecor impedit depraedor absque reprehenderit sint vobis contra. Contego cohaero cunctatio aeger angustus confero carbo angulus. Adamo nobis molestias corroboro.','cc0-1.0',NULL,NULL,'ae1edd54decc3dc63f7f23a2c6cdbf0805daa6bd',491931,'["icon7.gif","icon3.gif","icon8.webp","icon4.webp"]','approved','[]','["utor","statim","iste","coniecto","tepesco","consuasor","sollers","patria","tabula","cogito","titulus","copia","tergiversatio","auctus","talus","tametsi","cavus","comis","error","stips","maxime","corona","demens","vestigium","circumvenio","sufficio","cruentus","compono","dolores","defetiscor","error","soleo","tergo","custodia"]','2025-07-19 05:17:53.406 +00:00','2025-07-19 05:17:53.406 +00:00',NULL),(68,'8518770304','[]','platform','platform_plat','69421939382193957240267878','[{"userId":"19519326909700251631815791","workDone":"asperiores"}]','blandior cura platform platform_plat','This is a test asset of type platform and format platform_plat.\nSuccedo timor articulus repellat bos caecus aperiam aequus. Antiquus vitae tener cohors termes conatus temporibus corporis cenaculum. Decerno cicuta vere suasoria libero crapula enim spero.','cc0-1.0',NULL,NULL,'1b9ce342dd1d6fef96a4c9cd91ecccc6f2fe5ebb',216610,'["icon3.gif","icon1.png","icon8.webp","icon6.jpg","icon4.webp"]','pending','[]','["velit","tergiversatio","patria","sollers","custodia","tabula","totus","error","statim","corroboro","astrum","cogito","vestigium","copia","sufficio","qui","auctus","nesciunt","aggredior","utor","demens","compono"]','2025-07-19 05:17:53.478 +00:00','2025-07-19 05:17:53.478 +00:00',NULL),(79,'0164557987','[]','counters-plus-config','counters-plus-config_json','69421939382193957240267878','[{"userId":"19519326909700251631815791","workDone":"vitae tui antiquus"}]','vulticulus laborum counters-plus-config counters-plus-config_json','This is a test asset of type counters-plus-config and format counters-plus-config_json.\nAccusator porro quis defero amiculum cohors sumptus blanditiis itaque bene. Ipsa decerno earum arbitro bellum contra. Coepi arma perspiciatis teres color universe cupiditate triduana.','cc0-1.0',NULL,NULL,'ebd5817ecfac76d563d0db703cbb4b4f9b0c35ff',720741,'["icon6.jpg","icon8.webp","icon1.png","icon4.webp","icon3.gif"]','private','[]','["cruentus","tametsi","sufficio","adficio","corroboro","dignissimos","error","cavus","custodia","corrumpo","cetera","nesciunt","circumvenio","deinde","utor","copia","stips"]','2025-07-19 05:17:53.551 +00:00','2025-07-19 05:17:53.551 +00:00',NULL),(901,'6702713666','[]','note','note_bloq','19519326909700251631815791','[{"userId":"22622413246920135196202590","workDone":"adversus bestia statim"}]','unde illum note note_bloq','This is a test asset of type note and format note_bloq.\nIllum aranea ultio capillus inflammatio carpo. Ab blandior delego unus error abutor. Defessus vos tenuis cursim expedita adhuc.','cc0-1.0',NULL,NULL,'0aaf9b907c564accb1299b624c9d6cdabd23eeeb',138099,'["icon4.webp","icon7.gif","icon8.webp"]','rejected','[]','["statim","sufficio","qui","totus","defetiscor","talus","cruentus","tergiversatio","tabula","iste","error","astrum","custodia","cogito","demens","corrumpo","tergo","corona","sint","sollers","titulus","patria","copia","vulnus"]','2025-07-19 05:17:58.614 +00:00','2025-07-19 05:17:58.614 +00:00',NULL),(90,NULL,'[]','sound','sound_ogg','69421939382193957240267878','[{"userId":"22622413246920135196202590","workDone":"quas absum acerbitas"}]','tepesco tabesco sound sound_ogg','This is a test asset of type sound and format sound_ogg.\nPlaceat basium usus umerus. Coniecto cado tyrannus cogito altus anser. Amicitia patruus certus amor curvo suppellex.','cc0-1.0',NULL,NULL,'714bc2c6c1f8f70ccc47acabbea54eadd9288fb1',828621,'["icon1.png","icon2.jpg","icon4.webp"]','approved','[]','["dignissimos"]','2025-07-19 05:17:53.620 +00:00','2025-07-19 05:17:53.620 +00:00',NULL),(912,'9702777091','[]','hitscorevisualizer-config','hitscorevisualizer-config_json','19519326909700251631815791','[{"userId":"22622413246920135196202590","workDone":"vomito nisi"}]','ago taedium hitscorevisualizer-config hitscorevisualizer-config_json','This is a test asset of type hitscorevisualizer-config and format hitscorevisualizer-config_json.\nVitae laboriosam caute tristis omnis toties apostolus eveniet fugiat. Iusto aggredior utor atrocitas animadverto depraedor. Suppellex sed cetera.','cc0-1.0',NULL,NULL,'ef69b6aba03b5aabd704b807ef97f5ca7f0fefa8',499148,'["icon6.jpg"]','pending','[]','["error","tametsi","sufficio","cruentus","cogito","cetera","patria","vulnus","aggredior","defetiscor","titulus","consuasor","velit","compono","utor","comis","talus","iste","sint","dignissimos","cavus","deinde","totus","maxime","corona","corrumpo","sollers","tergo","adficio","tepesco","stips","vestigium","dolores","tabula","auctus","corona","statim","soleo","custodia"]','2025-07-19 05:17:58.676 +00:00','2025-07-19 05:17:58.676 +00:00',NULL),(802,'1893021386','[]','saber','saber_wacker','19519326909700251631815791','[{"userId":"58356087009134339486709013","workDone":"adiuvo"}]','aufero aperiam saber saber_wacker','This is a test asset of type saber and format saber_wacker.\nComptus decretum infit utor dolorum odio aestas advenio. Absum veniam odio. Viridis thalassinus universe avarus vorago cubo.','cc0-1.0',NULL,NULL,'aecbffd9c7dde763dfefeea3e1912f43c1dad0ac',918964,'["icon6.jpg","icon1.png","icon2.jpg","icon5.png"]','pending','[]','["dignissimos","cetera","comis","iste","custodia","tergo","vestigium","tametsi","argumentum","cavus","velit","consuasor","auctus","totus","tabula"]','2025-07-19 05:17:58.031 +00:00','2025-07-19 05:17:58.031 +00:00',NULL),(923,NULL,'[]','sound','sound_mp3','19519326909700251631815791','[{"userId":"50858482726800324902532806","workDone":"tremo"}]','ipsam temperantia sound sound_mp3','This is a test asset of type sound and format sound_mp3.\nSuppellex constans minus ars provident. Defendo contigo coruscus amaritudo audeo caries adipisci arbor. Delego consuasor ambulo tripudio.','cc0-1.0',NULL,NULL,'a1e25efd1fd6ad1cc8bd2d61a71b58641f26f1da',835355,'["icon5.png"]','rejected','[]','["deinde","nesciunt","circumvenio","corroboro","custodia","totus","utor","cruentus","cogito","comis","tabula","titulus","auctus","compono"]','2025-07-19 05:17:58.736 +00:00','2025-07-19 05:17:58.736 +00:00',NULL),(813,'2673666281','[]','chroma-environment','chroma-environment_json','19519326909700251631815791','[{"userId":"69421939382193957240267878","workDone":"arcesso valeo"}]','utrimque suspendo chroma-environment chroma-environment_json','This is a test asset of type chroma-environment and format chroma-environment_json.\nAccommodo totus praesentium. Temptatio calco clam debilito angustus constans vigilo soleo aureus curia. Cattus admitto aer perspiciatis vix vigilo abduco curiositas.','cc0-1.0',NULL,NULL,'eabed73caae05bc2a0d2d0a52fdcdc827d11dbf4',405955,'["icon4.webp","icon3.gif","icon5.png","icon7.gif"]','private','[]','["dignissimos","iste","utor","deinde","stips","copia","cavus","tergiversatio","vulnus"]','2025-07-19 05:17:58.097 +00:00','2025-07-19 05:17:58.097 +00:00',NULL),(934,'9086944169','[]','note','note_cyoob','19519326909700251631815791','[{"userId":"58356087009134339486709013","workDone":"vestigium conatus abstergo"}]','quia praesentium note note_cyoob','This is a test asset of type note and format note_cyoob.\nAppono magni cilicium. Votum ultra advoco deduco amoveo carus repellendus venustas. Necessitatibus brevis alias minima amiculum cicuta arbustum adamo suscipit sordeo.','cc0-1.0',NULL,NULL,'8fedccf8e81c9cfbca1d8e7ddbcafc28e3edfa08',885591,'["icon5.png","icon1.png","icon8.webp","icon3.gif","icon4.webp"]','approved','[]','["corrumpo","corona","sollers","patria","argumentum","iste","demens","cogito","aggredior","tametsi","defetiscor","tabula","dignissimos","talus","corroboro"]','2025-07-19 05:17:58.797 +00:00','2025-07-19 05:17:58.797 +00:00',NULL),(824,NULL,'[]','wall','wall_box','19519326909700251631815791','[{"userId":"75268388461378623860100275","workDone":"comparo speciosus chirographum"}]','dignissimos crastinus wall wall_box','This is a test asset of type wall and format wall_box.\nDedico verus eum aequus supellex exercitationem. Quibusdam solus argumentum auctus careo ager caelestis. Maxime aequus aut aureus.','cc0-1.0',NULL,NULL,'ad0da58d56e6c48e953ebfa0ab20fdcc18a7be54',10375,'["icon1.png","icon2.jpg","icon5.png"]','private','[]','["talus","cavus","coniecto","corrumpo","tepesco","cetera","custodia","aggredior","tergo","maxime","velit","deinde"]','2025-07-19 05:17:58.169 +00:00','2025-07-19 05:17:58.169 +00:00',NULL),(945,NULL,'[]','avatar','avatar_avatar','19519326909700251631815791','[{"userId":"50858482726800324902532806","workDone":"theologus versus defaeco"}]','velut suadeo avatar avatar_avatar','This is a test asset of type avatar and format avatar_avatar.\nAvarus peior tantum cilicium patrocinor. Culpo arcesso complectus aegrotatio brevis capillus. Xiphias degenero viduo tamisium celebrer admoneo eum conicio calculus.','cc0-1.0',NULL,NULL,'0d9435ea4bd7ab8ac6bb38ff0f7acaa19cddfb19',724654,'["icon2.jpg","icon4.webp","icon3.gif","icon6.jpg"]','pending','[]','["velit","astrum","statim","cetera","tepesco","error","copia","patria","qui","corona","auctus","corrumpo","error","comis","stips","cruentus","consuasor","compono","coniecto"]','2025-07-19 05:17:58.912 +00:00','2025-07-19 05:17:58.912 +00:00',NULL),(703,NULL,'[]','counters-plus-config','counters-plus-config_json','50858482726800324902532806','[{"userId":"22622413246920135196202590","workDone":"quis optio ventosus"}]','illum amplexus counters-plus-config counters-plus-config_json','This is a test asset of type counters-plus-config and format counters-plus-config_json.\nCoaegresco totus aegrotatio quo stips veritas. Demum adaugeo volaticus. Impedit veritatis valde conduco tamen arma.','cc0-1.0',NULL,NULL,'4e902c64eefe1dc89efef6ef1cfb5d40d89ef75a',482183,'["icon3.gif","icon4.webp","icon7.gif"]','private','[]','["cogito","vulnus","tabula","soleo","circumvenio","consuasor","demens","stips","compono","corona","patria","defetiscor","sufficio","titulus","nesciunt","argumentum","sollers","coniecto","adficio","qui","tergo","cruentus","tametsi","cetera","cavus","dolores","corrumpo","custodia","copia","aggredior","corroboro","sint","tergiversatio","astrum","tepesco","totus","comis","maxime","velit","error","talus","error","deinde","statim","corona","utor"]','2025-07-19 05:17:57.438 +00:00','2025-07-19 05:17:57.438 +00:00',NULL),(835,'3242894330','[]','saber','saber_saber','19519326909700251631815791','[{"userId":"75268388461378623860100275","workDone":"spes eaque tollo"}]','laudantium sunt saber saber_saber','This is a test asset of type saber and format saber_saber.\nError vero cuppedia contego patria. Caute magnam delinquo contabesco pecco aestas atrocitas vix. Tabernus autus deprimo.','cc0-1.0',NULL,NULL,'1c766ac7bc3096e5aaecdce7df0b38825bfed958',466007,'["icon2.jpg","icon8.webp","icon5.png","icon6.jpg"]','rejected','[]','["astrum","corona","adficio","sint","talus","velit","corrumpo","nesciunt","statim","custodia","maxime","aggredior","titulus"]','2025-07-19 05:17:58.238 +00:00','2025-07-19 05:17:58.238 +00:00',NULL),(956,NULL,'[]','banner','banner_png','19519326909700251631815791','[{"userId":"75268388461378623860100275","workDone":"inflammatio amiculum"}]','ager sperno banner banner_png','This is a test asset of type banner and format banner_png.\nAsperiores molestiae desolo accedo caelum minima. Video talus cuius capillus velociter. Cubicularis suffragium ipsam decimus aequus taedium.','cc0-1.0',NULL,NULL,'48c4a9ecfceeebdc136f8d0d0d1d1e33fe06b8e7',35172,'["icon6.jpg","icon3.gif","icon5.png"]','pending','[]','["deinde","comis","sollers","titulus","defetiscor","corona","nesciunt","cruentus","cogito","corrumpo","statim","auctus","dignissimos","talus","tergiversatio","sufficio","dolores","astrum","tergo","utor","qui","corona","soleo","iste","error","circumvenio","stips","adficio","custodia","compono","cavus","maxime","patria","vestigium","totus","aggredior","demens","error","cetera","tametsi","corroboro","copia","vulnus","sint","tabula"]','2025-07-19 05:17:58.985 +00:00','2025-07-19 05:17:58.985 +00:00',NULL),(714,'7802743628','[]','sound','sound_ogg','50858482726800324902532806','[{"userId":"58356087009134339486709013","workDone":"aduro administratio delinquo"}]','thalassinus vomica sound sound_ogg','This is a test asset of type sound and format sound_ogg.\nAbsorbeo tantum contra caritas. Damnatio cursim mollitia succedo. Delectatio architecto cattus suscipio auditor tersus distinctio corrigo.','cc0-1.0',NULL,NULL,'bbfcfcdcdf2f7a5fefa36f90d0dba096950cf2a4',382045,'["icon8.webp"]','approved','[]','["argumentum","cetera","demens","defetiscor","soleo","titulus","vestigium","cruentus","compono","custodia","corona","velit","sollers","adficio","coniecto","talus","cogito","maxime","cavus","vulnus","tergo","error","dignissimos","error","sufficio","aggredior","stips","tepesco","statim","nesciunt","corroboro","comis","qui","sint","tergiversatio","deinde","auctus","corona","circumvenio","tabula"]','2025-07-19 05:17:57.504 +00:00','2025-07-19 05:17:57.504 +00:00',NULL),(846,'1452311958','[]','camera2-config','camera2-config_json','19519326909700251631815791','[{"userId":"58356087009134339486709013","workDone":"aeger vinitor"}]','sponte ambulo camera2-config camera2-config_json','This is a test asset of type camera2-config and format camera2-config_json.\nEnim voveo trans decens coniecto arcus. Aestas argentum vix dolores deleo quasi. Vindico adulescens vere suppono aeternus curiositas administratio bis vindico verus.','cc0-1.0',NULL,NULL,'98e9a7b9c8ac36c1fd601bf68c314ba8f901ffbb',699571,'["icon8.webp","icon3.gif","icon1.png","icon6.jpg"]','rejected','[]','["patria","corroboro","dolores","custodia","corrumpo","totus","defetiscor","demens","error","tergiversatio","consuasor","coniecto","cruentus","talus","titulus","soleo","vulnus","error","cavus"]','2025-07-19 05:17:58.303 +00:00','2025-07-19 05:17:58.303 +00:00',NULL),(604,NULL,'[]','banner','banner_png','58356087009134339486709013','[{"userId":"50858482726800324902532806","workDone":"attollo"}]','et aureus banner banner_png','This is a test asset of type banner and format banner_png.\nTum vomito vere alioqui. Itaque crebro thymum suffragium maiores vomer natus vindico. Inventore alius acer.','cc0-1.0',NULL,NULL,'130a1eaf115edfe74f8cf1ee1dc0b508c011eafd',272934,'["icon8.webp","icon4.webp","icon6.jpg"]','private','[]','["corroboro","auctus","compono","sollers","nesciunt","tepesco","talus","tergiversatio","iste","deinde","error","astrum","vulnus","argumentum","vestigium","tabula","dolores","tametsi","statim","qui","error","velit","maxime","corrumpo","utor","cetera","soleo","defetiscor","cavus"]','2025-07-19 05:17:56.829 +00:00','2025-07-19 05:17:56.829 +00:00',NULL),(725,NULL,'[]','note','note_bloq','50858482726800324902532806','[{"userId":"69421939382193957240267878","workDone":"valde et conturbo"}]','ascit distinctio note note_bloq','This is a test asset of type note and format note_bloq.\nVapulus distinctio accendo sollicito bonus utilis uredo. Sunt aetas cito suffragium atrox solum victus torrens adduco vigor. Ager creo capio studio advoco solus alveus ipsa ab.','cc0-1.0',NULL,NULL,'fbfe9b93d34515fad6e53c0bb458d20e5043a28a',46562,'["icon6.jpg","icon1.png","icon4.webp"]','rejected','[]','["cogito","tametsi","adficio","utor","defetiscor","totus","sint","soleo","vestigium","argumentum","copia","corrumpo","tergiversatio","consuasor","deinde","nesciunt","custodia","error","aggredior","iste","comis","vulnus","error","demens","cruentus","compono","tergo","stips","corona","dolores","tabula","sollers","corona","titulus","cetera","corroboro"]','2025-07-19 05:17:57.568 +00:00','2025-07-19 05:17:57.568 +00:00',NULL),(857,NULL,'[]','health-bar','health-bar_energy','19519326909700251631815791','[{"userId":"58356087009134339486709013","workDone":"vesper ait"}]','arca argentum health-bar health-bar_energy','This is a test asset of type health-bar and format health-bar_energy.\nAegre cilicium suasoria alo crustulum adeptio. Termes cultellus ad verumtamen arcesso solitudo. Argentum terga hic urbs corroboro ducimus ex.','cc0-1.0',NULL,NULL,'fe8b17e1dbe26ffb1de9a68b21b34ff040b3c5b8',151905,'["icon2.jpg","icon4.webp","icon8.webp","icon5.png"]','approved','[]','["corroboro"]','2025-07-19 05:17:58.364 +00:00','2025-07-19 05:17:58.364 +00:00',NULL),(615,'8925097006','[]','wall','wall_pixie','58356087009134339486709013','[{"userId":"22622413246920135196202590","workDone":"temperantia non"}]','caelestis tempora wall wall_pixie','This is a test asset of type wall and format wall_pixie.\nVere commemoro conservo causa ultra cena vos conforto velum. Demonstro adnuo temperantia antiquus tolero deserunt. Angulus tepesco tepidus verto votum.','cc0-1.0',NULL,NULL,'fbd40c2fac89ebc76b76bef8f53ecd0674fcd493',796580,'["icon2.jpg"]','pending','[]','["cruentus","defetiscor","argumentum","patria","custodia","qui","tergiversatio","cogito","dolores","error","corrumpo","cavus","iste","maxime","coniecto","consuasor","auctus","titulus","adficio","comis","tametsi","totus","soleo","talus","tepesco","error","circumvenio","nesciunt","copia","corroboro","demens","aggredior","velit","tergo","vestigium","statim","deinde","stips","compono","tabula","sint","corona","corona","utor","vulnus","dignissimos","sollers","astrum"]','2025-07-19 05:17:56.890 +00:00','2025-07-19 05:17:56.890 +00:00',NULL),(736,NULL,'[]','hitscorevisualizer-config','hitscorevisualizer-config_json','50858482726800324902532806','[{"userId":"22622413246920135196202590","workDone":"admiratio commodo vita"}]','vinculum depulso hitscorevisualizer-config hitscorevisualizer-config_json','This is a test asset of type hitscorevisualizer-config and format hitscorevisualizer-config_json.\nCubicularis degero supplanto sit commodo solium umerus. Ait assentator amet optio. Consectetur ulciscor antepono depraedor curvo audax pariatur caritas colligo advoco.','cc0-1.0',NULL,NULL,'c725eacf7eaf8f32dab66ac07b1c66c8b1c7822e',217808,'["icon5.png","icon2.jpg","icon7.gif"]','pending','[]','["cruentus","corrumpo","demens","vulnus","cavus","iste","totus","sufficio","corona","talus","cetera","maxime","tepesco","error","error","astrum","auctus","custodia","tergiversatio","tametsi","tergo","tabula","cogito","velit","adficio","utor","nesciunt","argumentum","stips"]','2025-07-19 05:17:57.634 +00:00','2025-07-19 05:17:57.634 +00:00',NULL),(868,'9829482105','[]','platform','platform_plat','19519326909700251631815791','[{"userId":"75268388461378623860100275","workDone":"delicate odit"}]','clibanus sponte platform platform_plat','This is a test asset of type platform and format platform_plat.\nAstrum vomica coepi. Acer vitiosus taceo suscipit tabula. Vulgo trado nisi tot victus aiunt.','cc0-1.0',NULL,NULL,'75cb2781505bb69ccbdbc5ecbba2bbfce625da7c',867822,'["icon3.gif","icon4.webp"]','rejected','[]','["stips","utor","custodia","titulus","deinde","tametsi","totus","corroboro","argumentum","talus","corrumpo","consuasor","error","cetera","dignissimos","error","patria","tergo","statim","cruentus"]','2025-07-19 05:17:58.422 +00:00','2025-07-19 05:17:58.422 +00:00',NULL),(505,NULL,'[]','health-bar','health-bar_energy','58356087009134339486709013','[{"userId":"22622413246920135196202590","workDone":"vindico vox"}]','amaritudo via health-bar health-bar_energy','This is a test asset of type health-bar and format health-bar_energy.\nSuscipio derideo valde communis ipsum succedo. Solitudo voluptas vigor custodia dolorum clam. Adhaero sustineo similique cognatus.','cc0-1.0',NULL,NULL,'8f1ad5baabd32be54aeeff0bab9baad47253cba5',171664,'["icon4.webp"]','approved','[]','["vestigium","tergo","corona","tepesco","defetiscor","argumentum","sufficio","deinde","coniecto","soleo","custodia","cavus","titulus","error","corroboro","sint","maxime","cruentus","velit","compono","dignissimos","cogito","aggredior","utor","corrumpo","tametsi","nesciunt","corona","adficio"]','2025-07-19 05:17:56.269 +00:00','2025-07-19 05:17:56.269 +00:00',NULL),(626,NULL,'[]','saber','saber_wacker','58356087009134339486709013','[{"userId":"50858482726800324902532806","workDone":"uxor spectaculum adstringo"}]','antea cicuta saber saber_wacker','This is a test asset of type saber and format saber_wacker.\nConventus nostrum patrocinor alioqui defetiscor crudelis despecto causa. Occaecati tribuo deleo voveo cibus statua quo absque subiungo. Suppellex peior adaugeo degenero delibero.','cc0-1.0',NULL,NULL,'63f18fb8f8bfe6379e4316e4885702bc7ec3b9b5',423226,'["icon2.jpg","icon1.png","icon4.webp","icon6.jpg"]','approved','[]','["sint","titulus","astrum","stips","error","aggredior","cavus","demens","vestigium","patria","corrumpo","corroboro","velit","cruentus","nesciunt","cetera","defetiscor","coniecto","copia","maxime","tametsi","talus","corona","circumvenio","sollers","dignissimos","error","sufficio","iste","argumentum","cogito","tergo","custodia","deinde","tergiversatio","qui","totus"]','2025-07-19 05:17:56.953 +00:00','2025-07-19 05:17:56.953 +00:00',NULL),(747,'2364594866','[]','sound','sound_mp3','50858482726800324902532806','[{"userId":"75268388461378623860100275","workDone":"error"}]','vehemens sonitus sound sound_mp3','This is a test asset of type sound and format sound_mp3.\nEx supra capitulus delectus adeo vicinus illo vestrum sed. Vitae talis tunc audax compello. Utrum nulla cito curatio voluptas ea desipio crastinus decor.','cc0-1.0',NULL,NULL,'00aeccf11acf619f5f957afbefed16e5f9d20f79',177461,'["icon4.webp","icon7.gif","icon3.gif","icon1.png","icon5.png"]','pending','[]','["iste","comis","statim","tametsi","qui","adficio","compono","titulus","error","astrum","stips","demens","custodia","dignissimos","cetera","corroboro","corrumpo","error","soleo","sufficio","dolores","tergiversatio","aggredior","cavus","sollers","cogito","tepesco","corona","vestigium","tabula","copia","talus","argumentum","consuasor"]','2025-07-19 05:17:57.695 +00:00','2025-07-19 05:17:57.695 +00:00',NULL),(879,'9485595569','[]','counters-plus-config','counters-plus-config_json','19519326909700251631815791','[{"userId":"50858482726800324902532806","workDone":"testimonium harum angelus"}]','ipsa deficio counters-plus-config counters-plus-config_json','This is a test asset of type counters-plus-config and format counters-plus-config_json.\nAlveus corrupti umerus iusto vulariter tabella suscipio comprehendo asper absque. Xiphias claustrum timidus voro appono absque soleo cornu conculco urbs. Civis caterva ubi tepidus condico curiositas depromo atrocitas apostolus strenuus.','cc0-1.0',NULL,NULL,'b16b9f7743b816f8d0fc00051d841d8d94686daa',614890,'["icon8.webp","icon7.gif","icon6.jpg","icon4.webp"]','private','[]','["statim","aggredior","patria","demens","cruentus","corrumpo","corroboro","tametsi","defetiscor","astrum","tergo","titulus","tergiversatio","talus","corona","utor","dolores","qui","adficio","error","corona","coniecto","comis","sufficio","deinde","soleo","compono","argumentum"]','2025-07-19 05:17:58.488 +00:00','2025-07-19 05:17:58.488 +00:00',NULL),(516,'2911460836','[]','platform','platform_plat','58356087009134339486709013','[{"userId":"75268388461378623860100275","workDone":"facilis"}]','aspernatur occaecati platform platform_plat','This is a test asset of type platform and format platform_plat.\nQuod ultio thema turbo damnatio benigne. Vulpes suggero arbitro urbs. Asperiores admiratio cruentus tum.','cc0-1.0',NULL,NULL,'3e24a2dfca7d7d164510b9bddbbe4fe86ec18c78',188260,'["icon6.jpg","icon4.webp","icon8.webp","icon3.gif","icon7.gif"]','private','[]','["tametsi","dolores","argumentum","corona","soleo","iste","cavus","adficio","corona","deinde","defetiscor","comis","consuasor","totus","tergiversatio","circumvenio","maxime","talus","cetera","cogito","custodia","dignissimos","demens","coniecto","error","auctus","stips","qui","sollers","patria","corroboro","corrumpo","tepesco","statim"]','2025-07-19 05:17:56.332 +00:00','2025-07-19 05:17:56.332 +00:00',NULL),(637,NULL,'[]','chroma-environment','chroma-environment_json','58356087009134339486709013','[{"userId":"19519326909700251631815791","workDone":"quisquam quod accommodo"}]','sono cursim chroma-environment chroma-environment_json','This is a test asset of type chroma-environment and format chroma-environment_json.\nHarum terebro ipsam aliqua. Consequatur despecto ars vix valens facere attonbitus. Odio appono crustulum crebro strenuus abscido.','cc0-1.0',NULL,NULL,'bb3cdda3c4b4e4aaba99e1af4daedcc9daf8a1c0',62759,'["icon1.png","icon6.jpg","icon3.gif","icon5.png"]','pending','[]','["argumentum","vulnus","error","cruentus","tepesco","talus","tabula","corroboro","sollers","maxime","coniecto","demens","cavus","utor","dolores","error","comis","adficio","circumvenio","auctus","corona","tametsi","corrumpo","patria","nesciunt"]','2025-07-19 05:17:57.018 +00:00','2025-07-19 05:17:57.018 +00:00',NULL),(758,NULL,'[]','note','note_cyoob','50858482726800324902532806','[{"userId":"58356087009134339486709013","workDone":"tergeo patria suppono"}]','confero veritas note note_cyoob','This is a test asset of type note and format note_cyoob.\nVociferor comedo tersus consequuntur compono inventore convoco balbus fugiat. Aliqua viriliter copia debitis et adduco verbum collum suus astrum. Ciminatio atrox cattus nisi.','cc0-1.0',NULL,NULL,'33fecb1f4a023fe7e628bd7a2adae87d7c426721',715431,'["icon2.jpg","icon5.png","icon7.gif","icon6.jpg"]','private','[]','["comis","compono","vulnus","maxime","talus","tametsi","tabula","copia","sollers","argumentum","cogito","consuasor","corona","dignissimos","vestigium","custodia","nesciunt","totus","corona","corroboro","tergiversatio","utor","deinde","circumvenio","tergo","soleo","velit","sint","demens","iste"]','2025-07-19 05:17:57.754 +00:00','2025-07-19 05:17:57.754 +00:00',NULL),(890,NULL,'[]','sound','sound_ogg','19519326909700251631815791','[{"userId":"75268388461378623860100275","workDone":"tot"}]','curiositas terga sound sound_ogg','This is a test asset of type sound and format sound_ogg.\nSum carmen deserunt carpo clibanus turpis. Cognatus officia virga caute. Theatrum annus antepono appono theologus.','cc0-1.0',NULL,NULL,'a1a4f9eb7b50302ace3e50dcf4e79eed0deffcf9',793795,'["icon2.jpg","icon6.jpg","icon1.png"]','pending','[]','["dignissimos","tepesco","error","cruentus","soleo","vulnus","maxime","sollers","aggredior","custodia","corona","corona","auctus","error","coniecto","totus","astrum"]','2025-07-19 05:17:58.553 +00:00','2025-07-19 05:17:58.553 +00:00',NULL),(10,'3744059710','[]','sound','sound_ogg','69421939382193957240267878','[{"userId":"58356087009134339486709013","workDone":"delicate advenio sit"}]','conicio necessitatibus sound sound_ogg','This is a test asset of type sound and format sound_ogg.\nValidus abscido cubitum spiritus sequi quisquam. Demitto cursim sumo texo conscendo sonitus. Conculco amet sufficio thesaurus.','cc0-1.0',NULL,NULL,'21f81ebcccdc22d411d3ab341ff0b5b00a5037dc',707596,'["icon8.webp","icon4.webp","icon3.gif","icon6.jpg"]','approved','[]','["sint","tepesco","custodia","deinde","circumvenio","nesciunt","error","maxime","corrumpo","cogito","corroboro","vestigium","demens","iste","patria","soleo","totus","astrum","consuasor","aggredior","corona","tergiversatio","utor","stips","dolores","vulnus","cetera"]','2025-07-19 05:17:53.077 +00:00','2025-07-19 05:17:53.077 +00:00',NULL),(406,NULL,'[]','note','note_cyoob','22622413246920135196202590','[{"userId":"58356087009134339486709013","workDone":"copiose clarus"}]','magnam urbanus note note_cyoob','This is a test asset of type note and format note_cyoob.\nAttonbitus umerus compono apparatus vesco cotidie. Sophismata cilicium carmen decens cuppedia auditor expedita vesper. Cunctatio audacia patrocinor custodia spiculum atqui acerbitas.','cc0-1.0',NULL,NULL,'c011b044dab4befb9dc6fc8ee2de2b0ceab3da5d',441030,'["icon2.jpg","icon1.png","icon6.jpg","icon3.gif"]','private','[]','["sufficio","consuasor","utor","patria","tergiversatio","cruentus","auctus","cetera","circumvenio","error","comis","demens","sollers","cogito"]','2025-07-19 05:17:55.631 +00:00','2025-07-19 05:17:55.631 +00:00',NULL),(527,'1312141461','[]','counters-plus-config','counters-plus-config_json','58356087009134339486709013','[{"userId":"50858482726800324902532806","workDone":"angelus timidus perspiciatis"}]','casso fuga counters-plus-config counters-plus-config_json','This is a test asset of type counters-plus-config and format counters-plus-config_json.\nTunc tego vomica curvo cena tersus crinis omnis quam. Decerno abbas solium acer adnuo aveho supellex. Toties celebrer cupio thymum cumque.','cc0-1.0',NULL,NULL,'0aa5c1da0924d0be4e0fa6aedd886b2ed9b3ef25',396369,'["icon3.gif","icon8.webp","icon4.webp","icon5.png","icon6.jpg"]','private','[]','["sint","stips","tametsi","velit","coniecto","adficio","statim","patria","iste","titulus","corona","consuasor","sufficio","corroboro","deinde","dignissimos","maxime","sollers","astrum","argumentum","cruentus","copia","utor","tergo","circumvenio","qui","corona","cogito","error","auctus","cetera","aggredior","error","tabula","soleo","demens","dolores","talus","custodia"]','2025-07-19 05:17:56.393 +00:00','2025-07-19 05:17:56.393 +00:00',NULL),(648,'9220243031','[]','wall','wall_box','50858482726800324902532806','[{"userId":"75268388461378623860100275","workDone":"pecus suus"}]','tenetur libero wall wall_box','This is a test asset of type wall and format wall_box.\nVer degenero decumbo advoco colo ars unus. Crastinus caelestis dedico. Vulgo valetudo velum facere vulpes.','cc0-1.0',NULL,NULL,'deea2e5af4a2dd5af381ff08dca7efeef7bec929',223836,'["icon1.png","icon6.jpg","icon7.gif","icon2.jpg","icon5.png"]','approved','[]','["totus","deinde","compono","statim","patria","vestigium","coniecto","vulnus","error","tametsi","soleo","corrumpo","cogito","error","tergo","velit"]','2025-07-19 05:17:57.129 +00:00','2025-07-19 05:17:57.129 +00:00',NULL),(769,'2992860179','[]','avatar','avatar_avatar','50858482726800324902532806','[{"userId":"19519326909700251631815791","workDone":"accusator"}]','defendo vacuus avatar avatar_avatar','This is a test asset of type avatar and format avatar_avatar.\nCivis absens a tricesimus claudeo certus. Universe quibusdam corroboro. Desidero ulciscor subiungo corrupti tremo.','cc0-1.0',NULL,NULL,'dac6ed426b4fbfc5cc52ef2baaab6afb30ff6ba3',392793,'["icon8.webp","icon5.png"]','rejected','[]','["argumentum","compono","tepesco","tergiversatio","aggredior","nesciunt","utor","defetiscor","deinde","soleo","maxime","patria","sint","coniecto","corroboro","sufficio","tametsi","cavus","talus","corona","corrumpo","custodia","vestigium","error","tergo","cetera","sollers","iste","statim","demens","titulus","consuasor","qui","cogito"]','2025-07-19 05:17:57.817 +00:00','2025-07-19 05:17:57.817 +00:00',NULL),(417,'5125647255','[]','avatar','avatar_avatar','22622413246920135196202590','[{"userId":"75268388461378623860100275","workDone":"subito odio sponte"}]','dolorem urbanus avatar avatar_avatar','This is a test asset of type avatar and format avatar_avatar.\nAdulescens coaegresco vomito. Usus ventito unde deporto sit surgo. Teneo praesentium eligendi attonbitus vestrum vociferor sol.','cc0-1.0',NULL,NULL,'9ca83fc868aad5adabaff1c7df9534bd6b1afbfd',418246,'["icon5.png","icon6.jpg","icon3.gif","icon4.webp","icon1.png"]','private','[]','["vestigium","circumvenio","tergiversatio","cogito","statim","tergo","sollers","auctus","adficio","aggredior","copia","defetiscor","talus","sufficio","vulnus","consuasor","corroboro","iste","corrumpo","astrum","comis","tabula","sint","stips","custodia","compono","tametsi","error","cetera","tepesco","error","titulus","demens","utor","dolores","maxime","corona","nesciunt","velit","cruentus","deinde"]','2025-07-19 05:17:55.692 +00:00','2025-07-19 05:17:55.692 +00:00',NULL),(538,NULL,'[]','sound','sound_ogg','58356087009134339486709013','[{"userId":"75268388461378623860100275","workDone":"videlicet"}]','voluntarius villa sound sound_ogg','This is a test asset of type sound and format sound_ogg.\nAdamo acervus absque titulus delinquo. Verbera solutio necessitatibus. Audax tergum desino arx enim circumvenio cena vilitas surculus.','cc0-1.0',NULL,NULL,'f02ce9fa6afcc41ea6fbbaede03a03d1eda8ff80',144683,'["icon1.png"]','rejected','[]','["corroboro","error","dolores","coniecto","corrumpo"]','2025-07-19 05:17:56.453 +00:00','2025-07-19 05:17:56.453 +00:00',NULL),(659,NULL,'[]','saber','saber_saber','50858482726800324902532806','[{"userId":"69421939382193957240267878","workDone":"confero cervus aperio"}]','enim adeo saber saber_saber','This is a test asset of type saber and format saber_saber.\nAdfero iure sollicito nulla tametsi est soluta aeternus atque sunt. Approbo umerus delinquo degenero desparatus crapula sumptus tergum perspiciatis. Balbus vilitas ara.','cc0-1.0',NULL,NULL,'7e0d2bc4cd28d396867da5fe9d740ee8f3d1e98e',482146,'["icon8.webp","icon2.jpg","icon3.gif","icon7.gif","icon5.png"]','approved','[]','["talus","adficio","cogito","qui","tabula","copia","titulus","coniecto"]','2025-07-19 05:17:57.192 +00:00','2025-07-19 05:17:57.192 +00:00',NULL),(780,'5510412571','[]','banner','banner_png','50858482726800324902532806','[{"userId":"69421939382193957240267878","workDone":"aggero bellum"}]','argentum ocer banner banner_png','This is a test asset of type banner and format banner_png.\nSupra abscido solio. Vulgus reiciendis solvo. Caveo depono qui.','cc0-1.0',NULL,NULL,'dfaf88d0d2a9195cee3e9fbcf7d7cdacec402bd5',305221,'["icon3.gif","icon6.jpg"]','approved','[]','["cruentus","dolores","sint","tergo","error","qui","deinde","demens","compono","coniecto","astrum","aggredior","titulus","corrumpo","cetera","maxime","talus","adficio","circumvenio","auctus","vulnus","cogito","copia","error","custodia","corona","corroboro","statim","tergiversatio","utor","nesciunt","sufficio","tepesco","velit","dignissimos","sollers","stips","totus","consuasor","comis","iste","tabula"]','2025-07-19 05:17:57.880 +00:00','2025-07-19 05:17:57.880 +00:00',NULL),(307,NULL,'[]','saber','saber_saber','75268388461378623860100275','[{"userId":"58356087009134339486709013","workDone":"vitium"}]','acidus alo saber saber_saber','This is a test asset of type saber and format saber_saber.\nTriduana auctus thalassinus adeo deludo barba. Ipsa repudiandae certe. Tamdiu virtus universe alius.','cc0-1.0',NULL,NULL,'2ed259bcabacaebeab187b7eb0ddff6e295f1e0d',155808,'["icon6.jpg","icon1.png","icon5.png","icon7.gif"]','rejected','[]','["circumvenio","dolores","soleo","tergo","comis","corrumpo","defetiscor","corona","titulus","tabula","utor","velit","cogito","error"]','2025-07-19 05:17:55.022 +00:00','2025-07-19 05:17:55.022 +00:00',NULL),(428,'7700117600','[]','banner','banner_png','22622413246920135196202590','[{"userId":"50858482726800324902532806","workDone":"verbum eligendi"}]','tyrannus tonsor banner banner_png','This is a test asset of type banner and format banner_png.\nCoadunatio crapula eius. Contra corrigo tutamen taedium vomito amaritudo claudeo aeternus. Alveus compono corpus.','cc0-1.0',NULL,NULL,'ab9b94a7a76adc9dc291bbd2c2cd4c2ad7a0db2c',566048,'["icon5.png","icon1.png","icon2.jpg"]','pending','[]','["argumentum","velit","tergo","vulnus","sufficio","deinde","aggredior","custodia","talus","cogito","cavus","error","vestigium","titulus","defetiscor","consuasor","patria","coniecto","compono","error","statim","sint","corroboro"]','2025-07-19 05:17:55.765 +00:00','2025-07-19 05:17:55.765 +00:00',NULL),(549,'3159973476','[]','note','note_bloq','58356087009134339486709013','[{"userId":"69421939382193957240267878","workDone":"adsuesco quisquam doloremque"}]','cupiditate terra note note_bloq','This is a test asset of type note and format note_bloq.\nComes taedium animi contigo. Astrum tergeo molestiae delibero sed vinum. Iure vivo terra suscipit suggero.','cc0-1.0',NULL,NULL,'65e226e4be4771603eab4fb9e3f05fd478a22453',724906,'["icon8.webp","icon5.png","icon1.png"]','rejected','[]','["statim","consuasor","copia","error","sufficio","dolores","nesciunt","tabula","iste"]','2025-07-19 05:17:56.517 +00:00','2025-07-19 05:17:56.517 +00:00',NULL),(670,NULL,'[]','camera2-config','camera2-config_json','50858482726800324902532806','[{"userId":"19519326909700251631815791","workDone":"bos comitatus"}]','conspergo sub camera2-config camera2-config_json','This is a test asset of type camera2-config and format camera2-config_json.\nVerto vereor cohaero. Attollo maxime aduro anser stultus ratione non aer patrocinor arx. Vitium ullam adipisci viduo substantia reiciendis tabernus adfero desidero.','cc0-1.0',NULL,NULL,'4f4a51f5f7cdbdd6e1d173caae4e4ffa1d4571ce',313694,'["icon3.gif","icon7.gif","icon4.webp","icon2.jpg"]','pending','[]','["cogito"]','2025-07-19 05:17:57.257 +00:00','2025-07-19 05:17:57.257 +00:00',NULL),(318,NULL,'[]','camera2-config','camera2-config_json','75268388461378623860100275','[{"userId":"22622413246920135196202590","workDone":"aetas blandior"}]','arca comminor camera2-config camera2-config_json','This is a test asset of type camera2-config and format camera2-config_json.\nTum aequitas studio tergiversatio defaeco armarium absens sonitus aliquam voluptates. Chirographum peior alo calco tardus. Tricesimus vicinus mollitia.','cc0-1.0',NULL,NULL,'ffc5d5bdcac3f7ccdc9fc7bdd76badfcaf1f2baa',45227,'["icon3.gif","icon1.png"]','pending','[]','["deinde","sufficio","aggredior","vulnus","tabula","error","error","tametsi","corrumpo","totus","coniecto","cavus","iste","circumvenio","tepesco","nesciunt","defetiscor","corona","cogito","dolores","qui","dignissimos","statim","cruentus","maxime","sollers","sint","argumentum","vestigium","titulus","cetera","copia","corona","demens","custodia","auctus","corroboro","patria","compono","comis","utor","consuasor","astrum","tergiversatio"]','2025-07-19 05:17:55.087 +00:00','2025-07-19 05:17:55.087 +00:00',NULL),(439,NULL,'[]','wall','wall_pixie','22622413246920135196202590','[{"userId":"69421939382193957240267878","workDone":"quidem vereor"}]','capto dignissimos wall wall_pixie','This is a test asset of type wall and format wall_pixie.\nDecet adeptio error vix capio facere cupiditate aetas. Corroboro ago crepusculum decimus natus bos argumentum deprecator. Cedo capillus ademptio synagoga comis.','cc0-1.0',NULL,NULL,'b81dbfaadab7d311c65edba738c4cda2d2f74ebf',990851,'["icon7.gif","icon3.gif","icon1.png","icon6.jpg"]','pending','[]','["error","error","sufficio","copia","dolores","iste","dignissimos","stips","tepesco","cogito","titulus","patria","soleo","coniecto","custodia","tergiversatio","nesciunt","vestigium","compono","velit","sint","cavus","qui","tametsi","cetera","corroboro","tabula","defetiscor","aggredior","maxime","tergo","consuasor","circumvenio","statim","cruentus","vulnus","sollers","utor","argumentum","talus","comis","corrumpo"]','2025-07-19 05:17:55.839 +00:00','2025-07-19 05:17:55.839 +00:00',NULL),(560,'8557358547','[]','hitscorevisualizer-config','hitscorevisualizer-config_json','58356087009134339486709013','[{"userId":"69421939382193957240267878","workDone":"atavus coaegresco consectetur"}]','audax baiulus hitscorevisualizer-config hitscorevisualizer-config_json','This is a test asset of type hitscorevisualizer-config and format hitscorevisualizer-config_json.\nVolo placeat eaque decens coruscus adipisci peccatus aestivus. Accommodo deprimo teres casso animus. Casso defluo volva tempore amaritudo sordeo.','cc0-1.0',NULL,NULL,'7f7ff91b806d8b12daadcafd28be45ca64427ada',912373,'["icon3.gif","icon7.gif","icon2.jpg","icon6.jpg","icon5.png"]','private','[]','["sollers","comis","sufficio","deinde","totus","corona","adficio","dignissimos","qui","error","cogito","tepesco","auctus","velit","nesciunt","argumentum","corona","dolores","iste","aggredior","corroboro","soleo","defetiscor","error","stips","vestigium","tametsi","utor","consuasor","talus","cruentus","maxime","circumvenio","cetera"]','2025-07-19 05:17:56.578 +00:00','2025-07-19 05:17:56.578 +00:00',NULL),(208,'5791210704','[]','hitscorevisualizer-config','hitscorevisualizer-config_json','75268388461378623860100275','[{"userId":"22622413246920135196202590","workDone":"benevolentia terminatio nemo"}]','veniam denego hitscorevisualizer-config hitscorevisualizer-config_json','This is a test asset of type hitscorevisualizer-config and format hitscorevisualizer-config_json.\nConatus provident beatus ipsum annus conventus agnosco nostrum. Reiciendis admiratio tumultus acceptus animus somnus tabella aperio candidus adimpleo. Pecto bis turpis curto officiis.','cc0-1.0',NULL,NULL,'590e0d91513ee0fd74dccfec7e5c01abba4bafbc',929097,'["icon5.png","icon2.jpg"]','private','[]','["corrumpo","aggredior","cruentus","corona","tabula","utor","error","demens","stips","talus","comis","tergiversatio","defetiscor"]','2025-07-19 05:17:54.425 +00:00','2025-07-19 05:17:54.425 +00:00',NULL),(329,'9244173085','[]','health-bar','health-bar_energy','22622413246920135196202590','[{"userId":"50858482726800324902532806","workDone":"asperiores vel"}]','vulgaris aperio health-bar health-bar_energy','This is a test asset of type health-bar and format health-bar_energy.\nOmnis absum sollers cibus vaco. Angelus quibusdam claro attero. Considero concido synagoga convoco damnatio ancilla corrigo communis voluptas.','cc0-1.0',NULL,NULL,'efb4eced1bc052ff7bf9fb508a296a5e25ecba5b',388099,'["icon3.gif","icon5.png","icon2.jpg"]','approved','[]','["tergiversatio","cruentus","corona","talus","soleo","corona","statim","utor","compono","corroboro","velit","tergo","sufficio","cavus","iste","deinde","tepesco","titulus","circumvenio","tabula","corrumpo","coniecto","maxime","cetera"]','2025-07-19 05:17:55.188 +00:00','2025-07-19 05:17:55.188 +00:00',NULL),(450,'5286672121','[]','saber','saber_wacker','22622413246920135196202590','[{"userId":"19519326909700251631815791","workDone":"bis"}]','consectetur concedo saber saber_wacker','This is a test asset of type saber and format saber_wacker.\nAufero abscido sed suscipit agnosco utrimque conscendo sol adinventitias. Ad enim deputo arto ulterius creta vigor tertius degusto. Sufficio dolor bos perspiciatis paens adeo stella repellat cervus.','cc0-1.0',NULL,NULL,'ea1997ef2b2c3bcd85fb33f2fa6bccac8a97c615',454336,'["icon7.gif","icon1.png","icon8.webp"]','rejected','[]','["vulnus","auctus","maxime","titulus","totus","qui","defetiscor"]','2025-07-19 05:17:55.909 +00:00','2025-07-19 05:17:55.909 +00:00',NULL),(219,NULL,'[]','sound','sound_mp3','75268388461378623860100275','[{"userId":"58356087009134339486709013","workDone":"cubicularis autus"}]','capio blanditiis sound sound_mp3','This is a test asset of type sound and format sound_mp3.\nClibanus clibanus venia. Ago repellendus tondeo ullus vero reprehenderit crinis fuga crur. At causa coma nulla valens pel adficio.','cc0-1.0',NULL,NULL,'65d9a8fc0927b1dfc078a423a3d15ac13faab446',123967,'["icon3.gif","icon6.jpg","icon5.png","icon1.png","icon2.jpg"]','pending','[]','["maxime","cetera","soleo","tergo","consuasor","stips","corona","velit","defetiscor","corona","totus","coniecto","tabula","vestigium","cogito","qui","deinde","sint","iste","tametsi","dignissimos","aggredior","error","utor","cruentus","auctus","dolores","tepesco","cavus","adficio","argumentum","sufficio","error","circumvenio","comis","corroboro","corrumpo","vulnus","statim","nesciunt","custodia","compono"]','2025-07-19 05:17:54.494 +00:00','2025-07-19 05:17:54.494 +00:00',NULL),(340,NULL,'[]','platform','platform_plat','22622413246920135196202590','[{"userId":"75268388461378623860100275","workDone":"atrox"}]','rerum velit platform platform_plat','This is a test asset of type platform and format platform_plat.\nTenax sit desino denuo audax conicio aureus tolero somnus somnus. Unus valde thymum officia curiositas curriculum reprehenderit quia. Corroboro desolo fugit usitas via cupiditate.','cc0-1.0',NULL,NULL,'a3cdacad6cccb0bbee87945ad53eebd847016c3e',16174,'["icon6.jpg","icon5.png","icon1.png","icon7.gif","icon3.gif"]','approved','[]','["coniecto","consuasor","cavus","circumvenio","tabula","defetiscor","vulnus"]','2025-07-19 05:17:55.253 +00:00','2025-07-19 05:17:55.253 +00:00',NULL),(109,'3662455426','[]','chroma-environment','chroma-environment_json','69421939382193957240267878','[{"userId":"19519326909700251631815791","workDone":"adsidue"}]','blanditiis attonbitus chroma-environment chroma-environment_json','This is a test asset of type chroma-environment and format chroma-environment_json.\nAra vulticulus laudantium custodia. Amet velum consequuntur tenax eius. Deduco neque despecto eligendi super suus quae dolorum atque.','cc0-1.0',NULL,NULL,'fbca6232725bea0fee96a0afa13232abd18659fd',827836,'["icon8.webp"]','private','[]','["argumentum","totus","utor","circumvenio","consuasor","comis","statim","tepesco","titulus","deinde","corroboro","maxime","custodia","dignissimos","cogito","iste","nesciunt","cruentus","corona","auctus","sint","sufficio","talus","aggredior","stips","coniecto","cetera","vulnus","patria","corrumpo","velit","tametsi","dolores","cavus"]','2025-07-19 05:17:53.737 +00:00','2025-07-19 05:17:53.737 +00:00',NULL),(230,'4541624936','[]','note','note_cyoob','75268388461378623860100275','[{"userId":"58356087009134339486709013","workDone":"adipisci vulnero bardus"}]','venustas tenuis note note_cyoob','This is a test asset of type note and format note_cyoob.\nTabella delinquo spiritus consuasor maxime curso cornu audio iste angelus. Acies adduco debilito atavus et argumentum. Cavus conicio suscipit vindico ultra demens.','cc0-1.0',NULL,NULL,'8daa1cd78db4a70547e22da3a60a85a110c898d2',696751,'["icon2.jpg","icon6.jpg"]','approved','[]','["stips","titulus","totus","corroboro","tergiversatio","dolores","sint","cetera","argumentum","tabula","circumvenio","copia","soleo","nesciunt","velit","utor","coniecto","adficio","talus","auctus","maxime","demens","astrum","cruentus","sufficio","custodia","compono","statim","defetiscor","error","tametsi","tepesco","cogito"]','2025-07-19 05:17:54.559 +00:00','2025-07-19 05:17:54.559 +00:00',NULL),(120,NULL,'[]','wall','wall_box','69421939382193957240267878','[{"userId":"58356087009134339486709013","workDone":"bonus tego adsum"}]','deprecator incidunt wall wall_box','This is a test asset of type wall and format wall_box.\nTergum degero timor absque tam tego contra adsidue cultellus subseco. Tres vitium deludo earum cuppedia atavus balbus. Sustineo spero amicitia cursim atqui sequi turpis adsuesco.','cc0-1.0',NULL,NULL,'83ddcbd9e37b48ecd04e1b6fcfbe29aa10f0bd18',996965,'["icon1.png","icon4.webp","icon6.jpg","icon8.webp","icon3.gif"]','rejected','[]','["cogito","error","sollers","velit","consuasor","maxime","totus","corroboro","tabula","defetiscor","copia","dolores","corona","talus","cruentus","corrumpo","tepesco","sufficio","argumentum","deinde","titulus","demens","astrum","vestigium","statim","corona","utor","aggredior","iste","error","qui","soleo","custodia"]','2025-07-19 05:17:53.806 +00:00','2025-07-19 05:17:53.806 +00:00',NULL),(14,'7487038721','[]','camera2-config','camera2-config_json','69421939382193957240267878','[{"userId":"50858482726800324902532806","workDone":"ante desparatus adhaero"}]','victus uterque camera2-config camera2-config_json','This is a test asset of type camera2-config and format camera2-config_json.\nTheatrum bestia pauci veritatis cicuta torrens id suppono depraedor campana. Subnecto nostrum cui conduco sophismata. Trucido corrumpo clementia capio.','cc0-1.0',NULL,NULL,'8a9b3fb19eb8dd0ef5b0adef48ff5e69dce2c1f5',77729,'["icon7.gif"]','approved','[]','["custodia","consuasor","iste","utor","copia","dolores","vestigium","corona","sint","circumvenio","talus","error","aggredior","coniecto","tabula","cetera","auctus","corroboro","nesciunt","corona","patria","velit","compono","tergo","cruentus","argumentum","vulnus","stips","tepesco","sollers","cogito","titulus","qui","defetiscor","cavus","tergiversatio","sufficio","soleo","corrumpo","maxime","comis","astrum","demens"]','2025-07-19 05:17:53.106 +00:00','2025-07-19 05:17:53.106 +00:00',NULL),(25,NULL,'[]','health-bar','health-bar_energy','69421939382193957240267878','[{"userId":"50858482726800324902532806","workDone":"speciosus quis verumtamen"}]','cubicularis error health-bar health-bar_energy','This is a test asset of type health-bar and format health-bar_energy.\nCelebrer magnam adficio advoco soluta taceo enim aperio voluptas minima. Admoveo dolorem corrumpo curia sordeo cogito cupressus turpis suppellex. Deleo advoco clam.','cc0-1.0',NULL,NULL,'feb8762f3f483d3be05b7eedc35703c84abb2eca',289349,'["icon6.jpg","icon1.png","icon8.webp","icon7.gif","icon5.png"]','private','[]','["velit","maxime"]','2025-07-19 05:17:53.195 +00:00','2025-07-19 05:17:53.195 +00:00',NULL),(36,'6885771608','[]','platform','platform_plat','69421939382193957240267878','[{"userId":"75268388461378623860100275","workDone":"aiunt"}]','coerceo admoveo platform platform_plat','This is a test asset of type platform and format platform_plat.\nStabilis sortitus attollo. Reprehenderit undique corrupti sollicito temeritas astrum. Cresco certus subnecto desino coruscus.','cc0-1.0',NULL,NULL,'e91cf29be8d150cf0abdcbdb0cb04a6fb9d00be3',121009,'["icon3.gif"]','rejected','[]','["copia","vulnus","tabula","astrum","iste","patria","corona","corroboro","adficio","velit","compono","nesciunt","sufficio","comis","cavus","corrumpo","sint","cruentus","cogito","dolores","defetiscor","tametsi","aggredior","titulus","coniecto","deinde","tergo","utor","cetera","stips"]','2025-07-19 05:17:53.271 +00:00','2025-07-19 05:17:53.271 +00:00',NULL),(47,'2121430346','[]','counters-plus-config','counters-plus-config_json','69421939382193957240267878','[{"userId":"22622413246920135196202590","workDone":"sum dolorem soleo"}]','soluta eligendi counters-plus-config counters-plus-config_json','This is a test asset of type counters-plus-config and format counters-plus-config_json.\nDemens eius sint vitium voveo utrimque titulus coepi. Solvo totam tristis angustus vulgivagus. Cimentarius caput surgo sono stabilis curatio teneo tui clam subito.','cc0-1.0',NULL,NULL,'bd2c87bf4f84a54b1fdfdacae5b1235d6efc07a6',538501,'["icon2.jpg","icon3.gif","icon6.jpg"]','private','[]','["corona","patria","error","tametsi","cogito","corroboro","statim","argumentum","tergiversatio","deinde","tergo","totus","circumvenio","sollers","qui","iste","sint","tepesco","soleo","compono","cruentus","cetera","auctus","consuasor","sufficio","astrum","dolores","custodia","cavus","demens","talus","dignissimos","defetiscor","corona","utor","copia","nesciunt","error","tabula","stips","adficio","coniecto","velit","titulus"]','2025-07-19 05:17:53.345 +00:00','2025-07-19 05:17:53.345 +00:00',NULL),(58,NULL,'[]','sound','sound_ogg','69421939382193957240267878','[{"userId":"58356087009134339486709013","workDone":"facilis vigor"}]','tamquam surgo sound sound_ogg','This is a test asset of type sound and format sound_ogg.\nQuis possimus pecco attero pauper. Distinctio argumentum spargo demergo adsum decimus. Teres perspiciatis cito pectus cornu degenero.','cc0-1.0',NULL,NULL,'ffe697e78ca52c0aeb3a730b1cfec9fd79d22aae',982821,'["icon6.jpg"]','pending','[]','["totus","tametsi","cogito","titulus","vulnus","cruentus","adficio","custodia","cetera","qui","circumvenio","talus","velit","corona","astrum","cavus","defetiscor","statim","deinde","aggredior","tergiversatio","argumentum","sint","dignissimos","iste","vestigium","consuasor","compono","stips","utor","corona","copia","coniecto","soleo","dolores","maxime","sollers","comis","patria","demens","corrumpo","tabula","nesciunt","error","error","corroboro","tepesco","tergo","sufficio","auctus"]','2025-07-19 05:17:53.414 +00:00','2025-07-19 05:17:53.414 +00:00',NULL),(69,'7108012845','[]','note','note_bloq','69421939382193957240267878','[{"userId":"58356087009134339486709013","workDone":"comptus"}]','bonus valde note note_bloq','This is a test asset of type note and format note_bloq.\nViscus cedo vindico vobis vespillo. Cavus velit vicissitudo. Blandior averto umerus ater turba bestia solvo audeo commemoro vos.','cc0-1.0',NULL,NULL,'cbad1ac4de0f1901eb6c4a4c2567fdf7e6cbe7ae',635254,'["icon2.jpg","icon7.gif","icon3.gif","icon4.webp"]','pending','[]','["defetiscor","dolores","corona","titulus","sufficio","sollers","totus","auctus","cruentus","stips","tergiversatio","corona","sint","soleo","dignissimos","corroboro","statim","utor","tepesco","patria","cogito","demens","custodia","cavus","vulnus","adficio","tametsi","error","vestigium","aggredior","compono","iste","tabula","tergo","circumvenio","nesciunt","coniecto","cetera","consuasor","maxime","qui","astrum","corrumpo"]','2025-07-19 05:17:53.484 +00:00','2025-07-19 05:17:53.484 +00:00',NULL),(80,'1473209734','[]','hitscorevisualizer-config','hitscorevisualizer-config_json','69421939382193957240267878','[{"userId":"58356087009134339486709013","workDone":"itaque stultus"}]','inventore arx hitscorevisualizer-config hitscorevisualizer-config_json','This is a test asset of type hitscorevisualizer-config and format hitscorevisualizer-config_json.\nAbscido tricesimus volo debilito alioqui casso ascisco compono. Ascisco communis conor correptius tantillus colo. Vinum avaritia valens ipsa cubo adfero adfectus ago.','cc0-1.0',NULL,NULL,'b38f7dadfcfedec5ab3932e880fba0419afd2359',591961,'["icon8.webp","icon6.jpg"]','rejected','[]','["tepesco","error","circumvenio","corrumpo","corona","custodia","maxime","sollers","astrum","qui","cetera","dignissimos","aggredior","talus","tametsi","adficio","coniecto","soleo","auctus","comis","sufficio","statim","tergo","cogito","utor","consuasor","compono","cavus","defetiscor","demens","corroboro","velit","cruentus","vulnus","stips","vestigium","totus","copia","error"]','2025-07-19 05:17:53.558 +00:00','2025-07-19 05:17:53.558 +00:00',NULL),(902,'8569788204','[]','note','note_cyoob','19519326909700251631815791','[{"userId":"50858482726800324902532806","workDone":"tardus"}]','curso saepe note note_cyoob','This is a test asset of type note and format note_cyoob.\nTotidem cohors communis corona comprehendo asper aliqua. Abduco vacuus verus similique spoliatio tenuis via tener. Denuo volaticus ventus assumenda adhaero cura tum basium.','cc0-1.0',NULL,NULL,'54fec3dace164dc32ffacd6fc0bdf0cffaba3e5a',856864,'["icon6.jpg","icon7.gif","icon1.png","icon5.png"]','rejected','[]','["patria","corrumpo","cetera","circumvenio","error","utor","talus","dignissimos","adficio","corona","sollers","tergiversatio","iste","maxime","cogito","argumentum","comis","totus"]','2025-07-19 05:17:58.621 +00:00','2025-07-19 05:17:58.621 +00:00',NULL),(913,NULL,'[]','avatar','avatar_avatar','19519326909700251631815791','[{"userId":"22622413246920135196202590","workDone":"veniam decumbo adimpleo"}]','fugiat nesciunt avatar avatar_avatar','This is a test asset of type avatar and format avatar_avatar.\nTheologus volubilis depono vado aegrus depraedor surculus arca verbera. Barba tendo corrigo cimentarius. Derelinquo praesentium brevis amplexus aequitas vulgus adiuvo delicate tantillus.','cc0-1.0',NULL,NULL,'01a66da4debaf1b9dfeec2dbfbbb9ba83fd8dc23',882443,'["icon1.png"]','approved','[]','["soleo","coniecto","tergiversatio","compono","totus","corrumpo","aggredior","deinde","talus","cruentus","sufficio","iste","statim","corona","error","defetiscor","patria","tabula","stips","cetera","argumentum","utor","cavus","vestigium"]','2025-07-19 05:17:58.681 +00:00','2025-07-19 05:17:58.681 +00:00',NULL),(803,'1685334612','[]','saber','saber_saber','19519326909700251631815791','[{"userId":"75268388461378623860100275","workDone":"cubicularis angustus"}]','vergo cimentarius saber saber_saber','This is a test asset of type saber and format saber_saber.\nThalassinus apto carcer. Degusto armarium verbera causa charisma. Tabgo laudantium adaugeo vapulus.','cc0-1.0',NULL,NULL,'b98f8d0266cbfe848d71d1c4eedac1ababf2b9da',554024,'["icon4.webp"]','private','[]','["compono"]','2025-07-19 05:17:58.036 +00:00','2025-07-19 05:17:58.036 +00:00',NULL),(924,NULL,'[]','banner','banner_png','19519326909700251631815791','[{"userId":"75268388461378623860100275","workDone":"victus assentator circumvenio"}]','aureus architecto banner banner_png','This is a test asset of type banner and format banner_png.\nTum accommodo illum a synagoga timor antiquus acquiro deprimo astrum. Auctor arcesso demitto alias tergum cubo cuius. Provident accusamus talio tego demo.','cc0-1.0',NULL,NULL,'acd7c9a1ce5af9596bad530747ab129d6fffdf38',637585,'["icon4.webp","icon1.png"]','rejected','[]','["cetera","velit","coniecto","aggredior","soleo","tepesco","comis","corona","corrumpo","sint","utor","tabula","tametsi"]','2025-07-19 05:17:58.741 +00:00','2025-07-19 05:17:58.741 +00:00',NULL),(814,'6565457654','[]','camera2-config','camera2-config_json','19519326909700251631815791','[{"userId":"69421939382193957240267878","workDone":"alter maiores terreo"}]','tertius infit camera2-config camera2-config_json','This is a test asset of type camera2-config and format camera2-config_json.\nQuia tabella bellum caveo clibanus. Confido voluntarius aduro sint comminor sustineo. Bonus vinitor mollitia deleo stips suscipit vomito.','cc0-1.0',NULL,NULL,'f0c622fb1335c2d4a74d39bd2bcf4e756c5cbe7d',32128,'["icon1.png","icon7.gif"]','rejected','[]','["deinde","error","compono"]','2025-07-19 05:17:58.104 +00:00','2025-07-19 05:17:58.104 +00:00',NULL),(935,'3286567213','[]','wall','wall_pixie','19519326909700251631815791','[{"userId":"75268388461378623860100275","workDone":"carbo tutamen"}]','cado caelestis wall wall_pixie','This is a test asset of type wall and format wall_pixie.\nDegero concido depopulo tyrannus magnam vito studio vinco derideo dolorem. Tepesco amor ambulo dolorum barba caelestis volup nesciunt vilicus. Sopor cattus aetas demens.','cc0-1.0',NULL,NULL,'fee3e6131e8e1bbfba5ef60a1c467cffebb58dc7',494157,'["icon1.png","icon7.gif"]','approved','[]','["astrum","compono","corona","statim"]','2025-07-19 05:17:58.810 +00:00','2025-07-19 05:17:58.810 +00:00',NULL),(825,NULL,'[]','health-bar','health-bar_energy','19519326909700251631815791','[{"userId":"58356087009134339486709013","workDone":"cupiditate repellendus"}]','thesis virga health-bar health-bar_energy','This is a test asset of type health-bar and format health-bar_energy.\nCinis paens summisse teres. Utroque defaeco absque solum cimentarius amicitia dolores id vulgaris. Teres ut sordeo aufero.','cc0-1.0',NULL,NULL,'7fc0cabcd44eab18b2779dcefdacab7fd61febd8',578297,'["icon6.jpg","icon5.png","icon4.webp","icon8.webp"]','approved','[]','["compono"]','2025-07-19 05:17:58.177 +00:00','2025-07-19 05:17:58.177 +00:00',NULL),(946,NULL,'[]','saber','saber_wacker','19519326909700251631815791','[{"userId":"22622413246920135196202590","workDone":"curia apud"}]','libero utpote saber saber_wacker','This is a test asset of type saber and format saber_wacker.\nA vesper consequatur dolore beatus compello. Coma tollo ipsa voluptas clarus summa decor deludo alo culpa. Baiulus explicabo tempore constans armarium depraedor cur.','cc0-1.0',NULL,NULL,'1d64e4eb2abd96ce5db4d2074cab3b80bf52b6b3',408755,'["icon3.gif"]','approved','[]','["copia","tabula","dignissimos","tametsi","corrumpo","totus","compono","statim"]','2025-07-19 05:17:58.923 +00:00','2025-07-19 05:17:58.923 +00:00',NULL),(704,NULL,'[]','hitscorevisualizer-config','hitscorevisualizer-config_json','50858482726800324902532806','[{"userId":"19519326909700251631815791","workDone":"conatus caritas"}]','solitudo templum hitscorevisualizer-config hitscorevisualizer-config_json','This is a test asset of type hitscorevisualizer-config and format hitscorevisualizer-config_json.\nSuus creber succurro urbs asperiores vir theologus tabula occaecati varietas. Nisi odio vesco tepesco. Animus anser administratio canonicus utroque amet vespillo.','cc0-1.0',NULL,NULL,'aabb17e26b45cfe0ff82bd05dd0bb745bbedfbfa',525396,'["icon4.webp"]','approved','[]','["stips","dolores","corona","cavus","sint","defetiscor","tabula","patria","corona","vestigium","adficio"]','2025-07-19 05:17:57.445 +00:00','2025-07-19 05:17:57.445 +00:00',NULL),(836,'1630655224','[]','platform','platform_plat','19519326909700251631815791','[{"userId":"50858482726800324902532806","workDone":"subseco adnuo pecus"}]','templum timor platform platform_plat','This is a test asset of type platform and format platform_plat.\nVero pauci cicuta suffragium saepe ago aveho adamo substantia nesciunt. Suus carbo alius pel casus tamdiu aurum cupiditate. Excepturi facere theologus ubi vir.','cc0-1.0',NULL,NULL,'4ecd3bbd27b1da4e600fe9ebd5b06dda58791dfd',909504,'["icon1.png"]','rejected','[]','["talus","vulnus","stips","auctus","deinde","custodia","sint","patria","velit","cavus","sufficio","cogito","titulus","soleo","corona","astrum","cetera","dolores","copia"]','2025-07-19 05:17:58.244 +00:00','2025-07-19 05:17:58.244 +00:00',NULL),(957,NULL,'[]','chroma-environment','chroma-environment_json','19519326909700251631815791','[{"userId":"75268388461378623860100275","workDone":"votum"}]','ascit coepi chroma-environment chroma-environment_json','This is a test asset of type chroma-environment and format chroma-environment_json.\nAbsum talis careo repudiandae verbera deripio advenio stillicidium. Coniuratio tenax admitto adimpleo. Coaegresco animi callide strenuus adhuc tribuo aranea.','cc0-1.0',NULL,NULL,'555ee0be3ba93a1ebfeaaf0e43a2b4c20edbf5df',538053,'["icon4.webp","icon5.png","icon7.gif","icon8.webp","icon3.gif"]','rejected','[]','["astrum","titulus","sint","corroboro","error","velit","consuasor","demens","compono","error","tergo","tametsi","defetiscor","dolores","utor","stips","patria","custodia","auctus","maxime","tepesco","corona","aggredior","tergiversatio","soleo","coniecto","totus","dignissimos","comis","circumvenio","cruentus","argumentum","cogito","nesciunt","tabula","vulnus","vestigium","copia","adficio","sollers","qui","statim","sufficio"]','2025-07-19 05:17:58.993 +00:00','2025-07-19 05:17:58.993 +00:00',NULL),(715,'6718879516','[]','sound','sound_mp3','50858482726800324902532806','[{"userId":"58356087009134339486709013","workDone":"auctus concedo correptius"}]','eveniet qui sound sound_mp3','This is a test asset of type sound and format sound_mp3.\nCunae solus thesaurus vapulus summisse defendo administratio. Altus vitae aliquid synagoga adsidue. Ventus quo cursim corrumpo perferendis deficio cura.','cc0-1.0',NULL,NULL,'6f1e913ff41c0f700861a03c86e60fd5cddb165a',158644,'["icon6.jpg","icon4.webp","icon7.gif","icon8.webp"]','rejected','[]','["totus","copia","dignissimos","corrumpo","demens","dolores","defetiscor","cetera"]','2025-07-19 05:17:57.509 +00:00','2025-07-19 05:17:57.509 +00:00',NULL),(847,'1632229188','[]','counters-plus-config','counters-plus-config_json','19519326909700251631815791','[{"userId":"69421939382193957240267878","workDone":"torqueo amplitudo"}]','trans admoveo counters-plus-config counters-plus-config_json','This is a test asset of type counters-plus-config and format counters-plus-config_json.\nCohibeo articulus architecto certus cuppedia torrens patria collum canis. Aptus tracto sophismata conitor thermae timor sulum nam. Adduco vindico blanditiis thalassinus vomica aliquid colligo tertius.','cc0-1.0',NULL,NULL,'86dc7badde44d451ecd3d6dedee9d49a87ae9cb8',195857,'["icon1.png"]','approved','[]','["custodia","cogito","talus","coniecto","maxime","totus","argumentum","soleo","velit","sollers","error","auctus","dignissimos","adficio","sint","qui","patria","stips","tabula","compono","tametsi","circumvenio","copia","astrum","utor","corroboro","comis","defetiscor","statim","vestigium","tergiversatio","iste","corrumpo","error","tergo","corona","demens","aggredior","tepesco","vulnus","cetera","nesciunt","cavus"]','2025-07-19 05:17:58.308 +00:00','2025-07-19 05:17:58.308 +00:00',NULL),(605,NULL,'[]','chroma-environment','chroma-environment_json','58356087009134339486709013','[{"userId":"50858482726800324902532806","workDone":"fugit similique"}]','via abundans chroma-environment chroma-environment_json','This is a test asset of type chroma-environment and format chroma-environment_json.\nDefendo tener veritatis cumque xiphias. Rem chirographum teneo tabula tamisium infit pax infit viduo adipisci. Sum alveus traho crinis tenuis aegre beatae coruscus optio.','cc0-1.0',NULL,NULL,'fbeb281ec328cbf8ad9ce7aea9b572796befff6c',944896,'["icon7.gif","icon5.png","icon3.gif"]','pending','[]','["corona","error","tepesco","nesciunt","tabula","demens","corrumpo","iste","coniecto","astrum","stips","sufficio","custodia","sint","velit","argumentum","adficio","tametsi","corona","cetera","error"]','2025-07-19 05:17:56.835 +00:00','2025-07-19 05:17:56.835 +00:00',NULL),(726,NULL,'[]','note','note_cyoob','50858482726800324902532806','[{"userId":"19519326909700251631815791","workDone":"totus canis desino"}]','arceo quisquam note note_cyoob','This is a test asset of type note and format note_cyoob.\nAdmitto creo corporis caelestis congregatio canto vomito. Aureus cruciamentum vel veritas in quasi debitis usque. Desidero nisi crapula absens acies degero at compono odit.','cc0-1.0',NULL,NULL,'380faecaca9ed7df77ddbc4da7d4b35b5cc457c5',462708,'["icon8.webp","icon4.webp"]','approved','[]','["tabula","aggredior","consuasor","comis","sufficio","dolores","tametsi","demens","sollers","astrum","corona","corroboro","vulnus","vestigium","talus","cruentus","titulus","auctus","compono","nesciunt","maxime","tepesco","custodia","corrumpo","sint","argumentum","cogito","adficio","cetera","totus","soleo","circumvenio","stips","corona","error","defetiscor","velit","deinde","statim","utor","cavus","qui","dignissimos","error","patria","copia","tergiversatio","iste","coniecto","tergo"]','2025-07-19 05:17:57.574 +00:00','2025-07-19 05:17:57.574 +00:00',NULL),(858,NULL,'[]','sound','sound_ogg','19519326909700251631815791','[{"userId":"75268388461378623860100275","workDone":"perferendis aegrotatio"}]','porro articulus sound sound_ogg','This is a test asset of type sound and format sound_ogg.\nVel tondeo audacia arguo amita comprehendo autem vigilo absum. Reiciendis tollo dolorum. Verto ceno cogito bardus vulgo ater volaticus credo.','cc0-1.0',NULL,NULL,'fdb6fb9b6771bac68d42a06a395a4d916fa2cf22',848305,'["icon8.webp"]','rejected','[]','["error","sufficio","circumvenio","custodia","compono","totus","coniecto","deinde","tepesco","vestigium","qui","tabula","comis","tergo","sollers","corrumpo","adficio","cogito","astrum","patria"]','2025-07-19 05:17:58.368 +00:00','2025-07-19 05:17:58.368 +00:00',NULL),(616,'5669247465','[]','wall','wall_box','58356087009134339486709013','[{"userId":"22622413246920135196202590","workDone":"autus"}]','nostrum praesentium wall wall_box','This is a test asset of type wall and format wall_box.\nCotidie sulum comedo necessitatibus pariatur antea copia celer. Voluptatem corporis arbustum caries vos adamo crustulum viridis. Tricesimus debilito pecco sto clam culpo voluptas.','cc0-1.0',NULL,NULL,'74ee08accec8664bd9ceb96bd3bbfedbc36641d3',89125,'["icon3.gif","icon8.webp","icon1.png"]','pending','[]','["tepesco","patria","error","dignissimos"]','2025-07-19 05:17:56.896 +00:00','2025-07-19 05:17:56.896 +00:00',NULL),(737,'4729108254','[]','avatar','avatar_avatar','50858482726800324902532806','[{"userId":"58356087009134339486709013","workDone":"cura modi"}]','delinquo tamisium avatar avatar_avatar','This is a test asset of type avatar and format avatar_avatar.\nTextilis cresco xiphias torrens tristis quas id caries porro quis. Atrox thermae quam aperiam commodo vulgus suscipit talus. Ancilla ademptio tabernus venia quod utique.','cc0-1.0',NULL,NULL,'d853ab7752bdfb3d4c8cb0dffc2e58e7bb4ac70b',145216,'["icon1.png"]','rejected','[]','["statim","coniecto","corrumpo","compono","totus","custodia","maxime","error","error","comis","cruentus"]','2025-07-19 05:17:57.639 +00:00','2025-07-19 05:17:57.639 +00:00',NULL),(869,'9802510231','[]','note','note_bloq','19519326909700251631815791','[{"userId":"75268388461378623860100275","workDone":"avarus amitto"}]','compono vobis note note_bloq','This is a test asset of type note and format note_bloq.\nIn ullam aiunt virgo iure trepide cura tero suscipio. Ait capitulus capillus astrum suggero. Tyrannus laborum conturbo suffoco patrocinor accusamus strues cogo studio.','cc0-1.0',NULL,NULL,'c4daaca53cbb0da0f6adba046b944c1aa29a4a5e',532300,'["icon1.png","icon4.webp","icon5.png"]','pending','[]','["tergiversatio","tergo","tametsi","soleo","corrumpo","auctus","argumentum","sint","error","compono","vulnus","coniecto","qui","defetiscor","error","corona","cogito","totus","cavus","velit","corroboro","consuasor","tabula","vestigium","stips","talus","demens","sollers","comis","titulus","cetera","iste","astrum","custodia","statim","copia","dolores","adficio","circumvenio","dignissimos","aggredior","patria","cruentus","nesciunt","sufficio","tepesco","deinde"]','2025-07-19 05:17:58.427 +00:00','2025-07-19 05:17:58.427 +00:00',NULL),(506,NULL,'[]','sound','sound_ogg','58356087009134339486709013','[{"userId":"50858482726800324902532806","workDone":"quidem"}]','consectetur annus sound sound_ogg','This is a test asset of type sound and format sound_ogg.\nDeputo spargo exercitationem a provident auxilium. Adsum carpo pecco cerno talio canonicus adinventitias absorbeo somniculosus ait. Audio abbas sublime veritatis aptus sursum atavus comitatus aliqua ait.','cc0-1.0',NULL,NULL,'7ecfa6c52aa09dd24f1bc1f808bad9761ee87d84',427613,'["icon1.png","icon3.gif","icon5.png","icon2.jpg","icon6.jpg"]','rejected','[]','["sufficio","defetiscor","corona","stips","corrumpo","aggredior","auctus","sint","consuasor","deinde","talus","patria","utor","cogito","titulus","vulnus","cavus","cetera","maxime","tepesco","tabula","copia","error","circumvenio","error","corona","astrum","comis","tametsi","vestigium","statim","velit"]','2025-07-19 05:17:56.276 +00:00','2025-07-19 05:17:56.276 +00:00',NULL),(627,NULL,'[]','saber','saber_saber','58356087009134339486709013','[{"userId":"75268388461378623860100275","workDone":"adicio"}]','derideo ceno saber saber_saber','This is a test asset of type saber and format saber_saber.\nVolutabrum summisse defessus cicuta cunctatio ceno quaerat caries. Carbo capio talis pecco cupiditate amicitia calculus cogito fugiat. Acceptus umbra capto virtus soleo.','cc0-1.0',NULL,NULL,'98d330be57c9bcd72bebffb7efaced86944b5d9c',519432,'["icon6.jpg","icon1.png"]','rejected','[]','["statim","auctus","patria","dignissimos","corona","error","consuasor","argumentum","cogito","coniecto","totus","vestigium","corona","tepesco","tametsi","maxime","soleo","nesciunt","compono","astrum","demens","corroboro"]','2025-07-19 05:17:56.959 +00:00','2025-07-19 05:17:56.959 +00:00',NULL),(748,'1124632962','[]','banner','banner_png','50858482726800324902532806','[{"userId":"22622413246920135196202590","workDone":"attollo demum barba"}]','uxor decerno banner banner_png','This is a test asset of type banner and format banner_png.\nSub una conturbo crustulum adeptio vesper ducimus amplexus. Ventito ater calco vulnus adhaero calcar tres. Charisma capio terreo usus amor demulceo.','cc0-1.0',NULL,NULL,'c4af4389432b0d0c02b0fab88f7eeea2fee4d39c',775456,'["icon2.jpg"]','pending','[]','["stips","corona","cetera","dolores","vestigium","nesciunt","demens","dignissimos","cogito","statim","deinde","circumvenio","titulus","totus","sufficio","corroboro","tabula","utor","error","coniecto","sint","velit","cruentus","comis","argumentum","copia","corona","tergiversatio","soleo","qui","vulnus","compono","sollers","patria","consuasor","iste"]','2025-07-19 05:17:57.700 +00:00','2025-07-19 05:17:57.700 +00:00',NULL),(880,'3845703364','[]','hitscorevisualizer-config','hitscorevisualizer-config_json','19519326909700251631815791','[{"userId":"75268388461378623860100275","workDone":"desipio"}]','tamdiu ambulo hitscorevisualizer-config hitscorevisualizer-config_json','This is a test asset of type hitscorevisualizer-config and format hitscorevisualizer-config_json.\nSubvenio tolero via charisma facilis. Aeneus vesica socius spectaculum cernuus. Turba ciminatio admoveo vulgaris denuncio voluptatem verbera spes campana.','cc0-1.0',NULL,NULL,'f7cc0cde3bbd343a98f53dbcbec5deed8ef8dd6b',997747,'["icon1.png","icon6.jpg"]','private','[]','["corrumpo","stips","adficio","soleo","corroboro","cruentus","tergo","dignissimos","aggredior","demens","defetiscor","patria","custodia","iste"]','2025-07-19 05:17:58.494 +00:00','2025-07-19 05:17:58.494 +00:00',NULL),(517,'5051703185','[]','note','note_bloq','58356087009134339486709013','[{"userId":"69421939382193957240267878","workDone":"amaritudo corporis adulescens"}]','tabernus sonitus note note_bloq','This is a test asset of type note and format note_bloq.\nSuadeo summisse solium defluo vapulus vergo beneficium. Infit tollo cum pauper tamen peior deputo. Ipsum velociter thymbra alter demens verecundia.','cc0-1.0',NULL,NULL,'430bcacabab5391ce8ce0b00cdc45e91389acc0a',552276,'["icon1.png","icon8.webp","icon2.jpg","icon4.webp"]','approved','[]','["tergo","totus","patria","demens","maxime","consuasor","talus","comis","dolores","cruentus","sufficio","sint","vulnus","tergiversatio","nesciunt","argumentum","sollers","soleo","titulus","cetera","coniecto","adficio","iste","tametsi","corroboro","compono","error","auctus","cogito","corona","copia","corona","cavus","defetiscor","dignissimos","astrum","aggredior","circumvenio"]','2025-07-19 05:17:56.338 +00:00','2025-07-19 05:17:56.338 +00:00',NULL),(638,NULL,'[]','camera2-config','camera2-config_json','58356087009134339486709013','[{"userId":"22622413246920135196202590","workDone":"distinctio sit"}]','quo attollo camera2-config camera2-config_json','This is a test asset of type camera2-config and format camera2-config_json.\nBestia benigne conitor quam adversus argumentum quidem celebrer artificiose degusto. Suasoria autem tamen sit constans teneo cuppedia. Ultra tener officia aeger suffragium facilis.','cc0-1.0',NULL,NULL,'97c2bab9507aa22b7b63d0abfa54ba4ccee336cd',244110,'["icon5.png","icon4.webp","icon8.webp"]','rejected','[]','["tergiversatio","corona","soleo","patria","totus","tergo","iste","demens","utor","qui","nesciunt","coniecto","maxime","cogito","argumentum","statim","corrumpo","adficio","vulnus","custodia","sufficio","tametsi","astrum","sint","comis","tepesco","corona","dignissimos","stips","defetiscor","aggredior","cetera"]','2025-07-19 05:17:57.023 +00:00','2025-07-19 05:17:57.023 +00:00',NULL),(759,NULL,'[]','wall','wall_pixie','50858482726800324902532806','[{"userId":"75268388461378623860100275","workDone":"deficio"}]','culpa blandior wall wall_pixie','This is a test asset of type wall and format wall_pixie.\nCoerceo praesentium convoco concido illum catena est sortitus absconditus audacia. Sulum nam officia villa vita ceno alienus. Hic comminor id denuo vix sordeo ullam claudeo crapula vox.','cc0-1.0',NULL,NULL,'5557ee6eb822f43b7aabd83cac27ba477a7e15db',993901,'["icon5.png","icon8.webp"]','pending','[]','["dolores","comis","tergo","tametsi","sollers","error","corroboro","tergiversatio","defetiscor","aggredior","tabula","cavus","vulnus","corona","vestigium","totus","iste","utor"]','2025-07-19 05:17:57.759 +00:00','2025-07-19 05:17:57.759 +00:00',NULL),(407,NULL,'[]','wall','wall_pixie','22622413246920135196202590','[{"userId":"58356087009134339486709013","workDone":"avaritia cum acquiro"}]','harum stultus wall wall_pixie','This is a test asset of type wall and format wall_pixie.\nSupplanto corrigo caveo culpo enim valens umerus asporto debilito depromo. Spes usque debilito tenus. Speculum ullam cotidie alveus adopto vulpes cubicularis audentia.','cc0-1.0',NULL,NULL,'d89cc823b2cfbb0ec8db1729bf1ce1f4b584dcad',2596,'["icon8.webp","icon2.jpg"]','pending','[]','["defetiscor","soleo","error","statim","maxime","corona","sint","argumentum","astrum","velit","corroboro","cogito","cavus","consuasor","adficio","aggredior","tabula","corona","talus","utor","auctus","iste","titulus","compono","dolores","demens","tergo","dignissimos","custodia","cruentus","tepesco","vestigium","copia","error"]','2025-07-19 05:17:55.636 +00:00','2025-07-19 05:17:55.636 +00:00',NULL),(528,'2852565088','[]','hitscorevisualizer-config','hitscorevisualizer-config_json','58356087009134339486709013','[{"userId":"22622413246920135196202590","workDone":"tergo acer adsuesco"}]','sodalitas aegrus hitscorevisualizer-config hitscorevisualizer-config_json','This is a test asset of type hitscorevisualizer-config and format hitscorevisualizer-config_json.\nSuppono advoco vilitas dolorem. Comburo undique celebrer. Tertius decretum cohibeo sumptus concido adaugeo tunc derelinquo.','cc0-1.0',NULL,NULL,'c5da8e285da1b4323c53b8e9cbb6b739ac233bd4',147351,'["icon1.png","icon3.gif","icon7.gif"]','pending','[]','["error","argumentum","defetiscor"]','2025-07-19 05:17:56.399 +00:00','2025-07-19 05:17:56.399 +00:00',NULL),(649,'7828926391','[]','health-bar','health-bar_energy','50858482726800324902532806','[{"userId":"19519326909700251631815791","workDone":"ad spoliatio"}]','tum sono health-bar health-bar_energy','This is a test asset of type health-bar and format health-bar_energy.\nMagni sollers suasoria temperantia congregatio uberrime supra aestivus. Audentia cupiditas doloribus tenuis advoco earum vitium asper. Chirographum vesco circumvenio arbitro tumultus pax aureus ver coma comptus.','cc0-1.0',NULL,NULL,'0e6b30cad2b2f3d17a33fefd310dec0dec5a0dd5',963373,'["icon7.gif","icon8.webp","icon3.gif"]','private','[]','["cavus","vestigium","defetiscor","deinde","sollers","tabula","cruentus","aggredior","error","maxime"]','2025-07-19 05:17:57.135 +00:00','2025-07-19 05:17:57.135 +00:00',NULL),(770,'4793832667','[]','saber','saber_wacker','50858482726800324902532806','[{"userId":"75268388461378623860100275","workDone":"pectus"}]','una maxime saber saber_wacker','This is a test asset of type saber and format saber_wacker.\nBestia auctor excepturi ventus comprehendo altus alioqui bene. Attonbitus antepono tribuo facilis carpo summisse totidem. Peccatus acervus audeo.','cc0-1.0',NULL,NULL,'9e40d101cf15663a2f0dedfa89f7d85c08270ef4',458346,'["icon1.png","icon8.webp","icon3.gif"]','private','[]','["qui","deinde","astrum","corroboro","argumentum","vestigium","error","corona","consuasor","utor","circumvenio","stips","velit","adficio","defetiscor","compono"]','2025-07-19 05:17:57.823 +00:00','2025-07-19 05:17:57.823 +00:00',NULL),(418,'9252729512','[]','saber','saber_wacker','22622413246920135196202590','[{"userId":"75268388461378623860100275","workDone":"delinquo auditor"}]','curia aeneus saber saber_wacker','This is a test asset of type saber and format saber_wacker.\nVester vesco artificiose alius amissio adipisci acer. Sollers tamquam appello textor a vinco desino. Contra cauda caelum ullus strues triduana.','cc0-1.0',NULL,NULL,'d1f72f151dc4ee13e61c7c134a3f76b21b53c85e',196162,'["icon7.gif","icon8.webp","icon2.jpg","icon5.png","icon6.jpg"]','pending','[]','["tergiversatio","cetera","tametsi","corrumpo","compono","coniecto","cogito","consuasor","utor","comis","error","defetiscor","soleo","totus","vestigium","stips","nesciunt","dignissimos","iste","deinde","titulus","velit","statim","error","corroboro","corona","adficio"]','2025-07-19 05:17:55.698 +00:00','2025-07-19 05:17:55.698 +00:00',NULL),(539,NULL,'[]','sound','sound_mp3','58356087009134339486709013','[{"userId":"69421939382193957240267878","workDone":"succedo synagoga caelestis"}]','utique brevis sound sound_mp3','This is a test asset of type sound and format sound_mp3.\nDistinctio denuo angulus adfero fugiat varietas. Delinquo eligendi constans degusto peccatus repellat. Super atavus velit.','cc0-1.0',NULL,NULL,'e45aeaf402e3ee49ba0b9c6edc8a4eaf628f70d5',915852,'["icon7.gif","icon2.jpg","icon8.webp"]','rejected','[]','["totus","aggredior","compono","comis","corona","tergo","sufficio","consuasor","iste","tergiversatio","cetera","argumentum","defetiscor","statim","astrum","vestigium","cogito"]','2025-07-19 05:17:56.459 +00:00','2025-07-19 05:17:56.459 +00:00',NULL),(660,NULL,'[]','platform','platform_plat','50858482726800324902532806','[{"userId":"19519326909700251631815791","workDone":"cimentarius"}]','umbra suspendo platform platform_plat','This is a test asset of type platform and format platform_plat.\nBaiulus aegrus depereo casso decretum viriliter amitto bellicus. Comparo voluptatum cupiditate. Cohibeo apparatus apparatus.','cc0-1.0',NULL,NULL,'e2681ecfa2a2cea0cef120ebe3e3dc5b9eabc1d8',723918,'["icon6.jpg","icon3.gif","icon7.gif"]','approved','[]','["nesciunt","deinde","tergiversatio","vestigium","dignissimos","sollers","iste","velit","utor","corona","corrumpo","talus","soleo","titulus","cetera","cogito","cavus","patria","tergo","sint","comis","tepesco","consuasor","error","auctus","maxime","copia","qui","corroboro","stips","astrum","adficio","custodia","sufficio","error","defetiscor","compono"]','2025-07-19 05:17:57.197 +00:00','2025-07-19 05:17:57.197 +00:00',NULL),(308,NULL,'[]','platform','platform_plat','75268388461378623860100275','[{"userId":"69421939382193957240267878","workDone":"cedo calcar"}]','auxilium libero platform platform_plat','This is a test asset of type platform and format platform_plat.\nRem voluptatem vae attero vox claudeo tempus corpus. Vehemens tego vestrum calcar ambulo apto. Dedecor cognomen quae cruciamentum succurro degenero aer conculco crebro.','cc0-1.0',NULL,NULL,'733867adabf446e65efa19222f01efecc09fe9ad',3376,'["icon2.jpg","icon4.webp","icon1.png"]','rejected','[]','["titulus","stips","error","astrum","soleo","circumvenio","defetiscor","copia","argumentum","compono","cetera","nesciunt","aggredior","patria","sint","deinde","iste","vestigium","utor","error","dignissimos","sufficio","tabula","tergiversatio","tametsi","consuasor","comis","corona","demens","tepesco","corrumpo","auctus","corroboro","tergo","totus","custodia","cavus","adficio","statim","cruentus","coniecto","vulnus"]','2025-07-19 05:17:55.029 +00:00','2025-07-19 05:17:55.029 +00:00',NULL),(429,'2880777525','[]','chroma-environment','chroma-environment_json','22622413246920135196202590','[{"userId":"69421939382193957240267878","workDone":"temperantia"}]','possimus statua chroma-environment chroma-environment_json','This is a test asset of type chroma-environment and format chroma-environment_json.\nCorrupti deinde denuo corporis vos. Surculus solitudo viriliter compello. Bos vociferor dignissimos uxor acer.','cc0-1.0',NULL,NULL,'7a1baafe9cc79de4263cc1e5dfe3da3d455da4bd',358071,'["icon5.png","icon1.png","icon7.gif"]','approved','[]','["astrum","titulus","deinde","argumentum","maxime","cetera","tametsi","error","copia","tabula","utor","cruentus","vulnus","corrumpo","compono","comis","totus","dolores","soleo","corroboro","tepesco","custodia","dignissimos","stips"]','2025-07-19 05:17:55.771 +00:00','2025-07-19 05:17:55.771 +00:00',NULL),(550,'0554440518','[]','note','note_cyoob','58356087009134339486709013','[{"userId":"69421939382193957240267878","workDone":"utor caries astrum"}]','bellum sit note note_cyoob','This is a test asset of type note and format note_cyoob.\nDepromo celo subito. Abutor atqui audio curriculum timor totam. Volo degero commemoro solitudo arcesso aurum aedificium caelestis audentia tam.','cc0-1.0',NULL,NULL,'829ed572dcddbb37d3df0db40d7a0ebd6b1d38f2',416027,'["icon6.jpg","icon7.gif","icon5.png","icon4.webp","icon1.png"]','rejected','[]','["nesciunt","coniecto","circumvenio","dolores","utor","cetera","sint","dignissimos","stips"]','2025-07-19 05:17:56.523 +00:00','2025-07-19 05:17:56.523 +00:00',NULL),(319,NULL,'[]','counters-plus-config','counters-plus-config_json','75268388461378623860100275','[{"userId":"22622413246920135196202590","workDone":"antea aspernatur"}]','curiositas delibero counters-plus-config counters-plus-config_json','This is a test asset of type counters-plus-config and format counters-plus-config_json.\nVoluptates suadeo patruus solio vel clamo curso auctus copia animi. Eaque statim pauci defungo iste facere clibanus. Tumultus alius caries undique dolorem desparatus arto.','cc0-1.0',NULL,NULL,'5ddcc5a9aae6cdecdfc62a4e80bc52c73fabcedb',717153,'["icon1.png","icon2.jpg","icon7.gif","icon5.png","icon6.jpg"]','rejected','[]','["aggredior","velit","patria","tametsi","nesciunt","error","soleo","cogito","deinde","copia","vulnus","coniecto","corroboro","demens","dignissimos","argumentum","sint","sufficio","corona","adficio"]','2025-07-19 05:17:55.092 +00:00','2025-07-19 05:17:55.092 +00:00',NULL),(440,NULL,'[]','wall','wall_box','22622413246920135196202590','[{"userId":"58356087009134339486709013","workDone":"atrox tabula"}]','distinctio nesciunt wall wall_box','This is a test asset of type wall and format wall_box.\nCalco spiritus deinde aut audeo casso asper minus decumbo. Sordeo custodia abundans. Thermae vigor teres aperio.','cc0-1.0',NULL,NULL,'659f5ff8c1da76165ae9ef96cf8688cc96ebf2cd',616991,'["icon3.gif","icon5.png"]','approved','[]','["consuasor","iste","defetiscor","vestigium","deinde","sint","tepesco","astrum","copia","statim","maxime","vulnus","corrumpo","comis","velit","argumentum"]','2025-07-19 05:17:55.845 +00:00','2025-07-19 05:17:55.845 +00:00',NULL),(209,NULL,'[]','avatar','avatar_avatar','75268388461378623860100275','[{"userId":"58356087009134339486709013","workDone":"natus velum cito"}]','suppellex derelinquo avatar avatar_avatar','This is a test asset of type avatar and format avatar_avatar.\nDeserunt pax caelum verbum deleniti adulatio. Acerbitas claudeo acerbitas traho. Aduro voluptas esse.','cc0-1.0',NULL,NULL,'10febeb47c288b78c15c4ecadc1f18ebdaeb2dd9',562230,'["icon1.png"]','rejected','[]','["error","dolores","demens","aggredior","sint","defetiscor","tergo","maxime","circumvenio","qui","cruentus","error","corona","talus","auctus","statim","stips","custodia","comis","tametsi","vestigium","tergiversatio","sollers","cogito","copia","cetera","consuasor","astrum","dignissimos","compono","totus","sufficio","iste","patria","corroboro","nesciunt","argumentum","corrumpo","utor","cavus","adficio","tabula","coniecto","titulus","tepesco","corona","soleo","velit","vulnus"]','2025-07-19 05:17:54.431 +00:00','2025-07-19 05:17:54.431 +00:00',NULL),(330,'6692511782','[]','sound','sound_ogg','22622413246920135196202590','[{"userId":"58356087009134339486709013","workDone":"illum verecundia alter"}]','demitto pecco sound sound_ogg','This is a test asset of type sound and format sound_ogg.\nTego tubineus valeo annus acerbitas amo terror quod cupiditate. Cicuta audacia desipio armarium viduo baiulus communis vulgaris pecco. Tardus voro capitulus acquiro celebrer talus carmen vitium.','cc0-1.0',NULL,NULL,'a29042bf2ecfe84f5e9b8b85fcdc755f4bdbaadf',921380,'["icon8.webp","icon6.jpg","icon4.webp","icon5.png","icon7.gif"]','private','[]','["comis","velit","corona","auctus","statim","cavus","dignissimos","adficio","cetera","maxime","argumentum","coniecto","sufficio","error","sint","astrum","soleo","patria","tergiversatio","defetiscor","error","compono","tergo","tepesco","cruentus","tametsi","totus","cogito"]','2025-07-19 05:17:55.194 +00:00','2025-07-19 05:17:55.194 +00:00',NULL),(220,NULL,'[]','banner','banner_png','75268388461378623860100275','[{"userId":"19519326909700251631815791","workDone":"suus ambulo ademptio"}]','certus ver banner banner_png','This is a test asset of type banner and format banner_png.\nPeccatus quam defluo temptatio amitto candidus admoveo thorax. Totidem eum ultio. Stabilis amo coniecto vapulus audacia magni accedo volubilis amet candidus.','cc0-1.0',NULL,NULL,'08062badb8a3dbc5ce08d30cadfcc416f7bdcfef',973761,'["icon4.webp","icon6.jpg","icon1.png"]','private','[]','["defetiscor","deinde","cavus","circumvenio","argumentum","cogito","patria","auctus","tametsi","tabula"]','2025-07-19 05:17:54.500 +00:00','2025-07-19 05:17:54.500 +00:00',NULL),(110,'2316506583','[]','camera2-config','camera2-config_json','69421939382193957240267878','[{"userId":"58356087009134339486709013","workDone":"viduo"}]','tener astrum camera2-config camera2-config_json','This is a test asset of type camera2-config and format camera2-config_json.\nQuis certe viridis adulescens aut bonus vereor contego decet inflammatio. Corona adhaero capitulus thema balbus succurro baiulus voluptate. Tabernus pauper sto.','cc0-1.0',NULL,NULL,'cd35df4deeb9d1f619dffef978f175fb4f7faa1b',184723,'["icon7.gif"]','approved','[]','["adficio","consuasor","astrum","statim","utor","patria","talus","tepesco","tergo","tergiversatio","cruentus","coniecto","argumentum","tabula","vulnus","sint","nesciunt","dolores","auctus","corrumpo","velit","titulus"]','2025-07-19 05:17:53.743 +00:00','2025-07-19 05:17:53.743 +00:00',NULL),(15,'4498023705','[]','counters-plus-config','counters-plus-config_json','69421939382193957240267878','[{"userId":"75268388461378623860100275","workDone":"dens"}]','arca cetera counters-plus-config counters-plus-config_json','This is a test asset of type counters-plus-config and format counters-plus-config_json.\nUtpote triumphus viduo. Deleniti caries illum textus bis unus. Reprehenderit causa certe tametsi sequi utique.','cc0-1.0',NULL,NULL,'beae7acadd11a7a352b7046aeedcefe205af19cc',17128,'["icon3.gif","icon1.png","icon5.png","icon2.jpg"]','pending','[]','["defetiscor","comis","deinde","coniecto","demens","cogito","copia","tametsi","tergiversatio","error","maxime","corona","sint","patria","totus","talus","stips","circumvenio","vulnus","dignissimos","cavus","tabula","sollers","nesciunt","cetera","qui","compono","corona","tergo","aggredior","custodia","tepesco","iste","corroboro","titulus","corrumpo","sufficio","velit","statim","auctus","error","vestigium","cruentus","soleo","dolores","astrum","consuasor","utor","adficio"]','2025-07-19 05:17:53.114 +00:00','2025-07-19 05:17:53.114 +00:00',NULL),(26,NULL,'[]','sound','sound_ogg','69421939382193957240267878','[{"userId":"50858482726800324902532806","workDone":"suppono delectatio animus"}]','thesaurus despecto sound sound_ogg','This is a test asset of type sound and format sound_ogg.\nBeatus cunctatio atavus tergum natus. Ventosus corrumpo minus tricesimus vilis contigo. Sumptus custodia vigor.','cc0-1.0',NULL,NULL,'f6c7a2cda655cc73da4d009d8d5b80e67da3f74c',918203,'["icon3.gif","icon4.webp","icon5.png"]','pending','[]','["consuasor","titulus","soleo","astrum","talus","cetera","tametsi","error","tergo","stips","sufficio","custodia","compono","tergiversatio","copia","cogito","corona"]','2025-07-19 05:17:53.203 +00:00','2025-07-19 05:17:53.203 +00:00',NULL),(37,'9981134581','[]','note','note_bloq','69421939382193957240267878','[{"userId":"50858482726800324902532806","workDone":"addo aveho"}]','trepide turba note note_bloq','This is a test asset of type note and format note_bloq.\nCaveo aggero delicate dolore fugit urbanus abundans cena. Commodo socius vester umerus certe aspernatur clementia vel. Caecus sollers armarium creber.','cc0-1.0',NULL,NULL,'7a5c3b082aebf61369eb4a6fc3baf5bd12c77a5b',966854,'["icon7.gif","icon2.jpg","icon8.webp"]','rejected','[]','["tergo","cetera","utor","maxime","vulnus","cavus","auctus","astrum","circumvenio","totus"]','2025-07-19 05:17:53.279 +00:00','2025-07-19 05:17:53.279 +00:00',NULL),(48,'0461353810','[]','hitscorevisualizer-config','hitscorevisualizer-config_json','69421939382193957240267878','[{"userId":"75268388461378623860100275","workDone":"vir contabesco subnecto"}]','tabula caritas hitscorevisualizer-config hitscorevisualizer-config_json','This is a test asset of type hitscorevisualizer-config and format hitscorevisualizer-config_json.\nCornu credo cumque viscus supellex. Thesaurus spes decretum adicio ascisco demum conspergo. Callide tricesimus cernuus vicinus necessitatibus velut iure.','cc0-1.0',NULL,NULL,'7c8dfcea26f3a1e972aaa1a60c42219a76e49290',673523,'["icon6.jpg","icon7.gif","icon5.png","icon1.png","icon4.webp"]','approved','[]','["demens","tametsi","utor","tabula","compono","circumvenio","sollers","dolores","nesciunt","copia","defetiscor","auctus","sufficio","corroboro","sint","coniecto","cruentus","vulnus","error","corona","consuasor","corrumpo","comis","tepesco","talus","maxime","velit","cogito","tergiversatio","astrum","adficio","tergo","qui","argumentum","deinde","patria","totus","titulus","corona","cetera","iste","soleo","dignissimos"]','2025-07-19 05:17:53.351 +00:00','2025-07-19 05:17:53.351 +00:00',NULL),(59,NULL,'[]','sound','sound_mp3','69421939382193957240267878','[{"userId":"58356087009134339486709013","workDone":"vorax correptius"}]','articulus atrox sound sound_mp3','This is a test asset of type sound and format sound_mp3.\nDebilito cupiditate voluptate modi comes addo ver suscipit tricesimus. Antea audacia somniculosus tametsi. Ater tergiversatio utroque canis vindico ut.','cc0-1.0',NULL,NULL,'6e8bf3aead2b26a5a51e0bd62fbbf9ae8b96e8ae',936256,'["icon7.gif","icon3.gif","icon4.webp","icon2.jpg"]','rejected','[]','["titulus","cruentus","deinde","dignissimos","tergo","custodia","vulnus","astrum","error","sufficio","cavus","aggredior","consuasor","sollers","corrumpo","vestigium","compono","corroboro","dolores","tergiversatio","talus","adficio","patria","cetera","coniecto","corona","demens","comis","statim","copia","circumvenio","iste","tametsi","utor","error","stips"]','2025-07-19 05:17:53.421 +00:00','2025-07-19 05:17:53.421 +00:00',NULL),(70,'6530883810','[]','note','note_cyoob','69421939382193957240267878','[{"userId":"58356087009134339486709013","workDone":"temptatio"}]','tactus contabesco note note_cyoob','This is a test asset of type note and format note_cyoob.\nVero sollicito congregatio ullus tantum somnus comburo. Sed cur atrocitas ipsum. Comis decretum aro tertius.','cc0-1.0',NULL,NULL,'7a6bef6fba6ae5607c39fe84b8b5eb4cacf994fd',625887,'["icon8.webp","icon1.png","icon7.gif"]','rejected','[]','["stips","velit","coniecto","sollers","tepesco","cetera","defetiscor","consuasor","cogito","custodia","copia","patria","error","error","corona","maxime","demens","circumvenio","corrumpo","adficio","utor","deinde","sint","compono","astrum","sufficio","iste","cavus","tametsi","vestigium","vulnus","cruentus","argumentum","dolores"]','2025-07-19 05:17:53.490 +00:00','2025-07-19 05:17:53.490 +00:00',NULL),(903,'9775702674','[]','wall','wall_pixie','19519326909700251631815791','[{"userId":"58356087009134339486709013","workDone":"vereor"}]','tenetur depromo wall wall_pixie','This is a test asset of type wall and format wall_pixie.\nCurtus decipio confero agnitio. Ter paulatim abeo depromo pax textilis aedificium credo caste. Cupressus verecundia totidem dicta.','cc0-1.0',NULL,NULL,'55ebb8c7bd42a42d4cfcff2c442dbc0cd6efcbe2',350537,'["icon4.webp","icon5.png","icon7.gif","icon6.jpg"]','rejected','[]','["tabula","corroboro","custodia","corona","argumentum","stips","cogito","corrumpo","soleo","aggredior","maxime","dignissimos","sollers","auctus","vestigium","totus","dolores","demens","utor","cavus","error","coniecto","tametsi","cetera","iste","velit","titulus","nesciunt","tergiversatio"]','2025-07-19 05:17:58.627 +00:00','2025-07-19 05:17:58.627 +00:00',NULL),(914,NULL,'[]','saber','saber_wacker','19519326909700251631815791','[{"userId":"75268388461378623860100275","workDone":"nostrum"}]','rem utique saber saber_wacker','This is a test asset of type saber and format saber_wacker.\nContigo delicate decretum tondeo conculco utpote sponte censura laudantium cilicium. Deleniti torqueo cubo reprehenderit vilis suppellex eligendi textilis avarus cui. Alveus corpus repellendus tubineus comprehendo cado aliquid thermae.','cc0-1.0',NULL,NULL,'c3f3cbbcbe21aedd63c372cb675b86e0efdb3aee',359676,'["icon1.png","icon7.gif","icon3.gif","icon5.png"]','pending','[]','["soleo","cogito","adficio","cruentus","dolores","aggredior"]','2025-07-19 05:17:58.686 +00:00','2025-07-19 05:17:58.686 +00:00',NULL),(804,'7033471543','[]','platform','platform_plat','19519326909700251631815791','[{"userId":"75268388461378623860100275","workDone":"causa voluptates"}]','compono antea platform platform_plat','This is a test asset of type platform and format platform_plat.\nAnser cribro impedit. Vesica vobis recusandae convoco ullus suggero ciminatio. Adipisci virtus vesco ascit spes.','cc0-1.0',NULL,NULL,'cdfd2cf6fcdecc1de3fcc5346bbfcf89666bfd44',172944,'["icon1.png","icon8.webp","icon4.webp"]','pending','[]','["qui","defetiscor","circumvenio","compono","cruentus","patria","dolores","soleo","iste","nesciunt","sint","vulnus","talus","copia","tergo","corroboro","corrumpo","custodia","aggredior","tabula","coniecto","comis","adficio","dignissimos","argumentum","corona","tergiversatio","tepesco","sufficio","consuasor","cogito","corona","demens","sollers","cetera","statim","error","stips","vestigium","velit","titulus","totus","cavus","astrum","utor","auctus","maxime","tametsi","error","deinde"]','2025-07-19 05:17:58.045 +00:00','2025-07-19 05:17:58.045 +00:00',NULL),(925,NULL,'[]','chroma-environment','chroma-environment_json','19519326909700251631815791','[{"userId":"58356087009134339486709013","workDone":"aut caute"}]','vereor armarium chroma-environment chroma-environment_json','This is a test asset of type chroma-environment and format chroma-environment_json.\nCelebrer acidus ago adipiscor suppono. Infit conventus theca sollers acquiro vaco suspendo spero vicissitudo. Decet explicabo vilis denique ventosus catena doloribus.','cc0-1.0',NULL,NULL,'6defc39ce1c04421cbd0dedc8f00be0bed2db2fa',192007,'["icon6.jpg"]','rejected','[]','["coniecto","cavus","totus","cogito","error","corroboro","tergiversatio","iste","astrum"]','2025-07-19 05:17:58.746 +00:00','2025-07-19 05:17:58.746 +00:00',NULL),(815,'2764421416','[]','counters-plus-config','counters-plus-config_json','19519326909700251631815791','[{"userId":"22622413246920135196202590","workDone":"libero vero"}]','correptius ipsum counters-plus-config counters-plus-config_json','This is a test asset of type counters-plus-config and format counters-plus-config_json.\nConstans admitto umquam tyrannus vos urbanus aestivus depromo. Occaecati labore accommodo consuasor ater odio utroque. Cultellus delicate optio desolo votum nobis caveo conqueror.','cc0-1.0',NULL,NULL,'d63ea0fd663faf83f29e1bdbcd6e3db6f2fe706a',531301,'["icon7.gif","icon3.gif"]','pending','[]','["totus","compono","error","tepesco","cogito","utor","argumentum","cetera","tabula","defetiscor","soleo","coniecto","corroboro","astrum","corona","maxime","nesciunt","sollers","statim","cavus","tergo","stips","aggredior","qui","titulus","iste","dolores","cruentus","sufficio","deinde","dignissimos","custodia","tergiversatio","sint","corrumpo","velit","consuasor","auctus","corona","copia","talus","patria","vestigium","circumvenio","vulnus","demens","adficio"]','2025-07-19 05:17:58.111 +00:00','2025-07-19 05:17:58.111 +00:00',NULL),(936,'1462568940','[]','wall','wall_box','19519326909700251631815791','[{"userId":"69421939382193957240267878","workDone":"suppellex"}]','solvo territo wall wall_box','This is a test asset of type wall and format wall_box.\nCulpo trado triduana tandem voluptatem aveho nihil copia statim. Subnecto vinitor vorago damno. Adduco hic decor asporto charisma ubi eveniet vulgus comminor audeo.','cc0-1.0',NULL,NULL,'d7b7dd2aadba10bcd8b46c47e33ed8edecf5f7fa',151560,'["icon7.gif","icon4.webp","icon2.jpg","icon3.gif","icon8.webp"]','approved','[]','["corroboro","dolores","coniecto","error","argumentum","velit","adficio","compono","auctus","tametsi","titulus","vestigium","soleo","consuasor","sollers","circumvenio","statim","stips","tabula","iste","talus","maxime","corona","defetiscor","copia","demens"]','2025-07-19 05:17:58.826 +00:00','2025-07-19 05:17:58.826 +00:00',NULL),(826,NULL,'[]','sound','sound_ogg','19519326909700251631815791','[{"userId":"50858482726800324902532806","workDone":"terreo"}]','sursum volubilis sound sound_ogg','This is a test asset of type sound and format sound_ogg.\nContego curtus tenus blandior apto utrimque arca earum abutor adamo. Arbustum spero depraedor voluntarius. Caelum pauci demens comprehendo velut derelinquo sollers vobis vespillo.','cc0-1.0',NULL,NULL,'ecb6f9b1cbc8cce5adcf1bf678c6d6a085eceba8',235109,'["icon1.png","icon7.gif","icon3.gif","icon8.webp"]','rejected','[]','["statim","comis","cogito","demens","compono","consuasor","adficio","corona","error","titulus","defetiscor","totus","astrum","tergo","patria","dignissimos","tergiversatio","aggredior","iste","sollers","qui","sufficio","custodia","cetera","auctus","corona","copia","corroboro","dolores"]','2025-07-19 05:17:58.183 +00:00','2025-07-19 05:17:58.183 +00:00',NULL),(947,NULL,'[]','saber','saber_saber','19519326909700251631815791','[{"userId":"50858482726800324902532806","workDone":"debilito paulatim"}]','velit xiphias saber saber_saber','This is a test asset of type saber and format saber_saber.\nTerreo cui patria acer capillus tenetur adficio veritas carus. Utrum vomica delectus tenuis vespillo vado facere crustulum arca. Caveo caritas quod arto coniecto.','cc0-1.0',NULL,NULL,'45f9227658a79d0cae77e9daa0fcf8b3985359bc',327076,'["icon2.jpg"]','approved','[]','["error","tergo","velit","iste","tergiversatio","talus","astrum","corona","comis","cruentus","argumentum","deinde","nesciunt","tametsi","patria","aggredior","totus","tepesco","consuasor","statim","corrumpo","auctus","adficio","circumvenio","utor","demens","dolores","soleo","sufficio","defetiscor","cetera","stips","titulus","sollers","vulnus","tabula","qui","custodia","dignissimos","vestigium","corroboro","cavus","sint","maxime","cogito","error"]','2025-07-19 05:17:58.930 +00:00','2025-07-19 05:17:58.930 +00:00',NULL),(705,'6267380617','[]','avatar','avatar_avatar','50858482726800324902532806','[{"userId":"69421939382193957240267878","workDone":"anser trans"}]','utrimque aeneus avatar avatar_avatar','This is a test asset of type avatar and format avatar_avatar.\nVirtus demitto sophismata umerus tempore sophismata dicta vulticulus vivo. Vociferor conduco temeritas vester comitatus ventito tam. Valde clamo subiungo.','cc0-1.0',NULL,NULL,'205fb841f3d81adfe9039f8ee0bd81dd44896fc7',185311,'["icon3.gif","icon7.gif","icon1.png","icon8.webp"]','rejected','[]','["copia","dolores","nesciunt","titulus","vulnus","patria","utor","auctus","talus","demens","cetera","defetiscor","corona","corroboro","sufficio","tametsi","dignissimos","vestigium","tabula","velit","error","comis","tepesco","sint","tergiversatio","circumvenio","sollers","totus","cavus","compono"]','2025-07-19 05:17:57.451 +00:00','2025-07-19 05:17:57.451 +00:00',NULL),(837,'5623604948','[]','note','note_bloq','19519326909700251631815791','[{"userId":"69421939382193957240267878","workDone":"vociferor"}]','summopere deorsum note note_bloq','This is a test asset of type note and format note_bloq.\nVenia speciosus suadeo comparo tergeo tunc fuga suadeo spectaculum. Trepide caries tam accommodo spes caute tergum textilis. Aperte summa copia desidero.','cc0-1.0',NULL,NULL,'6d838d232a21bbdfddf8b80debccf96e28fffeab',243862,'["icon7.gif","icon3.gif"]','approved','[]','["aggredior","sufficio","cruentus","statim","dignissimos","cavus","dolores","circumvenio","sollers","sint","totus","compono","velit","patria","defetiscor","talus","auctus","cetera","deinde","adficio","soleo","corrumpo","copia","corona"]','2025-07-19 05:17:58.250 +00:00','2025-07-19 05:17:58.250 +00:00',NULL),(958,NULL,'[]','camera2-config','camera2-config_json','19519326909700251631815791','[{"userId":"58356087009134339486709013","workDone":"aperte sursum voluptatem"}]','tamisium depereo camera2-config camera2-config_json','This is a test asset of type camera2-config and format camera2-config_json.\nVaco vilicus aqua rem uxor auctor conqueror volup arcesso acidus. Turbo vester tabesco temeritas. Sol decretum solium.','cc0-1.0',NULL,NULL,'e3a54251b6db171bcd0a3cdcce5abb2ceed74d09',404531,'["icon8.webp","icon6.jpg"]','approved','[]','["dignissimos","utor","corona","talus","dolores","statim","corrumpo","argumentum","consuasor","adficio","error","defetiscor","auctus","error","sint","comis","stips","corona","tabula","tergo","astrum","deinde","tepesco","iste","circumvenio","qui","maxime","tergiversatio","corroboro","patria","nesciunt","cogito","demens","cruentus"]','2025-07-19 05:17:58.999 +00:00','2025-07-19 05:17:58.999 +00:00',NULL),(716,'0647181547','[]','banner','banner_png','50858482726800324902532806','[{"userId":"69421939382193957240267878","workDone":"libero"}]','uterque spiritus banner banner_png','This is a test asset of type banner and format banner_png.\nAcsi cursus abeo caput crebro defluo. Stipes decretum aegrotatio sed caritas arguo textilis. Tergiversatio non cuius sperno supellex cilicium desipio.','cc0-1.0',NULL,NULL,'d913fecbf1ffa1b2cc50758c3ddf2bdcf969097a',373815,'["icon5.png"]','rejected','[]','["error","cruentus","argumentum","comis"]','2025-07-19 05:17:57.515 +00:00','2025-07-19 05:17:57.515 +00:00',NULL),(848,'3023200672','[]','hitscorevisualizer-config','hitscorevisualizer-config_json','19519326909700251631815791','[{"userId":"69421939382193957240267878","workDone":"consequuntur sint"}]','vis allatus hitscorevisualizer-config hitscorevisualizer-config_json','This is a test asset of type hitscorevisualizer-config and format hitscorevisualizer-config_json.\nVinculum attollo ustulo textilis bellicus delicate quam usus temeritas deleniti. Contra aureus ars statim clam solum cervus arguo cibus. Incidunt terra deripio stipes statim impedit.','cc0-1.0',NULL,NULL,'9efd5cad03d7d6181985cccbefd16abd2115ec60',647931,'["icon6.jpg","icon7.gif","icon2.jpg","icon1.png","icon5.png"]','private','[]','["vulnus","corona","titulus","error","comis","stips","dignissimos","auctus","astrum","adficio","totus","qui","soleo","maxime","tametsi","patria","corrumpo","copia"]','2025-07-19 05:17:58.314 +00:00','2025-07-19 05:17:58.314 +00:00',NULL),(606,NULL,'[]','camera2-config','camera2-config_json','58356087009134339486709013','[{"userId":"22622413246920135196202590","workDone":"tripudio arbor conduco"}]','vita turba camera2-config camera2-config_json','This is a test asset of type camera2-config and format camera2-config_json.\nAdopto contra urbs succedo. Calco caecus quisquam. Fuga ex deludo iure numquam cursus somniculosus.','cc0-1.0',NULL,NULL,'aa4db6975826dffb1a72daeb566b97aefc2f1762',624979,'["icon3.gif","icon2.jpg"]','private','[]','["talus","titulus","stips","vestigium","sollers","cavus","aggredior","nesciunt","velit","tametsi","adficio","sint","tergo","error","tepesco","corroboro","corona","compono","qui","copia","dolores","statim","tergiversatio","corrumpo","maxime","cogito","soleo","tabula","custodia","argumentum","cruentus","patria","comis","error","cetera","circumvenio","vulnus","totus","iste","utor","consuasor","sufficio","demens","astrum","corona","defetiscor","coniecto","auctus","deinde","dignissimos"]','2025-07-19 05:17:56.841 +00:00','2025-07-19 05:17:56.841 +00:00',NULL),(727,NULL,'[]','wall','wall_pixie','50858482726800324902532806','[{"userId":"19519326909700251631815791","workDone":"labore vulgo iure"}]','coniecto verbum wall wall_pixie','This is a test asset of type wall and format wall_pixie.\nConicio tergeo supra ad quod. Nihil facere coruscus exercitationem territo cumque caste considero cometes. Creber stella calcar curia ater arceo aetas.','cc0-1.0',NULL,NULL,'f41c46dd713acdefc6f8b5abf82bedfcf53b82c4',42825,'["icon2.jpg","icon1.png","icon6.jpg"]','pending','[]','["velit","error","corroboro","corrumpo","nesciunt","demens","totus","statim","astrum","tergo","sufficio","maxime","tabula","argumentum","corona","cavus","coniecto","defetiscor","tametsi","titulus","soleo","tergiversatio","tepesco","deinde","sollers","cogito","sint","utor","copia","dignissimos","consuasor","qui","patria","comis","dolores","circumvenio","auctus","cruentus","stips","custodia","aggredior","vestigium","vulnus","corona","talus"]','2025-07-19 05:17:57.580 +00:00','2025-07-19 05:17:57.580 +00:00',NULL),(859,NULL,'[]','sound','sound_mp3','19519326909700251631815791','[{"userId":"22622413246920135196202590","workDone":"itaque"}]','pecus uterque sound sound_mp3','This is a test asset of type sound and format sound_mp3.\nConvoco ater pel copia verecundia adeptio videlicet substantia non cognatus. Asperiores caveo deprimo degero cuppedia. Apparatus modi esse amicitia umbra celer ultio odio acies.','cc0-1.0',NULL,NULL,'244ccbcb9b3c026aaffeedb0b35bd080ff1e2aaf',502854,'["icon1.png","icon5.png","icon6.jpg"]','pending','[]','["copia","tergo","tergiversatio","titulus","corroboro","vulnus","tepesco","demens","consuasor","auctus","adficio","sollers","argumentum","vestigium","corona","cogito","dolores","compono","astrum","iste"]','2025-07-19 05:17:58.373 +00:00','2025-07-19 05:17:58.373 +00:00',NULL),(617,'9481089920','[]','health-bar','health-bar_energy','58356087009134339486709013','[{"userId":"22622413246920135196202590","workDone":"patruus vociferor"}]','verus voluptatibus health-bar health-bar_energy','This is a test asset of type health-bar and format health-bar_energy.\nCapto tondeo asper ulterius conatus. Adfero corpus summopere ager. Usque caute creo aegre utroque cupio absorbeo aliqua theologus.','cc0-1.0',NULL,NULL,'bf14eb1dcf15da7a97d71dbfe4ba3a773f4c87bf',499339,'["icon1.png","icon6.jpg","icon8.webp","icon4.webp","icon2.jpg"]','private','[]','["utor"]','2025-07-19 05:17:56.901 +00:00','2025-07-19 05:17:56.901 +00:00',NULL),(738,'7468947690','[]','saber','saber_wacker','50858482726800324902532806','[{"userId":"75268388461378623860100275","workDone":"barba aequus"}]','exercitationem summopere saber saber_wacker','This is a test asset of type saber and format saber_wacker.\nCallide conduco sumptus una. Cupiditate advoco creptio. Chirographum suadeo validus dolorum.','cc0-1.0',NULL,NULL,'ca54ac35f8c0713a5fbf07df1f8ced6edd1bc06d',318004,'["icon8.webp","icon5.png","icon7.gif","icon3.gif"]','private','[]','["coniecto","aggredior","custodia","vestigium"]','2025-07-19 05:17:57.645 +00:00','2025-07-19 05:17:57.645 +00:00',NULL),(870,'2202841738','[]','note','note_cyoob','19519326909700251631815791','[{"userId":"69421939382193957240267878","workDone":"pecco torrens adhaero"}]','dolorum contra note note_cyoob','This is a test asset of type note and format note_cyoob.\nCultellus ullus vulgivagus crux casso cattus campana. Nihil deporto solum patruus texo. Ceno currus aranea cultura tego at aspicio vomica crux.','cc0-1.0',NULL,NULL,'9efeafb21bcead518c197dffcb2b439cb670fd13',26180,'["icon3.gif","icon8.webp","icon6.jpg","icon5.png"]','rejected','[]','["patria","tametsi","deinde","dolores","auctus","titulus","utor","astrum","tergiversatio","defetiscor","dignissimos","demens","adficio","cogito","sint","cetera","circumvenio","totus","velit","soleo","copia","vestigium","compono","cavus","corrumpo","comis","corona","tergo","sollers","corona","argumentum","vulnus"]','2025-07-19 05:17:58.433 +00:00','2025-07-19 05:17:58.433 +00:00',NULL),(507,NULL,'[]','sound','sound_mp3','58356087009134339486709013','[{"userId":"75268388461378623860100275","workDone":"vulnero vesco"}]','utique traho sound sound_mp3','This is a test asset of type sound and format sound_mp3.\nTredecim demonstro subito turbo tabesco concedo caritas caelum. Spectaculum strues tempora vomer unus commodi vehemens caveo vita vindico. Spectaculum caelum adimpleo alienus quod cedo.','cc0-1.0',NULL,NULL,'65aa03efb6cecff9cdee0bebbcffb35a2caefe15',529793,'["icon6.jpg","icon7.gif","icon3.gif","icon5.png","icon8.webp"]','approved','[]','["qui","coniecto","dolores","tepesco","custodia"]','2025-07-19 05:17:56.282 +00:00','2025-07-19 05:17:56.282 +00:00',NULL),(628,NULL,'[]','platform','platform_plat','58356087009134339486709013','[{"userId":"50858482726800324902532806","workDone":"approbo amiculum veniam"}]','tres ventosus platform platform_plat','This is a test asset of type platform and format platform_plat.\nVelum decimus sub consequuntur nisi denego tenuis corona. Cribro curia terminatio patruus. Sumo carus crux contigo vado velut vestigium voro.','cc0-1.0',NULL,NULL,'cae2ae09bbf8db70e04707aadb2bdf82f5eb6d8e',774398,'["icon8.webp","icon5.png","icon3.gif"]','rejected','[]','["circumvenio","aggredior","tergiversatio","cogito","patria","corona","utor","tepesco","tabula","totus","dignissimos","defetiscor","sint","corona","adficio","error","demens","stips","corroboro","tergo","cavus","vestigium","tametsi","compono","deinde","nesciunt","sufficio","qui","statim","titulus","error","cruentus","cetera","coniecto","astrum","iste","corrumpo","dolores","argumentum","comis","soleo"]','2025-07-19 05:17:56.964 +00:00','2025-07-19 05:17:56.964 +00:00',NULL),(749,'6156212320','[]','chroma-environment','chroma-environment_json','50858482726800324902532806','[{"userId":"22622413246920135196202590","workDone":"cernuus"}]','clam vinum chroma-environment chroma-environment_json','This is a test asset of type chroma-environment and format chroma-environment_json.\nDeputo spargo aperte calcar suggero aqua. Esse cruentus accusantium timidus vel taceo deinde attonbitus consuasor ducimus. Delego suscipio commemoro acsi vesica videlicet.','cc0-1.0',NULL,NULL,'eaeb70c73306adfb8eacacee6c6f6b70fa88c06d',498065,'["icon6.jpg"]','private','[]','["error","sint","soleo","astrum","consuasor","totus","corrumpo","vestigium","coniecto","talus"]','2025-07-19 05:17:57.705 +00:00','2025-07-19 05:17:57.705 +00:00',NULL),(518,'4498660905','[]','note','note_cyoob','58356087009134339486709013','[{"userId":"22622413246920135196202590","workDone":"crebro antepono"}]','error patria note note_cyoob','This is a test asset of type note and format note_cyoob.\nVinco laboriosam bellicus. Aetas voluptates defleo vitiosus stillicidium caelestis. Aqua cilicium auditor.','cc0-1.0',NULL,NULL,'187398709d56c6758acdfa9195cc40e87fa2bd2f',969637,'["icon4.webp","icon3.gif","icon1.png"]','approved','[]','["corona","argumentum","auctus","utor","sufficio","statim","titulus","copia","sint","vulnus","nesciunt","custodia","vestigium","consuasor","error","tametsi","adficio","tergo","tepesco","astrum","totus","patria","comis","aggredior","cavus","dolores","demens","cogito","tabula"]','2025-07-19 05:17:56.343 +00:00','2025-07-19 05:17:56.343 +00:00',NULL),(639,NULL,'[]','counters-plus-config','counters-plus-config_json','58356087009134339486709013','[{"userId":"19519326909700251631815791","workDone":"fugiat"}]','tergum velit counters-plus-config counters-plus-config_json','This is a test asset of type counters-plus-config and format counters-plus-config_json.\nCoerceo odio deduco. Aeneus sonitus sursum utroque ancilla. Victus sequi vallum cariosus nihil ipsam.','cc0-1.0',NULL,NULL,'dfaae7f424699d7b3f4bae5ffbac3e7d51bfd5b7',848347,'["icon3.gif","icon1.png","icon6.jpg"]','pending','[]','["sollers","tepesco","qui","comis","titulus","custodia","consuasor","utor","totus","sint","astrum","copia","nesciunt","error","corona","vestigium","vulnus","circumvenio","velit","corona","tabula","compono","patria","deinde","coniecto"]','2025-07-19 05:17:57.031 +00:00','2025-07-19 05:17:57.031 +00:00',NULL),(760,NULL,'[]','wall','wall_box','50858482726800324902532806','[{"userId":"58356087009134339486709013","workDone":"attollo casso volo"}]','excepturi coadunatio wall wall_box','This is a test asset of type wall and format wall_box.\nPaens vinitor aegrotatio cattus. Reprehenderit corporis delinquo depereo crur debeo. Ait depulso delego.','cc0-1.0',NULL,NULL,'d49a5e2a39cd6a39b8ffdea38aeaff15c8df925c',892760,'["icon4.webp","icon2.jpg","icon6.jpg","icon7.gif"]','private','[]','["vulnus","tepesco","cogito"]','2025-07-19 05:17:57.766 +00:00','2025-07-19 05:17:57.766 +00:00',NULL),(408,NULL,'[]','wall','wall_box','22622413246920135196202590','[{"userId":"50858482726800324902532806","workDone":"coma"}]','veritas bellum wall wall_box','This is a test asset of type wall and format wall_box.\nVitiosus tantum vereor sollicito desino coruscus tendo coniecto asperiores ter. Subvenio turbo ultra vesper. Caritas thesaurus victoria ventus caterva audax.','cc0-1.0',NULL,NULL,'f2adedc66fdad0552b89c5f8badd9a0bc1429b3e',325512,'["icon4.webp","icon7.gif","icon2.jpg","icon8.webp"]','rejected','[]','["coniecto","cruentus","dolores","patria","tabula"]','2025-07-19 05:17:55.643 +00:00','2025-07-19 05:17:55.643 +00:00',NULL),(529,NULL,'[]','avatar','avatar_avatar','58356087009134339486709013','[{"userId":"22622413246920135196202590","workDone":"desipio stillicidium"}]','aveho clibanus avatar avatar_avatar','This is a test asset of type avatar and format avatar_avatar.\nAegrus texo defero defleo dedico dolorum acquiro usitas combibo. Tunc ratione antiquus vita basium. Colo creber cum tactus consequuntur antea numquam est demulceo.','cc0-1.0',NULL,NULL,'0c5a08f7fcfab966db2709d0fe3cca12c2ceaf23',199491,'["icon5.png","icon3.gif"]','rejected','[]','["deinde","tabula","iste","talus","consuasor","dolores","corroboro","circumvenio"]','2025-07-19 05:17:56.404 +00:00','2025-07-19 05:17:56.404 +00:00',NULL),(650,'8598672044','[]','sound','sound_ogg','50858482726800324902532806','[{"userId":"69421939382193957240267878","workDone":"strenuus"}]','vilicus adamo sound sound_ogg','This is a test asset of type sound and format sound_ogg.\nAccusantium deprimo trucido cubitum tot corona vulgo. Necessitatibus deporto currus. Degenero arma bellicus suspendo territo vestigium cotidie ait conculco.','cc0-1.0',NULL,NULL,'c108c7caa4e3f25bdd9680cd7407fb21d5c11e5a',802861,'["icon8.webp","icon3.gif"]','approved','[]','["cavus","deinde","corona","compono","demens","tepesco","utor","totus","comis","corona","titulus","consuasor","corrumpo","tergiversatio","error","cogito","patria","nesciunt","stips","tergo","adficio","argumentum","tabula","error","vulnus","cetera","cruentus","statim"]','2025-07-19 05:17:57.140 +00:00','2025-07-19 05:17:57.140 +00:00',NULL),(419,'5928206751','[]','saber','saber_saber','22622413246920135196202590','[{"userId":"75268388461378623860100275","workDone":"ciminatio audio sui"}]','modi curriculum saber saber_saber','This is a test asset of type saber and format saber_saber.\nTotam alioqui complectus quibusdam vaco cupio. Blanditiis quas artificiose tutis ipsam sed amoveo aedificium ater. Curtus varius admitto aggero teneo auditor terga cattus barba cibus.','cc0-1.0',NULL,NULL,'e6deb78f5bbcbeaf6bdb2d42339ac5c4319d4fc1',860748,'["icon3.gif","icon6.jpg","icon2.jpg"]','rejected','[]','["tepesco","sollers","adficio","comis","maxime","totus","statim","tametsi","astrum","talus","iste","vestigium","circumvenio","corroboro","cruentus","sufficio","velit","argumentum","compono","auctus","aggredior","dignissimos","cetera","consuasor","titulus","qui","tabula","corona","demens","cogito","tergiversatio","sint","error","stips","soleo","dolores","utor","coniecto","patria","defetiscor","copia","custodia"]','2025-07-19 05:17:55.703 +00:00','2025-07-19 05:17:55.703 +00:00',NULL),(540,NULL,'[]','banner','banner_png','58356087009134339486709013','[{"userId":"19519326909700251631815791","workDone":"temptatio absconditus curiositas"}]','synagoga facilis banner banner_png','This is a test asset of type banner and format banner_png.\nCampana auxilium vero. Causa venia accendo comburo torqueo. Ullam currus arceo aptus qui vere atrocitas.','cc0-1.0',NULL,NULL,'92fd1331395adc22eb6db1cb4d5aafbbbced9d54',164386,'["icon6.jpg","icon2.jpg","icon5.png","icon4.webp"]','rejected','[]','["stips","corroboro","coniecto","dignissimos","dolores","cogito","iste","cruentus","corrumpo","maxime","sufficio","corona","demens","argumentum","soleo","tabula","custodia","cetera","compono","aggredior","tergo","velit","talus"]','2025-07-19 05:17:56.464 +00:00','2025-07-19 05:17:56.464 +00:00',NULL),(309,NULL,'[]','note','note_bloq','75268388461378623860100275','[{"userId":"50858482726800324902532806","workDone":"auxilium asper"}]','avaritia stultus note note_bloq','This is a test asset of type note and format note_bloq.\nVulgivagus depromo aliquid ars decretum veniam arceo tutamen molestias audio. Arma sit alienus amitto patior. Tenus illo repudiandae beatus.','cc0-1.0',NULL,NULL,'b17a9df6e2a15f0ff1ce0ed86aaec2a28e5f8fe4',633827,'["icon4.webp"]','approved','[]','["auctus","sufficio","aggredior","stips","maxime","vestigium","tepesco","consuasor","velit","dolores","coniecto","totus","corona","corrumpo","dignissimos","cavus","demens","circumvenio","vulnus","soleo","error","tametsi","titulus","utor","astrum","compono","statim"]','2025-07-19 05:17:55.035 +00:00','2025-07-19 05:17:55.035 +00:00',NULL),(430,'4888867686','[]','camera2-config','camera2-config_json','22622413246920135196202590','[{"userId":"58356087009134339486709013","workDone":"veritas cilicium"}]','theca supra camera2-config camera2-config_json','This is a test asset of type camera2-config and format camera2-config_json.\nFacere ventus substantia curvo uterque odit vapulus. Spargo terror combibo vito triduana porro suffragium adficio aeger. Calamitas attollo capillus talis tonsor crur.','cc0-1.0',NULL,NULL,'c3914a7cdeb1eee09dfaa4b08377dbb03dbc3fb3',212292,'["icon6.jpg","icon2.jpg","icon5.png","icon8.webp"]','private','[]','["astrum","dolores","vestigium","sollers","patria","statim","talus","consuasor","corrumpo","error","dignissimos","cavus","vulnus","corona","compono","cetera","utor","defetiscor","tepesco","aggredior","coniecto","custodia","corona","qui","auctus","sufficio","cruentus"]','2025-07-19 05:17:55.777 +00:00','2025-07-19 05:17:55.777 +00:00',NULL),(320,NULL,'[]','hitscorevisualizer-config','hitscorevisualizer-config_json','75268388461378623860100275','[{"userId":"69421939382193957240267878","workDone":"vel subito suscipio"}]','aeger deporto hitscorevisualizer-config hitscorevisualizer-config_json','This is a test asset of type hitscorevisualizer-config and format hitscorevisualizer-config_json.\nUsus succurro tergiversatio demum combibo bestia. Cinis aetas urbanus advoco degusto suscipit decimus maiores aeneus uter. Solutio dapifer architecto creber.','cc0-1.0',NULL,NULL,'1ee2841f33dbd54dd229ee603ba42bdcdaade3c7',976911,'["icon8.webp","icon1.png","icon2.jpg"]','approved','[]','["soleo","iste","statim","qui","maxime","titulus","tergiversatio","deinde","tergo","argumentum","error","totus"]','2025-07-19 05:17:55.098 +00:00','2025-07-19 05:17:55.098 +00:00',NULL),(210,NULL,'[]','saber','saber_wacker','75268388461378623860100275','[{"userId":"58356087009134339486709013","workDone":"surgo vel"}]','labore sto saber saber_wacker','This is a test asset of type saber and format saber_wacker.\nDignissimos sumptus curso turba. Caste volaticus ara aequitas deduco carbo voro beatus usque vinum. Ars vitium carcer capillus denego veritatis clam adipisci uredo cervus.','cc0-1.0',NULL,NULL,'b0fb22b286e9febf29bab5dfcf1addaadecd0bec',494658,'["icon7.gif","icon1.png"]','pending','[]','["patria","corrumpo","corroboro","demens","auctus","adficio","maxime","coniecto","statim","aggredior","custodia","soleo","iste","copia","qui","vestigium","tabula","totus"]','2025-07-19 05:17:54.438 +00:00','2025-07-19 05:17:54.438 +00:00',NULL) ON CONFLICT DO NOTHING RETURNING "id","oldId","linkedIds","type","fileFormat","uploaderId","credits","name","description","license","licenseUrl","sourceUrl","fileHash","fileSize","iconNames","status","statusHistory","tags","createdAt","updatedAt","deletedAt";
INSERT INTO "alerts" ("id","type","userId","assetId","requestId","header","message","read","discordMessageSent","createdAt","updatedAt","deletedAt") VALUES (51,'asset_rejected','19519326909700251631815791',NULL,NULL,'Test Alert 9','This is a test alert message number 9 for user John.banned0.',true,false,'2025-07-19 05:17:59.036 +00:00','2025-07-19 05:17:59.036 +00:00',NULL),(41,'request','50858482726800324902532806',NULL,NULL,'Test Alert 7','This is a test alert message number 7 for user John.bsmg.',false,false,'2025-07-19 05:17:58.017 +00:00','2025-07-19 05:17:58.017 +00:00',NULL),(52,'asset_approved','19519326909700251631815791',NULL,NULL,'Test Alert 7','This is a test alert message number 7 for user John.banned0.',true,false,'2025-07-19 05:17:59.040 +00:00','2025-07-19 05:17:59.040 +00:00',NULL),(31,'asset_approved','58356087009134339486709013',NULL,NULL,'Test Alert 8','This is a test alert message number 8 for user John.trusted.',false,false,'2025-07-19 05:17:57.074 +00:00','2025-07-19 05:17:57.074 +00:00',NULL),(42,'asset_rejected','50858482726800324902532806',NULL,NULL,'Test Alert 3','This is a test alert message number 3 for user John.bsmg.',false,false,'2025-07-19 05:17:58.020 +00:00','2025-07-19 05:17:58.020 +00:00',NULL),(53,'asset_removal','19519326909700251631815791',NULL,NULL,'Test Alert 1','This is a test alert message number 1 for user John.banned0.',false,false,'2025-07-19 05:17:59.044 +00:00','2025-07-19 05:17:59.044 +00:00',NULL),(21,'request','22622413246920135196202590',NULL,NULL,'Test Alert 2','This is a test alert message number 2 for user John.moderator52.',false,false,'2025-07-19 05:17:56.111 +00:00','2025-07-19 05:17:56.111 +00:00',NULL),(32,'asset_approved','58356087009134339486709013',NULL,NULL,'Test Alert 6','This is a test alert message number 6 for user John.trusted.',true,false,'2025-07-19 05:17:57.077 +00:00','2025-07-19 05:17:57.077 +00:00',NULL),(43,'request','50858482726800324902532806',NULL,NULL,'Test Alert 10','This is a test alert message number 10 for user John.bsmg.',true,false,'2025-07-19 05:17:58.023 +00:00','2025-07-19 05:17:58.023 +00:00',NULL),(11,'asset_approved','75268388461378623860100275',NULL,NULL,'Test Alert 8','This is a test alert message number 8 for user John.developer40.',true,false,'2025-07-19 05:17:55.127 +00:00','2025-07-19 05:17:55.127 +00:00',NULL),(22,'asset_removal','22622413246920135196202590',NULL,NULL,'Test Alert 7','This is a test alert message number 7 for user John.moderator52.',true,false,'2025-07-19 05:17:56.114 +00:00','2025-07-19 05:17:56.114 +00:00',NULL),(33,'asset_approved','58356087009134339486709013',NULL,NULL,'Test Alert 7','This is a test alert message number 7 for user John.trusted.',false,false,'2025-07-19 05:17:57.081 +00:00','2025-07-19 05:17:57.081 +00:00',NULL),(44,'asset_approved','19519326909700251631815791',NULL,NULL,'Test Alert 2','This is a test alert message number 2 for user John.banned0.',true,false,'2025-07-19 05:17:59.015 +00:00','2025-07-19 05:17:59.015 +00:00',NULL),(1,'asset_removal','69421939382193957240267878',NULL,NULL,'Test Alert 10','This is a test alert message number 10 for user John_admin67.',true,false,'2025-07-19 05:17:54.087 +00:00','2025-07-19 05:17:54.087 +00:00',NULL),(12,'asset_rejected','75268388461378623860100275',NULL,NULL,'Test Alert 7','This is a test alert message number 7 for user John.developer40.',false,false,'2025-07-19 05:17:55.130 +00:00','2025-07-19 05:17:55.130 +00:00',NULL),(23,'asset_approved','22622413246920135196202590',NULL,NULL,'Test Alert 8','This is a test alert message number 8 for user John.moderator52.',true,false,'2025-07-19 05:17:56.118 +00:00','2025-07-19 05:17:56.118 +00:00',NULL),(34,'request','50858482726800324902532806',NULL,NULL,'Test Alert 4','This is a test alert message number 4 for user John.bsmg.',true,false,'2025-07-19 05:17:57.994 +00:00','2025-07-19 05:17:57.994 +00:00',NULL),(45,'asset_removal','19519326909700251631815791',NULL,NULL,'Test Alert 6','This is a test alert message number 6 for user John.banned0.',false,false,'2025-07-19 05:17:59.018 +00:00','2025-07-19 05:17:59.018 +00:00',NULL),(2,'asset_rejected','69421939382193957240267878',NULL,NULL,'Test Alert 3','This is a test alert message number 3 for user John_admin67.',false,false,'2025-07-19 05:17:54.093 +00:00','2025-07-19 05:17:54.093 +00:00',NULL),(13,'asset_rejected','75268388461378623860100275',NULL,NULL,'Test Alert 3','This is a test alert message number 3 for user John.developer40.',false,false,'2025-07-19 05:17:55.134 +00:00','2025-07-19 05:17:55.134 +00:00',NULL),(24,'asset_removal','22622413246920135196202590',NULL,NULL,'Test Alert 6','This is a test alert message number 6 for user John.moderator52.',true,false,'2025-07-19 05:17:56.122 +00:00','2025-07-19 05:17:56.122 +00:00',NULL),(35,'asset_approved','50858482726800324902532806',NULL,NULL,'Test Alert 1','This is a test alert message number 1 for user John.bsmg.',true,false,'2025-07-19 05:17:57.997 +00:00','2025-07-19 05:17:57.997 +00:00',NULL),(46,'asset_rejected','19519326909700251631815791',NULL,NULL,'Test Alert 8','This is a test alert message number 8 for user John.banned0.',false,false,'2025-07-19 05:17:59.021 +00:00','2025-07-19 05:17:59.021 +00:00',NULL),(3,'asset_rejected','69421939382193957240267878',NULL,NULL,'Test Alert 5','This is a test alert message number 5 for user John_admin67.',true,false,'2025-07-19 05:17:54.097 +00:00','2025-07-19 05:17:54.097 +00:00',NULL),(14,'asset_rejected','75268388461378623860100275',NULL,NULL,'Test Alert 4','This is a test alert message number 4 for user John.developer40.',false,false,'2025-07-19 05:17:55.136 +00:00','2025-07-19 05:17:55.136 +00:00',NULL),(25,'asset_removal','58356087009134339486709013',NULL,NULL,'Test Alert 2','This is a test alert message number 2 for user John.trusted.',false,false,'2025-07-19 05:17:57.044 +00:00','2025-07-19 05:17:57.044 +00:00',NULL),(36,'asset_rejected','50858482726800324902532806',NULL,NULL,'Test Alert 6','This is a test alert message number 6 for user John.bsmg.',true,false,'2025-07-19 05:17:58.001 +00:00','2025-07-19 05:17:58.001 +00:00',NULL),(47,'asset_rejected','19519326909700251631815791',NULL,NULL,'Test Alert 5','This is a test alert message number 5 for user John.banned0.',true,false,'2025-07-19 05:17:59.024 +00:00','2025-07-19 05:17:59.024 +00:00',NULL),(4,'asset_rejected','69421939382193957240267878',NULL,NULL,'Test Alert 7','This is a test alert message number 7 for user John_admin67.',false,false,'2025-07-19 05:17:54.101 +00:00','2025-07-19 05:17:54.101 +00:00',NULL),(15,'asset_rejected','22622413246920135196202590',NULL,NULL,'Test Alert 4','This is a test alert message number 4 for user John.moderator52.',true,false,'2025-07-19 05:17:56.088 +00:00','2025-07-19 05:17:56.088 +00:00',NULL),(26,'asset_rejected','58356087009134339486709013',NULL,NULL,'Test Alert 10','This is a test alert message number 10 for user John.trusted.',false,false,'2025-07-19 05:17:57.049 +00:00','2025-07-19 05:17:57.049 +00:00',NULL),(37,'asset_approved','50858482726800324902532806',NULL,NULL,'Test Alert 9','This is a test alert message number 9 for user John.bsmg.',false,false,'2025-07-19 05:17:58.005 +00:00','2025-07-19 05:17:58.005 +00:00',NULL),(48,'asset_rejected','19519326909700251631815791',NULL,NULL,'Test Alert 3','This is a test alert message number 3 for user John.banned0.',false,false,'2025-07-19 05:17:59.027 +00:00','2025-07-19 05:17:59.027 +00:00',NULL),(5,'asset_rejected','75268388461378623860100275',NULL,NULL,'Test Alert 6','This is a test alert message number 6 for user John.developer40.',false,false,'2025-07-19 05:17:55.103 +00:00','2025-07-19 05:17:55.103 +00:00',NULL),(16,'request','22622413246920135196202590',NULL,NULL,'Test Alert 10','This is a test alert message number 10 for user John.moderator52.',true,false,'2025-07-19 05:17:56.092 +00:00','2025-07-19 05:17:56.092 +00:00',NULL),(27,'request','58356087009134339486709013',NULL,NULL,'Test Alert 9','This is a test alert message number 9 for user John.trusted.',false,false,'2025-07-19 05:17:57.055 +00:00','2025-07-19 05:17:57.055 +00:00',NULL),(38,'asset_rejected','50858482726800324902532806',NULL,NULL,'Test Alert 2','This is a test alert message number 2 for user John.bsmg.',false,false,'2025-07-19 05:17:58.008 +00:00','2025-07-19 05:17:58.008 +00:00',NULL),(49,'asset_removal','19519326909700251631815791',NULL,NULL,'Test Alert 10','This is a test alert message number 10 for user John.banned0.',false,false,'2025-07-19 05:17:59.030 +00:00','2025-07-19 05:17:59.030 +00:00',NULL),(6,'asset_removal','75268388461378623860100275',NULL,NULL,'Test Alert 2','This is a test alert message number 2 for user John.developer40.',true,false,'2025-07-19 05:17:55.106 +00:00','2025-07-19 05:17:55.106 +00:00',NULL),(17,'asset_removal','22622413246920135196202590',NULL,NULL,'Test Alert 3','This is a test alert message number 3 for user John.moderator52.',true,false,'2025-07-19 05:17:56.095 +00:00','2025-07-19 05:17:56.095 +00:00',NULL),(28,'asset_removal','58356087009134339486709013',NULL,NULL,'Test Alert 1','This is a test alert message number 1 for user John.trusted.',true,false,'2025-07-19 05:17:57.060 +00:00','2025-07-19 05:17:57.060 +00:00',NULL),(39,'request','50858482726800324902532806',NULL,NULL,'Test Alert 8','This is a test alert message number 8 for user John.bsmg.',true,false,'2025-07-19 05:17:58.012 +00:00','2025-07-19 05:17:58.012 +00:00',NULL),(50,'asset_removal','19519326909700251631815791',NULL,NULL,'Test Alert 4','This is a test alert message number 4 for user John.banned0.',false,false,'2025-07-19 05:17:59.033 +00:00','2025-07-19 05:17:59.033 +00:00',NULL),(7,'request','75268388461378623860100275',NULL,NULL,'Test Alert 10','This is a test alert message number 10 for user John.developer40.',false,false,'2025-07-19 05:17:55.111 +00:00','2025-07-19 05:17:55.111 +00:00',NULL),(18,'request','22622413246920135196202590',NULL,NULL,'Test Alert 1','This is a test alert message number 1 for user John.moderator52.',true,false,'2025-07-19 05:17:56.098 +00:00','2025-07-19 05:17:56.098 +00:00',NULL),(29,'asset_approved','58356087009134339486709013',NULL,NULL,'Test Alert 3','This is a test alert message number 3 for user John.trusted.',true,false,'2025-07-19 05:17:57.064 +00:00','2025-07-19 05:17:57.064 +00:00',NULL),(40,'request','50858482726800324902532806',NULL,NULL,'Test Alert 5','This is a test alert message number 5 for user John.bsmg.',false,false,'2025-07-19 05:17:58.015 +00:00','2025-07-19 05:17:58.015 +00:00',NULL),(8,'request','75268388461378623860100275',NULL,NULL,'Test Alert 1','This is a test alert message number 1 for user John.developer40.',true,false,'2025-07-19 05:17:55.116 +00:00','2025-07-19 05:17:55.116 +00:00',NULL),(19,'asset_approved','22622413246920135196202590',NULL,NULL,'Test Alert 9','This is a test alert message number 9 for user John.moderator52.',true,false,'2025-07-19 05:17:56.104 +00:00','2025-07-19 05:17:56.104 +00:00',NULL),(30,'asset_removal','58356087009134339486709013',NULL,NULL,'Test Alert 4','This is a test alert message number 4 for user John.trusted.',true,false,'2025-07-19 05:17:57.069 +00:00','2025-07-19 05:17:57.069 +00:00',NULL),(9,'asset_rejected','75268388461378623860100275',NULL,NULL,'Test Alert 9','This is a test alert message number 9 for user John.developer40.',true,false,'2025-07-19 05:17:55.120 +00:00','2025-07-19 05:17:55.120 +00:00',NULL),(20,'asset_approved','22622413246920135196202590',NULL,NULL,'Test Alert 5','This is a test alert message number 5 for user John.moderator52.',true,false,'2025-07-19 05:17:56.108 +00:00','2025-07-19 05:17:56.108 +00:00',NULL),(10,'asset_approved','75268388461378623860100275',NULL,NULL,'Test Alert 5','This is a test alert message number 5 for user John.developer40.',false,false,'2025-07-19 05:17:55.123 +00:00','2025-07-19 05:17:55.123 +00:00',NULL) ON CONFLICT DO NOTHING RETURNING "id","type","userId","assetId","requestId","header","message","read","discordMessageSent","createdAt","updatedAt","deletedAt";
SELECT "id", "username", "displayName", "bio", "sponsorUrl", "avatarUrl", "roles", "createdAt", "updatedAt", "deletedAt" FROM "users" AS "User" WHERE ("User"."deletedAt" IS NULL);
SELECT "id", "username", "displayName", "bio", "sponsorUrl", "avatarUrl", "roles", "createdAt", "updatedAt", "deletedAt" FROM "users" AS "User" WHERE ("User"."deletedAt" IS NULL AND "User"."roles" @> ARRAY['admin']::VARCHAR(255)[]) LIMIT 1;
